Archive member included because of file (symbol)

.\CortexM3\ARM_GCC_493\Debug\Design03.a(cyfitter_cfg.o)
                              .\CortexM3\ARM_GCC_493\Debug\Cm3Start.o (cyfitter_cfg)
.\CortexM3\ARM_GCC_493\Debug\Design03.a(CAN_1.o)
                              .\CortexM3\ARM_GCC_493\Debug\main.o (CAN_1_Start)
.\CortexM3\ARM_GCC_493\Debug\Design03.a(CAN_1_INT.o)
                              .\CortexM3\ARM_GCC_493\Debug\Design03.a(CAN_1.o) (CAN_1_ISR)
.\CortexM3\ARM_GCC_493\Debug\Design03.a(CAN_1_TX_RX_func.o)
                              .\CortexM3\ARM_GCC_493\Debug\can_manga.o (CAN_1_SendMsg)
.\CortexM3\ARM_GCC_493\Debug\Design03.a(CyLib.o)
                              .\CortexM3\ARM_GCC_493\Debug\Cm3Start.o (CyResetStatus)
.\CortexM3\ARM_GCC_493\Debug\Design03.a(cyPm.o)
                              .\CortexM3\ARM_GCC_493\Debug\Design03.a(CyLib.o) (CyPmReadStatus)
.\CortexM3\ARM_GCC_493\Debug\Design03.a(GREEN.o)
                              .\CortexM3\ARM_GCC_493\Debug\main.o (GREEN_Write)
.\CortexM3\ARM_GCC_493\Debug\Design03.a(RED.o)
                              .\CortexM3\ARM_GCC_493\Debug\main.o (RED_Write)
.\CortexM3\ARM_GCC_493\Debug\Design03.a(CyBootAsmGnu.o)
                              .\CortexM3\ARM_GCC_493\Debug\Design03.a(cyfitter_cfg.o) (CyDelayCycles)
.\CortexM3\ARM_GCC_493\Debug\Design03.a(CyFlash.o)
                              .\CortexM3\ARM_GCC_493\Debug\Design03.a(cyPm.o) (CyFlash_SetWaitCycles)
.\CortexM3\ARM_GCC_493\Debug\Design03.a(CySpc.o)
                              .\CortexM3\ARM_GCC_493\Debug\Design03.a(CyFlash.o) (CySpcStart)
c:/program files (x86)/cypress/psoc creator/4.0/psoc creator/import/gnu/arm/4.9.3/bin/../lib/gcc/arm-none-eabi/4.9.3/../../../../arm-none-eabi/lib/armv7-m\libg_nano.a(lib_a-errno.o)
                              .\CortexM3\ARM_GCC_493\Debug\Cm3Start.o (__errno)
c:/program files (x86)/cypress/psoc creator/4.0/psoc creator/import/gnu/arm/4.9.3/bin/../lib/gcc/arm-none-eabi/4.9.3/../../../../arm-none-eabi/lib/armv7-m\libg_nano.a(lib_a-exit.o)
                              c:/program files (x86)/cypress/psoc creator/4.0/psoc creator/import/gnu/arm/4.9.3/bin/../lib/gcc/arm-none-eabi/4.9.3/../../../../arm-none-eabi/lib/armv7-m/crt0.o (exit)
c:/program files (x86)/cypress/psoc creator/4.0/psoc creator/import/gnu/arm/4.9.3/bin/../lib/gcc/arm-none-eabi/4.9.3/../../../../arm-none-eabi/lib/armv7-m\libg_nano.a(lib_a-impure.o)
                              c:/program files (x86)/cypress/psoc creator/4.0/psoc creator/import/gnu/arm/4.9.3/bin/../lib/gcc/arm-none-eabi/4.9.3/../../../../arm-none-eabi/lib/armv7-m\libg_nano.a(lib_a-exit.o) (_global_impure_ptr)
c:/program files (x86)/cypress/psoc creator/4.0/psoc creator/import/gnu/arm/4.9.3/bin/../lib/gcc/arm-none-eabi/4.9.3/../../../../arm-none-eabi/lib/armv7-m\libg_nano.a(lib_a-init.o)
                              c:/program files (x86)/cypress/psoc creator/4.0/psoc creator/import/gnu/arm/4.9.3/bin/../lib/gcc/arm-none-eabi/4.9.3/../../../../arm-none-eabi/lib/armv7-m/crt0.o (__libc_init_array)
c:/program files (x86)/cypress/psoc creator/4.0/psoc creator/import/gnu/arm/4.9.3/bin/../lib/gcc/arm-none-eabi/4.9.3/../../../../arm-none-eabi/lib/armv7-m\libg_nano.a(lib_a-memcpy.o)
                              .\CortexM3\ARM_GCC_493\Debug\Design03.a(cyfitter_cfg.o) (memcpy)
c:/program files (x86)/cypress/psoc creator/4.0/psoc creator/import/gnu/arm/4.9.3/bin/../lib/gcc/arm-none-eabi/4.9.3/../../../../arm-none-eabi/lib/armv7-m\libg_nano.a(lib_a-memset.o)
                              c:/program files (x86)/cypress/psoc creator/4.0/psoc creator/import/gnu/arm/4.9.3/bin/../lib/gcc/arm-none-eabi/4.9.3/../../../../arm-none-eabi/lib/armv7-m/crt0.o (memset)

Allocating common symbols
Common symbol       size              file

dieTemperature      0x2               .\CortexM3\ARM_GCC_493\Debug\Design03.a(CyFlash.o)

Discarded input sections

 .text          0x00000000        0x0 c:/program files (x86)/cypress/psoc creator/4.0/psoc creator/import/gnu/arm/4.9.3/bin/../lib/gcc/arm-none-eabi/4.9.3/armv7-m/crti.o
 .data          0x00000000        0x0 c:/program files (x86)/cypress/psoc creator/4.0/psoc creator/import/gnu/arm/4.9.3/bin/../lib/gcc/arm-none-eabi/4.9.3/armv7-m/crti.o
 .bss           0x00000000        0x0 c:/program files (x86)/cypress/psoc creator/4.0/psoc creator/import/gnu/arm/4.9.3/bin/../lib/gcc/arm-none-eabi/4.9.3/armv7-m/crti.o
 .data          0x00000000        0x4 c:/program files (x86)/cypress/psoc creator/4.0/psoc creator/import/gnu/arm/4.9.3/bin/../lib/gcc/arm-none-eabi/4.9.3/armv7-m/crtbegin.o
 .text          0x00000000       0x74 c:/program files (x86)/cypress/psoc creator/4.0/psoc creator/import/gnu/arm/4.9.3/bin/../lib/gcc/arm-none-eabi/4.9.3/../../../../arm-none-eabi/lib/armv7-m/crt0.o
 .data          0x00000000        0x0 c:/program files (x86)/cypress/psoc creator/4.0/psoc creator/import/gnu/arm/4.9.3/bin/../lib/gcc/arm-none-eabi/4.9.3/../../../../arm-none-eabi/lib/armv7-m/crt0.o
 .bss           0x00000000        0x0 c:/program files (x86)/cypress/psoc creator/4.0/psoc creator/import/gnu/arm/4.9.3/bin/../lib/gcc/arm-none-eabi/4.9.3/../../../../arm-none-eabi/lib/armv7-m/crt0.o
 .ARM.extab     0x00000000        0x0 c:/program files (x86)/cypress/psoc creator/4.0/psoc creator/import/gnu/arm/4.9.3/bin/../lib/gcc/arm-none-eabi/4.9.3/../../../../arm-none-eabi/lib/armv7-m/crt0.o
 .ARM.exidx     0x00000000        0x8 c:/program files (x86)/cypress/psoc creator/4.0/psoc creator/import/gnu/arm/4.9.3/bin/../lib/gcc/arm-none-eabi/4.9.3/../../../../arm-none-eabi/lib/armv7-m/crt0.o
 .text          0x00000000        0x0 .\CortexM3\ARM_GCC_493\Debug\main.o
 .data          0x00000000        0x1 .\CortexM3\ARM_GCC_493\Debug\main.o
 .text          0x00000000        0x0 .\CortexM3\ARM_GCC_493\Debug\can_manga.o
 .data          0x00000000        0x0 .\CortexM3\ARM_GCC_493\Debug\can_manga.o
 .bss           0x00000000        0x0 .\CortexM3\ARM_GCC_493\Debug\can_manga.o
 .text.can_test_send
                0x00000000       0x5c .\CortexM3\ARM_GCC_493\Debug\can_manga.o
 .text.can_send
                0x00000000       0x5c .\CortexM3\ARM_GCC_493\Debug\can_manga.o
 .text          0x00000000        0x0 .\CortexM3\ARM_GCC_493\Debug\cymetadata.o
 .data          0x00000000        0x0 .\CortexM3\ARM_GCC_493\Debug\cymetadata.o
 .bss           0x00000000        0x0 .\CortexM3\ARM_GCC_493\Debug\cymetadata.o
 .text          0x00000000        0x0 .\CortexM3\ARM_GCC_493\Debug\Cm3Start.o
 .data          0x00000000        0x4 .\CortexM3\ARM_GCC_493\Debug\Cm3Start.o
 .bss           0x00000000        0x0 .\CortexM3\ARM_GCC_493\Debug\Cm3Start.o
 .text._exit    0x00000000       0x14 .\CortexM3\ARM_GCC_493\Debug\Cm3Start.o
 .text._sbrk    0x00000000       0x50 .\CortexM3\ARM_GCC_493\Debug\Cm3Start.o
 .text          0x00000000        0x0 .\CortexM3\ARM_GCC_493\Debug\Design03.a(cyfitter_cfg.o)
 .data          0x00000000        0x0 .\CortexM3\ARM_GCC_493\Debug\Design03.a(cyfitter_cfg.o)
 .bss           0x00000000        0x0 .\CortexM3\ARM_GCC_493\Debug\Design03.a(cyfitter_cfg.o)
 .text.CYCONFIGCPYCODE
                0x00000000       0x1c .\CortexM3\ARM_GCC_493\Debug\Design03.a(cyfitter_cfg.o)
 .text.SetAnalogRoutingPumps
                0x00000000       0x28 .\CortexM3\ARM_GCC_493\Debug\Design03.a(cyfitter_cfg.o)
 .text          0x00000000        0x0 .\CortexM3\ARM_GCC_493\Debug\Design03.a(CAN_1.o)
 .data          0x00000000        0x0 .\CortexM3\ARM_GCC_493\Debug\Design03.a(CAN_1.o)
 .text.CAN_1_SetOpMode
                0x00000000       0xc8 .\CortexM3\ARM_GCC_493\Debug\Design03.a(CAN_1.o)
 .text.CAN_1_RXRegisterInit
                0x00000000       0xa4 .\CortexM3\ARM_GCC_493\Debug\Design03.a(CAN_1.o)
 .text.CAN_1_GetTXErrorFlag
                0x00000000       0x28 .\CortexM3\ARM_GCC_493\Debug\Design03.a(CAN_1.o)
 .text.CAN_1_GetRXErrorFlag
                0x00000000       0x28 .\CortexM3\ARM_GCC_493\Debug\Design03.a(CAN_1.o)
 .text.CAN_1_GetTXErrorCount
                0x00000000       0x18 .\CortexM3\ARM_GCC_493\Debug\Design03.a(CAN_1.o)
 .text.CAN_1_GetRXErrorCount
                0x00000000       0x18 .\CortexM3\ARM_GCC_493\Debug\Design03.a(CAN_1.o)
 .text.CAN_1_GetErrorState
                0x00000000       0x20 .\CortexM3\ARM_GCC_493\Debug\Design03.a(CAN_1.o)
 .text          0x00000000        0x0 .\CortexM3\ARM_GCC_493\Debug\Design03.a(CAN_1_INT.o)
 .data          0x00000000        0x0 .\CortexM3\ARM_GCC_493\Debug\Design03.a(CAN_1_INT.o)
 .bss           0x00000000        0x0 .\CortexM3\ARM_GCC_493\Debug\Design03.a(CAN_1_INT.o)
 .text          0x00000000        0x0 .\CortexM3\ARM_GCC_493\Debug\Design03.a(CAN_1_TX_RX_func.o)
 .data          0x00000000        0x0 .\CortexM3\ARM_GCC_493\Debug\Design03.a(CAN_1_TX_RX_func.o)
 .bss           0x00000000        0x0 .\CortexM3\ARM_GCC_493\Debug\Design03.a(CAN_1_TX_RX_func.o)
 .text.CAN_1_SendMsg
                0x00000000      0x170 .\CortexM3\ARM_GCC_493\Debug\Design03.a(CAN_1_TX_RX_func.o)
 .text.CAN_1_TxCancel
                0x00000000       0x44 .\CortexM3\ARM_GCC_493\Debug\Design03.a(CAN_1_TX_RX_func.o)
 .text          0x00000000        0x0 .\CortexM3\ARM_GCC_493\Debug\Design03.a(CyLib.o)
 .bss           0x00000000       0x1c .\CortexM3\ARM_GCC_493\Debug\Design03.a(CyLib.o)
 .text.CyPLL_OUT_Start
                0x00000000       0xb0 .\CortexM3\ARM_GCC_493\Debug\Design03.a(CyLib.o)
 .text.CyPLL_OUT_Stop
                0x00000000       0x20 .\CortexM3\ARM_GCC_493\Debug\Design03.a(CyLib.o)
 .text.CyPLL_OUT_SetPQ
                0x00000000       0x90 .\CortexM3\ARM_GCC_493\Debug\Design03.a(CyLib.o)
 .text.CyPLL_OUT_SetSource
                0x00000000       0x54 .\CortexM3\ARM_GCC_493\Debug\Design03.a(CyLib.o)
 .text.CyIMO_Start
                0x00000000       0x94 .\CortexM3\ARM_GCC_493\Debug\Design03.a(CyLib.o)
 .text.CyIMO_Stop
                0x00000000       0x34 .\CortexM3\ARM_GCC_493\Debug\Design03.a(CyLib.o)
 .text.CyUSB_PowerOnCheck
                0x00000000       0x60 .\CortexM3\ARM_GCC_493\Debug\Design03.a(CyLib.o)
 .text.CyIMO_SetTrimValue
                0x00000000      0x108 .\CortexM3\ARM_GCC_493\Debug\Design03.a(CyLib.o)
 .text.CyIMO_SetFreq
                0x00000000      0x1ac .\CortexM3\ARM_GCC_493\Debug\Design03.a(CyLib.o)
 .text.CyIMO_SetSource
                0x00000000       0x8c .\CortexM3\ARM_GCC_493\Debug\Design03.a(CyLib.o)
 .text.CyIMO_EnableDoubler
                0x00000000       0x20 .\CortexM3\ARM_GCC_493\Debug\Design03.a(CyLib.o)
 .text.CyIMO_DisableDoubler
                0x00000000       0x20 .\CortexM3\ARM_GCC_493\Debug\Design03.a(CyLib.o)
 .text.CyMasterClk_SetSource
                0x00000000       0x34 .\CortexM3\ARM_GCC_493\Debug\Design03.a(CyLib.o)
 .text.CyMasterClk_SetDivider
                0x00000000       0x20 .\CortexM3\ARM_GCC_493\Debug\Design03.a(CyLib.o)
 .text.CyBusClk_Internal_SetDivider
                0x00000000       0x78 .\CortexM3\ARM_GCC_493\Debug\Design03.a(CyLib.o)
 .text.CyBusClk_SetDivider
                0x00000000       0xb4 .\CortexM3\ARM_GCC_493\Debug\Design03.a(CyLib.o)
 .text.CyUsbClk_SetSource
                0x00000000       0x34 .\CortexM3\ARM_GCC_493\Debug\Design03.a(CyLib.o)
 .text.CyILO_Start1K
                0x00000000       0x20 .\CortexM3\ARM_GCC_493\Debug\Design03.a(CyLib.o)
 .text.CyILO_Stop1K
                0x00000000       0x20 .\CortexM3\ARM_GCC_493\Debug\Design03.a(CyLib.o)
 .text.CyILO_Start100K
                0x00000000       0x20 .\CortexM3\ARM_GCC_493\Debug\Design03.a(CyLib.o)
 .text.CyILO_Stop100K
                0x00000000       0x20 .\CortexM3\ARM_GCC_493\Debug\Design03.a(CyLib.o)
 .text.CyILO_Enable33K
                0x00000000       0x20 .\CortexM3\ARM_GCC_493\Debug\Design03.a(CyLib.o)
 .text.CyILO_Disable33K
                0x00000000       0x20 .\CortexM3\ARM_GCC_493\Debug\Design03.a(CyLib.o)
 .text.CyILO_SetSource
                0x00000000       0x38 .\CortexM3\ARM_GCC_493\Debug\Design03.a(CyLib.o)
 .text.CyILO_SetPowerMode
                0x00000000       0x4c .\CortexM3\ARM_GCC_493\Debug\Design03.a(CyLib.o)
 .text.CyXTAL_32KHZ_Start
                0x00000000       0x84 .\CortexM3\ARM_GCC_493\Debug\Design03.a(CyLib.o)
 .text.CyXTAL_32KHZ_Stop
                0x00000000       0x50 .\CortexM3\ARM_GCC_493\Debug\Design03.a(CyLib.o)
 .text.CyXTAL_32KHZ_ReadStatus
                0x00000000       0x20 .\CortexM3\ARM_GCC_493\Debug\Design03.a(CyLib.o)
 .text.CyXTAL_32KHZ_SetPowerMode
                0x00000000       0xb4 .\CortexM3\ARM_GCC_493\Debug\Design03.a(CyLib.o)
 .text.CyXTAL_Start
                0x00000000       0xd0 .\CortexM3\ARM_GCC_493\Debug\Design03.a(CyLib.o)
 .text.CyXTAL_Stop
                0x00000000       0x20 .\CortexM3\ARM_GCC_493\Debug\Design03.a(CyLib.o)
 .text.CyXTAL_EnableErrStatus
                0x00000000       0x20 .\CortexM3\ARM_GCC_493\Debug\Design03.a(CyLib.o)
 .text.CyXTAL_DisableErrStatus
                0x00000000       0x20 .\CortexM3\ARM_GCC_493\Debug\Design03.a(CyLib.o)
 .text.CyXTAL_ReadStatus
                0x00000000       0x28 .\CortexM3\ARM_GCC_493\Debug\Design03.a(CyLib.o)
 .text.CyXTAL_EnableFaultRecovery
                0x00000000       0x20 .\CortexM3\ARM_GCC_493\Debug\Design03.a(CyLib.o)
 .text.CyXTAL_DisableFaultRecovery
                0x00000000       0x20 .\CortexM3\ARM_GCC_493\Debug\Design03.a(CyLib.o)
 .text.CyXTAL_SetStartup
                0x00000000       0x34 .\CortexM3\ARM_GCC_493\Debug\Design03.a(CyLib.o)
 .text.CyXTAL_SetFbVoltage
                0x00000000       0x34 .\CortexM3\ARM_GCC_493\Debug\Design03.a(CyLib.o)
 .text.CyXTAL_SetWdVoltage
                0x00000000       0x38 .\CortexM3\ARM_GCC_493\Debug\Design03.a(CyLib.o)
 .text.CySoftwareReset
                0x00000000       0x20 .\CortexM3\ARM_GCC_493\Debug\Design03.a(CyLib.o)
 .text.CyDelayUs
                0x00000000       0x24 .\CortexM3\ARM_GCC_493\Debug\Design03.a(CyLib.o)
 .text.CyDelayFreq
                0x00000000       0x7c .\CortexM3\ARM_GCC_493\Debug\Design03.a(CyLib.o)
 .text.CyWdtStart
                0x00000000       0x8c .\CortexM3\ARM_GCC_493\Debug\Design03.a(CyLib.o)
 .text.CyWdtClear
                0x00000000       0x18 .\CortexM3\ARM_GCC_493\Debug\Design03.a(CyLib.o)
 .text.CyVdLvDigitEnable
                0x00000000       0xcc .\CortexM3\ARM_GCC_493\Debug\Design03.a(CyLib.o)
 .text.CyVdLvAnalogEnable
                0x00000000       0xc8 .\CortexM3\ARM_GCC_493\Debug\Design03.a(CyLib.o)
 .text.CyVdLvDigitDisable
                0x00000000       0x48 .\CortexM3\ARM_GCC_493\Debug\Design03.a(CyLib.o)
 .text.CyVdLvAnalogDisable
                0x00000000       0x40 .\CortexM3\ARM_GCC_493\Debug\Design03.a(CyLib.o)
 .text.CyVdHvAnalogEnable
                0x00000000       0x78 .\CortexM3\ARM_GCC_493\Debug\Design03.a(CyLib.o)
 .text.CyVdHvAnalogDisable
                0x00000000       0x2c .\CortexM3\ARM_GCC_493\Debug\Design03.a(CyLib.o)
 .text.CyVdStickyStatus
                0x00000000       0x5c .\CortexM3\ARM_GCC_493\Debug\Design03.a(CyLib.o)
 .text.CyVdRealTimeStatus
                0x00000000       0x30 .\CortexM3\ARM_GCC_493\Debug\Design03.a(CyLib.o)
 .text.CyDisableInts
                0x00000000       0x34 .\CortexM3\ARM_GCC_493\Debug\Design03.a(CyLib.o)
 .text.CyEnableInts
                0x00000000       0x28 .\CortexM3\ARM_GCC_493\Debug\Design03.a(CyLib.o)
 .text.CyFlushCache
                0x00000000       0x58 .\CortexM3\ARM_GCC_493\Debug\Design03.a(CyLib.o)
 .text.CyIntSetSysVector
                0x00000000       0x4c .\CortexM3\ARM_GCC_493\Debug\Design03.a(CyLib.o)
 .text.CyIntGetSysVector
                0x00000000       0x38 .\CortexM3\ARM_GCC_493\Debug\Design03.a(CyLib.o)
 .text.CyIntGetVector
                0x00000000       0x38 .\CortexM3\ARM_GCC_493\Debug\Design03.a(CyLib.o)
 .text.CyIntGetPriority
                0x00000000       0x38 .\CortexM3\ARM_GCC_493\Debug\Design03.a(CyLib.o)
 .text.CyIntGetState
                0x00000000       0x44 .\CortexM3\ARM_GCC_493\Debug\Design03.a(CyLib.o)
 .text.CySysTickStart
                0x00000000       0x20 .\CortexM3\ARM_GCC_493\Debug\Design03.a(CyLib.o)
 .text.CySysTickInit
                0x00000000       0x68 .\CortexM3\ARM_GCC_493\Debug\Design03.a(CyLib.o)
 .text.CySysTickEnable
                0x00000000       0x1c .\CortexM3\ARM_GCC_493\Debug\Design03.a(CyLib.o)
 .text.CySysTickStop
                0x00000000       0x1c .\CortexM3\ARM_GCC_493\Debug\Design03.a(CyLib.o)
 .text.CySysTickEnableInterrupt
                0x00000000       0x1c .\CortexM3\ARM_GCC_493\Debug\Design03.a(CyLib.o)
 .text.CySysTickDisableInterrupt
                0x00000000       0x1c .\CortexM3\ARM_GCC_493\Debug\Design03.a(CyLib.o)
 .text.CySysTickSetReload
                0x00000000       0x20 .\CortexM3\ARM_GCC_493\Debug\Design03.a(CyLib.o)
 .text.CySysTickGetReload
                0x00000000       0x1c .\CortexM3\ARM_GCC_493\Debug\Design03.a(CyLib.o)
 .text.CySysTickGetValue
                0x00000000       0x1c .\CortexM3\ARM_GCC_493\Debug\Design03.a(CyLib.o)
 .text.CySysTickSetClockSource
                0x00000000       0x38 .\CortexM3\ARM_GCC_493\Debug\Design03.a(CyLib.o)
 .text.CySysTickGetClockSource
                0x00000000       0x1c .\CortexM3\ARM_GCC_493\Debug\Design03.a(CyLib.o)
 .text.CySysTickGetCountFlag
                0x00000000       0x1c .\CortexM3\ARM_GCC_493\Debug\Design03.a(CyLib.o)
 .text.CySysTickClear
                0x00000000       0x18 .\CortexM3\ARM_GCC_493\Debug\Design03.a(CyLib.o)
 .text.CySysTickSetCallback
                0x00000000       0x30 .\CortexM3\ARM_GCC_493\Debug\Design03.a(CyLib.o)
 .text.CySysTickGetCallback
                0x00000000       0x20 .\CortexM3\ARM_GCC_493\Debug\Design03.a(CyLib.o)
 .text.CySysTickServiceCallbacks
                0x00000000       0x44 .\CortexM3\ARM_GCC_493\Debug\Design03.a(CyLib.o)
 .text.CyGetUniqueId
                0x00000000       0xc4 .\CortexM3\ARM_GCC_493\Debug\Design03.a(CyLib.o)
 .text          0x00000000        0x0 .\CortexM3\ARM_GCC_493\Debug\Design03.a(cyPm.o)
 .data          0x00000000        0x0 .\CortexM3\ARM_GCC_493\Debug\Design03.a(cyPm.o)
 .bss           0x00000000       0x44 .\CortexM3\ARM_GCC_493\Debug\Design03.a(cyPm.o)
 .rodata        0x00000000       0x10 .\CortexM3\ARM_GCC_493\Debug\Design03.a(cyPm.o)
 .text.CyPmSaveClocks
                0x00000000      0x284 .\CortexM3\ARM_GCC_493\Debug\Design03.a(cyPm.o)
 .text.CyPmRestoreClocks
                0x00000000      0x300 .\CortexM3\ARM_GCC_493\Debug\Design03.a(cyPm.o)
 .text.CyPmAltAct
                0x00000000       0xb8 .\CortexM3\ARM_GCC_493\Debug\Design03.a(cyPm.o)
 .text.CyPmSleep
                0x00000000      0x170 .\CortexM3\ARM_GCC_493\Debug\Design03.a(cyPm.o)
 .text.CyPmHibernate
                0x00000000        0xc .\CortexM3\ARM_GCC_493\Debug\Design03.a(cyPm.o)
 .text.CyPmHibernateEx
                0x00000000      0x158 .\CortexM3\ARM_GCC_493\Debug\Design03.a(cyPm.o)
 .text.CyPmReadStatus
                0x00000000       0x5c .\CortexM3\ARM_GCC_493\Debug\Design03.a(cyPm.o)
 .text.CyPmHibSaveSet
                0x00000000       0xd4 .\CortexM3\ARM_GCC_493\Debug\Design03.a(cyPm.o)
 .text.CyPmHibRestore
                0x00000000       0x68 .\CortexM3\ARM_GCC_493\Debug\Design03.a(cyPm.o)
 .text.CyPmCtwSetInterval
                0x00000000       0x90 .\CortexM3\ARM_GCC_493\Debug\Design03.a(cyPm.o)
 .text.CyPmOppsSet
                0x00000000       0x40 .\CortexM3\ARM_GCC_493\Debug\Design03.a(cyPm.o)
 .text.CyPmFtwSetInterval
                0x00000000       0x90 .\CortexM3\ARM_GCC_493\Debug\Design03.a(cyPm.o)
 .text.CyPmHibSlpSaveSet
                0x00000000      0x280 .\CortexM3\ARM_GCC_493\Debug\Design03.a(cyPm.o)
 .text.CyPmHibSlpRestore
                0x00000000      0x188 .\CortexM3\ARM_GCC_493\Debug\Design03.a(cyPm.o)
 .text.CyPmHviLviSaveDisable
                0x00000000       0xd4 .\CortexM3\ARM_GCC_493\Debug\Design03.a(cyPm.o)
 .text.CyPmHviLviRestore
                0x00000000       0x54 .\CortexM3\ARM_GCC_493\Debug\Design03.a(cyPm.o)
 .text          0x00000000        0x0 .\CortexM3\ARM_GCC_493\Debug\Design03.a(GREEN.o)
 .data          0x00000000        0x0 .\CortexM3\ARM_GCC_493\Debug\Design03.a(GREEN.o)
 .bss           0x00000000        0x0 .\CortexM3\ARM_GCC_493\Debug\Design03.a(GREEN.o)
 .text.GREEN_SetDriveMode
                0x00000000       0x38 .\CortexM3\ARM_GCC_493\Debug\Design03.a(GREEN.o)
 .text.GREEN_Read
                0x00000000       0x20 .\CortexM3\ARM_GCC_493\Debug\Design03.a(GREEN.o)
 .text.GREEN_ReadDataReg
                0x00000000       0x20 .\CortexM3\ARM_GCC_493\Debug\Design03.a(GREEN.o)
 .text          0x00000000        0x0 .\CortexM3\ARM_GCC_493\Debug\Design03.a(RED.o)
 .data          0x00000000        0x0 .\CortexM3\ARM_GCC_493\Debug\Design03.a(RED.o)
 .bss           0x00000000        0x0 .\CortexM3\ARM_GCC_493\Debug\Design03.a(RED.o)
 .text.RED_SetDriveMode
                0x00000000       0x38 .\CortexM3\ARM_GCC_493\Debug\Design03.a(RED.o)
 .text.RED_Read
                0x00000000       0x20 .\CortexM3\ARM_GCC_493\Debug\Design03.a(RED.o)
 .text.RED_ReadDataReg
                0x00000000       0x20 .\CortexM3\ARM_GCC_493\Debug\Design03.a(RED.o)
 .data          0x00000000        0x0 .\CortexM3\ARM_GCC_493\Debug\Design03.a(CyBootAsmGnu.o)
 .bss           0x00000000        0x0 .\CortexM3\ARM_GCC_493\Debug\Design03.a(CyBootAsmGnu.o)
 .text          0x00000000        0x0 .\CortexM3\ARM_GCC_493\Debug\Design03.a(CyFlash.o)
 .data          0x00000000        0x0 .\CortexM3\ARM_GCC_493\Debug\Design03.a(CyFlash.o)
 .bss           0x00000000        0x4 .\CortexM3\ARM_GCC_493\Debug\Design03.a(CyFlash.o)
 .text.CyFlash_Start
                0x00000000       0x8c .\CortexM3\ARM_GCC_493\Debug\Design03.a(CyFlash.o)
 .text.CyFlash_Stop
                0x00000000       0x44 .\CortexM3\ARM_GCC_493\Debug\Design03.a(CyFlash.o)
 .text.CySetTempInt
                0x00000000       0x7c .\CortexM3\ARM_GCC_493\Debug\Design03.a(CyFlash.o)
 .text.CyFlashGetSpcAlgorithm
                0x00000000       0x70 .\CortexM3\ARM_GCC_493\Debug\Design03.a(CyFlash.o)
 .text.CySetTemp
                0x00000000       0x24 .\CortexM3\ARM_GCC_493\Debug\Design03.a(CyFlash.o)
 .text.CySetFlashEEBuffer
                0x00000000       0x54 .\CortexM3\ARM_GCC_493\Debug\Design03.a(CyFlash.o)
 .text.CyWriteRowData
                0x00000000       0x3c .\CortexM3\ARM_GCC_493\Debug\Design03.a(CyFlash.o)
 .text.CyWriteRowFull
                0x00000000      0x158 .\CortexM3\ARM_GCC_493\Debug\Design03.a(CyFlash.o)
 .text.CyFlash_SetWaitCycles
                0x00000000       0xbc .\CortexM3\ARM_GCC_493\Debug\Design03.a(CyFlash.o)
 .text.CyEEPROM_Start
                0x00000000       0x8c .\CortexM3\ARM_GCC_493\Debug\Design03.a(CyFlash.o)
 .text.CyEEPROM_Stop
                0x00000000       0x44 .\CortexM3\ARM_GCC_493\Debug\Design03.a(CyFlash.o)
 .text.CyEEPROM_ReadReserve
                0x00000000       0x30 .\CortexM3\ARM_GCC_493\Debug\Design03.a(CyFlash.o)
 .text.CyEEPROM_ReadRelease
                0x00000000       0x20 .\CortexM3\ARM_GCC_493\Debug\Design03.a(CyFlash.o)
 COMMON         0x00000000        0x2 .\CortexM3\ARM_GCC_493\Debug\Design03.a(CyFlash.o)
 .text          0x00000000        0x0 .\CortexM3\ARM_GCC_493\Debug\Design03.a(CySpc.o)
 .data          0x00000000        0x0 .\CortexM3\ARM_GCC_493\Debug\Design03.a(CySpc.o)
 .bss           0x00000000        0x8 .\CortexM3\ARM_GCC_493\Debug\Design03.a(CySpc.o)
 .text.CySpcStart
                0x00000000       0x44 .\CortexM3\ARM_GCC_493\Debug\Design03.a(CySpc.o)
 .text.CySpcStop
                0x00000000       0x44 .\CortexM3\ARM_GCC_493\Debug\Design03.a(CySpc.o)
 .text.CySpcReadData
                0x00000000       0x58 .\CortexM3\ARM_GCC_493\Debug\Design03.a(CySpc.o)
 .text.CySpcLoadMultiByte
                0x00000000       0xd4 .\CortexM3\ARM_GCC_493\Debug\Design03.a(CySpc.o)
 .text.CySpcLoadRow
                0x00000000       0x8c .\CortexM3\ARM_GCC_493\Debug\Design03.a(CySpc.o)
 .text.CySpcLoadRowFull
                0x00000000       0xd0 .\CortexM3\ARM_GCC_493\Debug\Design03.a(CySpc.o)
 .text.CySpcWriteRow
                0x00000000       0x98 .\CortexM3\ARM_GCC_493\Debug\Design03.a(CySpc.o)
 .text.CySpcEraseSector
                0x00000000       0x70 .\CortexM3\ARM_GCC_493\Debug\Design03.a(CySpc.o)
 .text.CySpcGetTemp
                0x00000000       0x64 .\CortexM3\ARM_GCC_493\Debug\Design03.a(CySpc.o)
 .text.CySpcLock
                0x00000000       0x68 .\CortexM3\ARM_GCC_493\Debug\Design03.a(CySpc.o)
 .text.CySpcUnlock
                0x00000000       0x50 .\CortexM3\ARM_GCC_493\Debug\Design03.a(CySpc.o)
 .text.CySpcGetAlgorithm
                0x00000000       0x48 .\CortexM3\ARM_GCC_493\Debug\Design03.a(CySpc.o)
 .text          0x00000000        0x0 c:/program files (x86)/cypress/psoc creator/4.0/psoc creator/import/gnu/arm/4.9.3/bin/../lib/gcc/arm-none-eabi/4.9.3/../../../../arm-none-eabi/lib/armv7-m\libg_nano.a(lib_a-errno.o)
 .data          0x00000000        0x0 c:/program files (x86)/cypress/psoc creator/4.0/psoc creator/import/gnu/arm/4.9.3/bin/../lib/gcc/arm-none-eabi/4.9.3/../../../../arm-none-eabi/lib/armv7-m\libg_nano.a(lib_a-errno.o)
 .bss           0x00000000        0x0 c:/program files (x86)/cypress/psoc creator/4.0/psoc creator/import/gnu/arm/4.9.3/bin/../lib/gcc/arm-none-eabi/4.9.3/../../../../arm-none-eabi/lib/armv7-m\libg_nano.a(lib_a-errno.o)
 .text          0x00000000        0x0 c:/program files (x86)/cypress/psoc creator/4.0/psoc creator/import/gnu/arm/4.9.3/bin/../lib/gcc/arm-none-eabi/4.9.3/../../../../arm-none-eabi/lib/armv7-m\libg_nano.a(lib_a-exit.o)
 .data          0x00000000        0x0 c:/program files (x86)/cypress/psoc creator/4.0/psoc creator/import/gnu/arm/4.9.3/bin/../lib/gcc/arm-none-eabi/4.9.3/../../../../arm-none-eabi/lib/armv7-m\libg_nano.a(lib_a-exit.o)
 .bss           0x00000000        0x0 c:/program files (x86)/cypress/psoc creator/4.0/psoc creator/import/gnu/arm/4.9.3/bin/../lib/gcc/arm-none-eabi/4.9.3/../../../../arm-none-eabi/lib/armv7-m\libg_nano.a(lib_a-exit.o)
 .text.exit     0x00000000       0x28 c:/program files (x86)/cypress/psoc creator/4.0/psoc creator/import/gnu/arm/4.9.3/bin/../lib/gcc/arm-none-eabi/4.9.3/../../../../arm-none-eabi/lib/armv7-m\libg_nano.a(lib_a-exit.o)
 .text          0x00000000        0x0 c:/program files (x86)/cypress/psoc creator/4.0/psoc creator/import/gnu/arm/4.9.3/bin/../lib/gcc/arm-none-eabi/4.9.3/../../../../arm-none-eabi/lib/armv7-m\libg_nano.a(lib_a-impure.o)
 .data          0x00000000        0x0 c:/program files (x86)/cypress/psoc creator/4.0/psoc creator/import/gnu/arm/4.9.3/bin/../lib/gcc/arm-none-eabi/4.9.3/../../../../arm-none-eabi/lib/armv7-m\libg_nano.a(lib_a-impure.o)
 .bss           0x00000000        0x0 c:/program files (x86)/cypress/psoc creator/4.0/psoc creator/import/gnu/arm/4.9.3/bin/../lib/gcc/arm-none-eabi/4.9.3/../../../../arm-none-eabi/lib/armv7-m\libg_nano.a(lib_a-impure.o)
 .rodata._global_impure_ptr
                0x00000000        0x4 c:/program files (x86)/cypress/psoc creator/4.0/psoc creator/import/gnu/arm/4.9.3/bin/../lib/gcc/arm-none-eabi/4.9.3/../../../../arm-none-eabi/lib/armv7-m\libg_nano.a(lib_a-impure.o)
 .text          0x00000000        0x0 c:/program files (x86)/cypress/psoc creator/4.0/psoc creator/import/gnu/arm/4.9.3/bin/../lib/gcc/arm-none-eabi/4.9.3/../../../../arm-none-eabi/lib/armv7-m\libg_nano.a(lib_a-init.o)
 .data          0x00000000        0x0 c:/program files (x86)/cypress/psoc creator/4.0/psoc creator/import/gnu/arm/4.9.3/bin/../lib/gcc/arm-none-eabi/4.9.3/../../../../arm-none-eabi/lib/armv7-m\libg_nano.a(lib_a-init.o)
 .bss           0x00000000        0x0 c:/program files (x86)/cypress/psoc creator/4.0/psoc creator/import/gnu/arm/4.9.3/bin/../lib/gcc/arm-none-eabi/4.9.3/../../../../arm-none-eabi/lib/armv7-m\libg_nano.a(lib_a-init.o)
 .text          0x00000000        0x0 c:/program files (x86)/cypress/psoc creator/4.0/psoc creator/import/gnu/arm/4.9.3/bin/../lib/gcc/arm-none-eabi/4.9.3/../../../../arm-none-eabi/lib/armv7-m\libg_nano.a(lib_a-memcpy.o)
 .data          0x00000000        0x0 c:/program files (x86)/cypress/psoc creator/4.0/psoc creator/import/gnu/arm/4.9.3/bin/../lib/gcc/arm-none-eabi/4.9.3/../../../../arm-none-eabi/lib/armv7-m\libg_nano.a(lib_a-memcpy.o)
 .bss           0x00000000        0x0 c:/program files (x86)/cypress/psoc creator/4.0/psoc creator/import/gnu/arm/4.9.3/bin/../lib/gcc/arm-none-eabi/4.9.3/../../../../arm-none-eabi/lib/armv7-m\libg_nano.a(lib_a-memcpy.o)
 .text          0x00000000        0x0 c:/program files (x86)/cypress/psoc creator/4.0/psoc creator/import/gnu/arm/4.9.3/bin/../lib/gcc/arm-none-eabi/4.9.3/../../../../arm-none-eabi/lib/armv7-m\libg_nano.a(lib_a-memset.o)
 .data          0x00000000        0x0 c:/program files (x86)/cypress/psoc creator/4.0/psoc creator/import/gnu/arm/4.9.3/bin/../lib/gcc/arm-none-eabi/4.9.3/../../../../arm-none-eabi/lib/armv7-m\libg_nano.a(lib_a-memset.o)
 .bss           0x00000000        0x0 c:/program files (x86)/cypress/psoc creator/4.0/psoc creator/import/gnu/arm/4.9.3/bin/../lib/gcc/arm-none-eabi/4.9.3/../../../../arm-none-eabi/lib/armv7-m\libg_nano.a(lib_a-memset.o)
 .text          0x00000000        0x0 c:/program files (x86)/cypress/psoc creator/4.0/psoc creator/import/gnu/arm/4.9.3/bin/../lib/gcc/arm-none-eabi/4.9.3/armv7-m/crtend.o
 .data          0x00000000        0x0 c:/program files (x86)/cypress/psoc creator/4.0/psoc creator/import/gnu/arm/4.9.3/bin/../lib/gcc/arm-none-eabi/4.9.3/armv7-m/crtend.o
 .bss           0x00000000        0x0 c:/program files (x86)/cypress/psoc creator/4.0/psoc creator/import/gnu/arm/4.9.3/bin/../lib/gcc/arm-none-eabi/4.9.3/armv7-m/crtend.o
 .text          0x00000000        0x0 c:/program files (x86)/cypress/psoc creator/4.0/psoc creator/import/gnu/arm/4.9.3/bin/../lib/gcc/arm-none-eabi/4.9.3/armv7-m/crtn.o
 .data          0x00000000        0x0 c:/program files (x86)/cypress/psoc creator/4.0/psoc creator/import/gnu/arm/4.9.3/bin/../lib/gcc/arm-none-eabi/4.9.3/armv7-m/crtn.o
 .bss           0x00000000        0x0 c:/program files (x86)/cypress/psoc creator/4.0/psoc creator/import/gnu/arm/4.9.3/bin/../lib/gcc/arm-none-eabi/4.9.3/armv7-m/crtn.o

Memory Configuration

Name             Origin             Length             Attributes
rom              0x00000000         0x00040000         xr
ram              0x1fff8000         0x00010000         xrw
*default*        0x00000000         0xffffffff

Linker script and memory map

LOAD c:/program files (x86)/cypress/psoc creator/4.0/psoc creator/import/gnu/arm/4.9.3/bin/../lib/gcc/arm-none-eabi/4.9.3/armv7-m/crti.o
LOAD c:/program files (x86)/cypress/psoc creator/4.0/psoc creator/import/gnu/arm/4.9.3/bin/../lib/gcc/arm-none-eabi/4.9.3/armv7-m/crtbegin.o
LOAD c:/program files (x86)/cypress/psoc creator/4.0/psoc creator/import/gnu/arm/4.9.3/bin/../lib/gcc/arm-none-eabi/4.9.3/../../../../arm-none-eabi/lib/armv7-m/crt0.o
START GROUP
LOAD .\CortexM3\ARM_GCC_493\Debug\main.o
LOAD .\CortexM3\ARM_GCC_493\Debug\can_manga.o
LOAD .\CortexM3\ARM_GCC_493\Debug\cymetadata.o
LOAD .\CortexM3\ARM_GCC_493\Debug\Cm3Start.o
LOAD .\CortexM3\ARM_GCC_493\Debug\Design03.a
LOAD C:\Program Files (x86)\Cypress\PSoC Creator\4.0\PSoC Creator\psoc\content\cycomponentlibrary\CyComponentLibrary.cylib\CortexM3\ARM_GCC_493\Debug\CyComponentLibrary.a
END GROUP
START GROUP
LOAD c:/program files (x86)/cypress/psoc creator/4.0/psoc creator/import/gnu/arm/4.9.3/bin/../lib/gcc/arm-none-eabi/4.9.3/armv7-m\libgcc.a
LOAD c:/program files (x86)/cypress/psoc creator/4.0/psoc creator/import/gnu/arm/4.9.3/bin/../lib/gcc/arm-none-eabi/4.9.3/../../../../arm-none-eabi/lib/armv7-m\libg_nano.a
LOAD c:/program files (x86)/cypress/psoc creator/4.0/psoc creator/import/gnu/arm/4.9.3/bin/../lib/gcc/arm-none-eabi/4.9.3/../../../../arm-none-eabi/lib/armv7-m\libc_nano.a
END GROUP
START GROUP
LOAD c:/program files (x86)/cypress/psoc creator/4.0/psoc creator/import/gnu/arm/4.9.3/bin/../lib/gcc/arm-none-eabi/4.9.3/armv7-m\libgcc.a
LOAD c:/program files (x86)/cypress/psoc creator/4.0/psoc creator/import/gnu/arm/4.9.3/bin/../lib/gcc/arm-none-eabi/4.9.3/../../../../arm-none-eabi/lib/armv7-m\libc_nano.a
END GROUP
LOAD c:/program files (x86)/cypress/psoc creator/4.0/psoc creator/import/gnu/arm/4.9.3/bin/../lib/gcc/arm-none-eabi/4.9.3/armv7-m/crtend.o
LOAD c:/program files (x86)/cypress/psoc creator/4.0/psoc creator/import/gnu/arm/4.9.3/bin/../lib/gcc/arm-none-eabi/4.9.3/armv7-m/crtn.o
START GROUP
LOAD c:/program files (x86)/cypress/psoc creator/4.0/psoc creator/import/gnu/arm/4.9.3/bin/../lib/gcc/arm-none-eabi/4.9.3/armv7-m\libgcc.a
LOAD c:/program files (x86)/cypress/psoc creator/4.0/psoc creator/import/gnu/arm/4.9.3/bin/../lib/gcc/arm-none-eabi/4.9.3/../../../../arm-none-eabi/lib/armv7-m\libc.a
LOAD c:/program files (x86)/cypress/psoc creator/4.0/psoc creator/import/gnu/arm/4.9.3/bin/../lib/gcc/arm-none-eabi/4.9.3/../../../../arm-none-eabi/lib/armv7-m\libnosys.a
END GROUP
                0x00000000                CY_APPL_ORIGIN = 0x0
                0x00000100                CY_FLASH_ROW_SIZE = 0x100
                0x00000020                CY_ECC_ROW_SIZE = 0x20
                0x00000000                CY_EE_IN_BTLDR = 0x0
                0x00000000                CY_APPL_LOADABLE = 0x0
                0x00000800                CY_EE_SIZE = 0x800
                0x00000001                CY_APPL_NUM = 0x1
                0x00000001                CY_APPL_MAX = 0x1
                0x00000040                CY_METADATA_SIZE = 0x40
                0x00000000                CY_APPL_LOADABLE = 0x0
                0x00000000                CY_CHECKSUM_EXCLUDE_SIZE = ALIGN (0x0, CY_FLASH_ROW_SIZE)
                0x1fff81a8                PROVIDE (__cy_heap_start, _end)
                0x00000001                PROVIDE (__cy_region_num, ((__cy_regions_end - __cy_regions) / 0x10))
                0x20008000                PROVIDE (__cy_stack, (ORIGIN (ram) + 0x10000))
                0x20007800                PROVIDE (__cy_heap_end, (__cy_stack - 0x800))

.cybootloader   0x00000000        0x0
 *(.cybootloader)
                0x00000000                appl1_start = CY_APPL_ORIGIN?CY_APPL_ORIGIN:ALIGN (CY_FLASH_ROW_SIZE)
                0x0001ff00                appl2_start = (appl1_start + ALIGN ((((0x40000 - appl1_start) - (0x2 * CY_FLASH_ROW_SIZE)) / 0x2), CY_FLASH_ROW_SIZE))
                0x00000000                appl_start = (CY_APPL_NUM == 0x1)?appl1_start:appl2_start
                0x00000000                ecc_offset = ((appl_start / CY_FLASH_ROW_SIZE) * CY_ECC_ROW_SIZE)
                0x00000000                ee_offset = (CY_APPL_LOADABLE && ! (CY_EE_IN_BTLDR))?((CY_EE_SIZE / CY_APPL_MAX) * (CY_APPL_NUM - 0x1)):0x0
                0x00000800                ee_size = (CY_APPL_LOADABLE && ! (CY_EE_IN_BTLDR))?(CY_EE_SIZE / CY_APPL_MAX):CY_EE_SIZE
                0x00000000                PROVIDE (CY_ECC_OFFSET, ecc_offset)

.text           0x00000000     0x111e
 CREATE_OBJECT_SYMBOLS
                0x00000000                PROVIDE (__cy_interrupt_vector, RomVectors)
 *(.romvectors)
 .romvectors    0x00000000       0x10 .\CortexM3\ARM_GCC_493\Debug\Cm3Start.o
                0x00000000                RomVectors
                0x00000001                ASSERT ((. != __cy_interrupt_vector), No interrupt vector)
                0x00000001                ASSERT (CY_APPL_ORIGIN?(SIZEOF (.cybootloader) <= CY_APPL_ORIGIN):0x1, Wrong image location)
                0x00000010                PROVIDE (__cy_reset, Reset)
 *(.text.Reset)
 .text.Reset    0x00000010       0x18 .\CortexM3\ARM_GCC_493\Debug\Cm3Start.o
                0x00000010                Reset
                0x00000001                ASSERT ((. != __cy_reset), No reset code)
 *(.dma_init)
                0x00000001                ASSERT ((((appl_start + .) <= 0x10000) || 0x1), DMA Init must be within the first 64k of flash)
 *(.text .text.* .gnu.linkonce.t.*)
 .text          0x00000028       0x5c c:/program files (x86)/cypress/psoc creator/4.0/psoc creator/import/gnu/arm/4.9.3/bin/../lib/gcc/arm-none-eabi/4.9.3/armv7-m/crtbegin.o
 .text.main     0x00000084       0x34 .\CortexM3\ARM_GCC_493\Debug\main.o
                0x00000084                main
 .text.testHandler
                0x000000b8       0x24 .\CortexM3\ARM_GCC_493\Debug\can_manga.o
                0x000000b8                testHandler
 .text.testHandler2
                0x000000dc       0x2c .\CortexM3\ARM_GCC_493\Debug\can_manga.o
                0x000000dc                testHandler2
 .text.can_receive
                0x00000108       0x5c .\CortexM3\ARM_GCC_493\Debug\can_manga.o
                0x00000108                can_receive
 .text.IntDefaultHandler
                0x00000164       0x14 .\CortexM3\ARM_GCC_493\Debug\Cm3Start.o
                0x00000164                IntDefaultHandler
 .text.Start_c  0x00000178       0x98 .\CortexM3\ARM_GCC_493\Debug\Cm3Start.o
                0x00000178                Start_c
 .text.initialize_psoc
                0x00000210       0x8c .\CortexM3\ARM_GCC_493\Debug\Cm3Start.o
                0x00000210                initialize_psoc
 .text.CYMEMZERO
                0x0000029c       0x1c .\CortexM3\ARM_GCC_493\Debug\Design03.a(cyfitter_cfg.o)
 .text.CYCONFIGCPY
                0x000002b8       0x1c .\CortexM3\ARM_GCC_493\Debug\Design03.a(cyfitter_cfg.o)
 .text.CyClockStartupError
                0x000002d4        0xc .\CortexM3\ARM_GCC_493\Debug\Design03.a(cyfitter_cfg.o)
 .text.cfg_write_bytes32
                0x000002e0       0x74 .\CortexM3\ARM_GCC_493\Debug\Design03.a(cyfitter_cfg.o)
 .text.ClockSetup
                0x00000354       0xd8 .\CortexM3\ARM_GCC_493\Debug\Design03.a(cyfitter_cfg.o)
 .text.AnalogSetDefault
                0x0000042c       0x44 .\CortexM3\ARM_GCC_493\Debug\Design03.a(cyfitter_cfg.o)
 .text.cyfitter_cfg
                0x00000470      0x134 .\CortexM3\ARM_GCC_493\Debug\Design03.a(cyfitter_cfg.o)
                0x00000470                cyfitter_cfg
 .text.CAN_1_RxTxBuffersConfig
                0x000005a4       0x80 .\CortexM3\ARM_GCC_493\Debug\Design03.a(CAN_1.o)
                0x000005a4                CAN_1_RxTxBuffersConfig
 .text.CAN_1_Init
                0x00000624      0x128 .\CortexM3\ARM_GCC_493\Debug\Design03.a(CAN_1.o)
                0x00000624                CAN_1_Init
 .text.CAN_1_Enable
                0x0000074c       0xa4 .\CortexM3\ARM_GCC_493\Debug\Design03.a(CAN_1.o)
                0x0000074c                CAN_1_Enable
 .text.CAN_1_Start
                0x000007f0       0x3c .\CortexM3\ARM_GCC_493\Debug\Design03.a(CAN_1.o)
                0x000007f0                CAN_1_Start
 .text.CAN_1_Stop
                0x0000082c       0x94 .\CortexM3\ARM_GCC_493\Debug\Design03.a(CAN_1.o)
                0x0000082c                CAN_1_Stop
 .text.CAN_1_GlobalIntEnable
                0x000008c0       0x40 .\CortexM3\ARM_GCC_493\Debug\Design03.a(CAN_1.o)
                0x000008c0                CAN_1_GlobalIntEnable
 .text.CAN_1_GlobalIntDisable
                0x00000900       0x40 .\CortexM3\ARM_GCC_493\Debug\Design03.a(CAN_1.o)
                0x00000900                CAN_1_GlobalIntDisable
 .text.CAN_1_SetPreScaler
                0x00000940       0x44 .\CortexM3\ARM_GCC_493\Debug\Design03.a(CAN_1.o)
                0x00000940                CAN_1_SetPreScaler
 .text.CAN_1_SetArbiter
                0x00000984       0x6c .\CortexM3\ARM_GCC_493\Debug\Design03.a(CAN_1.o)
                0x00000984                CAN_1_SetArbiter
 .text.CAN_1_SetTsegSample
                0x000009f0       0xd4 .\CortexM3\ARM_GCC_493\Debug\Design03.a(CAN_1.o)
                0x000009f0                CAN_1_SetTsegSample
 .text.CAN_1_SetRestartType
                0x00000ac4       0x6c .\CortexM3\ARM_GCC_493\Debug\Design03.a(CAN_1.o)
                0x00000ac4                CAN_1_SetRestartType
 .text.CAN_1_SetEdgeMode
                0x00000b30       0x6c .\CortexM3\ARM_GCC_493\Debug\Design03.a(CAN_1.o)
                0x00000b30                CAN_1_SetEdgeMode
 .text.CAN_1_SetIrqMask
                0x00000b9c       0x38 .\CortexM3\ARM_GCC_493\Debug\Design03.a(CAN_1.o)
                0x00000b9c                CAN_1_SetIrqMask
 .text.CAN_1_RxBufConfig
                0x00000bd4       0xec .\CortexM3\ARM_GCC_493\Debug\Design03.a(CAN_1.o)
                0x00000bd4                CAN_1_RxBufConfig
 .text.CAN_1_TxBufConfig
                0x00000cc0       0x88 .\CortexM3\ARM_GCC_493\Debug\Design03.a(CAN_1.o)
                0x00000cc0                CAN_1_TxBufConfig
 .text.CAN_1_BusOffIsr
                0x00000d48       0x18 .\CortexM3\ARM_GCC_493\Debug\Design03.a(CAN_1_INT.o)
                0x00000d48                CAN_1_BusOffIsr
 .text.CAN_1_MsgRXIsr
                0x00000d60       0x8c .\CortexM3\ARM_GCC_493\Debug\Design03.a(CAN_1_INT.o)
                0x00000d60                CAN_1_MsgRXIsr
 .text.CAN_1_ISR
                0x00000dec       0x30 .\CortexM3\ARM_GCC_493\Debug\Design03.a(CAN_1_INT.o)
                0x00000dec                CAN_1_ISR
 .text.CAN_1_ReceiveMsg
                0x00000e1c       0xb8 .\CortexM3\ARM_GCC_493\Debug\Design03.a(CAN_1_TX_RX_func.o)
                0x00000e1c                CAN_1_ReceiveMsg
 .text.CAN_1_ReceiveMsg0
                0x00000ed4       0x20 .\CortexM3\ARM_GCC_493\Debug\Design03.a(CAN_1_TX_RX_func.o)
                0x00000ed4                CAN_1_ReceiveMsg0
 .text.CAN_1_ReceiveMsg1
                0x00000ef4       0x20 .\CortexM3\ARM_GCC_493\Debug\Design03.a(CAN_1_TX_RX_func.o)
                0x00000ef4                CAN_1_ReceiveMsg1
 .text.CyHalt   0x00000f14       0x18 .\CortexM3\ARM_GCC_493\Debug\Design03.a(CyLib.o)
                0x00000f14                CyHalt
 .text.CyDelay  0x00000f2c       0x44 .\CortexM3\ARM_GCC_493\Debug\Design03.a(CyLib.o)
                0x00000f2c                CyDelay
 .text.CyIntSetVector
                0x00000f70       0x50 .\CortexM3\ARM_GCC_493\Debug\Design03.a(CyLib.o)
                0x00000f70                CyIntSetVector
 .text.CyIntSetPriority
                0x00000fc0       0x44 .\CortexM3\ARM_GCC_493\Debug\Design03.a(CyLib.o)
                0x00000fc0                CyIntSetPriority
 .text.GREEN_Write
                0x00001004       0x3c .\CortexM3\ARM_GCC_493\Debug\Design03.a(GREEN.o)
                0x00001004                GREEN_Write
 .text.RED_Write
                0x00001040       0x3c .\CortexM3\ARM_GCC_493\Debug\Design03.a(RED.o)
                0x00001040                RED_Write
 *fill*         0x0000107c        0x4 
 .text          0x00001080       0x20 .\CortexM3\ARM_GCC_493\Debug\Design03.a(CyBootAsmGnu.o)
                0x00001080                CyDelayCycles
                0x00001090                CyEnterCriticalSection
                0x00001098                CyExitCriticalSection
 .text.__errno  0x000010a0        0xc c:/program files (x86)/cypress/psoc creator/4.0/psoc creator/import/gnu/arm/4.9.3/bin/../lib/gcc/arm-none-eabi/4.9.3/../../../../arm-none-eabi/lib/armv7-m\libg_nano.a(lib_a-errno.o)
                0x000010a0                __errno
 .text.__libc_init_array
                0x000010ac       0x4c c:/program files (x86)/cypress/psoc creator/4.0/psoc creator/import/gnu/arm/4.9.3/bin/../lib/gcc/arm-none-eabi/4.9.3/../../../../arm-none-eabi/lib/armv7-m\libg_nano.a(lib_a-init.o)
                0x000010ac                __libc_init_array
 .text.memcpy   0x000010f8       0x16 c:/program files (x86)/cypress/psoc creator/4.0/psoc creator/import/gnu/arm/4.9.3/bin/../lib/gcc/arm-none-eabi/4.9.3/../../../../arm-none-eabi/lib/armv7-m\libg_nano.a(lib_a-memcpy.o)
                0x000010f8                memcpy
 .text.memset   0x0000110e       0x10 c:/program files (x86)/cypress/psoc creator/4.0/psoc creator/import/gnu/arm/4.9.3/bin/../lib/gcc/arm-none-eabi/4.9.3/../../../../arm-none-eabi/lib/armv7-m\libg_nano.a(lib_a-memset.o)
                0x0000110e                memset
 *(.plt)
 *(.gnu.warning)
 *(.glue_7t)
 .glue_7t       0x00000000        0x0 linker stubs
 *(.glue_7)
 .glue_7        0x00000000        0x0 linker stubs
 *(.vfp11_veneer)
 .vfp11_veneer  0x00000000        0x0 linker stubs
 *(.bootloader)
 *(.ARM.extab* .gnu.linkonce.armextab.*)
 *(.gcc_except_table)

.v4_bx          0x00001120        0x0
 .v4_bx         0x00000000        0x0 linker stubs

.iplt           0x00001120        0x0
 .iplt          0x00000000        0x0 c:/program files (x86)/cypress/psoc creator/4.0/psoc creator/import/gnu/arm/4.9.3/bin/../lib/gcc/arm-none-eabi/4.9.3/armv7-m/crtbegin.o

.eh_frame_hdr
 *(.eh_frame_hdr)

.eh_frame       0x00001120        0x4
 *(.eh_frame)
 .eh_frame      0x00001120        0x0 c:/program files (x86)/cypress/psoc creator/4.0/psoc creator/import/gnu/arm/4.9.3/bin/../lib/gcc/arm-none-eabi/4.9.3/armv7-m/crtbegin.o
 .eh_frame      0x00001120        0x4 c:/program files (x86)/cypress/psoc creator/4.0/psoc creator/import/gnu/arm/4.9.3/bin/../lib/gcc/arm-none-eabi/4.9.3/armv7-m/crtend.o
                0x00001124                PROVIDE (__exidx_start, .)

.ARM.exidx
 *(.ARM.exidx* .gnu.linkonce.armexidx.*)
                0x00001124                __exidx_end = .

.rodata         0x00001124      0x1cc
 *(.rodata .rodata.* .gnu.linkonce.r.*)
 .rodata        0x00001124       0x30 .\CortexM3\ARM_GCC_493\Debug\Design03.a(cyfitter_cfg.o)
 .rodata        0x00001154      0x160 .\CortexM3\ARM_GCC_493\Debug\Design03.a(CAN_1.o)
 .rodata.str1.1
                0x000012b4        0x2 c:/program files (x86)/cypress/psoc creator/4.0/psoc creator/import/gnu/arm/4.9.3/bin/../lib/gcc/arm-none-eabi/4.9.3/../../../../arm-none-eabi/lib/armv7-m\libg_nano.a(lib_a-impure.o)
                0x000012b8                . = ALIGN (0x4)
 *fill*         0x000012b6        0x2 
 *(.init)
 .init          0x000012b8        0x4 c:/program files (x86)/cypress/psoc creator/4.0/psoc creator/import/gnu/arm/4.9.3/bin/../lib/gcc/arm-none-eabi/4.9.3/armv7-m/crti.o
                0x000012b8                _init
 .init          0x000012bc        0x8 c:/program files (x86)/cypress/psoc creator/4.0/psoc creator/import/gnu/arm/4.9.3/bin/../lib/gcc/arm-none-eabi/4.9.3/armv7-m/crtn.o
                0x000012c4                . = ALIGN (0x4)
                0x000012c4                __preinit_array_start = .
 *(.preinit_array)
                0x000012c4                __preinit_array_end = .
                0x000012c4                . = ALIGN (0x4)
                0x000012c4                __init_array_start = .
 *(SORT(.init_array.*))
 *(.init_array)
 .init_array    0x000012c4        0x4 c:/program files (x86)/cypress/psoc creator/4.0/psoc creator/import/gnu/arm/4.9.3/bin/../lib/gcc/arm-none-eabi/4.9.3/armv7-m/crtbegin.o
 .init_array    0x000012c8        0x4 .\CortexM3\ARM_GCC_493\Debug\Cm3Start.o
                0x000012cc                __init_array_end = .
                0x000012cc                . = ALIGN (0x4)
 *(.fini)
 .fini          0x000012cc        0x4 c:/program files (x86)/cypress/psoc creator/4.0/psoc creator/import/gnu/arm/4.9.3/bin/../lib/gcc/arm-none-eabi/4.9.3/armv7-m/crti.o
                0x000012cc                _fini
 .fini          0x000012d0        0x8 c:/program files (x86)/cypress/psoc creator/4.0/psoc creator/import/gnu/arm/4.9.3/bin/../lib/gcc/arm-none-eabi/4.9.3/armv7-m/crtn.o
                0x000012d8                . = ALIGN (0x4)
                0x000012d8                __fini_array_start = .
 *(.fini_array)
 .fini_array    0x000012d8        0x4 c:/program files (x86)/cypress/psoc creator/4.0/psoc creator/import/gnu/arm/4.9.3/bin/../lib/gcc/arm-none-eabi/4.9.3/armv7-m/crtbegin.o
 *(SORT(.fini_array.*))
                0x000012dc                __fini_array_end = .
                0x000012dc                . = ALIGN (0x4)
 *crtbegin.o(.ctors)
 *(EXCLUDE_FILE(*crtend.o) .ctors)
 *(SORT(.ctors.*))
 *crtend.o(.ctors)
                0x000012dc                . = ALIGN (0x4)
 *crtbegin.o(.dtors)
 *(EXCLUDE_FILE(*crtend.o) .dtors)
 *(SORT(.dtors.*))
 *crtend.o(.dtors)
                0x000012dc                . = ALIGN (0x4)
                0x000012dc                __cy_regions = .
                0x000012dc        0x4 LONG 0x12f0 __cy_region_init_ram
                0x000012e0        0x4 LONG 0x1fff8108 __cy_region_start_data
                0x000012e4        0x4 LONG 0x78 __cy_region_init_size_ram
                0x000012e8        0x4 LONG 0x28 __cy_region_zero_size_ram
                0x000012ec                __cy_regions_end = .
                0x000012f0                . = ALIGN (0x8)
 *fill*         0x000012ec        0x4 
                0x000012f0                _etext = .

.cy_checksum_exclude
                0x000012f0        0x0
 *(.cy_checksum_exclude)

.ramvectors     0x1fff8000      0x100
                0x1fff8000                __cy_region_start_ram = .
 *(.ramvectors)
 .ramvectors    0x1fff8000      0x100 .\CortexM3\ARM_GCC_493\Debug\Cm3Start.o
                0x1fff8000                CyRamVectors

.noinit         0x1fff8100        0x5
 *(.noinit)
 .noinit        0x1fff8100        0x4 .\CortexM3\ARM_GCC_493\Debug\Cm3Start.o
 .noinit        0x1fff8104        0x1 .\CortexM3\ARM_GCC_493\Debug\Design03.a(CyLib.o)
                0x1fff8104                CyResetStatus

.data           0x1fff8108       0x78 load address 0x000012f0
                0x1fff8108                __cy_region_start_data = .
 *(.jcr)
 .jcr           0x1fff8108        0x0 c:/program files (x86)/cypress/psoc creator/4.0/psoc creator/import/gnu/arm/4.9.3/bin/../lib/gcc/arm-none-eabi/4.9.3/armv7-m/crtbegin.o
 .jcr           0x1fff8108        0x4 c:/program files (x86)/cypress/psoc creator/4.0/psoc creator/import/gnu/arm/4.9.3/bin/../lib/gcc/arm-none-eabi/4.9.3/armv7-m/crtend.o
 *(.got.plt)
 *(.got)
 *(.shdata)
 *(.data .data.* .gnu.linkonce.d.*)
 .data          0x1fff810c       0x10 .\CortexM3\ARM_GCC_493\Debug\Design03.a(CyLib.o)
                0x1fff810c                cydelay_freq_hz
                0x1fff8110                cydelay_freq_khz
                0x1fff8114                cydelay_freq_mhz
                0x1fff8118                cydelay_32k_ms
 .data.impure_data
                0x1fff811c       0x60 c:/program files (x86)/cypress/psoc creator/4.0/psoc creator/import/gnu/arm/4.9.3/bin/../lib/gcc/arm-none-eabi/4.9.3/../../../../arm-none-eabi/lib/armv7-m\libg_nano.a(lib_a-impure.o)
 .data._impure_ptr
                0x1fff817c        0x4 c:/program files (x86)/cypress/psoc creator/4.0/psoc creator/import/gnu/arm/4.9.3/bin/../lib/gcc/arm-none-eabi/4.9.3/../../../../arm-none-eabi/lib/armv7-m\libg_nano.a(lib_a-impure.o)
                0x1fff817c                _impure_ptr
                0x1fff8180                . = ALIGN (0x8)
 *(.ram)
                0x1fff8180                _edata = .

.igot.plt       0x1fff8180        0x0 load address 0x00001368
 .igot.plt      0x00000000        0x0 c:/program files (x86)/cypress/psoc creator/4.0/psoc creator/import/gnu/arm/4.9.3/bin/../lib/gcc/arm-none-eabi/4.9.3/armv7-m/crtbegin.o

.bss            0x1fff8180       0x28 load address 0x00001368
                0x1fff8180                PROVIDE (__bss_start__, .)
 *(.shbss)
 *(.bss .bss.* .gnu.linkonce.b.*)
 .bss           0x1fff8180       0x1c c:/program files (x86)/cypress/psoc creator/4.0/psoc creator/import/gnu/arm/4.9.3/bin/../lib/gcc/arm-none-eabi/4.9.3/armv7-m/crtbegin.o
 .bss           0x1fff819c        0x4 .\CortexM3\ARM_GCC_493\Debug\main.o
                0x1fff819c                incrementedNumber
 .bss           0x1fff81a0        0x1 .\CortexM3\ARM_GCC_493\Debug\Design03.a(CAN_1.o)
                0x1fff81a0                CAN_1_initVar
 *(COMMON)
                0x1fff81a8                . = ALIGN (0x8)
 *fill*         0x1fff81a1        0x7 
 *(.ram.b)
                0x1fff81a8                _end = .
                0x1fff81a8                __end = .
                0x1fff81a8                PROVIDE (end, .)
                0x1fff81a8                PROVIDE (__bss_end__, .)
                0x000012f0                __cy_region_init_ram = LOADADDR (.data)
                0x00000078                __cy_region_init_size_ram = (_edata - ADDR (.data))
                0x00000028                __cy_region_zero_size_ram = (_end - _edata)

.heap           0x1fff81a8       0x80 load address 0x00001368
                0x1fff81a8                . = _end
                0x1fff8228                . = (. + 0x80)
 *fill*         0x1fff81a8       0x80 
                0x1fff8228                __cy_heap_limit = .

.stack          0x20007800      0x800
                0x20007800                __cy_stack_limit = .
                0x20008000                . = (. + 0x800)
 *fill*         0x20007800      0x800 
                0x00000001                ASSERT ((__cy_stack_limit >= __cy_heap_limit), region RAM overflowed with stack)
                0x00000000                cy_checksum_exclude_size = (CY_APPL_LOADABLE == 0x1)?SIZEOF (.cy_checksum_exclude):0x0
                0x00000001                ASSERT ((cy_checksum_exclude_size <= CY_CHECKSUM_EXCLUDE_SIZE), CY_BOOT: Section .cy_checksum_exclude size exceedes specified limit.)

.cyloadermeta
 *(.cyloadermeta)

.cyloadablemeta
 *(.cyloadablemeta)

.cyconfigecc    0x80000000       0x3c
 *(.cyconfigecc)
 .cyconfigecc   0x80000000       0x3c .\CortexM3\ARM_GCC_493\Debug\cymetadata.o
                0x80000000                cy_meta_configecc

.cycustnvl      0x90000000        0x4
 *(.cycustnvl)
 .cycustnvl     0x90000000        0x4 .\CortexM3\ARM_GCC_493\Debug\cymetadata.o
                0x90000000                cy_meta_custnvl

.cywolatch      0x90100000        0x4
 *(.cywolatch)
 .cywolatch     0x90100000        0x4 .\CortexM3\ARM_GCC_493\Debug\cymetadata.o
                0x90100000                cy_meta_wonvl

.cyeeprom       0x90200000        0x0
 *(.cyeeprom)
                0x00000001                ASSERT ((. <= ((0x90200000 + ee_offset) + ee_size)), .cyeeprom data will not fit in EEPROM)

.cyflashprotect
                0x90400000      0x100
 *(.cyflashprotect)
 .cyflashprotect
                0x90400000      0x100 .\CortexM3\ARM_GCC_493\Debug\cymetadata.o
                0x90400000                cy_meta_flashprotect

.cymeta         0x90500000        0xc
 *(.cymeta)
 .cymeta        0x90500000        0xc .\CortexM3\ARM_GCC_493\Debug\cymetadata.o
                0x90500000                cy_metadata

.rel.dyn        0x00001368        0x0 load address 0x9050000c
 .rel.iplt      0x00000000        0x0 c:/program files (x86)/cypress/psoc creator/4.0/psoc creator/import/gnu/arm/4.9.3/bin/../lib/gcc/arm-none-eabi/4.9.3/armv7-m/crtbegin.o

.stab
 *(.stab)

.stabstr
 *(.stabstr)

.debug
 *(.debug)

.line
 *(.line)

.debug_srcinfo
 *(.debug_srcinfo)

.debug_sfnames
 *(.debug_sfnames)

.debug_aranges  0x00000000      0x718
 *(.debug_aranges)
 .debug_aranges
                0x00000000       0x20 .\CortexM3\ARM_GCC_493\Debug\main.o
 .debug_aranges
                0x00000020       0x40 .\CortexM3\ARM_GCC_493\Debug\can_manga.o
 .debug_aranges
                0x00000060       0x18 .\CortexM3\ARM_GCC_493\Debug\cymetadata.o
 .debug_aranges
                0x00000078       0x48 .\CortexM3\ARM_GCC_493\Debug\Cm3Start.o
 .debug_aranges
                0x000000c0       0x60 .\CortexM3\ARM_GCC_493\Debug\Design03.a(cyfitter_cfg.o)
 .debug_aranges
                0x00000120       0xc8 .\CortexM3\ARM_GCC_493\Debug\Design03.a(CAN_1.o)
 .debug_aranges
                0x000001e8       0x30 .\CortexM3\ARM_GCC_493\Debug\Design03.a(CAN_1_INT.o)
 .debug_aranges
                0x00000218       0x40 .\CortexM3\ARM_GCC_493\Debug\Design03.a(CAN_1_TX_RX_func.o)
 .debug_aranges
                0x00000258      0x2a0 .\CortexM3\ARM_GCC_493\Debug\Design03.a(CyLib.o)
 .debug_aranges
                0x000004f8       0x98 .\CortexM3\ARM_GCC_493\Debug\Design03.a(cyPm.o)
 .debug_aranges
                0x00000590       0x38 .\CortexM3\ARM_GCC_493\Debug\Design03.a(GREEN.o)
 .debug_aranges
                0x000005c8       0x38 .\CortexM3\ARM_GCC_493\Debug\Design03.a(RED.o)
 .debug_aranges
                0x00000600       0x20 .\CortexM3\ARM_GCC_493\Debug\Design03.a(CyBootAsmGnu.o)
 .debug_aranges
                0x00000620       0x80 .\CortexM3\ARM_GCC_493\Debug\Design03.a(CyFlash.o)
 .debug_aranges
                0x000006a0       0x78 .\CortexM3\ARM_GCC_493\Debug\Design03.a(CySpc.o)

.debug_pubnames
 *(.debug_pubnames)

.debug_info     0x00000000     0x3746
 *(.debug_info .gnu.linkonce.wi.*)
 .debug_info    0x00000000       0xf7 .\CortexM3\ARM_GCC_493\Debug\main.o
 .debug_info    0x000000f7      0x357 .\CortexM3\ARM_GCC_493\Debug\can_manga.o
 .debug_info    0x0000044e      0x13a .\CortexM3\ARM_GCC_493\Debug\cymetadata.o
 .debug_info    0x00000588      0x319 .\CortexM3\ARM_GCC_493\Debug\Cm3Start.o
 .debug_info    0x000008a1      0x393 .\CortexM3\ARM_GCC_493\Debug\Design03.a(cyfitter_cfg.o)
 .debug_info    0x00000c34      0x781 .\CortexM3\ARM_GCC_493\Debug\Design03.a(CAN_1.o)
 .debug_info    0x000013b5      0x1ed .\CortexM3\ARM_GCC_493\Debug\Design03.a(CAN_1_INT.o)
 .debug_info    0x000015a2      0x366 .\CortexM3\ARM_GCC_493\Debug\Design03.a(CAN_1_TX_RX_func.o)
 .debug_info    0x00001908      0xe4a .\CortexM3\ARM_GCC_493\Debug\Design03.a(CyLib.o)
 .debug_info    0x00002752      0x561 .\CortexM3\ARM_GCC_493\Debug\Design03.a(cyPm.o)
 .debug_info    0x00002cb3      0x11e .\CortexM3\ARM_GCC_493\Debug\Design03.a(GREEN.o)
 .debug_info    0x00002dd1      0x11e .\CortexM3\ARM_GCC_493\Debug\Design03.a(RED.o)
 .debug_info    0x00002eef       0x9a .\CortexM3\ARM_GCC_493\Debug\Design03.a(CyBootAsmGnu.o)
 .debug_info    0x00002f89      0x36a .\CortexM3\ARM_GCC_493\Debug\Design03.a(CyFlash.o)
 .debug_info    0x000032f3      0x453 .\CortexM3\ARM_GCC_493\Debug\Design03.a(CySpc.o)

.debug_abbrev   0x00000000     0x1021
 *(.debug_abbrev)
 .debug_abbrev  0x00000000       0x85 .\CortexM3\ARM_GCC_493\Debug\main.o
 .debug_abbrev  0x00000085      0x137 .\CortexM3\ARM_GCC_493\Debug\can_manga.o
 .debug_abbrev  0x000001bc       0x5d .\CortexM3\ARM_GCC_493\Debug\cymetadata.o
 .debug_abbrev  0x00000219      0x1b6 .\CortexM3\ARM_GCC_493\Debug\Cm3Start.o
 .debug_abbrev  0x000003cf      0x19d .\CortexM3\ARM_GCC_493\Debug\Design03.a(cyfitter_cfg.o)
 .debug_abbrev  0x0000056c      0x153 .\CortexM3\ARM_GCC_493\Debug\Design03.a(CAN_1.o)
 .debug_abbrev  0x000006bf       0xba .\CortexM3\ARM_GCC_493\Debug\Design03.a(CAN_1_INT.o)
 .debug_abbrev  0x00000779      0x154 .\CortexM3\ARM_GCC_493\Debug\Design03.a(CAN_1_TX_RX_func.o)
 .debug_abbrev  0x000008cd      0x217 .\CortexM3\ARM_GCC_493\Debug\Design03.a(CyLib.o)
 .debug_abbrev  0x00000ae4      0x161 .\CortexM3\ARM_GCC_493\Debug\Design03.a(cyPm.o)
 .debug_abbrev  0x00000c45       0x90 .\CortexM3\ARM_GCC_493\Debug\Design03.a(GREEN.o)
 .debug_abbrev  0x00000cd5       0x90 .\CortexM3\ARM_GCC_493\Debug\Design03.a(RED.o)
 .debug_abbrev  0x00000d65       0x14 .\CortexM3\ARM_GCC_493\Debug\Design03.a(CyBootAsmGnu.o)
 .debug_abbrev  0x00000d79      0x13c .\CortexM3\ARM_GCC_493\Debug\Design03.a(CyFlash.o)
 .debug_abbrev  0x00000eb5      0x16c .\CortexM3\ARM_GCC_493\Debug\Design03.a(CySpc.o)

.debug_line     0x00000000     0x1e61
 *(.debug_line)
 .debug_line    0x00000000      0x168 .\CortexM3\ARM_GCC_493\Debug\main.o
 .debug_line    0x00000168      0x1f5 .\CortexM3\ARM_GCC_493\Debug\can_manga.o
 .debug_line    0x0000035d       0x51 .\CortexM3\ARM_GCC_493\Debug\cymetadata.o
 .debug_line    0x000003ae      0x1dc .\CortexM3\ARM_GCC_493\Debug\Cm3Start.o
 .debug_line    0x0000058a      0x1ea .\CortexM3\ARM_GCC_493\Debug\Design03.a(cyfitter_cfg.o)
 .debug_line    0x00000774      0x348 .\CortexM3\ARM_GCC_493\Debug\Design03.a(CAN_1.o)
 .debug_line    0x00000abc       0xc0 .\CortexM3\ARM_GCC_493\Debug\Design03.a(CAN_1_INT.o)
 .debug_line    0x00000b7c      0x13e .\CortexM3\ARM_GCC_493\Debug\Design03.a(CAN_1_TX_RX_func.o)
 .debug_line    0x00000cba      0x882 .\CortexM3\ARM_GCC_493\Debug\Design03.a(CyLib.o)
 .debug_line    0x0000153c      0x37f .\CortexM3\ARM_GCC_493\Debug\Design03.a(cyPm.o)
 .debug_line    0x000018bb       0x94 .\CortexM3\ARM_GCC_493\Debug\Design03.a(GREEN.o)
 .debug_line    0x0000194f       0x92 .\CortexM3\ARM_GCC_493\Debug\Design03.a(RED.o)
 .debug_line    0x000019e1       0x66 .\CortexM3\ARM_GCC_493\Debug\Design03.a(CyBootAsmGnu.o)
 .debug_line    0x00001a47      0x205 .\CortexM3\ARM_GCC_493\Debug\Design03.a(CyFlash.o)
 .debug_line    0x00001c4c      0x215 .\CortexM3\ARM_GCC_493\Debug\Design03.a(CySpc.o)

.debug_frame    0x00000000     0x1c70
 *(.debug_frame)
 .debug_frame   0x00000000       0x2c .\CortexM3\ARM_GCC_493\Debug\main.o
 .debug_frame   0x0000002c       0xf0 .\CortexM3\ARM_GCC_493\Debug\can_manga.o
 .debug_frame   0x0000011c       0xd8 .\CortexM3\ARM_GCC_493\Debug\Cm3Start.o
 .debug_frame   0x000001f4      0x16c .\CortexM3\ARM_GCC_493\Debug\Design03.a(cyfitter_cfg.o)
 .debug_frame   0x00000360      0x374 .\CortexM3\ARM_GCC_493\Debug\Design03.a(CAN_1.o)
 .debug_frame   0x000006d4       0x70 .\CortexM3\ARM_GCC_493\Debug\Design03.a(CAN_1_INT.o)
 .debug_frame   0x00000744       0xd8 .\CortexM3\ARM_GCC_493\Debug\Design03.a(CAN_1_TX_RX_func.o)
 .debug_frame   0x0000081c      0xc0c .\CortexM3\ARM_GCC_493\Debug\Design03.a(CyLib.o)
 .debug_frame   0x00001428      0x234 .\CortexM3\ARM_GCC_493\Debug\Design03.a(cyPm.o)
 .debug_frame   0x0000165c       0xa8 .\CortexM3\ARM_GCC_493\Debug\Design03.a(GREEN.o)
 .debug_frame   0x00001704       0xa8 .\CortexM3\ARM_GCC_493\Debug\Design03.a(RED.o)
 .debug_frame   0x000017ac      0x210 .\CortexM3\ARM_GCC_493\Debug\Design03.a(CyFlash.o)
 .debug_frame   0x000019bc      0x1f8 .\CortexM3\ARM_GCC_493\Debug\Design03.a(CySpc.o)
 .debug_frame   0x00001bb4       0x20 c:/program files (x86)/cypress/psoc creator/4.0/psoc creator/import/gnu/arm/4.9.3/bin/../lib/gcc/arm-none-eabi/4.9.3/../../../../arm-none-eabi/lib/armv7-m\libg_nano.a(lib_a-errno.o)
 .debug_frame   0x00001bd4       0x28 c:/program files (x86)/cypress/psoc creator/4.0/psoc creator/import/gnu/arm/4.9.3/bin/../lib/gcc/arm-none-eabi/4.9.3/../../../../arm-none-eabi/lib/armv7-m\libg_nano.a(lib_a-exit.o)
 .debug_frame   0x00001bfc       0x2c c:/program files (x86)/cypress/psoc creator/4.0/psoc creator/import/gnu/arm/4.9.3/bin/../lib/gcc/arm-none-eabi/4.9.3/../../../../arm-none-eabi/lib/armv7-m\libg_nano.a(lib_a-init.o)
 .debug_frame   0x00001c28       0x28 c:/program files (x86)/cypress/psoc creator/4.0/psoc creator/import/gnu/arm/4.9.3/bin/../lib/gcc/arm-none-eabi/4.9.3/../../../../arm-none-eabi/lib/armv7-m\libg_nano.a(lib_a-memcpy.o)
 .debug_frame   0x00001c50       0x20 c:/program files (x86)/cypress/psoc creator/4.0/psoc creator/import/gnu/arm/4.9.3/bin/../lib/gcc/arm-none-eabi/4.9.3/../../../../arm-none-eabi/lib/armv7-m\libg_nano.a(lib_a-memset.o)

.debug_str      0x00000000     0x17d3
 *(.debug_str)
 .debug_str     0x00000000      0x183 .\CortexM3\ARM_GCC_493\Debug\main.o
                                0x1c4 (size before relaxing)
 .debug_str     0x00000183      0x10a .\CortexM3\ARM_GCC_493\Debug\can_manga.o
                                0x2b1 (size before relaxing)
 .debug_str     0x0000028d       0x75 .\CortexM3\ARM_GCC_493\Debug\cymetadata.o
                                0x1f4 (size before relaxing)
 .debug_str     0x00000302      0x130 .\CortexM3\ARM_GCC_493\Debug\Cm3Start.o
                                0x2d5 (size before relaxing)
 .debug_str     0x00000432      0x15c .\CortexM3\ARM_GCC_493\Debug\Design03.a(cyfitter_cfg.o)
                                0x301 (size before relaxing)
 .debug_str     0x0000058e      0x2cd .\CortexM3\ARM_GCC_493\Debug\Design03.a(CAN_1.o)
                                0x4d2 (size before relaxing)
 .debug_str     0x0000085b       0x60 .\CortexM3\ARM_GCC_493\Debug\Design03.a(CAN_1_INT.o)
                                0x250 (size before relaxing)
 .debug_str     0x000008bb       0x9d .\CortexM3\ARM_GCC_493\Debug\Design03.a(CAN_1_TX_RX_func.o)
                                0x2e6 (size before relaxing)
 .debug_str     0x00000958      0x7fb .\CortexM3\ARM_GCC_493\Debug\Design03.a(CyLib.o)
                                0x9e8 (size before relaxing)
 .debug_str     0x00001153      0x365 .\CortexM3\ARM_GCC_493\Debug\Design03.a(cyPm.o)
                                0x535 (size before relaxing)
 .debug_str     0x000014b8       0x66 .\CortexM3\ARM_GCC_493\Debug\Design03.a(GREEN.o)
                                0x1ec (size before relaxing)
 .debug_str     0x0000151e       0x51 .\CortexM3\ARM_GCC_493\Debug\Design03.a(RED.o)
                                0x1e2 (size before relaxing)
 .debug_str     0x0000156f      0x145 .\CortexM3\ARM_GCC_493\Debug\Design03.a(CyFlash.o)
                                0x2f4 (size before relaxing)
 .debug_str     0x000016b4      0x11f .\CortexM3\ARM_GCC_493\Debug\Design03.a(CySpc.o)
                                0x2f1 (size before relaxing)

.debug_loc
 *(.debug_loc)

.debug_macinfo
 *(.debug_macinfo)

.debug_ranges   0x00000000      0x610
 *(.debug_ranges)
 .debug_ranges  0x00000000       0x10 .\CortexM3\ARM_GCC_493\Debug\main.o
 .debug_ranges  0x00000010       0x30 .\CortexM3\ARM_GCC_493\Debug\can_manga.o
 .debug_ranges  0x00000040       0x38 .\CortexM3\ARM_GCC_493\Debug\Cm3Start.o
 .debug_ranges  0x00000078       0x50 .\CortexM3\ARM_GCC_493\Debug\Design03.a(cyfitter_cfg.o)
 .debug_ranges  0x000000c8       0xb8 .\CortexM3\ARM_GCC_493\Debug\Design03.a(CAN_1.o)
 .debug_ranges  0x00000180       0x20 .\CortexM3\ARM_GCC_493\Debug\Design03.a(CAN_1_INT.o)
 .debug_ranges  0x000001a0       0x30 .\CortexM3\ARM_GCC_493\Debug\Design03.a(CAN_1_TX_RX_func.o)
 .debug_ranges  0x000001d0      0x290 .\CortexM3\ARM_GCC_493\Debug\Design03.a(CyLib.o)
 .debug_ranges  0x00000460       0x88 .\CortexM3\ARM_GCC_493\Debug\Design03.a(cyPm.o)
 .debug_ranges  0x000004e8       0x28 .\CortexM3\ARM_GCC_493\Debug\Design03.a(GREEN.o)
 .debug_ranges  0x00000510       0x28 .\CortexM3\ARM_GCC_493\Debug\Design03.a(RED.o)
 .debug_ranges  0x00000538       0x70 .\CortexM3\ARM_GCC_493\Debug\Design03.a(CyFlash.o)
 .debug_ranges  0x000005a8       0x68 .\CortexM3\ARM_GCC_493\Debug\Design03.a(CySpc.o)

.comment        0x00000000       0x70
 .comment       0x00000000       0x70 .\CortexM3\ARM_GCC_493\Debug\main.o
                                 0x71 (size before relaxing)
 .comment       0x00000000       0x71 .\CortexM3\ARM_GCC_493\Debug\can_manga.o
 .comment       0x00000000       0x71 .\CortexM3\ARM_GCC_493\Debug\cymetadata.o
 .comment       0x00000000       0x71 .\CortexM3\ARM_GCC_493\Debug\Cm3Start.o
 .comment       0x00000000       0x71 .\CortexM3\ARM_GCC_493\Debug\Design03.a(cyfitter_cfg.o)
 .comment       0x00000000       0x71 .\CortexM3\ARM_GCC_493\Debug\Design03.a(CAN_1.o)
 .comment       0x00000000       0x71 .\CortexM3\ARM_GCC_493\Debug\Design03.a(CAN_1_INT.o)
 .comment       0x00000000       0x71 .\CortexM3\ARM_GCC_493\Debug\Design03.a(CAN_1_TX_RX_func.o)
 .comment       0x00000000       0x71 .\CortexM3\ARM_GCC_493\Debug\Design03.a(CyLib.o)
 .comment       0x00000000       0x71 .\CortexM3\ARM_GCC_493\Debug\Design03.a(cyPm.o)
 .comment       0x00000000       0x71 .\CortexM3\ARM_GCC_493\Debug\Design03.a(GREEN.o)
 .comment       0x00000000       0x71 .\CortexM3\ARM_GCC_493\Debug\Design03.a(RED.o)
 .comment       0x00000000       0x71 .\CortexM3\ARM_GCC_493\Debug\Design03.a(CyFlash.o)
 .comment       0x00000000       0x71 .\CortexM3\ARM_GCC_493\Debug\Design03.a(CySpc.o)

.debug_weaknames
 *(.debug_weaknames)

.debug_funcnames
 *(.debug_funcnames)

.debug_typenames
 *(.debug_typenames)

.debug_varnames
 *(.debug_varnames)

.note.gnu.arm.ident
 *(.note.gnu.arm.ident)

.ARM.attributes
                0x00000000       0x29
 *(.ARM.attributes)
 .ARM.attributes
                0x00000000       0x1d c:/program files (x86)/cypress/psoc creator/4.0/psoc creator/import/gnu/arm/4.9.3/bin/../lib/gcc/arm-none-eabi/4.9.3/armv7-m/crti.o
 .ARM.attributes
                0x0000001d       0x2d c:/program files (x86)/cypress/psoc creator/4.0/psoc creator/import/gnu/arm/4.9.3/bin/../lib/gcc/arm-none-eabi/4.9.3/armv7-m/crtbegin.o
 .ARM.attributes
                0x0000004a       0x1b c:/program files (x86)/cypress/psoc creator/4.0/psoc creator/import/gnu/arm/4.9.3/bin/../lib/gcc/arm-none-eabi/4.9.3/../../../../arm-none-eabi/lib/armv7-m/crt0.o
 .ARM.attributes
                0x00000065       0x33 .\CortexM3\ARM_GCC_493\Debug\main.o
 .ARM.attributes
                0x00000098       0x33 .\CortexM3\ARM_GCC_493\Debug\can_manga.o
 .ARM.attributes
                0x000000cb       0x33 .\CortexM3\ARM_GCC_493\Debug\cymetadata.o
 .ARM.attributes
                0x000000fe       0x33 .\CortexM3\ARM_GCC_493\Debug\Cm3Start.o
 .ARM.attributes
                0x00000131       0x33 .\CortexM3\ARM_GCC_493\Debug\Design03.a(cyfitter_cfg.o)
 .ARM.attributes
                0x00000164       0x33 .\CortexM3\ARM_GCC_493\Debug\Design03.a(CAN_1.o)
 .ARM.attributes
                0x00000197       0x33 .\CortexM3\ARM_GCC_493\Debug\Design03.a(CAN_1_INT.o)
 .ARM.attributes
                0x000001ca       0x33 .\CortexM3\ARM_GCC_493\Debug\Design03.a(CAN_1_TX_RX_func.o)
 .ARM.attributes
                0x000001fd       0x33 .\CortexM3\ARM_GCC_493\Debug\Design03.a(CyLib.o)
 .ARM.attributes
                0x00000230       0x33 .\CortexM3\ARM_GCC_493\Debug\Design03.a(cyPm.o)
 .ARM.attributes
                0x00000263       0x33 .\CortexM3\ARM_GCC_493\Debug\Design03.a(GREEN.o)
 .ARM.attributes
                0x00000296       0x33 .\CortexM3\ARM_GCC_493\Debug\Design03.a(RED.o)
 .ARM.attributes
                0x000002c9       0x21 .\CortexM3\ARM_GCC_493\Debug\Design03.a(CyBootAsmGnu.o)
 .ARM.attributes
                0x000002ea       0x33 .\CortexM3\ARM_GCC_493\Debug\Design03.a(CyFlash.o)
 .ARM.attributes
                0x0000031d       0x33 .\CortexM3\ARM_GCC_493\Debug\Design03.a(CySpc.o)
 .ARM.attributes
                0x00000350       0x2d c:/program files (x86)/cypress/psoc creator/4.0/psoc creator/import/gnu/arm/4.9.3/bin/../lib/gcc/arm-none-eabi/4.9.3/../../../../arm-none-eabi/lib/armv7-m\libg_nano.a(lib_a-errno.o)
 .ARM.attributes
                0x0000037d       0x2d c:/program files (x86)/cypress/psoc creator/4.0/psoc creator/import/gnu/arm/4.9.3/bin/../lib/gcc/arm-none-eabi/4.9.3/../../../../arm-none-eabi/lib/armv7-m\libg_nano.a(lib_a-exit.o)
 .ARM.attributes
                0x000003aa       0x2d c:/program files (x86)/cypress/psoc creator/4.0/psoc creator/import/gnu/arm/4.9.3/bin/../lib/gcc/arm-none-eabi/4.9.3/../../../../arm-none-eabi/lib/armv7-m\libg_nano.a(lib_a-impure.o)
 .ARM.attributes
                0x000003d7       0x2d c:/program files (x86)/cypress/psoc creator/4.0/psoc creator/import/gnu/arm/4.9.3/bin/../lib/gcc/arm-none-eabi/4.9.3/../../../../arm-none-eabi/lib/armv7-m\libg_nano.a(lib_a-init.o)
 .ARM.attributes
                0x00000404       0x2d c:/program files (x86)/cypress/psoc creator/4.0/psoc creator/import/gnu/arm/4.9.3/bin/../lib/gcc/arm-none-eabi/4.9.3/../../../../arm-none-eabi/lib/armv7-m\libg_nano.a(lib_a-memcpy.o)
 .ARM.attributes
                0x00000431       0x2d c:/program files (x86)/cypress/psoc creator/4.0/psoc creator/import/gnu/arm/4.9.3/bin/../lib/gcc/arm-none-eabi/4.9.3/../../../../arm-none-eabi/lib/armv7-m\libg_nano.a(lib_a-memset.o)
 .ARM.attributes
                0x0000045e       0x2d c:/program files (x86)/cypress/psoc creator/4.0/psoc creator/import/gnu/arm/4.9.3/bin/../lib/gcc/arm-none-eabi/4.9.3/armv7-m/crtend.o
 .ARM.attributes
                0x0000048b       0x1d c:/program files (x86)/cypress/psoc creator/4.0/psoc creator/import/gnu/arm/4.9.3/bin/../lib/gcc/arm-none-eabi/4.9.3/armv7-m/crtn.o

/DISCARD/
 *(.note.GNU-stack)
OUTPUT(.\CortexM3\ARM_GCC_493\Debug\Design03.elf elf32-littlearm)
