ARM GAS  C:\Users\Schuyler\AppData\Local\Temp\ccgzmJ5d.s 			page 1


   1              		.syntax unified
   2              		.cpu cortex-m3
   3              		.fpu softvfp
   4              		.eabi_attribute 20, 1
   5              		.eabi_attribute 21, 1
   6              		.eabi_attribute 23, 3
   7              		.eabi_attribute 24, 1
   8              		.eabi_attribute 25, 1
   9              		.eabi_attribute 26, 1
  10              		.eabi_attribute 30, 6
  11              		.eabi_attribute 34, 1
  12              		.eabi_attribute 18, 4
  13              		.thumb
  14              		.file	"CAN_1_INT.c"
  15              		.text
  16              	.Ltext0:
  17              		.cfi_sections	.debug_frame
  18              		.section	.text.CAN_1_BusOffIsr,"ax",%progbits
  19              		.align	2
  20              		.global	CAN_1_BusOffIsr
  21              		.thumb
  22              		.thumb_func
  23              		.type	CAN_1_BusOffIsr, %function
  24              	CAN_1_BusOffIsr:
  25              	.LFB0:
  26              		.file 1 ".\\Generated_Source\\PSoC5\\CAN_1_INT.c"
   1:.\Generated_Source\PSoC5/CAN_1_INT.c **** /*******************************************************************************
   2:.\Generated_Source\PSoC5/CAN_1_INT.c **** * File Name: CAN_1_INT.c
   3:.\Generated_Source\PSoC5/CAN_1_INT.c **** * Version 2.30
   4:.\Generated_Source\PSoC5/CAN_1_INT.c **** *
   5:.\Generated_Source\PSoC5/CAN_1_INT.c **** * Description:
   6:.\Generated_Source\PSoC5/CAN_1_INT.c **** *  This file contains the Interrupt Service Routine (ISR) for the CAN
   7:.\Generated_Source\PSoC5/CAN_1_INT.c **** *  Component. Interrupt handlers functions generate accordingly to PSoC Creator 
   8:.\Generated_Source\PSoC5/CAN_1_INT.c **** *  Customizer inputs.
   9:.\Generated_Source\PSoC5/CAN_1_INT.c **** *
  10:.\Generated_Source\PSoC5/CAN_1_INT.c **** * Note:
  11:.\Generated_Source\PSoC5/CAN_1_INT.c **** *  None
  12:.\Generated_Source\PSoC5/CAN_1_INT.c **** *
  13:.\Generated_Source\PSoC5/CAN_1_INT.c **** ********************************************************************************
  14:.\Generated_Source\PSoC5/CAN_1_INT.c **** * Copyright 2008-2012, Cypress Semiconductor Corporation.  All rights reserved.
  15:.\Generated_Source\PSoC5/CAN_1_INT.c **** * You may use this file only in accordance with the license, terms, conditions,
  16:.\Generated_Source\PSoC5/CAN_1_INT.c **** * disclaimers, and limitations in the end user license agreement accompanying
  17:.\Generated_Source\PSoC5/CAN_1_INT.c **** * the software package with which this file was provided.
  18:.\Generated_Source\PSoC5/CAN_1_INT.c **** *******************************************************************************/
  19:.\Generated_Source\PSoC5/CAN_1_INT.c **** 
  20:.\Generated_Source\PSoC5/CAN_1_INT.c **** #include "CAN_1.h"
  21:.\Generated_Source\PSoC5/CAN_1_INT.c **** 
  22:.\Generated_Source\PSoC5/CAN_1_INT.c **** /* `#START CAN_INT_C_CODE_DEFINITION` */
  23:.\Generated_Source\PSoC5/CAN_1_INT.c **** 
  24:.\Generated_Source\PSoC5/CAN_1_INT.c **** /* `#END` */
  25:.\Generated_Source\PSoC5/CAN_1_INT.c **** 
  26:.\Generated_Source\PSoC5/CAN_1_INT.c **** #if (CAN_1_ARB_LOST)
  27:.\Generated_Source\PSoC5/CAN_1_INT.c **** 
  28:.\Generated_Source\PSoC5/CAN_1_INT.c ****     /*******************************************************************************
  29:.\Generated_Source\PSoC5/CAN_1_INT.c ****     * FUNCTION NAME:   CAN_1_ArbLost
  30:.\Generated_Source\PSoC5/CAN_1_INT.c ****     ********************************************************************************
  31:.\Generated_Source\PSoC5/CAN_1_INT.c ****     *
ARM GAS  C:\Users\Schuyler\AppData\Local\Temp\ccgzmJ5d.s 			page 2


  32:.\Generated_Source\PSoC5/CAN_1_INT.c ****     * Summary:
  33:.\Generated_Source\PSoC5/CAN_1_INT.c ****     *  This function is entry point to Arbitration Lost Interrupt. Clears
  34:.\Generated_Source\PSoC5/CAN_1_INT.c ****     *  Arbitration Lost interrupt flag. Only generated if Arbitration Lost
  35:.\Generated_Source\PSoC5/CAN_1_INT.c ****     *  Interrupt enable in Customizer.
  36:.\Generated_Source\PSoC5/CAN_1_INT.c ****     *
  37:.\Generated_Source\PSoC5/CAN_1_INT.c ****     * Parameters:
  38:.\Generated_Source\PSoC5/CAN_1_INT.c ****     *  None.
  39:.\Generated_Source\PSoC5/CAN_1_INT.c ****     *
  40:.\Generated_Source\PSoC5/CAN_1_INT.c ****     * Return:
  41:.\Generated_Source\PSoC5/CAN_1_INT.c ****     *  None.
  42:.\Generated_Source\PSoC5/CAN_1_INT.c ****     * 
  43:.\Generated_Source\PSoC5/CAN_1_INT.c ****     * Reentrant:
  44:.\Generated_Source\PSoC5/CAN_1_INT.c ****     *  Depends on Customer code.
  45:.\Generated_Source\PSoC5/CAN_1_INT.c ****     *
  46:.\Generated_Source\PSoC5/CAN_1_INT.c ****     *******************************************************************************/
  47:.\Generated_Source\PSoC5/CAN_1_INT.c ****     void CAN_1_ArbLostIsr(void) 
  48:.\Generated_Source\PSoC5/CAN_1_INT.c ****     {
  49:.\Generated_Source\PSoC5/CAN_1_INT.c ****         /* Clear Arbitration Lost flag */
  50:.\Generated_Source\PSoC5/CAN_1_INT.c ****         CAN_1_INT_SR_REG.byte[0u] = CAN_1_ARBITRATION_LOST_MASK;
  51:.\Generated_Source\PSoC5/CAN_1_INT.c ****     
  52:.\Generated_Source\PSoC5/CAN_1_INT.c ****         /* `#START ARBITRATION_LOST_ISR` */
  53:.\Generated_Source\PSoC5/CAN_1_INT.c **** 
  54:.\Generated_Source\PSoC5/CAN_1_INT.c ****         /* `#END` */
  55:.\Generated_Source\PSoC5/CAN_1_INT.c ****     }
  56:.\Generated_Source\PSoC5/CAN_1_INT.c ****     
  57:.\Generated_Source\PSoC5/CAN_1_INT.c **** #endif /* CAN_1_ARB_LOST */
  58:.\Generated_Source\PSoC5/CAN_1_INT.c **** 
  59:.\Generated_Source\PSoC5/CAN_1_INT.c **** #if (CAN_1_OVERLOAD)
  60:.\Generated_Source\PSoC5/CAN_1_INT.c **** 
  61:.\Generated_Source\PSoC5/CAN_1_INT.c ****     /*******************************************************************************
  62:.\Generated_Source\PSoC5/CAN_1_INT.c ****     * FUNCTION NAME:   CAN_1_OvrLdErrror
  63:.\Generated_Source\PSoC5/CAN_1_INT.c ****     ********************************************************************************
  64:.\Generated_Source\PSoC5/CAN_1_INT.c ****     *
  65:.\Generated_Source\PSoC5/CAN_1_INT.c ****     * Summary:
  66:.\Generated_Source\PSoC5/CAN_1_INT.c ****     *  This function is entry point to Overload Error Interrupt. Clears Overload
  67:.\Generated_Source\PSoC5/CAN_1_INT.c ****     *  Error interrupt flag. Only generated if Overload Error Interrupt enable
  68:.\Generated_Source\PSoC5/CAN_1_INT.c ****     *  in Customizer.
  69:.\Generated_Source\PSoC5/CAN_1_INT.c ****     *
  70:.\Generated_Source\PSoC5/CAN_1_INT.c ****     * Parameters:
  71:.\Generated_Source\PSoC5/CAN_1_INT.c ****     *  None.
  72:.\Generated_Source\PSoC5/CAN_1_INT.c ****     *
  73:.\Generated_Source\PSoC5/CAN_1_INT.c ****     * Return:
  74:.\Generated_Source\PSoC5/CAN_1_INT.c ****     *  None.        
  75:.\Generated_Source\PSoC5/CAN_1_INT.c ****     *
  76:.\Generated_Source\PSoC5/CAN_1_INT.c ****     * Reentrant:
  77:.\Generated_Source\PSoC5/CAN_1_INT.c ****     *  Depends on Customer code.
  78:.\Generated_Source\PSoC5/CAN_1_INT.c ****     *
  79:.\Generated_Source\PSoC5/CAN_1_INT.c ****     *******************************************************************************/
  80:.\Generated_Source\PSoC5/CAN_1_INT.c ****     void CAN_1_OvrLdErrorIsr(void) 
  81:.\Generated_Source\PSoC5/CAN_1_INT.c ****     {
  82:.\Generated_Source\PSoC5/CAN_1_INT.c ****         /* Clear Overload Error flag */
  83:.\Generated_Source\PSoC5/CAN_1_INT.c ****         CAN_1_INT_SR_REG.byte[0u] = CAN_1_OVERLOAD_ERROR_MASK;
  84:.\Generated_Source\PSoC5/CAN_1_INT.c ****     
  85:.\Generated_Source\PSoC5/CAN_1_INT.c ****         /* `#START OVER_LOAD_ERROR_ISR` */
  86:.\Generated_Source\PSoC5/CAN_1_INT.c **** 
  87:.\Generated_Source\PSoC5/CAN_1_INT.c ****         /* `#END` */
  88:.\Generated_Source\PSoC5/CAN_1_INT.c ****     }
ARM GAS  C:\Users\Schuyler\AppData\Local\Temp\ccgzmJ5d.s 			page 3


  89:.\Generated_Source\PSoC5/CAN_1_INT.c ****     
  90:.\Generated_Source\PSoC5/CAN_1_INT.c **** #endif /* CAN_1_OVERLOAD */
  91:.\Generated_Source\PSoC5/CAN_1_INT.c **** 
  92:.\Generated_Source\PSoC5/CAN_1_INT.c **** #if (CAN_1_BIT_ERR)
  93:.\Generated_Source\PSoC5/CAN_1_INT.c **** 
  94:.\Generated_Source\PSoC5/CAN_1_INT.c ****     /*******************************************************************************
  95:.\Generated_Source\PSoC5/CAN_1_INT.c ****     * FUNCTION NAME:   CAN_1_BitError
  96:.\Generated_Source\PSoC5/CAN_1_INT.c ****     ********************************************************************************
  97:.\Generated_Source\PSoC5/CAN_1_INT.c ****     *
  98:.\Generated_Source\PSoC5/CAN_1_INT.c ****     * Summary:
  99:.\Generated_Source\PSoC5/CAN_1_INT.c ****     *  This function is entry point to Bit Error Interrupt. Clears Bit Error
 100:.\Generated_Source\PSoC5/CAN_1_INT.c ****     *  interrupt flag. Only generated if Bit Error Interrupt enable in Customizer.
 101:.\Generated_Source\PSoC5/CAN_1_INT.c ****     *
 102:.\Generated_Source\PSoC5/CAN_1_INT.c ****     * Parameters:
 103:.\Generated_Source\PSoC5/CAN_1_INT.c ****     *  None.
 104:.\Generated_Source\PSoC5/CAN_1_INT.c ****     *
 105:.\Generated_Source\PSoC5/CAN_1_INT.c ****     * Return:
 106:.\Generated_Source\PSoC5/CAN_1_INT.c ****     *  None.
 107:.\Generated_Source\PSoC5/CAN_1_INT.c ****     *
 108:.\Generated_Source\PSoC5/CAN_1_INT.c ****     * Reentrant:
 109:.\Generated_Source\PSoC5/CAN_1_INT.c ****     *  Depends on Customer code.
 110:.\Generated_Source\PSoC5/CAN_1_INT.c ****     *
 111:.\Generated_Source\PSoC5/CAN_1_INT.c ****     *******************************************************************************/
 112:.\Generated_Source\PSoC5/CAN_1_INT.c ****     void CAN_1_BitErrorIsr(void) 
 113:.\Generated_Source\PSoC5/CAN_1_INT.c ****     {
 114:.\Generated_Source\PSoC5/CAN_1_INT.c ****         /* Clear Bit Error flag */
 115:.\Generated_Source\PSoC5/CAN_1_INT.c ****         CAN_1_INT_SR_REG.byte[0u] = CAN_1_BIT_ERROR_MASK;
 116:.\Generated_Source\PSoC5/CAN_1_INT.c ****     
 117:.\Generated_Source\PSoC5/CAN_1_INT.c ****         /* `#START BIT_ERROR_ISR` */
 118:.\Generated_Source\PSoC5/CAN_1_INT.c **** 
 119:.\Generated_Source\PSoC5/CAN_1_INT.c ****         /* `#END` */
 120:.\Generated_Source\PSoC5/CAN_1_INT.c ****     }
 121:.\Generated_Source\PSoC5/CAN_1_INT.c ****     
 122:.\Generated_Source\PSoC5/CAN_1_INT.c **** #endif /* CAN_1_BIT_ERR */
 123:.\Generated_Source\PSoC5/CAN_1_INT.c **** 
 124:.\Generated_Source\PSoC5/CAN_1_INT.c **** #if (CAN_1_STUFF_ERR)
 125:.\Generated_Source\PSoC5/CAN_1_INT.c **** 
 126:.\Generated_Source\PSoC5/CAN_1_INT.c ****     /*******************************************************************************
 127:.\Generated_Source\PSoC5/CAN_1_INT.c ****     * FUNCTION NAME:   CAN_1_BitStuffError
 128:.\Generated_Source\PSoC5/CAN_1_INT.c ****     ********************************************************************************
 129:.\Generated_Source\PSoC5/CAN_1_INT.c ****     *
 130:.\Generated_Source\PSoC5/CAN_1_INT.c ****     * Summary:
 131:.\Generated_Source\PSoC5/CAN_1_INT.c ****     *  This function is entry point to Bit Stuff Error Interrupt. Clears Bit Stuff
 132:.\Generated_Source\PSoC5/CAN_1_INT.c ****     *  Error interrupt flag. Only generated if Bit Stuff Error Interrupt enable
 133:.\Generated_Source\PSoC5/CAN_1_INT.c ****     *  in Customizer.
 134:.\Generated_Source\PSoC5/CAN_1_INT.c ****     *
 135:.\Generated_Source\PSoC5/CAN_1_INT.c ****     * Parameters:
 136:.\Generated_Source\PSoC5/CAN_1_INT.c ****     *  None.
 137:.\Generated_Source\PSoC5/CAN_1_INT.c ****     *
 138:.\Generated_Source\PSoC5/CAN_1_INT.c ****     * Return:
 139:.\Generated_Source\PSoC5/CAN_1_INT.c ****     *  None.
 140:.\Generated_Source\PSoC5/CAN_1_INT.c ****     *
 141:.\Generated_Source\PSoC5/CAN_1_INT.c ****     * Reentrant:
 142:.\Generated_Source\PSoC5/CAN_1_INT.c ****     *  Depends on Customer code.
 143:.\Generated_Source\PSoC5/CAN_1_INT.c ****     *
 144:.\Generated_Source\PSoC5/CAN_1_INT.c ****     *******************************************************************************/
 145:.\Generated_Source\PSoC5/CAN_1_INT.c ****     void CAN_1_BitStuffErrorIsr(void) 
ARM GAS  C:\Users\Schuyler\AppData\Local\Temp\ccgzmJ5d.s 			page 4


 146:.\Generated_Source\PSoC5/CAN_1_INT.c ****     {
 147:.\Generated_Source\PSoC5/CAN_1_INT.c ****         /* Clear Stuff Error flag */
 148:.\Generated_Source\PSoC5/CAN_1_INT.c ****         CAN_1_INT_SR_REG.byte[0u] = CAN_1_STUFF_ERROR_MASK;
 149:.\Generated_Source\PSoC5/CAN_1_INT.c ****     
 150:.\Generated_Source\PSoC5/CAN_1_INT.c ****         /* `#START BIT_STUFF_ERROR_ISR` */
 151:.\Generated_Source\PSoC5/CAN_1_INT.c **** 
 152:.\Generated_Source\PSoC5/CAN_1_INT.c ****         /* `#END` */
 153:.\Generated_Source\PSoC5/CAN_1_INT.c ****     }
 154:.\Generated_Source\PSoC5/CAN_1_INT.c ****     
 155:.\Generated_Source\PSoC5/CAN_1_INT.c **** #endif /* CAN_1_STUFF_ERR */
 156:.\Generated_Source\PSoC5/CAN_1_INT.c **** 
 157:.\Generated_Source\PSoC5/CAN_1_INT.c **** #if (CAN_1_ACK_ERR)
 158:.\Generated_Source\PSoC5/CAN_1_INT.c **** 
 159:.\Generated_Source\PSoC5/CAN_1_INT.c ****     /*******************************************************************************
 160:.\Generated_Source\PSoC5/CAN_1_INT.c ****     * FUNCTION NAME:   CAN_1_AckErrorIsr
 161:.\Generated_Source\PSoC5/CAN_1_INT.c ****     ********************************************************************************
 162:.\Generated_Source\PSoC5/CAN_1_INT.c ****     *
 163:.\Generated_Source\PSoC5/CAN_1_INT.c ****     * Summary:
 164:.\Generated_Source\PSoC5/CAN_1_INT.c ****     *  This function is entry point to Acknowledge Error Interrupt. Clears
 165:.\Generated_Source\PSoC5/CAN_1_INT.c ****     *  Acknowledge Error interrupt flag. Only generated if Acknowledge Error
 166:.\Generated_Source\PSoC5/CAN_1_INT.c ****     *  Interrupt enable in Customizer.
 167:.\Generated_Source\PSoC5/CAN_1_INT.c ****     *
 168:.\Generated_Source\PSoC5/CAN_1_INT.c ****     * Parameters:
 169:.\Generated_Source\PSoC5/CAN_1_INT.c ****     *  None.
 170:.\Generated_Source\PSoC5/CAN_1_INT.c ****     *
 171:.\Generated_Source\PSoC5/CAN_1_INT.c ****     * Return:
 172:.\Generated_Source\PSoC5/CAN_1_INT.c ****     *  None.
 173:.\Generated_Source\PSoC5/CAN_1_INT.c ****     *
 174:.\Generated_Source\PSoC5/CAN_1_INT.c ****     * Reentrant:
 175:.\Generated_Source\PSoC5/CAN_1_INT.c ****     *  Depends on Customer code.
 176:.\Generated_Source\PSoC5/CAN_1_INT.c ****     *
 177:.\Generated_Source\PSoC5/CAN_1_INT.c ****     *******************************************************************************/
 178:.\Generated_Source\PSoC5/CAN_1_INT.c ****     void CAN_1_AckErrorIsr(void) 
 179:.\Generated_Source\PSoC5/CAN_1_INT.c ****     {
 180:.\Generated_Source\PSoC5/CAN_1_INT.c ****         /* Clear Acknoledge Error flag */
 181:.\Generated_Source\PSoC5/CAN_1_INT.c ****         CAN_1_INT_SR_REG.byte[0u] = CAN_1_ACK_ERROR_MASK;
 182:.\Generated_Source\PSoC5/CAN_1_INT.c ****     
 183:.\Generated_Source\PSoC5/CAN_1_INT.c ****         /* `#START ACKNOWLEDGE_ERROR_ISR` */
 184:.\Generated_Source\PSoC5/CAN_1_INT.c **** 
 185:.\Generated_Source\PSoC5/CAN_1_INT.c ****         /* `#END` */
 186:.\Generated_Source\PSoC5/CAN_1_INT.c ****     }
 187:.\Generated_Source\PSoC5/CAN_1_INT.c ****     
 188:.\Generated_Source\PSoC5/CAN_1_INT.c **** #endif /* CAN_1_ACK_ERR */
 189:.\Generated_Source\PSoC5/CAN_1_INT.c **** 
 190:.\Generated_Source\PSoC5/CAN_1_INT.c **** #if (CAN_1_FORM_ERR)
 191:.\Generated_Source\PSoC5/CAN_1_INT.c **** 
 192:.\Generated_Source\PSoC5/CAN_1_INT.c ****     /*******************************************************************************
 193:.\Generated_Source\PSoC5/CAN_1_INT.c ****     * FUNCTION NAME:   CAN_1_MsgError
 194:.\Generated_Source\PSoC5/CAN_1_INT.c ****     ********************************************************************************
 195:.\Generated_Source\PSoC5/CAN_1_INT.c ****     *
 196:.\Generated_Source\PSoC5/CAN_1_INT.c ****     * Summary:
 197:.\Generated_Source\PSoC5/CAN_1_INT.c ****     *  This function is entry point to Form Error Interrupt. Clears Form Error
 198:.\Generated_Source\PSoC5/CAN_1_INT.c ****     *  interrupt flag. Only generated if Form Error Interrupt enable in Customizer.
 199:.\Generated_Source\PSoC5/CAN_1_INT.c ****     *
 200:.\Generated_Source\PSoC5/CAN_1_INT.c ****     * Parameters:
 201:.\Generated_Source\PSoC5/CAN_1_INT.c ****     *  None.
 202:.\Generated_Source\PSoC5/CAN_1_INT.c ****     *
ARM GAS  C:\Users\Schuyler\AppData\Local\Temp\ccgzmJ5d.s 			page 5


 203:.\Generated_Source\PSoC5/CAN_1_INT.c ****     * Return:
 204:.\Generated_Source\PSoC5/CAN_1_INT.c ****     *  None.
 205:.\Generated_Source\PSoC5/CAN_1_INT.c ****     *
 206:.\Generated_Source\PSoC5/CAN_1_INT.c ****     * Reentrant:
 207:.\Generated_Source\PSoC5/CAN_1_INT.c ****     *  Depends on Customer code.
 208:.\Generated_Source\PSoC5/CAN_1_INT.c ****     *
 209:.\Generated_Source\PSoC5/CAN_1_INT.c ****     *******************************************************************************/
 210:.\Generated_Source\PSoC5/CAN_1_INT.c ****     void CAN_1_MsgErrorIsr(void) 
 211:.\Generated_Source\PSoC5/CAN_1_INT.c ****     {
 212:.\Generated_Source\PSoC5/CAN_1_INT.c ****         /* Clear Form Error flag */
 213:.\Generated_Source\PSoC5/CAN_1_INT.c ****         CAN_1_INT_SR_REG.byte[0u] = CAN_1_FORM_ERROR_MASK;
 214:.\Generated_Source\PSoC5/CAN_1_INT.c ****     
 215:.\Generated_Source\PSoC5/CAN_1_INT.c ****         /* `#START MESSAGE_ERROR_ISR` */
 216:.\Generated_Source\PSoC5/CAN_1_INT.c **** 
 217:.\Generated_Source\PSoC5/CAN_1_INT.c ****         /* `#END` */
 218:.\Generated_Source\PSoC5/CAN_1_INT.c ****     }
 219:.\Generated_Source\PSoC5/CAN_1_INT.c ****     
 220:.\Generated_Source\PSoC5/CAN_1_INT.c **** #endif /* CAN_1_FORM_ERR */
 221:.\Generated_Source\PSoC5/CAN_1_INT.c **** 
 222:.\Generated_Source\PSoC5/CAN_1_INT.c **** #if (CAN_1_CRC_ERR)
 223:.\Generated_Source\PSoC5/CAN_1_INT.c **** 
 224:.\Generated_Source\PSoC5/CAN_1_INT.c ****     /*******************************************************************************
 225:.\Generated_Source\PSoC5/CAN_1_INT.c ****     * FUNCTION NAME:   CAN_1_CrcError
 226:.\Generated_Source\PSoC5/CAN_1_INT.c ****     ********************************************************************************
 227:.\Generated_Source\PSoC5/CAN_1_INT.c ****     *
 228:.\Generated_Source\PSoC5/CAN_1_INT.c ****     * Summary:
 229:.\Generated_Source\PSoC5/CAN_1_INT.c ****     *  This function is entry point to CRC Error Interrupt. Clears CRC Error
 230:.\Generated_Source\PSoC5/CAN_1_INT.c ****     *  interrupt flag. Only generated if CRC Error Interrupt enable in Customizer.
 231:.\Generated_Source\PSoC5/CAN_1_INT.c ****     *
 232:.\Generated_Source\PSoC5/CAN_1_INT.c ****     * Parameters:
 233:.\Generated_Source\PSoC5/CAN_1_INT.c ****     *  None.
 234:.\Generated_Source\PSoC5/CAN_1_INT.c ****     *
 235:.\Generated_Source\PSoC5/CAN_1_INT.c ****     * Return:
 236:.\Generated_Source\PSoC5/CAN_1_INT.c ****     *  None.
 237:.\Generated_Source\PSoC5/CAN_1_INT.c ****     *
 238:.\Generated_Source\PSoC5/CAN_1_INT.c ****     * Reentrant:
 239:.\Generated_Source\PSoC5/CAN_1_INT.c ****     *  Depends on Customer code.
 240:.\Generated_Source\PSoC5/CAN_1_INT.c ****     *
 241:.\Generated_Source\PSoC5/CAN_1_INT.c ****     *******************************************************************************/
 242:.\Generated_Source\PSoC5/CAN_1_INT.c ****     void CAN_1_CrcErrorIsr(void) 
 243:.\Generated_Source\PSoC5/CAN_1_INT.c ****     {
 244:.\Generated_Source\PSoC5/CAN_1_INT.c ****         /* Clear CRC Error flag */
 245:.\Generated_Source\PSoC5/CAN_1_INT.c ****         CAN_1_INT_SR_REG.byte[1u] = CAN_1_CRC_ERROR_MASK;
 246:.\Generated_Source\PSoC5/CAN_1_INT.c ****     
 247:.\Generated_Source\PSoC5/CAN_1_INT.c ****         /* `#START CRC_ERROR_ISR` */
 248:.\Generated_Source\PSoC5/CAN_1_INT.c **** 
 249:.\Generated_Source\PSoC5/CAN_1_INT.c ****         /* `#END` */
 250:.\Generated_Source\PSoC5/CAN_1_INT.c ****     }
 251:.\Generated_Source\PSoC5/CAN_1_INT.c ****     
 252:.\Generated_Source\PSoC5/CAN_1_INT.c **** #endif /* CAN_1_CRC_ERR */
 253:.\Generated_Source\PSoC5/CAN_1_INT.c **** 
 254:.\Generated_Source\PSoC5/CAN_1_INT.c **** #if (CAN_1_BUS_OFF)
 255:.\Generated_Source\PSoC5/CAN_1_INT.c **** 
 256:.\Generated_Source\PSoC5/CAN_1_INT.c ****     /*******************************************************************************
 257:.\Generated_Source\PSoC5/CAN_1_INT.c ****     * FUNCTION NAME:   CAN_1_BusOff
 258:.\Generated_Source\PSoC5/CAN_1_INT.c ****     ********************************************************************************
 259:.\Generated_Source\PSoC5/CAN_1_INT.c ****     *
ARM GAS  C:\Users\Schuyler\AppData\Local\Temp\ccgzmJ5d.s 			page 6


 260:.\Generated_Source\PSoC5/CAN_1_INT.c ****     * Summary:
 261:.\Generated_Source\PSoC5/CAN_1_INT.c ****     *  This function is entry point to Bus Off Interrupt. Places CAN Component
 262:.\Generated_Source\PSoC5/CAN_1_INT.c ****     *  to Stop mode. Only generated if Bus Off Interrupt enable in Customizer.
 263:.\Generated_Source\PSoC5/CAN_1_INT.c ****     *  Recommended setting to enable this interrupt.
 264:.\Generated_Source\PSoC5/CAN_1_INT.c ****     *
 265:.\Generated_Source\PSoC5/CAN_1_INT.c ****     * Parameters:
 266:.\Generated_Source\PSoC5/CAN_1_INT.c ****     *  None.
 267:.\Generated_Source\PSoC5/CAN_1_INT.c ****     *
 268:.\Generated_Source\PSoC5/CAN_1_INT.c ****     * Return:
 269:.\Generated_Source\PSoC5/CAN_1_INT.c ****     *  None.
 270:.\Generated_Source\PSoC5/CAN_1_INT.c ****     *
 271:.\Generated_Source\PSoC5/CAN_1_INT.c ****     * Side Effects:
 272:.\Generated_Source\PSoC5/CAN_1_INT.c ****     *  Disable power to the CAN Core.
 273:.\Generated_Source\PSoC5/CAN_1_INT.c ****     *
 274:.\Generated_Source\PSoC5/CAN_1_INT.c ****     *******************************************************************************/
 275:.\Generated_Source\PSoC5/CAN_1_INT.c ****     void CAN_1_BusOffIsr(void) 
 276:.\Generated_Source\PSoC5/CAN_1_INT.c ****     {        
  27              		.loc 1 276 0
  28              		.cfi_startproc
  29              		@ args = 0, pretend = 0, frame = 0
  30              		@ frame_needed = 1, uses_anonymous_args = 0
  31 0000 80B5     		push	{r7, lr}
  32              		.cfi_def_cfa_offset 8
  33              		.cfi_offset 7, -8
  34              		.cfi_offset 14, -4
  35 0002 00AF     		add	r7, sp, #0
  36              		.cfi_def_cfa_register 7
 277:.\Generated_Source\PSoC5/CAN_1_INT.c ****         /* Clear Bus Off flag */
 278:.\Generated_Source\PSoC5/CAN_1_INT.c ****         CAN_1_INT_SR_REG.byte[1u] = CAN_1_BUS_OFF_MASK;
  37              		.loc 1 278 0
  38 0004 024B     		ldr	r3, .L2
  39 0006 0222     		movs	r2, #2
  40 0008 5A70     		strb	r2, [r3, #1]
 279:.\Generated_Source\PSoC5/CAN_1_INT.c ****     
 280:.\Generated_Source\PSoC5/CAN_1_INT.c ****         /* `#START BUS_OFF_ISR` */
 281:.\Generated_Source\PSoC5/CAN_1_INT.c **** 
 282:.\Generated_Source\PSoC5/CAN_1_INT.c ****         /* `#END` */
 283:.\Generated_Source\PSoC5/CAN_1_INT.c ****         (void) CAN_1_Stop();
  41              		.loc 1 283 0
  42 000a FFF7FEFF 		bl	CAN_1_Stop
 284:.\Generated_Source\PSoC5/CAN_1_INT.c ****     }
  43              		.loc 1 284 0
  44 000e 80BD     		pop	{r7, pc}
  45              	.L3:
  46              		.align	2
  47              	.L2:
  48 0010 00A00040 		.word	1073782784
  49              		.cfi_endproc
  50              	.LFE0:
  51              		.size	CAN_1_BusOffIsr, .-CAN_1_BusOffIsr
  52              		.section	.text.CAN_1_MsgRXIsr,"ax",%progbits
  53              		.align	2
  54              		.global	CAN_1_MsgRXIsr
  55              		.thumb
  56              		.thumb_func
  57              		.type	CAN_1_MsgRXIsr, %function
  58              	CAN_1_MsgRXIsr:
ARM GAS  C:\Users\Schuyler\AppData\Local\Temp\ccgzmJ5d.s 			page 7


  59              	.LFB1:
 285:.\Generated_Source\PSoC5/CAN_1_INT.c ****     
 286:.\Generated_Source\PSoC5/CAN_1_INT.c **** #endif /* CAN_1_BUS_OFF */
 287:.\Generated_Source\PSoC5/CAN_1_INT.c **** 
 288:.\Generated_Source\PSoC5/CAN_1_INT.c **** #if (CAN_1_RX_MSG_LOST)
 289:.\Generated_Source\PSoC5/CAN_1_INT.c **** 
 290:.\Generated_Source\PSoC5/CAN_1_INT.c ****     /*******************************************************************************
 291:.\Generated_Source\PSoC5/CAN_1_INT.c ****     * FUNCTION NAME:   CAN_1_MsgLost
 292:.\Generated_Source\PSoC5/CAN_1_INT.c ****     ********************************************************************************
 293:.\Generated_Source\PSoC5/CAN_1_INT.c ****     *
 294:.\Generated_Source\PSoC5/CAN_1_INT.c ****     * Summary:
 295:.\Generated_Source\PSoC5/CAN_1_INT.c ****     *  This function is entry point to Message Lost Interrupt. Clears Message Lost
 296:.\Generated_Source\PSoC5/CAN_1_INT.c ****     *  interrupt flag. Only generated if Message Lost Interrupt enable in Customizer
 297:.\Generated_Source\PSoC5/CAN_1_INT.c ****     *
 298:.\Generated_Source\PSoC5/CAN_1_INT.c ****     * Parameters:
 299:.\Generated_Source\PSoC5/CAN_1_INT.c ****     *  None.
 300:.\Generated_Source\PSoC5/CAN_1_INT.c ****     *
 301:.\Generated_Source\PSoC5/CAN_1_INT.c ****     * Return:
 302:.\Generated_Source\PSoC5/CAN_1_INT.c ****     *  None.
 303:.\Generated_Source\PSoC5/CAN_1_INT.c ****     *
 304:.\Generated_Source\PSoC5/CAN_1_INT.c ****     * Reentrant:
 305:.\Generated_Source\PSoC5/CAN_1_INT.c ****     *  Depends on Customer code.
 306:.\Generated_Source\PSoC5/CAN_1_INT.c ****     *
 307:.\Generated_Source\PSoC5/CAN_1_INT.c ****     *******************************************************************************/
 308:.\Generated_Source\PSoC5/CAN_1_INT.c ****     void CAN_1_MsgLostIsr(void) 
 309:.\Generated_Source\PSoC5/CAN_1_INT.c ****     {
 310:.\Generated_Source\PSoC5/CAN_1_INT.c ****         /* Clear Receive Message Lost flag */
 311:.\Generated_Source\PSoC5/CAN_1_INT.c ****         CAN_1_INT_SR_REG.byte[1u] = CAN_1_RX_MSG_LOST_MASK;
 312:.\Generated_Source\PSoC5/CAN_1_INT.c ****     
 313:.\Generated_Source\PSoC5/CAN_1_INT.c ****         /* `#START MESSAGE_LOST_ISR` */
 314:.\Generated_Source\PSoC5/CAN_1_INT.c **** 
 315:.\Generated_Source\PSoC5/CAN_1_INT.c ****         /* `#END` */
 316:.\Generated_Source\PSoC5/CAN_1_INT.c ****     }
 317:.\Generated_Source\PSoC5/CAN_1_INT.c ****     
 318:.\Generated_Source\PSoC5/CAN_1_INT.c **** #endif /* CAN_1_RX_MSG_LOST */
 319:.\Generated_Source\PSoC5/CAN_1_INT.c **** 
 320:.\Generated_Source\PSoC5/CAN_1_INT.c **** #if (CAN_1_TX_MESSAGE)
 321:.\Generated_Source\PSoC5/CAN_1_INT.c **** 
 322:.\Generated_Source\PSoC5/CAN_1_INT.c ****     /*******************************************************************************
 323:.\Generated_Source\PSoC5/CAN_1_INT.c ****     * FUNCTION NAME:   CAN_1_MsgTXIsr
 324:.\Generated_Source\PSoC5/CAN_1_INT.c ****     ********************************************************************************
 325:.\Generated_Source\PSoC5/CAN_1_INT.c ****     *
 326:.\Generated_Source\PSoC5/CAN_1_INT.c ****     * Summary:
 327:.\Generated_Source\PSoC5/CAN_1_INT.c ****     *  This function is entry point to Transmit Message Interrupt. Clears Transmit
 328:.\Generated_Source\PSoC5/CAN_1_INT.c ****     *  Message interrupt flag. Only generated if Transmit Message Interrupt enable
 329:.\Generated_Source\PSoC5/CAN_1_INT.c ****     *  in Customizer.
 330:.\Generated_Source\PSoC5/CAN_1_INT.c ****     *
 331:.\Generated_Source\PSoC5/CAN_1_INT.c ****     * Parameters:
 332:.\Generated_Source\PSoC5/CAN_1_INT.c ****     *  None.
 333:.\Generated_Source\PSoC5/CAN_1_INT.c ****     *
 334:.\Generated_Source\PSoC5/CAN_1_INT.c ****     * Return:
 335:.\Generated_Source\PSoC5/CAN_1_INT.c ****     *  None.    
 336:.\Generated_Source\PSoC5/CAN_1_INT.c ****     *
 337:.\Generated_Source\PSoC5/CAN_1_INT.c ****     * Reentrant:
 338:.\Generated_Source\PSoC5/CAN_1_INT.c ****     *  Depends on Customer code.
 339:.\Generated_Source\PSoC5/CAN_1_INT.c ****     *
 340:.\Generated_Source\PSoC5/CAN_1_INT.c ****     *******************************************************************************/
ARM GAS  C:\Users\Schuyler\AppData\Local\Temp\ccgzmJ5d.s 			page 8


 341:.\Generated_Source\PSoC5/CAN_1_INT.c ****     void CAN_1_MsgTXIsr(void) 
 342:.\Generated_Source\PSoC5/CAN_1_INT.c ****     {
 343:.\Generated_Source\PSoC5/CAN_1_INT.c ****         /* Clear Transmit Message flag */
 344:.\Generated_Source\PSoC5/CAN_1_INT.c ****         CAN_1_INT_SR_REG.byte[1u] = CAN_1_TX_MESSAGE_MASK;
 345:.\Generated_Source\PSoC5/CAN_1_INT.c ****         
 346:.\Generated_Source\PSoC5/CAN_1_INT.c ****         /* `#START MESSAGE_TRANSMITTED_ISR` */
 347:.\Generated_Source\PSoC5/CAN_1_INT.c **** 
 348:.\Generated_Source\PSoC5/CAN_1_INT.c ****         /* `#END` */
 349:.\Generated_Source\PSoC5/CAN_1_INT.c ****     }
 350:.\Generated_Source\PSoC5/CAN_1_INT.c ****     
 351:.\Generated_Source\PSoC5/CAN_1_INT.c **** #endif /* CAN_1_TX_MESSAGE */
 352:.\Generated_Source\PSoC5/CAN_1_INT.c **** 
 353:.\Generated_Source\PSoC5/CAN_1_INT.c **** #if (CAN_1_RX_MESSAGE)
 354:.\Generated_Source\PSoC5/CAN_1_INT.c **** 
 355:.\Generated_Source\PSoC5/CAN_1_INT.c ****     /*******************************************************************************
 356:.\Generated_Source\PSoC5/CAN_1_INT.c ****     * FUNCTION NAME:   CAN_1_MsgRXIsr
 357:.\Generated_Source\PSoC5/CAN_1_INT.c ****     ********************************************************************************
 358:.\Generated_Source\PSoC5/CAN_1_INT.c ****     *
 359:.\Generated_Source\PSoC5/CAN_1_INT.c ****     * Summary:
 360:.\Generated_Source\PSoC5/CAN_1_INT.c ****     *  This function is entry point to Receive Message Interrupt. Clears Receive
 361:.\Generated_Source\PSoC5/CAN_1_INT.c ****     *  Message interrupt flag and call appropriate handlers for Basic and Full
 362:.\Generated_Source\PSoC5/CAN_1_INT.c ****     *  interrupt based mailboxes. Only generated if Receive Message Interrupt
 363:.\Generated_Source\PSoC5/CAN_1_INT.c ****     *  enable in Customizer. Recommended setting to enable this interrupt.
 364:.\Generated_Source\PSoC5/CAN_1_INT.c ****     *
 365:.\Generated_Source\PSoC5/CAN_1_INT.c ****     * Parameters:
 366:.\Generated_Source\PSoC5/CAN_1_INT.c ****     *  None.
 367:.\Generated_Source\PSoC5/CAN_1_INT.c ****     *
 368:.\Generated_Source\PSoC5/CAN_1_INT.c ****     * Return:
 369:.\Generated_Source\PSoC5/CAN_1_INT.c ****     *  None.
 370:.\Generated_Source\PSoC5/CAN_1_INT.c ****     *
 371:.\Generated_Source\PSoC5/CAN_1_INT.c ****     *******************************************************************************/
 372:.\Generated_Source\PSoC5/CAN_1_INT.c ****     void CAN_1_MsgRXIsr(void) 
 373:.\Generated_Source\PSoC5/CAN_1_INT.c ****     {
  60              		.loc 1 373 0
  61              		.cfi_startproc
  62              		@ args = 0, pretend = 0, frame = 8
  63              		@ frame_needed = 1, uses_anonymous_args = 0
  64 0000 80B5     		push	{r7, lr}
  65              		.cfi_def_cfa_offset 8
  66              		.cfi_offset 7, -8
  67              		.cfi_offset 14, -4
  68 0002 82B0     		sub	sp, sp, #8
  69              		.cfi_def_cfa_offset 16
  70 0004 00AF     		add	r7, sp, #0
  71              		.cfi_def_cfa_register 7
 374:.\Generated_Source\PSoC5/CAN_1_INT.c ****         uint8 i;
 375:.\Generated_Source\PSoC5/CAN_1_INT.c ****         uint16 shift = 0x01u;
  72              		.loc 1 375 0
  73 0006 0123     		movs	r3, #1
  74 0008 BB80     		strh	r3, [r7, #4]	@ movhi
 376:.\Generated_Source\PSoC5/CAN_1_INT.c ****     
 377:.\Generated_Source\PSoC5/CAN_1_INT.c ****         /* Clear Receive Message flag */
 378:.\Generated_Source\PSoC5/CAN_1_INT.c ****         CAN_1_INT_SR_REG.byte[1u] = CAN_1_RX_MESSAGE_MASK;
  75              		.loc 1 378 0
  76 000a 1E4B     		ldr	r3, .L13
  77 000c 1022     		movs	r2, #16
  78 000e 5A70     		strb	r2, [r3, #1]
ARM GAS  C:\Users\Schuyler\AppData\Local\Temp\ccgzmJ5d.s 			page 9


 379:.\Generated_Source\PSoC5/CAN_1_INT.c ****         
 380:.\Generated_Source\PSoC5/CAN_1_INT.c ****         /* `#START MESSAGE_RECEIVE_ISR` */
 381:.\Generated_Source\PSoC5/CAN_1_INT.c **** 
 382:.\Generated_Source\PSoC5/CAN_1_INT.c ****         /* `#END` */
 383:.\Generated_Source\PSoC5/CAN_1_INT.c ****     
 384:.\Generated_Source\PSoC5/CAN_1_INT.c ****         for (i = 0u; i < CAN_1_NUMBER_OF_RX_MAILBOXES; i++)
  79              		.loc 1 384 0
  80 0010 0023     		movs	r3, #0
  81 0012 FB71     		strb	r3, [r7, #7]
  82 0014 30E0     		b	.L5
  83              	.L12:
 385:.\Generated_Source\PSoC5/CAN_1_INT.c ****         {
 386:.\Generated_Source\PSoC5/CAN_1_INT.c ****             if ((CY_GET_REG16((reg16 *) &CAN_1_BUF_SR_REG.byte[0u]) & shift) == shift)
  84              		.loc 1 386 0
  85 0016 1C4B     		ldr	r3, .L13+4
  86 0018 1B88     		ldrh	r3, [r3]	@ movhi
  87 001a 9AB2     		uxth	r2, r3
  88 001c BB88     		ldrh	r3, [r7, #4]	@ movhi
  89 001e 1340     		ands	r3, r3, r2
  90 0020 9BB2     		uxth	r3, r3
  91 0022 BA88     		ldrh	r2, [r7, #4]
  92 0024 9A42     		cmp	r2, r3
  93 0026 21D1     		bne	.L6
 387:.\Generated_Source\PSoC5/CAN_1_INT.c ****             {
 388:.\Generated_Source\PSoC5/CAN_1_INT.c ****                 if ((CAN_1_RX[i].rxcmd.byte[0u] & CAN_1_RX_INT_ENABLE_MASK) ==
  94              		.loc 1 388 0
  95 0028 FB79     		ldrb	r3, [r7, #7]	@ zero_extendqisi2
  96 002a 5A01     		lsls	r2, r3, #5
  97 002c 174B     		ldr	r3, .L13+8
  98 002e 1344     		add	r3, r3, r2
  99 0030 1B78     		ldrb	r3, [r3]
 100 0032 DBB2     		uxtb	r3, r3
 101 0034 03F02003 		and	r3, r3, #32
 102 0038 002B     		cmp	r3, #0
 103 003a 17D0     		beq	.L6
 389:.\Generated_Source\PSoC5/CAN_1_INT.c ****                     CAN_1_RX_INT_ENABLE_MASK)
 390:.\Generated_Source\PSoC5/CAN_1_INT.c ****                 {
 391:.\Generated_Source\PSoC5/CAN_1_INT.c ****                     if ((CAN_1_RX_MAILBOX_TYPE & shift) == shift)
 104              		.loc 1 391 0
 105 003c BB88     		ldrh	r3, [r7, #4]	@ movhi
 106 003e 03F00303 		and	r3, r3, #3
 107 0042 9BB2     		uxth	r3, r3
 108 0044 BA88     		ldrh	r2, [r7, #4]
 109 0046 9A42     		cmp	r2, r3
 110 0048 0CD1     		bne	.L7
 392:.\Generated_Source\PSoC5/CAN_1_INT.c ****                     {
 393:.\Generated_Source\PSoC5/CAN_1_INT.c ****                         /* RX Full mailboxes handler */
 394:.\Generated_Source\PSoC5/CAN_1_INT.c ****                         switch(i)
 111              		.loc 1 394 0
 112 004a FB79     		ldrb	r3, [r7, #7]	@ zero_extendqisi2
 113 004c 002B     		cmp	r3, #0
 114 004e 02D0     		beq	.L9
 115 0050 012B     		cmp	r3, #1
 116 0052 03D0     		beq	.L10
 395:.\Generated_Source\PSoC5/CAN_1_INT.c ****                         {
 396:.\Generated_Source\PSoC5/CAN_1_INT.c **** 							case 0u : CAN_1_ReceiveMsg0();
 397:.\Generated_Source\PSoC5/CAN_1_INT.c **** 							break;
ARM GAS  C:\Users\Schuyler\AppData\Local\Temp\ccgzmJ5d.s 			page 10


 398:.\Generated_Source\PSoC5/CAN_1_INT.c **** 							case 1u : CAN_1_ReceiveMsg1();
 399:.\Generated_Source\PSoC5/CAN_1_INT.c **** 							break;
 400:.\Generated_Source\PSoC5/CAN_1_INT.c ****                             default:
 401:.\Generated_Source\PSoC5/CAN_1_INT.c ****                             break;
 117              		.loc 1 401 0
 118 0054 05E0     		b	.L11
 119              	.L9:
 396:.\Generated_Source\PSoC5/CAN_1_INT.c **** 							case 0u : CAN_1_ReceiveMsg0();
 120              		.loc 1 396 0
 121 0056 FFF7FEFF 		bl	CAN_1_ReceiveMsg0
 397:.\Generated_Source\PSoC5/CAN_1_INT.c **** 							break;
 122              		.loc 1 397 0
 123 005a 02E0     		b	.L11
 124              	.L10:
 398:.\Generated_Source\PSoC5/CAN_1_INT.c **** 							case 1u : CAN_1_ReceiveMsg1();
 125              		.loc 1 398 0
 126 005c FFF7FEFF 		bl	CAN_1_ReceiveMsg1
 399:.\Generated_Source\PSoC5/CAN_1_INT.c **** 							break;
 127              		.loc 1 399 0
 128 0060 00BF     		nop
 129              	.L11:
 130 0062 03E0     		b	.L6
 131              	.L7:
 402:.\Generated_Source\PSoC5/CAN_1_INT.c ****                         }
 403:.\Generated_Source\PSoC5/CAN_1_INT.c ****                     }
 404:.\Generated_Source\PSoC5/CAN_1_INT.c ****                     else
 405:.\Generated_Source\PSoC5/CAN_1_INT.c ****                     {
 406:.\Generated_Source\PSoC5/CAN_1_INT.c ****                         /* RX Basic mailbox handler */
 407:.\Generated_Source\PSoC5/CAN_1_INT.c ****                         CAN_1_ReceiveMsg(i);
 132              		.loc 1 407 0
 133 0064 FB79     		ldrb	r3, [r7, #7]	@ zero_extendqisi2
 134 0066 1846     		mov	r0, r3
 135 0068 FFF7FEFF 		bl	CAN_1_ReceiveMsg
 136              	.L6:
 408:.\Generated_Source\PSoC5/CAN_1_INT.c ****                     }
 409:.\Generated_Source\PSoC5/CAN_1_INT.c ****                 }
 410:.\Generated_Source\PSoC5/CAN_1_INT.c ****             }
 411:.\Generated_Source\PSoC5/CAN_1_INT.c ****             shift <<= 1u;
 137              		.loc 1 411 0
 138 006c BB88     		ldrh	r3, [r7, #4]	@ movhi
 139 006e 5B00     		lsls	r3, r3, #1
 140 0070 BB80     		strh	r3, [r7, #4]	@ movhi
 384:.\Generated_Source\PSoC5/CAN_1_INT.c ****         for (i = 0u; i < CAN_1_NUMBER_OF_RX_MAILBOXES; i++)
 141              		.loc 1 384 0
 142 0072 FB79     		ldrb	r3, [r7, #7]	@ zero_extendqisi2
 143 0074 0133     		adds	r3, r3, #1
 144 0076 FB71     		strb	r3, [r7, #7]
 145              	.L5:
 384:.\Generated_Source\PSoC5/CAN_1_INT.c ****         for (i = 0u; i < CAN_1_NUMBER_OF_RX_MAILBOXES; i++)
 146              		.loc 1 384 0 is_stmt 0 discriminator 1
 147 0078 FB79     		ldrb	r3, [r7, #7]	@ zero_extendqisi2
 148 007a 0F2B     		cmp	r3, #15
 149 007c CBD9     		bls	.L12
 412:.\Generated_Source\PSoC5/CAN_1_INT.c ****         }            
 413:.\Generated_Source\PSoC5/CAN_1_INT.c ****     }
 150              		.loc 1 413 0 is_stmt 1
 151 007e 0837     		adds	r7, r7, #8
ARM GAS  C:\Users\Schuyler\AppData\Local\Temp\ccgzmJ5d.s 			page 11


 152 0080 BD46     		mov	sp, r7
 153              		@ sp needed
 154 0082 80BD     		pop	{r7, pc}
 155              	.L14:
 156              		.align	2
 157              	.L13:
 158 0084 00A00040 		.word	1073782784
 159 0088 08A00040 		.word	1073782792
 160 008c A0A00040 		.word	1073782944
 161              		.cfi_endproc
 162              	.LFE1:
 163              		.size	CAN_1_MsgRXIsr, .-CAN_1_MsgRXIsr
 164              		.section	.text.CAN_1_ISR,"ax",%progbits
 165              		.align	2
 166              		.global	CAN_1_ISR
 167              		.thumb
 168              		.thumb_func
 169              		.type	CAN_1_ISR, %function
 170              	CAN_1_ISR:
 171              	.LFB2:
 414:.\Generated_Source\PSoC5/CAN_1_INT.c ****     
 415:.\Generated_Source\PSoC5/CAN_1_INT.c **** #endif /* CAN_1_RX_MESSAGE */
 416:.\Generated_Source\PSoC5/CAN_1_INT.c **** 
 417:.\Generated_Source\PSoC5/CAN_1_INT.c **** 
 418:.\Generated_Source\PSoC5/CAN_1_INT.c **** /*******************************************************************************
 419:.\Generated_Source\PSoC5/CAN_1_INT.c **** * Function Name: CAN_1_ISR
 420:.\Generated_Source\PSoC5/CAN_1_INT.c **** ********************************************************************************
 421:.\Generated_Source\PSoC5/CAN_1_INT.c **** *
 422:.\Generated_Source\PSoC5/CAN_1_INT.c **** * Summary:
 423:.\Generated_Source\PSoC5/CAN_1_INT.c **** *  This ISR is executed when CAN core generate interrupt on one of events:
 424:.\Generated_Source\PSoC5/CAN_1_INT.c **** *  Arb_lost, Overload, Bit_err, Stuff_err, Ack_err, Form_err, Crc_err,
 425:.\Generated_Source\PSoC5/CAN_1_INT.c **** *  Buss_off, Rx_msg_lost, Tx_msg or Rx_msg. The interrupt sources depends
 426:.\Generated_Source\PSoC5/CAN_1_INT.c **** *  on Customizer inputs.
 427:.\Generated_Source\PSoC5/CAN_1_INT.c **** *
 428:.\Generated_Source\PSoC5/CAN_1_INT.c **** * Parameters:
 429:.\Generated_Source\PSoC5/CAN_1_INT.c **** *  None.
 430:.\Generated_Source\PSoC5/CAN_1_INT.c **** *
 431:.\Generated_Source\PSoC5/CAN_1_INT.c **** * Return:
 432:.\Generated_Source\PSoC5/CAN_1_INT.c **** *  None.
 433:.\Generated_Source\PSoC5/CAN_1_INT.c **** *
 434:.\Generated_Source\PSoC5/CAN_1_INT.c **** *******************************************************************************/
 435:.\Generated_Source\PSoC5/CAN_1_INT.c **** CY_ISR(CAN_1_ISR)
 436:.\Generated_Source\PSoC5/CAN_1_INT.c **** {
 172              		.loc 1 436 0
 173              		.cfi_startproc
 174              		@ args = 0, pretend = 0, frame = 0
 175              		@ frame_needed = 1, uses_anonymous_args = 0
 176 0000 80B5     		push	{r7, lr}
 177              		.cfi_def_cfa_offset 8
 178              		.cfi_offset 7, -8
 179              		.cfi_offset 14, -4
 180 0002 00AF     		add	r7, sp, #0
 181              		.cfi_def_cfa_register 7
 437:.\Generated_Source\PSoC5/CAN_1_INT.c ****     /* Place your Interrupt code here. */
 438:.\Generated_Source\PSoC5/CAN_1_INT.c ****     /* `#START CAN_ISR` */
 439:.\Generated_Source\PSoC5/CAN_1_INT.c **** 
 440:.\Generated_Source\PSoC5/CAN_1_INT.c ****     /* `#END` */    
ARM GAS  C:\Users\Schuyler\AppData\Local\Temp\ccgzmJ5d.s 			page 12


 441:.\Generated_Source\PSoC5/CAN_1_INT.c ****     
 442:.\Generated_Source\PSoC5/CAN_1_INT.c ****     /* Arbitration */
 443:.\Generated_Source\PSoC5/CAN_1_INT.c ****     #if (CAN_1_ARB_LOST && (CAN_1_ARB_LOST_USE_HELPER || \
 444:.\Generated_Source\PSoC5/CAN_1_INT.c ****         (!CAN_1_ADVANCED_INTERRUPT_CFG)))
 445:.\Generated_Source\PSoC5/CAN_1_INT.c ****         if ((CAN_1_INT_SR_REG.byte[0u] & CAN_1_ARBITRATION_LOST_MASK) ==
 446:.\Generated_Source\PSoC5/CAN_1_INT.c ****              CAN_1_ARBITRATION_LOST_MASK)
 447:.\Generated_Source\PSoC5/CAN_1_INT.c ****         {
 448:.\Generated_Source\PSoC5/CAN_1_INT.c ****             CAN_1_ArbLostIsr();
 449:.\Generated_Source\PSoC5/CAN_1_INT.c ****         } 
 450:.\Generated_Source\PSoC5/CAN_1_INT.c ****     #endif /* CAN_1_ARB_LOST && CAN_1_ARB_LOST_USE_HELPER */
 451:.\Generated_Source\PSoC5/CAN_1_INT.c ****     
 452:.\Generated_Source\PSoC5/CAN_1_INT.c ****     /* Overload Error */
 453:.\Generated_Source\PSoC5/CAN_1_INT.c ****     #if (CAN_1_OVERLOAD && (CAN_1_OVERLOAD_USE_HELPER || \
 454:.\Generated_Source\PSoC5/CAN_1_INT.c ****         (!CAN_1_ADVANCED_INTERRUPT_CFG)))
 455:.\Generated_Source\PSoC5/CAN_1_INT.c ****         if ((CAN_1_INT_SR_REG.byte[0u] & CAN_1_OVERLOAD_ERROR_MASK) ==
 456:.\Generated_Source\PSoC5/CAN_1_INT.c ****              CAN_1_OVERLOAD_ERROR_MASK)
 457:.\Generated_Source\PSoC5/CAN_1_INT.c ****         {
 458:.\Generated_Source\PSoC5/CAN_1_INT.c ****             CAN_1_OvrLdErrorIsr();
 459:.\Generated_Source\PSoC5/CAN_1_INT.c ****         }
 460:.\Generated_Source\PSoC5/CAN_1_INT.c ****     #endif /* CAN_1_OVERLOAD && CAN_1_OVERLOAD_USE_HELPER */
 461:.\Generated_Source\PSoC5/CAN_1_INT.c ****     
 462:.\Generated_Source\PSoC5/CAN_1_INT.c ****     /* Bit Error */
 463:.\Generated_Source\PSoC5/CAN_1_INT.c ****     #if (CAN_1_BIT_ERR && (CAN_1_BIT_ERR_USE_HELPER || \
 464:.\Generated_Source\PSoC5/CAN_1_INT.c ****         (!CAN_1_ADVANCED_INTERRUPT_CFG)))
 465:.\Generated_Source\PSoC5/CAN_1_INT.c ****         if ((CAN_1_INT_SR_REG.byte[0u] & CAN_1_BIT_ERROR_MASK) == CAN_1_BIT_ERROR_MASK)
 466:.\Generated_Source\PSoC5/CAN_1_INT.c ****         {
 467:.\Generated_Source\PSoC5/CAN_1_INT.c ****             CAN_1_BitErrorIsr();
 468:.\Generated_Source\PSoC5/CAN_1_INT.c ****         }
 469:.\Generated_Source\PSoC5/CAN_1_INT.c ****     #endif /* CAN_1_BIT_ERR && CAN_1_BIT_ERR_USE_HELPER */
 470:.\Generated_Source\PSoC5/CAN_1_INT.c ****     
 471:.\Generated_Source\PSoC5/CAN_1_INT.c ****     /* Bit Staff Error */
 472:.\Generated_Source\PSoC5/CAN_1_INT.c ****     #if (CAN_1_STUFF_ERR && (CAN_1_STUFF_ERR_USE_HELPER || \
 473:.\Generated_Source\PSoC5/CAN_1_INT.c ****         (!CAN_1_ADVANCED_INTERRUPT_CFG)))
 474:.\Generated_Source\PSoC5/CAN_1_INT.c ****         if ((CAN_1_INT_SR_REG.byte[0u] & CAN_1_STUFF_ERROR_MASK) ==
 475:.\Generated_Source\PSoC5/CAN_1_INT.c ****              CAN_1_STUFF_ERROR_MASK)
 476:.\Generated_Source\PSoC5/CAN_1_INT.c ****         {
 477:.\Generated_Source\PSoC5/CAN_1_INT.c ****             CAN_1_BitStuffErrorIsr();
 478:.\Generated_Source\PSoC5/CAN_1_INT.c ****         }
 479:.\Generated_Source\PSoC5/CAN_1_INT.c ****     #endif /* CAN_1_STUFF_ERR && CAN_1_STUFF_ERR_USE_HELPER */
 480:.\Generated_Source\PSoC5/CAN_1_INT.c ****     
 481:.\Generated_Source\PSoC5/CAN_1_INT.c ****     /* ACK Error */
 482:.\Generated_Source\PSoC5/CAN_1_INT.c ****     #if (CAN_1_ACK_ERR && (CAN_1_ACK_ERR_USE_HELPER || \
 483:.\Generated_Source\PSoC5/CAN_1_INT.c ****         (!CAN_1_ADVANCED_INTERRUPT_CFG)))
 484:.\Generated_Source\PSoC5/CAN_1_INT.c ****         if ((CAN_1_INT_SR_REG.byte[0u] & CAN_1_ACK_ERROR_MASK) ==
 485:.\Generated_Source\PSoC5/CAN_1_INT.c ****              CAN_1_ACK_ERROR_MASK)
 486:.\Generated_Source\PSoC5/CAN_1_INT.c ****         {
 487:.\Generated_Source\PSoC5/CAN_1_INT.c ****             CAN_1_AckErrorIsr();
 488:.\Generated_Source\PSoC5/CAN_1_INT.c ****         }
 489:.\Generated_Source\PSoC5/CAN_1_INT.c ****     #endif /* CAN_1_ACK_ERR && CAN_1_ACK_ERR_USE_HELPER */
 490:.\Generated_Source\PSoC5/CAN_1_INT.c ****     
 491:.\Generated_Source\PSoC5/CAN_1_INT.c ****     /* Form(msg) Error */
 492:.\Generated_Source\PSoC5/CAN_1_INT.c ****     #if (CAN_1_FORM_ERR && (CAN_1_FORM_ERR_USE_HELPER || \
 493:.\Generated_Source\PSoC5/CAN_1_INT.c ****         (!CAN_1_ADVANCED_INTERRUPT_CFG)))
 494:.\Generated_Source\PSoC5/CAN_1_INT.c ****         if ((CAN_1_INT_SR_REG.byte[0u] & CAN_1_FORM_ERROR_MASK) ==
 495:.\Generated_Source\PSoC5/CAN_1_INT.c ****              CAN_1_FORM_ERROR_MASK)
 496:.\Generated_Source\PSoC5/CAN_1_INT.c ****         {
 497:.\Generated_Source\PSoC5/CAN_1_INT.c ****             CAN_1_MsgErrorIsr();
ARM GAS  C:\Users\Schuyler\AppData\Local\Temp\ccgzmJ5d.s 			page 13


 498:.\Generated_Source\PSoC5/CAN_1_INT.c ****         }
 499:.\Generated_Source\PSoC5/CAN_1_INT.c ****     #endif /* CAN_1_FORM_ERR && CAN_1_FORM_ERR_USE_HELPER */
 500:.\Generated_Source\PSoC5/CAN_1_INT.c ****     
 501:.\Generated_Source\PSoC5/CAN_1_INT.c ****     /* CRC Error */
 502:.\Generated_Source\PSoC5/CAN_1_INT.c ****     #if (CAN_1_CRC_ERR && (CAN_1_CRC_ERR_USE_HELPER || \
 503:.\Generated_Source\PSoC5/CAN_1_INT.c ****         (!CAN_1_ADVANCED_INTERRUPT_CFG)))
 504:.\Generated_Source\PSoC5/CAN_1_INT.c ****         if ((CAN_1_INT_SR_REG.byte[1u] & CAN_1_CRC_ERROR_MASK) == CAN_1_CRC_ERROR_MASK)
 505:.\Generated_Source\PSoC5/CAN_1_INT.c ****         {
 506:.\Generated_Source\PSoC5/CAN_1_INT.c ****             CAN_1_CrcErrorIsr();
 507:.\Generated_Source\PSoC5/CAN_1_INT.c ****         }
 508:.\Generated_Source\PSoC5/CAN_1_INT.c ****     #endif /* CAN_1_CRC_ERR && CAN_1_CRC_ERR_USE_HELPER */
 509:.\Generated_Source\PSoC5/CAN_1_INT.c ****     
 510:.\Generated_Source\PSoC5/CAN_1_INT.c ****     /* Bus Off state */
 511:.\Generated_Source\PSoC5/CAN_1_INT.c ****     #if (CAN_1_BUS_OFF && (CAN_1_BUS_OFF_USE_HELPER || \
 512:.\Generated_Source\PSoC5/CAN_1_INT.c ****         (!CAN_1_ADVANCED_INTERRUPT_CFG)))
 513:.\Generated_Source\PSoC5/CAN_1_INT.c ****         if ((CAN_1_INT_SR_REG.byte[1u] & CAN_1_BUS_OFF_MASK) == CAN_1_BUS_OFF_MASK)
 182              		.loc 1 513 0
 183 0004 094B     		ldr	r3, .L18
 184 0006 5B78     		ldrb	r3, [r3, #1]
 185 0008 DBB2     		uxtb	r3, r3
 186 000a 03F00203 		and	r3, r3, #2
 187 000e 002B     		cmp	r3, #0
 188 0010 01D0     		beq	.L16
 514:.\Generated_Source\PSoC5/CAN_1_INT.c ****         {
 515:.\Generated_Source\PSoC5/CAN_1_INT.c ****             CAN_1_BusOffIsr();
 189              		.loc 1 515 0
 190 0012 FFF7FEFF 		bl	CAN_1_BusOffIsr
 191              	.L16:
 516:.\Generated_Source\PSoC5/CAN_1_INT.c ****         }
 517:.\Generated_Source\PSoC5/CAN_1_INT.c ****     #endif /* CAN_1_BUS_OFF && CAN_1_BUS_OFF_USE_HELPER */
 518:.\Generated_Source\PSoC5/CAN_1_INT.c ****     
 519:.\Generated_Source\PSoC5/CAN_1_INT.c ****     /* Message Lost */
 520:.\Generated_Source\PSoC5/CAN_1_INT.c ****     #if (CAN_1_RX_MSG_LOST && (CAN_1_RX_MSG_LOST_USE_HELPER || \
 521:.\Generated_Source\PSoC5/CAN_1_INT.c ****         (!CAN_1_ADVANCED_INTERRUPT_CFG)))
 522:.\Generated_Source\PSoC5/CAN_1_INT.c ****         if ((CAN_1_INT_SR_REG.byte[1u] & CAN_1_RX_MSG_LOST_MASK) ==
 523:.\Generated_Source\PSoC5/CAN_1_INT.c ****              CAN_1_RX_MSG_LOST_MASK)
 524:.\Generated_Source\PSoC5/CAN_1_INT.c ****         {
 525:.\Generated_Source\PSoC5/CAN_1_INT.c ****             CAN_1_MsgLostIsr();
 526:.\Generated_Source\PSoC5/CAN_1_INT.c ****         }
 527:.\Generated_Source\PSoC5/CAN_1_INT.c ****     #endif /* CAN_1_RX_MSG_LOST && CAN_1_RX_MSG_LOST_USE_HELPER */
 528:.\Generated_Source\PSoC5/CAN_1_INT.c ****     
 529:.\Generated_Source\PSoC5/CAN_1_INT.c ****     /* TX Message Send */
 530:.\Generated_Source\PSoC5/CAN_1_INT.c ****     #if (CAN_1_TX_MESSAGE && (CAN_1_TX_MESSAGE_USE_HELPER || \
 531:.\Generated_Source\PSoC5/CAN_1_INT.c ****         (!CAN_1_ADVANCED_INTERRUPT_CFG)))
 532:.\Generated_Source\PSoC5/CAN_1_INT.c ****         if ((CAN_1_INT_SR_REG.byte[1u] & CAN_1_TX_MESSAGE_MASK) ==
 533:.\Generated_Source\PSoC5/CAN_1_INT.c ****              CAN_1_TX_MESSAGE_MASK)
 534:.\Generated_Source\PSoC5/CAN_1_INT.c ****         {
 535:.\Generated_Source\PSoC5/CAN_1_INT.c ****             CAN_1_MsgTXIsr();
 536:.\Generated_Source\PSoC5/CAN_1_INT.c ****         }
 537:.\Generated_Source\PSoC5/CAN_1_INT.c ****     #endif /* CAN_1_TX_MESSAGE && CAN_1_TX_MESSAGE_USE_HELPER */
 538:.\Generated_Source\PSoC5/CAN_1_INT.c ****     
 539:.\Generated_Source\PSoC5/CAN_1_INT.c ****     /* RX Message Available */
 540:.\Generated_Source\PSoC5/CAN_1_INT.c ****     #if (CAN_1_RX_MESSAGE && (CAN_1_RX_MESSAGE_USE_HELPER || \
 541:.\Generated_Source\PSoC5/CAN_1_INT.c ****         (!CAN_1_ADVANCED_INTERRUPT_CFG)))
 542:.\Generated_Source\PSoC5/CAN_1_INT.c ****         if ((CAN_1_INT_SR_REG.byte[1u] & CAN_1_RX_MESSAGE_MASK) ==
 192              		.loc 1 542 0
 193 0016 054B     		ldr	r3, .L18
ARM GAS  C:\Users\Schuyler\AppData\Local\Temp\ccgzmJ5d.s 			page 14


 194 0018 5B78     		ldrb	r3, [r3, #1]
 195 001a DBB2     		uxtb	r3, r3
 196 001c 03F01003 		and	r3, r3, #16
 197 0020 002B     		cmp	r3, #0
 198 0022 01D0     		beq	.L15
 543:.\Generated_Source\PSoC5/CAN_1_INT.c ****              CAN_1_RX_MESSAGE_MASK)
 544:.\Generated_Source\PSoC5/CAN_1_INT.c ****         {
 545:.\Generated_Source\PSoC5/CAN_1_INT.c ****             CAN_1_MsgRXIsr();
 199              		.loc 1 545 0
 200 0024 FFF7FEFF 		bl	CAN_1_MsgRXIsr
 201              	.L15:
 546:.\Generated_Source\PSoC5/CAN_1_INT.c ****         }
 547:.\Generated_Source\PSoC5/CAN_1_INT.c ****     #endif /* CAN_1_RX_MESSAGE && CAN_1_RX_MESSAGE_USE_HELPER */
 548:.\Generated_Source\PSoC5/CAN_1_INT.c **** 
 549:.\Generated_Source\PSoC5/CAN_1_INT.c **** 
 550:.\Generated_Source\PSoC5/CAN_1_INT.c **** }
 202              		.loc 1 550 0
 203 0028 80BD     		pop	{r7, pc}
 204              	.L19:
 205 002a 00BF     		.align	2
 206              	.L18:
 207 002c 00A00040 		.word	1073782784
 208              		.cfi_endproc
 209              	.LFE2:
 210              		.size	CAN_1_ISR, .-CAN_1_ISR
 211              		.text
 212              	.Letext0:
 213              		.file 2 ".\\Generated_Source\\PSoC5\\cytypes.h"
 214              		.file 3 ".\\Generated_Source\\PSoC5\\CAN_1.h"
 215              		.section	.debug_info,"",%progbits
 216              	.Ldebug_info0:
 217 0000 E5010000 		.4byte	0x1e5
 218 0004 0400     		.2byte	0x4
 219 0006 00000000 		.4byte	.Ldebug_abbrev0
 220 000a 04       		.byte	0x4
 221 000b 01       		.uleb128 0x1
 222 000c 43010000 		.4byte	.LASF31
 223 0010 01       		.byte	0x1
 224 0011 E2000000 		.4byte	.LASF32
 225 0015 37000000 		.4byte	.LASF33
 226 0019 00000000 		.4byte	.Ldebug_ranges0+0
 227 001d 00000000 		.4byte	0
 228 0021 00000000 		.4byte	.Ldebug_line0
 229 0025 02       		.uleb128 0x2
 230 0026 01       		.byte	0x1
 231 0027 06       		.byte	0x6
 232 0028 1B020000 		.4byte	.LASF0
 233 002c 02       		.uleb128 0x2
 234 002d 01       		.byte	0x1
 235 002e 08       		.byte	0x8
 236 002f A0000000 		.4byte	.LASF1
 237 0033 02       		.uleb128 0x2
 238 0034 02       		.byte	0x2
 239 0035 05       		.byte	0x5
 240 0036 ED010000 		.4byte	.LASF2
 241 003a 02       		.uleb128 0x2
 242 003b 02       		.byte	0x2
ARM GAS  C:\Users\Schuyler\AppData\Local\Temp\ccgzmJ5d.s 			page 15


 243 003c 07       		.byte	0x7
 244 003d 1F000000 		.4byte	.LASF3
 245 0041 02       		.uleb128 0x2
 246 0042 04       		.byte	0x4
 247 0043 05       		.byte	0x5
 248 0044 0C020000 		.4byte	.LASF4
 249 0048 02       		.uleb128 0x2
 250 0049 04       		.byte	0x4
 251 004a 07       		.byte	0x7
 252 004b C3000000 		.4byte	.LASF5
 253 004f 02       		.uleb128 0x2
 254 0050 08       		.byte	0x8
 255 0051 05       		.byte	0x5
 256 0052 DA010000 		.4byte	.LASF6
 257 0056 02       		.uleb128 0x2
 258 0057 08       		.byte	0x8
 259 0058 07       		.byte	0x7
 260 0059 2C010000 		.4byte	.LASF7
 261 005d 03       		.uleb128 0x3
 262 005e 04       		.byte	0x4
 263 005f 05       		.byte	0x5
 264 0060 696E7400 		.ascii	"int\000"
 265 0064 02       		.uleb128 0x2
 266 0065 04       		.byte	0x4
 267 0066 07       		.byte	0x7
 268 0067 1F010000 		.4byte	.LASF8
 269 006b 04       		.uleb128 0x4
 270 006c D5000000 		.4byte	.LASF9
 271 0070 02       		.byte	0x2
 272 0071 A1       		.byte	0xa1
 273 0072 2C000000 		.4byte	0x2c
 274 0076 04       		.uleb128 0x4
 275 0077 07010000 		.4byte	.LASF10
 276 007b 02       		.byte	0x2
 277 007c A2       		.byte	0xa2
 278 007d 3A000000 		.4byte	0x3a
 279 0081 02       		.uleb128 0x2
 280 0082 04       		.byte	0x4
 281 0083 04       		.byte	0x4
 282 0084 15020000 		.4byte	.LASF11
 283 0088 02       		.uleb128 0x2
 284 0089 08       		.byte	0x8
 285 008a 04       		.byte	0x4
 286 008b DB000000 		.4byte	.LASF12
 287 008f 02       		.uleb128 0x2
 288 0090 01       		.byte	0x1
 289 0091 08       		.byte	0x8
 290 0092 E8010000 		.4byte	.LASF13
 291 0096 05       		.uleb128 0x5
 292 0097 C5010000 		.4byte	.LASF14
 293 009b 02       		.byte	0x2
 294 009c 4B01     		.2byte	0x14b
 295 009e A2000000 		.4byte	0xa2
 296 00a2 06       		.uleb128 0x6
 297 00a3 6B000000 		.4byte	0x6b
 298 00a7 05       		.uleb128 0x5
 299 00a8 00000000 		.4byte	.LASF15
ARM GAS  C:\Users\Schuyler\AppData\Local\Temp\ccgzmJ5d.s 			page 16


 300 00ac 02       		.byte	0x2
 301 00ad 4C01     		.2byte	0x14c
 302 00af B3000000 		.4byte	0xb3
 303 00b3 06       		.uleb128 0x6
 304 00b4 76000000 		.4byte	0x76
 305 00b8 02       		.uleb128 0x2
 306 00b9 04       		.byte	0x4
 307 00ba 07       		.byte	0x7
 308 00bb CA010000 		.4byte	.LASF16
 309 00bf 07       		.uleb128 0x7
 310 00c0 08       		.byte	0x8
 311 00c1 03       		.byte	0x3
 312 00c2 69       		.byte	0x69
 313 00c3 D4000000 		.4byte	0xd4
 314 00c7 08       		.uleb128 0x8
 315 00c8 32000000 		.4byte	.LASF18
 316 00cc 03       		.byte	0x3
 317 00cd 6B       		.byte	0x6b
 318 00ce E4000000 		.4byte	0xe4
 319 00d2 00       		.byte	0
 320 00d3 00       		.byte	0
 321 00d4 09       		.uleb128 0x9
 322 00d5 96000000 		.4byte	0x96
 323 00d9 E4000000 		.4byte	0xe4
 324 00dd 0A       		.uleb128 0xa
 325 00de B8000000 		.4byte	0xb8
 326 00e2 07       		.byte	0x7
 327 00e3 00       		.byte	0
 328 00e4 06       		.uleb128 0x6
 329 00e5 D4000000 		.4byte	0xd4
 330 00e9 04       		.uleb128 0x4
 331 00ea 0E010000 		.4byte	.LASF17
 332 00ee 03       		.byte	0x3
 333 00ef 6C       		.byte	0x6c
 334 00f0 BF000000 		.4byte	0xbf
 335 00f4 07       		.uleb128 0x7
 336 00f5 04       		.byte	0x4
 337 00f6 03       		.byte	0x3
 338 00f7 6F       		.byte	0x6f
 339 00f8 09010000 		.4byte	0x109
 340 00fc 08       		.uleb128 0x8
 341 00fd 32000000 		.4byte	.LASF18
 342 0101 03       		.byte	0x3
 343 0102 71       		.byte	0x71
 344 0103 19010000 		.4byte	0x119
 345 0107 00       		.byte	0
 346 0108 00       		.byte	0
 347 0109 09       		.uleb128 0x9
 348 010a 96000000 		.4byte	0x96
 349 010e 19010000 		.4byte	0x119
 350 0112 0A       		.uleb128 0xa
 351 0113 B8000000 		.4byte	0xb8
 352 0117 03       		.byte	0x3
 353 0118 00       		.byte	0
 354 0119 06       		.uleb128 0x6
 355 011a 09010000 		.4byte	0x109
 356 011e 04       		.uleb128 0x4
ARM GAS  C:\Users\Schuyler\AppData\Local\Temp\ccgzmJ5d.s 			page 17


 357 011f 06000000 		.4byte	.LASF19
 358 0123 03       		.byte	0x3
 359 0124 72       		.byte	0x72
 360 0125 F4000000 		.4byte	0xf4
 361 0129 07       		.uleb128 0x7
 362 012a 20       		.byte	0x20
 363 012b 03       		.byte	0x3
 364 012c 91       		.byte	0x91
 365 012d 86010000 		.4byte	0x186
 366 0131 08       		.uleb128 0x8
 367 0132 BF010000 		.4byte	.LASF20
 368 0136 03       		.byte	0x3
 369 0137 93       		.byte	0x93
 370 0138 1E010000 		.4byte	0x11e
 371 013c 00       		.byte	0
 372 013d 08       		.uleb128 0x8
 373 013e AE000000 		.4byte	.LASF21
 374 0142 03       		.byte	0x3
 375 0143 94       		.byte	0x94
 376 0144 1E010000 		.4byte	0x11e
 377 0148 04       		.byte	0x4
 378 0149 08       		.uleb128 0x8
 379 014a 78000000 		.4byte	.LASF22
 380 014e 03       		.byte	0x3
 381 014f 95       		.byte	0x95
 382 0150 E9000000 		.4byte	0xe9
 383 0154 08       		.byte	0x8
 384 0155 08       		.uleb128 0x8
 385 0156 19000000 		.4byte	.LASF23
 386 015a 03       		.byte	0x3
 387 015b 96       		.byte	0x96
 388 015c 1E010000 		.4byte	0x11e
 389 0160 10       		.byte	0x10
 390 0161 08       		.uleb128 0x8
 391 0162 F7010000 		.4byte	.LASF24
 392 0166 03       		.byte	0x3
 393 0167 97       		.byte	0x97
 394 0168 1E010000 		.4byte	0x11e
 395 016c 14       		.byte	0x14
 396 016d 08       		.uleb128 0x8
 397 016e D3010000 		.4byte	.LASF25
 398 0172 03       		.byte	0x3
 399 0173 98       		.byte	0x98
 400 0174 1E010000 		.4byte	0x11e
 401 0178 18       		.byte	0x18
 402 0179 08       		.uleb128 0x8
 403 017a 7F000000 		.4byte	.LASF26
 404 017e 03       		.byte	0x3
 405 017f 99       		.byte	0x99
 406 0180 1E010000 		.4byte	0x11e
 407 0184 1C       		.byte	0x1c
 408 0185 00       		.byte	0
 409 0186 04       		.uleb128 0x4
 410 0187 B3000000 		.4byte	.LASF27
 411 018b 03       		.byte	0x3
 412 018c 9A       		.byte	0x9a
 413 018d 29010000 		.4byte	0x129
ARM GAS  C:\Users\Schuyler\AppData\Local\Temp\ccgzmJ5d.s 			page 18


 414 0191 0B       		.uleb128 0xb
 415 0192 90000000 		.4byte	.LASF29
 416 0196 01       		.byte	0x1
 417 0197 1301     		.2byte	0x113
 418 0199 00000000 		.4byte	.LFB0
 419 019d 14000000 		.4byte	.LFE0-.LFB0
 420 01a1 01       		.uleb128 0x1
 421 01a2 9C       		.byte	0x9c
 422 01a3 0C       		.uleb128 0xc
 423 01a4 FD010000 		.4byte	.LASF34
 424 01a8 01       		.byte	0x1
 425 01a9 7401     		.2byte	0x174
 426 01ab 00000000 		.4byte	.LFB1
 427 01af 90000000 		.4byte	.LFE1-.LFB1
 428 01b3 01       		.uleb128 0x1
 429 01b4 9C       		.byte	0x9c
 430 01b5 D6010000 		.4byte	0x1d6
 431 01b9 0D       		.uleb128 0xd
 432 01ba 6900     		.ascii	"i\000"
 433 01bc 01       		.byte	0x1
 434 01bd 7601     		.2byte	0x176
 435 01bf 6B000000 		.4byte	0x6b
 436 01c3 02       		.uleb128 0x2
 437 01c4 91       		.byte	0x91
 438 01c5 77       		.sleb128 -9
 439 01c6 0E       		.uleb128 0xe
 440 01c7 13000000 		.4byte	.LASF28
 441 01cb 01       		.byte	0x1
 442 01cc 7701     		.2byte	0x177
 443 01ce 76000000 		.4byte	0x76
 444 01d2 02       		.uleb128 0x2
 445 01d3 91       		.byte	0x91
 446 01d4 74       		.sleb128 -12
 447 01d5 00       		.byte	0
 448 01d6 0B       		.uleb128 0xb
 449 01d7 86000000 		.4byte	.LASF30
 450 01db 01       		.byte	0x1
 451 01dc B301     		.2byte	0x1b3
 452 01de 00000000 		.4byte	.LFB2
 453 01e2 30000000 		.4byte	.LFE2-.LFB2
 454 01e6 01       		.uleb128 0x1
 455 01e7 9C       		.byte	0x9c
 456 01e8 00       		.byte	0
 457              		.section	.debug_abbrev,"",%progbits
 458              	.Ldebug_abbrev0:
 459 0000 01       		.uleb128 0x1
 460 0001 11       		.uleb128 0x11
 461 0002 01       		.byte	0x1
 462 0003 25       		.uleb128 0x25
 463 0004 0E       		.uleb128 0xe
 464 0005 13       		.uleb128 0x13
 465 0006 0B       		.uleb128 0xb
 466 0007 03       		.uleb128 0x3
 467 0008 0E       		.uleb128 0xe
 468 0009 1B       		.uleb128 0x1b
 469 000a 0E       		.uleb128 0xe
 470 000b 55       		.uleb128 0x55
ARM GAS  C:\Users\Schuyler\AppData\Local\Temp\ccgzmJ5d.s 			page 19


 471 000c 17       		.uleb128 0x17
 472 000d 11       		.uleb128 0x11
 473 000e 01       		.uleb128 0x1
 474 000f 10       		.uleb128 0x10
 475 0010 17       		.uleb128 0x17
 476 0011 00       		.byte	0
 477 0012 00       		.byte	0
 478 0013 02       		.uleb128 0x2
 479 0014 24       		.uleb128 0x24
 480 0015 00       		.byte	0
 481 0016 0B       		.uleb128 0xb
 482 0017 0B       		.uleb128 0xb
 483 0018 3E       		.uleb128 0x3e
 484 0019 0B       		.uleb128 0xb
 485 001a 03       		.uleb128 0x3
 486 001b 0E       		.uleb128 0xe
 487 001c 00       		.byte	0
 488 001d 00       		.byte	0
 489 001e 03       		.uleb128 0x3
 490 001f 24       		.uleb128 0x24
 491 0020 00       		.byte	0
 492 0021 0B       		.uleb128 0xb
 493 0022 0B       		.uleb128 0xb
 494 0023 3E       		.uleb128 0x3e
 495 0024 0B       		.uleb128 0xb
 496 0025 03       		.uleb128 0x3
 497 0026 08       		.uleb128 0x8
 498 0027 00       		.byte	0
 499 0028 00       		.byte	0
 500 0029 04       		.uleb128 0x4
 501 002a 16       		.uleb128 0x16
 502 002b 00       		.byte	0
 503 002c 03       		.uleb128 0x3
 504 002d 0E       		.uleb128 0xe
 505 002e 3A       		.uleb128 0x3a
 506 002f 0B       		.uleb128 0xb
 507 0030 3B       		.uleb128 0x3b
 508 0031 0B       		.uleb128 0xb
 509 0032 49       		.uleb128 0x49
 510 0033 13       		.uleb128 0x13
 511 0034 00       		.byte	0
 512 0035 00       		.byte	0
 513 0036 05       		.uleb128 0x5
 514 0037 16       		.uleb128 0x16
 515 0038 00       		.byte	0
 516 0039 03       		.uleb128 0x3
 517 003a 0E       		.uleb128 0xe
 518 003b 3A       		.uleb128 0x3a
 519 003c 0B       		.uleb128 0xb
 520 003d 3B       		.uleb128 0x3b
 521 003e 05       		.uleb128 0x5
 522 003f 49       		.uleb128 0x49
 523 0040 13       		.uleb128 0x13
 524 0041 00       		.byte	0
 525 0042 00       		.byte	0
 526 0043 06       		.uleb128 0x6
 527 0044 35       		.uleb128 0x35
ARM GAS  C:\Users\Schuyler\AppData\Local\Temp\ccgzmJ5d.s 			page 20


 528 0045 00       		.byte	0
 529 0046 49       		.uleb128 0x49
 530 0047 13       		.uleb128 0x13
 531 0048 00       		.byte	0
 532 0049 00       		.byte	0
 533 004a 07       		.uleb128 0x7
 534 004b 13       		.uleb128 0x13
 535 004c 01       		.byte	0x1
 536 004d 0B       		.uleb128 0xb
 537 004e 0B       		.uleb128 0xb
 538 004f 3A       		.uleb128 0x3a
 539 0050 0B       		.uleb128 0xb
 540 0051 3B       		.uleb128 0x3b
 541 0052 0B       		.uleb128 0xb
 542 0053 01       		.uleb128 0x1
 543 0054 13       		.uleb128 0x13
 544 0055 00       		.byte	0
 545 0056 00       		.byte	0
 546 0057 08       		.uleb128 0x8
 547 0058 0D       		.uleb128 0xd
 548 0059 00       		.byte	0
 549 005a 03       		.uleb128 0x3
 550 005b 0E       		.uleb128 0xe
 551 005c 3A       		.uleb128 0x3a
 552 005d 0B       		.uleb128 0xb
 553 005e 3B       		.uleb128 0x3b
 554 005f 0B       		.uleb128 0xb
 555 0060 49       		.uleb128 0x49
 556 0061 13       		.uleb128 0x13
 557 0062 38       		.uleb128 0x38
 558 0063 0B       		.uleb128 0xb
 559 0064 00       		.byte	0
 560 0065 00       		.byte	0
 561 0066 09       		.uleb128 0x9
 562 0067 01       		.uleb128 0x1
 563 0068 01       		.byte	0x1
 564 0069 49       		.uleb128 0x49
 565 006a 13       		.uleb128 0x13
 566 006b 01       		.uleb128 0x1
 567 006c 13       		.uleb128 0x13
 568 006d 00       		.byte	0
 569 006e 00       		.byte	0
 570 006f 0A       		.uleb128 0xa
 571 0070 21       		.uleb128 0x21
 572 0071 00       		.byte	0
 573 0072 49       		.uleb128 0x49
 574 0073 13       		.uleb128 0x13
 575 0074 2F       		.uleb128 0x2f
 576 0075 0B       		.uleb128 0xb
 577 0076 00       		.byte	0
 578 0077 00       		.byte	0
 579 0078 0B       		.uleb128 0xb
 580 0079 2E       		.uleb128 0x2e
 581 007a 00       		.byte	0
 582 007b 3F       		.uleb128 0x3f
 583 007c 19       		.uleb128 0x19
 584 007d 03       		.uleb128 0x3
ARM GAS  C:\Users\Schuyler\AppData\Local\Temp\ccgzmJ5d.s 			page 21


 585 007e 0E       		.uleb128 0xe
 586 007f 3A       		.uleb128 0x3a
 587 0080 0B       		.uleb128 0xb
 588 0081 3B       		.uleb128 0x3b
 589 0082 05       		.uleb128 0x5
 590 0083 27       		.uleb128 0x27
 591 0084 19       		.uleb128 0x19
 592 0085 11       		.uleb128 0x11
 593 0086 01       		.uleb128 0x1
 594 0087 12       		.uleb128 0x12
 595 0088 06       		.uleb128 0x6
 596 0089 40       		.uleb128 0x40
 597 008a 18       		.uleb128 0x18
 598 008b 9642     		.uleb128 0x2116
 599 008d 19       		.uleb128 0x19
 600 008e 00       		.byte	0
 601 008f 00       		.byte	0
 602 0090 0C       		.uleb128 0xc
 603 0091 2E       		.uleb128 0x2e
 604 0092 01       		.byte	0x1
 605 0093 3F       		.uleb128 0x3f
 606 0094 19       		.uleb128 0x19
 607 0095 03       		.uleb128 0x3
 608 0096 0E       		.uleb128 0xe
 609 0097 3A       		.uleb128 0x3a
 610 0098 0B       		.uleb128 0xb
 611 0099 3B       		.uleb128 0x3b
 612 009a 05       		.uleb128 0x5
 613 009b 27       		.uleb128 0x27
 614 009c 19       		.uleb128 0x19
 615 009d 11       		.uleb128 0x11
 616 009e 01       		.uleb128 0x1
 617 009f 12       		.uleb128 0x12
 618 00a0 06       		.uleb128 0x6
 619 00a1 40       		.uleb128 0x40
 620 00a2 18       		.uleb128 0x18
 621 00a3 9642     		.uleb128 0x2116
 622 00a5 19       		.uleb128 0x19
 623 00a6 01       		.uleb128 0x1
 624 00a7 13       		.uleb128 0x13
 625 00a8 00       		.byte	0
 626 00a9 00       		.byte	0
 627 00aa 0D       		.uleb128 0xd
 628 00ab 34       		.uleb128 0x34
 629 00ac 00       		.byte	0
 630 00ad 03       		.uleb128 0x3
 631 00ae 08       		.uleb128 0x8
 632 00af 3A       		.uleb128 0x3a
 633 00b0 0B       		.uleb128 0xb
 634 00b1 3B       		.uleb128 0x3b
 635 00b2 05       		.uleb128 0x5
 636 00b3 49       		.uleb128 0x49
 637 00b4 13       		.uleb128 0x13
 638 00b5 02       		.uleb128 0x2
 639 00b6 18       		.uleb128 0x18
 640 00b7 00       		.byte	0
 641 00b8 00       		.byte	0
ARM GAS  C:\Users\Schuyler\AppData\Local\Temp\ccgzmJ5d.s 			page 22


 642 00b9 0E       		.uleb128 0xe
 643 00ba 34       		.uleb128 0x34
 644 00bb 00       		.byte	0
 645 00bc 03       		.uleb128 0x3
 646 00bd 0E       		.uleb128 0xe
 647 00be 3A       		.uleb128 0x3a
 648 00bf 0B       		.uleb128 0xb
 649 00c0 3B       		.uleb128 0x3b
 650 00c1 05       		.uleb128 0x5
 651 00c2 49       		.uleb128 0x49
 652 00c3 13       		.uleb128 0x13
 653 00c4 02       		.uleb128 0x2
 654 00c5 18       		.uleb128 0x18
 655 00c6 00       		.byte	0
 656 00c7 00       		.byte	0
 657 00c8 00       		.byte	0
 658              		.section	.debug_aranges,"",%progbits
 659 0000 2C000000 		.4byte	0x2c
 660 0004 0200     		.2byte	0x2
 661 0006 00000000 		.4byte	.Ldebug_info0
 662 000a 04       		.byte	0x4
 663 000b 00       		.byte	0
 664 000c 0000     		.2byte	0
 665 000e 0000     		.2byte	0
 666 0010 00000000 		.4byte	.LFB0
 667 0014 14000000 		.4byte	.LFE0-.LFB0
 668 0018 00000000 		.4byte	.LFB1
 669 001c 90000000 		.4byte	.LFE1-.LFB1
 670 0020 00000000 		.4byte	.LFB2
 671 0024 30000000 		.4byte	.LFE2-.LFB2
 672 0028 00000000 		.4byte	0
 673 002c 00000000 		.4byte	0
 674              		.section	.debug_ranges,"",%progbits
 675              	.Ldebug_ranges0:
 676 0000 00000000 		.4byte	.LFB0
 677 0004 14000000 		.4byte	.LFE0
 678 0008 00000000 		.4byte	.LFB1
 679 000c 90000000 		.4byte	.LFE1
 680 0010 00000000 		.4byte	.LFB2
 681 0014 30000000 		.4byte	.LFE2
 682 0018 00000000 		.4byte	0
 683 001c 00000000 		.4byte	0
 684              		.section	.debug_line,"",%progbits
 685              	.Ldebug_line0:
 686 0000 B1000000 		.section	.debug_str,"MS",%progbits,1
 686      02005300 
 686      00000201 
 686      FB0E0D00 
 686      01010101 
 687              	.LASF15:
 688 0000 72656731 		.ascii	"reg16\000"
 688      3600
 689              	.LASF19:
 690 0006 43414E5F 		.ascii	"CAN_1_REG_32\000"
 690      315F5245 
 690      475F3332 
 690      00
ARM GAS  C:\Users\Schuyler\AppData\Local\Temp\ccgzmJ5d.s 			page 23


 691              	.LASF28:
 692 0013 73686966 		.ascii	"shift\000"
 692      7400
 693              	.LASF23:
 694 0019 7278616D 		.ascii	"rxamr\000"
 694      7200
 695              	.LASF3:
 696 001f 73686F72 		.ascii	"short unsigned int\000"
 696      7420756E 
 696      7369676E 
 696      65642069 
 696      6E7400
 697              	.LASF18:
 698 0032 62797465 		.ascii	"byte\000"
 698      00
 699              	.LASF33:
 700 0037 433A5C55 		.ascii	"C:\\Users\\Schuyler\\Documents\\PSoC Creator\\Desig"
 700      73657273 
 700      5C536368 
 700      75796C65 
 700      725C446F 
 701 0065 6E30335C 		.ascii	"n03\\Design03.cydsn\000"
 701      44657369 
 701      676E3033 
 701      2E637964 
 701      736E00
 702              	.LASF22:
 703 0078 72786461 		.ascii	"rxdata\000"
 703      746100
 704              	.LASF26:
 705 007f 72786163 		.ascii	"rxacrd\000"
 705      726400
 706              	.LASF30:
 707 0086 43414E5F 		.ascii	"CAN_1_ISR\000"
 707      315F4953 
 707      5200
 708              	.LASF29:
 709 0090 43414E5F 		.ascii	"CAN_1_BusOffIsr\000"
 709      315F4275 
 709      734F6666 
 709      49737200 
 710              	.LASF1:
 711 00a0 756E7369 		.ascii	"unsigned char\000"
 711      676E6564 
 711      20636861 
 711      7200
 712              	.LASF21:
 713 00ae 72786964 		.ascii	"rxid\000"
 713      00
 714              	.LASF27:
 715 00b3 43414E5F 		.ascii	"CAN_1_RX_STRUCT\000"
 715      315F5258 
 715      5F535452 
 715      55435400 
 716              	.LASF5:
 717 00c3 6C6F6E67 		.ascii	"long unsigned int\000"
 717      20756E73 
ARM GAS  C:\Users\Schuyler\AppData\Local\Temp\ccgzmJ5d.s 			page 24


 717      69676E65 
 717      6420696E 
 717      7400
 718              	.LASF9:
 719 00d5 75696E74 		.ascii	"uint8\000"
 719      3800
 720              	.LASF12:
 721 00db 646F7562 		.ascii	"double\000"
 721      6C6500
 722              	.LASF32:
 723 00e2 2E5C4765 		.ascii	".\\Generated_Source\\PSoC5\\CAN_1_INT.c\000"
 723      6E657261 
 723      7465645F 
 723      536F7572 
 723      63655C50 
 724              	.LASF10:
 725 0107 75696E74 		.ascii	"uint16\000"
 725      313600
 726              	.LASF17:
 727 010e 43414E5F 		.ascii	"CAN_1_DATA_BYTES\000"
 727      315F4441 
 727      54415F42 
 727      59544553 
 727      00
 728              	.LASF8:
 729 011f 756E7369 		.ascii	"unsigned int\000"
 729      676E6564 
 729      20696E74 
 729      00
 730              	.LASF7:
 731 012c 6C6F6E67 		.ascii	"long long unsigned int\000"
 731      206C6F6E 
 731      6720756E 
 731      7369676E 
 731      65642069 
 732              	.LASF31:
 733 0143 474E5520 		.ascii	"GNU C 4.8.4 20140526 (release) [ARM/embedded-4_8-br"
 733      4320342E 
 733      382E3420 
 733      32303134 
 733      30353236 
 734 0176 616E6368 		.ascii	"anch revision 211358] -mcpu=cortex-m3 -mthumb -g -O"
 734      20726576 
 734      6973696F 
 734      6E203231 
 734      31333538 
 735 01a9 30202D66 		.ascii	"0 -ffunction-sections\000"
 735      66756E63 
 735      74696F6E 
 735      2D736563 
 735      74696F6E 
 736              	.LASF20:
 737 01bf 7278636D 		.ascii	"rxcmd\000"
 737      6400
 738              	.LASF14:
 739 01c5 72656738 		.ascii	"reg8\000"
 739      00
ARM GAS  C:\Users\Schuyler\AppData\Local\Temp\ccgzmJ5d.s 			page 25


 740              	.LASF16:
 741 01ca 73697A65 		.ascii	"sizetype\000"
 741      74797065 
 741      00
 742              	.LASF25:
 743 01d3 7278616D 		.ascii	"rxamrd\000"
 743      726400
 744              	.LASF6:
 745 01da 6C6F6E67 		.ascii	"long long int\000"
 745      206C6F6E 
 745      6720696E 
 745      7400
 746              	.LASF13:
 747 01e8 63686172 		.ascii	"char\000"
 747      00
 748              	.LASF2:
 749 01ed 73686F72 		.ascii	"short int\000"
 749      7420696E 
 749      7400
 750              	.LASF24:
 751 01f7 72786163 		.ascii	"rxacr\000"
 751      7200
 752              	.LASF34:
 753 01fd 43414E5F 		.ascii	"CAN_1_MsgRXIsr\000"
 753      315F4D73 
 753      67525849 
 753      737200
 754              	.LASF4:
 755 020c 6C6F6E67 		.ascii	"long int\000"
 755      20696E74 
 755      00
 756              	.LASF11:
 757 0215 666C6F61 		.ascii	"float\000"
 757      7400
 758              	.LASF0:
 759 021b 7369676E 		.ascii	"signed char\000"
 759      65642063 
 759      68617200 
 760              		.ident	"GCC: (GNU Tools for ARM Embedded Processors) 4.8.4 20140526 (release) [ARM/embedded-4_8-br
