ARM GAS  C:\Users\Schuyler\AppData\Local\Temp\ccqLadJu.s 			page 1


   1              		.syntax unified
   2              		.cpu cortex-m3
   3              		.fpu softvfp
   4              		.eabi_attribute 20, 1
   5              		.eabi_attribute 21, 1
   6              		.eabi_attribute 23, 3
   7              		.eabi_attribute 24, 1
   8              		.eabi_attribute 25, 1
   9              		.eabi_attribute 26, 1
  10              		.eabi_attribute 30, 6
  11              		.eabi_attribute 34, 1
  12              		.eabi_attribute 18, 4
  13              		.thumb
  14              		.file	"cyfitter_cfg.c"
  15              		.text
  16              	.Ltext0:
  17              		.cfi_sections	.debug_frame
  18              		.section	.text.CYMEMZERO,"ax",%progbits
  19              		.align	2
  20              		.thumb
  21              		.thumb_func
  22              		.type	CYMEMZERO, %function
  23              	CYMEMZERO:
  24              	.LFB0:
  25              		.file 1 ".\\Generated_Source\\PSoC5\\cyfitter_cfg.c"
   1:.\Generated_Source\PSoC5/cyfitter_cfg.c **** /*******************************************************************************
   2:.\Generated_Source\PSoC5/cyfitter_cfg.c **** * FILENAME: cyfitter_cfg.c
   3:.\Generated_Source\PSoC5/cyfitter_cfg.c **** * PSoC Creator  3.1 SP2
   4:.\Generated_Source\PSoC5/cyfitter_cfg.c **** *
   5:.\Generated_Source\PSoC5/cyfitter_cfg.c **** * Description:
   6:.\Generated_Source\PSoC5/cyfitter_cfg.c **** * This file is automatically generated by PSoC Creator with device 
   7:.\Generated_Source\PSoC5/cyfitter_cfg.c **** * initialization code.  Except for the user defined sections in
   8:.\Generated_Source\PSoC5/cyfitter_cfg.c **** * CyClockStartupError(), this file should not be modified.
   9:.\Generated_Source\PSoC5/cyfitter_cfg.c **** *
  10:.\Generated_Source\PSoC5/cyfitter_cfg.c **** ********************************************************************************
  11:.\Generated_Source\PSoC5/cyfitter_cfg.c **** * Copyright 2013, Cypress Semiconductor Corporation.  All rights reserved.
  12:.\Generated_Source\PSoC5/cyfitter_cfg.c **** * You may use this file only in accordance with the license, terms, conditions, 
  13:.\Generated_Source\PSoC5/cyfitter_cfg.c **** * disclaimers, and limitations in the end user license agreement accompanying 
  14:.\Generated_Source\PSoC5/cyfitter_cfg.c **** * the software package with which this file was provided.
  15:.\Generated_Source\PSoC5/cyfitter_cfg.c **** ********************************************************************************/
  16:.\Generated_Source\PSoC5/cyfitter_cfg.c **** 
  17:.\Generated_Source\PSoC5/cyfitter_cfg.c **** #include <string.h>
  18:.\Generated_Source\PSoC5/cyfitter_cfg.c **** #include <cytypes.h>
  19:.\Generated_Source\PSoC5/cyfitter_cfg.c **** #include <cydevice_trm.h>
  20:.\Generated_Source\PSoC5/cyfitter_cfg.c **** #include <cyfitter.h>
  21:.\Generated_Source\PSoC5/cyfitter_cfg.c **** #include <CyLib.h>
  22:.\Generated_Source\PSoC5/cyfitter_cfg.c **** #include <cyfitter_cfg.h>
  23:.\Generated_Source\PSoC5/cyfitter_cfg.c **** 
  24:.\Generated_Source\PSoC5/cyfitter_cfg.c **** #define CY_NEED_CYCLOCKSTARTUPERROR 1
  25:.\Generated_Source\PSoC5/cyfitter_cfg.c **** 
  26:.\Generated_Source\PSoC5/cyfitter_cfg.c **** 
  27:.\Generated_Source\PSoC5/cyfitter_cfg.c **** #if defined(__GNUC__) || defined(__ARMCC_VERSION)
  28:.\Generated_Source\PSoC5/cyfitter_cfg.c ****     #define CYPACKED 
  29:.\Generated_Source\PSoC5/cyfitter_cfg.c ****     #define CYPACKED_ATTR __attribute__ ((packed))
  30:.\Generated_Source\PSoC5/cyfitter_cfg.c ****     #define CYALIGNED __attribute__ ((aligned))
  31:.\Generated_Source\PSoC5/cyfitter_cfg.c ****     #define CY_CFG_UNUSED __attribute__ ((unused))
  32:.\Generated_Source\PSoC5/cyfitter_cfg.c ****     #define CY_CFG_SECTION __attribute__ ((section(".psocinit")))
ARM GAS  C:\Users\Schuyler\AppData\Local\Temp\ccqLadJu.s 			page 2


  33:.\Generated_Source\PSoC5/cyfitter_cfg.c ****     
  34:.\Generated_Source\PSoC5/cyfitter_cfg.c ****     #if defined(__ARMCC_VERSION)
  35:.\Generated_Source\PSoC5/cyfitter_cfg.c ****         #define CY_CFG_MEMORY_BARRIER() __memory_changed()
  36:.\Generated_Source\PSoC5/cyfitter_cfg.c ****     #else
  37:.\Generated_Source\PSoC5/cyfitter_cfg.c ****         #define CY_CFG_MEMORY_BARRIER() __sync_synchronize()
  38:.\Generated_Source\PSoC5/cyfitter_cfg.c ****     #endif
  39:.\Generated_Source\PSoC5/cyfitter_cfg.c ****     
  40:.\Generated_Source\PSoC5/cyfitter_cfg.c **** #elif defined(__ICCARM__)
  41:.\Generated_Source\PSoC5/cyfitter_cfg.c ****     #include <intrinsics.h>
  42:.\Generated_Source\PSoC5/cyfitter_cfg.c **** 
  43:.\Generated_Source\PSoC5/cyfitter_cfg.c ****     #define CYPACKED __packed
  44:.\Generated_Source\PSoC5/cyfitter_cfg.c ****     #define CYPACKED_ATTR 
  45:.\Generated_Source\PSoC5/cyfitter_cfg.c ****     #define CYALIGNED _Pragma("data_alignment=4")
  46:.\Generated_Source\PSoC5/cyfitter_cfg.c ****     #define CY_CFG_UNUSED _Pragma("diag_suppress=Pe177")
  47:.\Generated_Source\PSoC5/cyfitter_cfg.c ****     #define CY_CFG_SECTION _Pragma("location=\".psocinit\"")
  48:.\Generated_Source\PSoC5/cyfitter_cfg.c ****     
  49:.\Generated_Source\PSoC5/cyfitter_cfg.c ****     #define CY_CFG_MEMORY_BARRIER() __DMB()
  50:.\Generated_Source\PSoC5/cyfitter_cfg.c ****     
  51:.\Generated_Source\PSoC5/cyfitter_cfg.c **** #else
  52:.\Generated_Source\PSoC5/cyfitter_cfg.c ****     #error Unsupported toolchain
  53:.\Generated_Source\PSoC5/cyfitter_cfg.c **** #endif
  54:.\Generated_Source\PSoC5/cyfitter_cfg.c **** 
  55:.\Generated_Source\PSoC5/cyfitter_cfg.c **** 
  56:.\Generated_Source\PSoC5/cyfitter_cfg.c **** CY_CFG_UNUSED
  57:.\Generated_Source\PSoC5/cyfitter_cfg.c **** static void CYMEMZERO(void *s, size_t n);
  58:.\Generated_Source\PSoC5/cyfitter_cfg.c **** CY_CFG_UNUSED
  59:.\Generated_Source\PSoC5/cyfitter_cfg.c **** static void CYMEMZERO(void *s, size_t n)
  60:.\Generated_Source\PSoC5/cyfitter_cfg.c **** {
  26              		.loc 1 60 0
  27              		.cfi_startproc
  28              		@ args = 0, pretend = 0, frame = 8
  29              		@ frame_needed = 1, uses_anonymous_args = 0
  30 0000 80B5     		push	{r7, lr}
  31              		.cfi_def_cfa_offset 8
  32              		.cfi_offset 7, -8
  33              		.cfi_offset 14, -4
  34 0002 82B0     		sub	sp, sp, #8
  35              		.cfi_def_cfa_offset 16
  36 0004 00AF     		add	r7, sp, #0
  37              		.cfi_def_cfa_register 7
  38 0006 7860     		str	r0, [r7, #4]
  39 0008 3960     		str	r1, [r7]
  61:.\Generated_Source\PSoC5/cyfitter_cfg.c **** 	(void)memset(s, 0, n);
  40              		.loc 1 61 0
  41 000a 7868     		ldr	r0, [r7, #4]
  42 000c 0021     		movs	r1, #0
  43 000e 3A68     		ldr	r2, [r7]
  44 0010 FFF7FEFF 		bl	memset
  62:.\Generated_Source\PSoC5/cyfitter_cfg.c **** }
  45              		.loc 1 62 0
  46 0014 0837     		adds	r7, r7, #8
  47 0016 BD46     		mov	sp, r7
  48              		@ sp needed
  49 0018 80BD     		pop	{r7, pc}
  50              		.cfi_endproc
  51              	.LFE0:
  52              		.size	CYMEMZERO, .-CYMEMZERO
ARM GAS  C:\Users\Schuyler\AppData\Local\Temp\ccqLadJu.s 			page 3


  53 001a 00BF     		.section	.text.CYCONFIGCPY,"ax",%progbits
  54              		.align	2
  55              		.thumb
  56              		.thumb_func
  57              		.type	CYCONFIGCPY, %function
  58              	CYCONFIGCPY:
  59              	.LFB1:
  63:.\Generated_Source\PSoC5/cyfitter_cfg.c **** CY_CFG_UNUSED
  64:.\Generated_Source\PSoC5/cyfitter_cfg.c **** static void CYCONFIGCPY(void *dest, const void *src, size_t n);
  65:.\Generated_Source\PSoC5/cyfitter_cfg.c **** CY_CFG_UNUSED
  66:.\Generated_Source\PSoC5/cyfitter_cfg.c **** static void CYCONFIGCPY(void *dest, const void *src, size_t n)
  67:.\Generated_Source\PSoC5/cyfitter_cfg.c **** {
  60              		.loc 1 67 0
  61              		.cfi_startproc
  62              		@ args = 0, pretend = 0, frame = 16
  63              		@ frame_needed = 1, uses_anonymous_args = 0
  64 0000 80B5     		push	{r7, lr}
  65              		.cfi_def_cfa_offset 8
  66              		.cfi_offset 7, -8
  67              		.cfi_offset 14, -4
  68 0002 84B0     		sub	sp, sp, #16
  69              		.cfi_def_cfa_offset 24
  70 0004 00AF     		add	r7, sp, #0
  71              		.cfi_def_cfa_register 7
  72 0006 F860     		str	r0, [r7, #12]
  73 0008 B960     		str	r1, [r7, #8]
  74 000a 7A60     		str	r2, [r7, #4]
  68:.\Generated_Source\PSoC5/cyfitter_cfg.c **** 	(void)memcpy(dest, src, n);
  75              		.loc 1 68 0
  76 000c F868     		ldr	r0, [r7, #12]
  77 000e B968     		ldr	r1, [r7, #8]
  78 0010 7A68     		ldr	r2, [r7, #4]
  79 0012 FFF7FEFF 		bl	memcpy
  69:.\Generated_Source\PSoC5/cyfitter_cfg.c **** }
  80              		.loc 1 69 0
  81 0016 1037     		adds	r7, r7, #16
  82 0018 BD46     		mov	sp, r7
  83              		@ sp needed
  84 001a 80BD     		pop	{r7, pc}
  85              		.cfi_endproc
  86              	.LFE1:
  87              		.size	CYCONFIGCPY, .-CYCONFIGCPY
  88              		.section	.text.CYCONFIGCPYCODE,"ax",%progbits
  89              		.align	2
  90              		.thumb
  91              		.thumb_func
  92              		.type	CYCONFIGCPYCODE, %function
  93              	CYCONFIGCPYCODE:
  94              	.LFB2:
  70:.\Generated_Source\PSoC5/cyfitter_cfg.c **** CY_CFG_UNUSED
  71:.\Generated_Source\PSoC5/cyfitter_cfg.c **** static void CYCONFIGCPYCODE(void *dest, const void *src, size_t n);
  72:.\Generated_Source\PSoC5/cyfitter_cfg.c **** CY_CFG_UNUSED
  73:.\Generated_Source\PSoC5/cyfitter_cfg.c **** static void CYCONFIGCPYCODE(void *dest, const void *src, size_t n)
  74:.\Generated_Source\PSoC5/cyfitter_cfg.c **** {
  95              		.loc 1 74 0
  96              		.cfi_startproc
  97              		@ args = 0, pretend = 0, frame = 16
ARM GAS  C:\Users\Schuyler\AppData\Local\Temp\ccqLadJu.s 			page 4


  98              		@ frame_needed = 1, uses_anonymous_args = 0
  99 0000 80B5     		push	{r7, lr}
 100              		.cfi_def_cfa_offset 8
 101              		.cfi_offset 7, -8
 102              		.cfi_offset 14, -4
 103 0002 84B0     		sub	sp, sp, #16
 104              		.cfi_def_cfa_offset 24
 105 0004 00AF     		add	r7, sp, #0
 106              		.cfi_def_cfa_register 7
 107 0006 F860     		str	r0, [r7, #12]
 108 0008 B960     		str	r1, [r7, #8]
 109 000a 7A60     		str	r2, [r7, #4]
  75:.\Generated_Source\PSoC5/cyfitter_cfg.c **** 	(void)memcpy(dest, src, n);
 110              		.loc 1 75 0
 111 000c F868     		ldr	r0, [r7, #12]
 112 000e B968     		ldr	r1, [r7, #8]
 113 0010 7A68     		ldr	r2, [r7, #4]
 114 0012 FFF7FEFF 		bl	memcpy
  76:.\Generated_Source\PSoC5/cyfitter_cfg.c **** }
 115              		.loc 1 76 0
 116 0016 1037     		adds	r7, r7, #16
 117 0018 BD46     		mov	sp, r7
 118              		@ sp needed
 119 001a 80BD     		pop	{r7, pc}
 120              		.cfi_endproc
 121              	.LFE2:
 122              		.size	CYCONFIGCPYCODE, .-CYCONFIGCPYCODE
 123              		.section	.text.CyClockStartupError,"ax",%progbits
 124              		.align	2
 125              		.thumb
 126              		.thumb_func
 127              		.type	CyClockStartupError, %function
 128              	CyClockStartupError:
 129              	.LFB3:
  77:.\Generated_Source\PSoC5/cyfitter_cfg.c **** 
  78:.\Generated_Source\PSoC5/cyfitter_cfg.c **** 
  79:.\Generated_Source\PSoC5/cyfitter_cfg.c **** 
  80:.\Generated_Source\PSoC5/cyfitter_cfg.c **** /* Clock startup error codes                                                   */
  81:.\Generated_Source\PSoC5/cyfitter_cfg.c **** #define CYCLOCKSTART_NO_ERROR    0u
  82:.\Generated_Source\PSoC5/cyfitter_cfg.c **** #define CYCLOCKSTART_XTAL_ERROR  1u
  83:.\Generated_Source\PSoC5/cyfitter_cfg.c **** #define CYCLOCKSTART_32KHZ_ERROR 2u
  84:.\Generated_Source\PSoC5/cyfitter_cfg.c **** #define CYCLOCKSTART_PLL_ERROR   3u
  85:.\Generated_Source\PSoC5/cyfitter_cfg.c **** 
  86:.\Generated_Source\PSoC5/cyfitter_cfg.c **** #ifdef CY_NEED_CYCLOCKSTARTUPERROR
  87:.\Generated_Source\PSoC5/cyfitter_cfg.c **** /*******************************************************************************
  88:.\Generated_Source\PSoC5/cyfitter_cfg.c **** * Function Name: CyClockStartupError
  89:.\Generated_Source\PSoC5/cyfitter_cfg.c **** ********************************************************************************
  90:.\Generated_Source\PSoC5/cyfitter_cfg.c **** * Summary:
  91:.\Generated_Source\PSoC5/cyfitter_cfg.c **** *  If an error is encountered during clock configuration (crystal startup error,
  92:.\Generated_Source\PSoC5/cyfitter_cfg.c **** *  PLL lock error, etc.), the system will end up here.  Unless reimplemented by
  93:.\Generated_Source\PSoC5/cyfitter_cfg.c **** *  the customer, this function will stop in an infinite loop.
  94:.\Generated_Source\PSoC5/cyfitter_cfg.c **** *
  95:.\Generated_Source\PSoC5/cyfitter_cfg.c **** * Parameters:
  96:.\Generated_Source\PSoC5/cyfitter_cfg.c **** *   void
  97:.\Generated_Source\PSoC5/cyfitter_cfg.c **** *
  98:.\Generated_Source\PSoC5/cyfitter_cfg.c **** * Return:
  99:.\Generated_Source\PSoC5/cyfitter_cfg.c **** *   void
ARM GAS  C:\Users\Schuyler\AppData\Local\Temp\ccqLadJu.s 			page 5


 100:.\Generated_Source\PSoC5/cyfitter_cfg.c **** *
 101:.\Generated_Source\PSoC5/cyfitter_cfg.c **** *******************************************************************************/
 102:.\Generated_Source\PSoC5/cyfitter_cfg.c **** CY_CFG_UNUSED
 103:.\Generated_Source\PSoC5/cyfitter_cfg.c **** static void CyClockStartupError(uint8 errorCode);
 104:.\Generated_Source\PSoC5/cyfitter_cfg.c **** CY_CFG_UNUSED
 105:.\Generated_Source\PSoC5/cyfitter_cfg.c **** static void CyClockStartupError(uint8 errorCode)
 106:.\Generated_Source\PSoC5/cyfitter_cfg.c **** {
 130              		.loc 1 106 0
 131              		.cfi_startproc
 132              		@ args = 0, pretend = 0, frame = 8
 133              		@ frame_needed = 1, uses_anonymous_args = 0
 134              		@ link register save eliminated.
 135 0000 80B4     		push	{r7}
 136              		.cfi_def_cfa_offset 4
 137              		.cfi_offset 7, -4
 138 0002 83B0     		sub	sp, sp, #12
 139              		.cfi_def_cfa_offset 16
 140 0004 00AF     		add	r7, sp, #0
 141              		.cfi_def_cfa_register 7
 142 0006 0346     		mov	r3, r0
 143 0008 FB71     		strb	r3, [r7, #7]
 144              	.L5:
 107:.\Generated_Source\PSoC5/cyfitter_cfg.c ****     /* To remove the compiler warning if errorCode not used.                */
 108:.\Generated_Source\PSoC5/cyfitter_cfg.c ****     errorCode = errorCode;
 109:.\Generated_Source\PSoC5/cyfitter_cfg.c **** 
 110:.\Generated_Source\PSoC5/cyfitter_cfg.c ****     /* `#START CyClockStartupError` */
 111:.\Generated_Source\PSoC5/cyfitter_cfg.c **** 
 112:.\Generated_Source\PSoC5/cyfitter_cfg.c ****     /* If we have a clock startup error (bad MHz crystal, PLL lock, etc.),  */
 113:.\Generated_Source\PSoC5/cyfitter_cfg.c ****     /* we will end up here to allow the customer to implement something to  */
 114:.\Generated_Source\PSoC5/cyfitter_cfg.c ****     /* deal with the clock condition.                                       */
 115:.\Generated_Source\PSoC5/cyfitter_cfg.c **** 
 116:.\Generated_Source\PSoC5/cyfitter_cfg.c ****     /* `#END` */
 117:.\Generated_Source\PSoC5/cyfitter_cfg.c **** 
 118:.\Generated_Source\PSoC5/cyfitter_cfg.c ****     /* If nothing else, stop here since the clocks have not started         */
 119:.\Generated_Source\PSoC5/cyfitter_cfg.c ****     /* correctly.                                                           */
 120:.\Generated_Source\PSoC5/cyfitter_cfg.c ****     while(1) {}
 145              		.loc 1 120 0 discriminator 1
 146 000a FEE7     		b	.L5
 147              		.cfi_endproc
 148              	.LFE3:
 149              		.size	CyClockStartupError, .-CyClockStartupError
 150              		.section	.text.cfg_write_bytes32,"ax",%progbits
 151              		.align	2
 152              		.thumb
 153              		.thumb_func
 154              		.type	cfg_write_bytes32, %function
 155              	cfg_write_bytes32:
 156              	.LFB4:
 121:.\Generated_Source\PSoC5/cyfitter_cfg.c **** }
 122:.\Generated_Source\PSoC5/cyfitter_cfg.c **** #endif
 123:.\Generated_Source\PSoC5/cyfitter_cfg.c **** 
 124:.\Generated_Source\PSoC5/cyfitter_cfg.c **** #define CY_CFG_BASE_ADDR_COUNT 3u
 125:.\Generated_Source\PSoC5/cyfitter_cfg.c **** CYPACKED typedef struct
 126:.\Generated_Source\PSoC5/cyfitter_cfg.c **** {
 127:.\Generated_Source\PSoC5/cyfitter_cfg.c **** 	uint8 offset;
 128:.\Generated_Source\PSoC5/cyfitter_cfg.c **** 	uint8 value;
 129:.\Generated_Source\PSoC5/cyfitter_cfg.c **** } CYPACKED_ATTR cy_cfg_addrvalue_t;
ARM GAS  C:\Users\Schuyler\AppData\Local\Temp\ccqLadJu.s 			page 6


 130:.\Generated_Source\PSoC5/cyfitter_cfg.c **** 
 131:.\Generated_Source\PSoC5/cyfitter_cfg.c **** #define cy_cfg_addr_table ((const uint32 CYFAR *)0x48000000u)
 132:.\Generated_Source\PSoC5/cyfitter_cfg.c **** #define cy_cfg_data_table ((const cy_cfg_addrvalue_t CYFAR *)0x4800000Cu)
 133:.\Generated_Source\PSoC5/cyfitter_cfg.c **** 
 134:.\Generated_Source\PSoC5/cyfitter_cfg.c **** /* IOPINS0_7 Address: CYREG_PRT12_DM0 Size (bytes): 8 */
 135:.\Generated_Source\PSoC5/cyfitter_cfg.c **** #define BS_IOPINS0_7_VAL ((const uint8 CYFAR *)0x48000024u)
 136:.\Generated_Source\PSoC5/cyfitter_cfg.c **** 
 137:.\Generated_Source\PSoC5/cyfitter_cfg.c **** /* IOPINS0_1 Address: CYREG_PRT1_DM0 Size (bytes): 8 */
 138:.\Generated_Source\PSoC5/cyfitter_cfg.c **** #define BS_IOPINS0_1_VAL ((const uint8 CYFAR *)0x4800002Cu)
 139:.\Generated_Source\PSoC5/cyfitter_cfg.c **** 
 140:.\Generated_Source\PSoC5/cyfitter_cfg.c **** /* IOPINS0_2 Address: CYREG_PRT2_DM0 Size (bytes): 8 */
 141:.\Generated_Source\PSoC5/cyfitter_cfg.c **** #define BS_IOPINS0_2_VAL ((const uint8 CYFAR *)0x48000034u)
 142:.\Generated_Source\PSoC5/cyfitter_cfg.c **** 
 143:.\Generated_Source\PSoC5/cyfitter_cfg.c **** 
 144:.\Generated_Source\PSoC5/cyfitter_cfg.c **** /*******************************************************************************
 145:.\Generated_Source\PSoC5/cyfitter_cfg.c **** * Function Name: cfg_write_bytes32
 146:.\Generated_Source\PSoC5/cyfitter_cfg.c **** ********************************************************************************
 147:.\Generated_Source\PSoC5/cyfitter_cfg.c **** * Summary:
 148:.\Generated_Source\PSoC5/cyfitter_cfg.c **** *  This function is used for setting up the chip configuration areas that
 149:.\Generated_Source\PSoC5/cyfitter_cfg.c **** *  contain relatively sparse data.
 150:.\Generated_Source\PSoC5/cyfitter_cfg.c **** *
 151:.\Generated_Source\PSoC5/cyfitter_cfg.c **** * Parameters:
 152:.\Generated_Source\PSoC5/cyfitter_cfg.c **** *   void
 153:.\Generated_Source\PSoC5/cyfitter_cfg.c **** *
 154:.\Generated_Source\PSoC5/cyfitter_cfg.c **** * Return:
 155:.\Generated_Source\PSoC5/cyfitter_cfg.c **** *   void
 156:.\Generated_Source\PSoC5/cyfitter_cfg.c **** *
 157:.\Generated_Source\PSoC5/cyfitter_cfg.c **** *******************************************************************************/
 158:.\Generated_Source\PSoC5/cyfitter_cfg.c **** static void cfg_write_bytes32(const uint32 addr_table[], const cy_cfg_addrvalue_t data_table[]);
 159:.\Generated_Source\PSoC5/cyfitter_cfg.c **** static void cfg_write_bytes32(const uint32 addr_table[], const cy_cfg_addrvalue_t data_table[])
 160:.\Generated_Source\PSoC5/cyfitter_cfg.c **** {
 157              		.loc 1 160 0
 158              		.cfi_startproc
 159              		@ args = 0, pretend = 0, frame = 24
 160              		@ frame_needed = 1, uses_anonymous_args = 0
 161              		@ link register save eliminated.
 162 0000 80B4     		push	{r7}
 163              		.cfi_def_cfa_offset 4
 164              		.cfi_offset 7, -4
 165 0002 87B0     		sub	sp, sp, #28
 166              		.cfi_def_cfa_offset 32
 167 0004 00AF     		add	r7, sp, #0
 168              		.cfi_def_cfa_register 7
 169 0006 7860     		str	r0, [r7, #4]
 170 0008 3960     		str	r1, [r7]
 161:.\Generated_Source\PSoC5/cyfitter_cfg.c **** 	/* For 32-bit little-endian architectures */
 162:.\Generated_Source\PSoC5/cyfitter_cfg.c **** 	uint32 i, j = 0u;
 171              		.loc 1 162 0
 172 000a 0023     		movs	r3, #0
 173 000c 3B61     		str	r3, [r7, #16]
 163:.\Generated_Source\PSoC5/cyfitter_cfg.c **** 	for (i = 0u; i < CY_CFG_BASE_ADDR_COUNT; i++)
 174              		.loc 1 163 0
 175 000e 0023     		movs	r3, #0
 176 0010 7B61     		str	r3, [r7, #20]
 177 0012 26E0     		b	.L7
 178              	.L10:
 179              	.LBB2:
ARM GAS  C:\Users\Schuyler\AppData\Local\Temp\ccqLadJu.s 			page 7


 164:.\Generated_Source\PSoC5/cyfitter_cfg.c **** 	{
 165:.\Generated_Source\PSoC5/cyfitter_cfg.c **** 		uint32 baseAddr = addr_table[i];
 180              		.loc 1 165 0
 181 0014 7B69     		ldr	r3, [r7, #20]
 182 0016 9B00     		lsls	r3, r3, #2
 183 0018 7A68     		ldr	r2, [r7, #4]
 184 001a 1344     		add	r3, r3, r2
 185 001c 1B68     		ldr	r3, [r3]
 186 001e BB60     		str	r3, [r7, #8]
 166:.\Generated_Source\PSoC5/cyfitter_cfg.c **** 		uint8 count = (uint8)baseAddr;
 187              		.loc 1 166 0
 188 0020 BB68     		ldr	r3, [r7, #8]
 189 0022 FB73     		strb	r3, [r7, #15]
 167:.\Generated_Source\PSoC5/cyfitter_cfg.c **** 		baseAddr &= 0xFFFFFF00u;
 190              		.loc 1 167 0
 191 0024 BB68     		ldr	r3, [r7, #8]
 192 0026 23F0FF03 		bic	r3, r3, #255
 193 002a BB60     		str	r3, [r7, #8]
 168:.\Generated_Source\PSoC5/cyfitter_cfg.c **** 		while (count != 0u)
 194              		.loc 1 168 0
 195 002c 13E0     		b	.L8
 196              	.L9:
 169:.\Generated_Source\PSoC5/cyfitter_cfg.c **** 		{
 170:.\Generated_Source\PSoC5/cyfitter_cfg.c **** 			CY_SET_XTND_REG8((void CYFAR *)(baseAddr + data_table[j].offset), data_table[j].value);
 197              		.loc 1 170 0
 198 002e 3B69     		ldr	r3, [r7, #16]
 199 0030 5B00     		lsls	r3, r3, #1
 200 0032 3A68     		ldr	r2, [r7]
 201 0034 1344     		add	r3, r3, r2
 202 0036 1B78     		ldrb	r3, [r3]	@ zero_extendqisi2
 203 0038 1A46     		mov	r2, r3
 204 003a BB68     		ldr	r3, [r7, #8]
 205 003c 1344     		add	r3, r3, r2
 206 003e 3A69     		ldr	r2, [r7, #16]
 207 0040 5200     		lsls	r2, r2, #1
 208 0042 3968     		ldr	r1, [r7]
 209 0044 0A44     		add	r2, r2, r1
 210 0046 5278     		ldrb	r2, [r2, #1]	@ zero_extendqisi2
 211 0048 1A70     		strb	r2, [r3]
 171:.\Generated_Source\PSoC5/cyfitter_cfg.c **** 			j++;
 212              		.loc 1 171 0
 213 004a 3B69     		ldr	r3, [r7, #16]
 214 004c 0133     		adds	r3, r3, #1
 215 004e 3B61     		str	r3, [r7, #16]
 172:.\Generated_Source\PSoC5/cyfitter_cfg.c **** 			count--;
 216              		.loc 1 172 0
 217 0050 FB7B     		ldrb	r3, [r7, #15]	@ zero_extendqisi2
 218 0052 013B     		subs	r3, r3, #1
 219 0054 FB73     		strb	r3, [r7, #15]
 220              	.L8:
 168:.\Generated_Source\PSoC5/cyfitter_cfg.c **** 		while (count != 0u)
 221              		.loc 1 168 0 discriminator 1
 222 0056 FB7B     		ldrb	r3, [r7, #15]	@ zero_extendqisi2
 223 0058 002B     		cmp	r3, #0
 224 005a E8D1     		bne	.L9
 225              	.LBE2:
 163:.\Generated_Source\PSoC5/cyfitter_cfg.c **** 	for (i = 0u; i < CY_CFG_BASE_ADDR_COUNT; i++)
ARM GAS  C:\Users\Schuyler\AppData\Local\Temp\ccqLadJu.s 			page 8


 226              		.loc 1 163 0
 227 005c 7B69     		ldr	r3, [r7, #20]
 228 005e 0133     		adds	r3, r3, #1
 229 0060 7B61     		str	r3, [r7, #20]
 230              	.L7:
 163:.\Generated_Source\PSoC5/cyfitter_cfg.c **** 	for (i = 0u; i < CY_CFG_BASE_ADDR_COUNT; i++)
 231              		.loc 1 163 0 is_stmt 0 discriminator 1
 232 0062 7B69     		ldr	r3, [r7, #20]
 233 0064 022B     		cmp	r3, #2
 234 0066 D5D9     		bls	.L10
 173:.\Generated_Source\PSoC5/cyfitter_cfg.c **** 		}
 174:.\Generated_Source\PSoC5/cyfitter_cfg.c **** 	}
 175:.\Generated_Source\PSoC5/cyfitter_cfg.c **** }
 235              		.loc 1 175 0 is_stmt 1
 236 0068 1C37     		adds	r7, r7, #28
 237 006a BD46     		mov	sp, r7
 238              		@ sp needed
 239 006c 5DF8047B 		ldr	r7, [sp], #4
 240 0070 7047     		bx	lr
 241              		.cfi_endproc
 242              	.LFE4:
 243              		.size	cfg_write_bytes32, .-cfg_write_bytes32
 244 0072 00BF     		.section	.text.ClockSetup,"ax",%progbits
 245              		.align	2
 246              		.thumb
 247              		.thumb_func
 248              		.type	ClockSetup, %function
 249              	ClockSetup:
 250              	.LFB5:
 176:.\Generated_Source\PSoC5/cyfitter_cfg.c **** 
 177:.\Generated_Source\PSoC5/cyfitter_cfg.c **** /*******************************************************************************
 178:.\Generated_Source\PSoC5/cyfitter_cfg.c **** * Function Name: ClockSetup
 179:.\Generated_Source\PSoC5/cyfitter_cfg.c **** ********************************************************************************
 180:.\Generated_Source\PSoC5/cyfitter_cfg.c **** *
 181:.\Generated_Source\PSoC5/cyfitter_cfg.c **** * Summary:
 182:.\Generated_Source\PSoC5/cyfitter_cfg.c **** *  Performs the initialization of all of the clocks in the device based on the
 183:.\Generated_Source\PSoC5/cyfitter_cfg.c **** *  settings in the Clock tab of the DWR.  This includes enabling the requested
 184:.\Generated_Source\PSoC5/cyfitter_cfg.c **** *  clocks and setting the necessary dividers to produce the desired frequency. 
 185:.\Generated_Source\PSoC5/cyfitter_cfg.c **** *
 186:.\Generated_Source\PSoC5/cyfitter_cfg.c **** * Parameters:
 187:.\Generated_Source\PSoC5/cyfitter_cfg.c **** *  void
 188:.\Generated_Source\PSoC5/cyfitter_cfg.c **** *
 189:.\Generated_Source\PSoC5/cyfitter_cfg.c **** * Return:
 190:.\Generated_Source\PSoC5/cyfitter_cfg.c **** *  void
 191:.\Generated_Source\PSoC5/cyfitter_cfg.c **** *
 192:.\Generated_Source\PSoC5/cyfitter_cfg.c **** *******************************************************************************/
 193:.\Generated_Source\PSoC5/cyfitter_cfg.c **** static void ClockSetup(void);
 194:.\Generated_Source\PSoC5/cyfitter_cfg.c **** static void ClockSetup(void)
 195:.\Generated_Source\PSoC5/cyfitter_cfg.c **** {
 251              		.loc 1 195 0
 252              		.cfi_startproc
 253              		@ args = 0, pretend = 0, frame = 8
 254              		@ frame_needed = 1, uses_anonymous_args = 0
 255 0000 80B5     		push	{r7, lr}
 256              		.cfi_def_cfa_offset 8
 257              		.cfi_offset 7, -8
 258              		.cfi_offset 14, -4
ARM GAS  C:\Users\Schuyler\AppData\Local\Temp\ccqLadJu.s 			page 9


 259 0002 82B0     		sub	sp, sp, #8
 260              		.cfi_def_cfa_offset 16
 261 0004 00AF     		add	r7, sp, #0
 262              		.cfi_def_cfa_register 7
 196:.\Generated_Source\PSoC5/cyfitter_cfg.c **** 	uint32 timeout;
 197:.\Generated_Source\PSoC5/cyfitter_cfg.c **** 	uint8 pllLock;
 198:.\Generated_Source\PSoC5/cyfitter_cfg.c **** 
 199:.\Generated_Source\PSoC5/cyfitter_cfg.c **** 
 200:.\Generated_Source\PSoC5/cyfitter_cfg.c **** 	/* Configure ILO based on settings from Clock DWR */
 201:.\Generated_Source\PSoC5/cyfitter_cfg.c **** 	CY_SET_XTND_REG8((void CYFAR *)(CYREG_SLOWCLK_ILO_CR0), 0x02u);
 263              		.loc 1 201 0
 264 0006 294B     		ldr	r3, .L16
 265 0008 0222     		movs	r2, #2
 266 000a 1A70     		strb	r2, [r3]
 202:.\Generated_Source\PSoC5/cyfitter_cfg.c **** 	CY_SET_XTND_REG8((void CYFAR *)(CYREG_CLKDIST_CR), 0x08u);
 267              		.loc 1 202 0
 268 000c 4FF04023 		mov	r3, #1073758208
 269 0010 0822     		movs	r2, #8
 270 0012 1A70     		strb	r2, [r3]
 203:.\Generated_Source\PSoC5/cyfitter_cfg.c **** 
 204:.\Generated_Source\PSoC5/cyfitter_cfg.c **** 	/* Configure IMO based on settings from Clock DWR */
 205:.\Generated_Source\PSoC5/cyfitter_cfg.c **** 	CY_SET_XTND_REG8((void CYFAR *)(CYREG_FASTCLK_IMO_CR), 0x03u);
 271              		.loc 1 205 0
 272 0014 264B     		ldr	r3, .L16+4
 273 0016 0322     		movs	r2, #3
 274 0018 1A70     		strb	r2, [r3]
 206:.\Generated_Source\PSoC5/cyfitter_cfg.c **** 	CY_SET_XTND_REG8((void CYFAR *)(CYREG_IMO_TR1), (CY_GET_XTND_REG8((void CYFAR *)CYREG_FLSHID_CUST_
 275              		.loc 1 206 0
 276 001a 264B     		ldr	r3, .L16+8
 277 001c 264A     		ldr	r2, .L16+12
 278 001e 1278     		ldrb	r2, [r2]
 279 0020 D2B2     		uxtb	r2, r2
 280 0022 1A70     		strb	r2, [r3]
 207:.\Generated_Source\PSoC5/cyfitter_cfg.c **** 
 208:.\Generated_Source\PSoC5/cyfitter_cfg.c **** 	/* Configure PLL based on settings from Clock DWR */
 209:.\Generated_Source\PSoC5/cyfitter_cfg.c **** 	CY_SET_XTND_REG16((void CYFAR *)(CYREG_FASTCLK_PLL_P), 0x0008u);
 281              		.loc 1 209 0
 282 0024 254B     		ldr	r3, .L16+16
 283 0026 0822     		movs	r2, #8
 284 0028 1A80     		strh	r2, [r3]	@ movhi
 210:.\Generated_Source\PSoC5/cyfitter_cfg.c **** 	CY_SET_XTND_REG16((void CYFAR *)(CYREG_FASTCLK_PLL_CFG0), 0x1251u);
 285              		.loc 1 210 0
 286 002a 254B     		ldr	r3, .L16+20
 287 002c 41F25122 		movw	r2, #4689
 288 0030 1A80     		strh	r2, [r3]	@ movhi
 211:.\Generated_Source\PSoC5/cyfitter_cfg.c **** 	/* Wait up to 250us for the PLL to lock */
 212:.\Generated_Source\PSoC5/cyfitter_cfg.c **** 	pllLock = 0u;
 289              		.loc 1 212 0
 290 0032 0023     		movs	r3, #0
 291 0034 FB70     		strb	r3, [r7, #3]
 213:.\Generated_Source\PSoC5/cyfitter_cfg.c **** 	for (timeout = 250u / 10u; (timeout > 0u) && (pllLock != 0x03u); timeout--)
 292              		.loc 1 213 0
 293 0036 1923     		movs	r3, #25
 294 0038 7B60     		str	r3, [r7, #4]
 295 003a 14E0     		b	.L12
 296              	.L14:
 214:.\Generated_Source\PSoC5/cyfitter_cfg.c **** 	{ 
ARM GAS  C:\Users\Schuyler\AppData\Local\Temp\ccqLadJu.s 			page 10


 215:.\Generated_Source\PSoC5/cyfitter_cfg.c **** 		pllLock = 0x03u & ((uint8)((uint8)pllLock << 1) | ((CY_GET_XTND_REG8((void CYFAR *)CYREG_FASTCLK_
 297              		.loc 1 215 0 discriminator 1
 298 003c FB78     		ldrb	r3, [r7, #3]
 299 003e 5B00     		lsls	r3, r3, #1
 300 0040 DAB2     		uxtb	r2, r3
 301 0042 204B     		ldr	r3, .L16+24
 302 0044 1B78     		ldrb	r3, [r3]
 303 0046 DBB2     		uxtb	r3, r3
 304 0048 03F00103 		and	r3, r3, #1
 305 004c DBB2     		uxtb	r3, r3
 306 004e 1343     		orrs	r3, r3, r2
 307 0050 DBB2     		uxtb	r3, r3
 308 0052 03F00303 		and	r3, r3, #3
 309 0056 FB70     		strb	r3, [r7, #3]
 216:.\Generated_Source\PSoC5/cyfitter_cfg.c **** 		CyDelayCycles(10u * 48u); /* Delay 10us based on 48MHz clock */
 310              		.loc 1 216 0 discriminator 1
 311 0058 4FF4F070 		mov	r0, #480
 312 005c FFF7FEFF 		bl	CyDelayCycles
 213:.\Generated_Source\PSoC5/cyfitter_cfg.c **** 	for (timeout = 250u / 10u; (timeout > 0u) && (pllLock != 0x03u); timeout--)
 313              		.loc 1 213 0 discriminator 1
 314 0060 7B68     		ldr	r3, [r7, #4]
 315 0062 013B     		subs	r3, r3, #1
 316 0064 7B60     		str	r3, [r7, #4]
 317              	.L12:
 318 0066 7B68     		ldr	r3, [r7, #4]
 319 0068 002B     		cmp	r3, #0
 320 006a 02D0     		beq	.L13
 213:.\Generated_Source\PSoC5/cyfitter_cfg.c **** 	for (timeout = 250u / 10u; (timeout > 0u) && (pllLock != 0x03u); timeout--)
 321              		.loc 1 213 0 is_stmt 0 discriminator 2
 322 006c FB78     		ldrb	r3, [r7, #3]	@ zero_extendqisi2
 323 006e 032B     		cmp	r3, #3
 324 0070 E4D1     		bne	.L14
 325              	.L13:
 217:.\Generated_Source\PSoC5/cyfitter_cfg.c **** 	}
 218:.\Generated_Source\PSoC5/cyfitter_cfg.c **** 	/* If we ran out of time the PLL didn't lock so go to the error function */
 219:.\Generated_Source\PSoC5/cyfitter_cfg.c **** 	if (timeout == 0u)
 326              		.loc 1 219 0 is_stmt 1
 327 0072 7B68     		ldr	r3, [r7, #4]
 328 0074 002B     		cmp	r3, #0
 329 0076 02D1     		bne	.L15
 220:.\Generated_Source\PSoC5/cyfitter_cfg.c **** 	{
 221:.\Generated_Source\PSoC5/cyfitter_cfg.c **** 		CyClockStartupError(CYCLOCKSTART_PLL_ERROR);
 330              		.loc 1 221 0
 331 0078 0320     		movs	r0, #3
 332 007a FFF7FEFF 		bl	CyClockStartupError
 333              	.L15:
 222:.\Generated_Source\PSoC5/cyfitter_cfg.c **** 	}
 223:.\Generated_Source\PSoC5/cyfitter_cfg.c **** 
 224:.\Generated_Source\PSoC5/cyfitter_cfg.c **** 	/* Configure Bus/Master Clock based on settings from Clock DWR */
 225:.\Generated_Source\PSoC5/cyfitter_cfg.c **** 	CY_SET_XTND_REG16((void CYFAR *)(CYREG_CLKDIST_MSTR0), 0x0100u);
 334              		.loc 1 225 0
 335 007e 124B     		ldr	r3, .L16+28
 336 0080 4FF48072 		mov	r2, #256
 337 0084 1A80     		strh	r2, [r3]	@ movhi
 226:.\Generated_Source\PSoC5/cyfitter_cfg.c **** 	CY_SET_XTND_REG8((void CYFAR *)(CYREG_CLKDIST_MSTR0), 0x07u);
 338              		.loc 1 226 0
 339 0086 104B     		ldr	r3, .L16+28
ARM GAS  C:\Users\Schuyler\AppData\Local\Temp\ccqLadJu.s 			page 11


 340 0088 0722     		movs	r2, #7
 341 008a 1A70     		strb	r2, [r3]
 227:.\Generated_Source\PSoC5/cyfitter_cfg.c **** 	CY_SET_XTND_REG8((void CYFAR *)(CYREG_CLKDIST_BCFG0), 0x00u);
 342              		.loc 1 227 0
 343 008c 0F4B     		ldr	r3, .L16+32
 344 008e 0022     		movs	r2, #0
 345 0090 1A70     		strb	r2, [r3]
 228:.\Generated_Source\PSoC5/cyfitter_cfg.c **** 	CY_SET_XTND_REG8((void CYFAR *)(CYREG_CLKDIST_BCFG2), 0x48u);
 346              		.loc 1 228 0
 347 0092 0F4B     		ldr	r3, .L16+36
 348 0094 4822     		movs	r2, #72
 349 0096 1A70     		strb	r2, [r3]
 229:.\Generated_Source\PSoC5/cyfitter_cfg.c **** 	CY_SET_XTND_REG8((void CYFAR *)(CYREG_CLKDIST_MSTR0), 0x00u);
 350              		.loc 1 229 0
 351 0098 0B4B     		ldr	r3, .L16+28
 352 009a 0022     		movs	r2, #0
 353 009c 1A70     		strb	r2, [r3]
 230:.\Generated_Source\PSoC5/cyfitter_cfg.c **** 	CY_SET_XTND_REG8((void CYFAR *)(CYREG_CLKDIST_LD), 0x02u);
 354              		.loc 1 230 0
 355 009e 0D4B     		ldr	r3, .L16+40
 356 00a0 0222     		movs	r2, #2
 357 00a2 1A70     		strb	r2, [r3]
 231:.\Generated_Source\PSoC5/cyfitter_cfg.c **** }
 358              		.loc 1 231 0
 359 00a4 0837     		adds	r7, r7, #8
 360 00a6 BD46     		mov	sp, r7
 361              		@ sp needed
 362 00a8 80BD     		pop	{r7, pc}
 363              	.L17:
 364 00aa 00BF     		.align	2
 365              	.L16:
 366 00ac 00430040 		.word	1073758976
 367 00b0 00420040 		.word	1073758720
 368 00b4 A1460040 		.word	1073759905
 369 00b8 08010049 		.word	1224737032
 370 00bc 22420040 		.word	1073758754
 371 00c0 20420040 		.word	1073758752
 372 00c4 25420040 		.word	1073758757
 373 00c8 04400040 		.word	1073758212
 374 00cc 06400040 		.word	1073758214
 375 00d0 08400040 		.word	1073758216
 376 00d4 01400040 		.word	1073758209
 377              		.cfi_endproc
 378              	.LFE5:
 379              		.size	ClockSetup, .-ClockSetup
 380              		.section	.text.AnalogSetDefault,"ax",%progbits
 381              		.align	2
 382              		.thumb
 383              		.thumb_func
 384              		.type	AnalogSetDefault, %function
 385              	AnalogSetDefault:
 386              	.LFB6:
 232:.\Generated_Source\PSoC5/cyfitter_cfg.c **** 
 233:.\Generated_Source\PSoC5/cyfitter_cfg.c **** 
 234:.\Generated_Source\PSoC5/cyfitter_cfg.c **** /* Analog API Functions */
 235:.\Generated_Source\PSoC5/cyfitter_cfg.c **** 
 236:.\Generated_Source\PSoC5/cyfitter_cfg.c **** 
ARM GAS  C:\Users\Schuyler\AppData\Local\Temp\ccqLadJu.s 			page 12


 237:.\Generated_Source\PSoC5/cyfitter_cfg.c **** /*******************************************************************************
 238:.\Generated_Source\PSoC5/cyfitter_cfg.c **** * Function Name: AnalogSetDefault
 239:.\Generated_Source\PSoC5/cyfitter_cfg.c **** ********************************************************************************
 240:.\Generated_Source\PSoC5/cyfitter_cfg.c **** *
 241:.\Generated_Source\PSoC5/cyfitter_cfg.c **** * Summary:
 242:.\Generated_Source\PSoC5/cyfitter_cfg.c **** *  Sets up the analog portions of the chip to default values based on chip
 243:.\Generated_Source\PSoC5/cyfitter_cfg.c **** *  configuration options from the project.
 244:.\Generated_Source\PSoC5/cyfitter_cfg.c **** *
 245:.\Generated_Source\PSoC5/cyfitter_cfg.c **** * Parameters:
 246:.\Generated_Source\PSoC5/cyfitter_cfg.c **** *  void
 247:.\Generated_Source\PSoC5/cyfitter_cfg.c **** *
 248:.\Generated_Source\PSoC5/cyfitter_cfg.c **** * Return:
 249:.\Generated_Source\PSoC5/cyfitter_cfg.c **** *  void
 250:.\Generated_Source\PSoC5/cyfitter_cfg.c **** *
 251:.\Generated_Source\PSoC5/cyfitter_cfg.c **** *******************************************************************************/
 252:.\Generated_Source\PSoC5/cyfitter_cfg.c **** static void AnalogSetDefault(void);
 253:.\Generated_Source\PSoC5/cyfitter_cfg.c **** static void AnalogSetDefault(void)
 254:.\Generated_Source\PSoC5/cyfitter_cfg.c **** {
 387              		.loc 1 254 0
 388              		.cfi_startproc
 389              		@ args = 0, pretend = 0, frame = 8
 390              		@ frame_needed = 1, uses_anonymous_args = 0
 391              		@ link register save eliminated.
 392 0000 80B4     		push	{r7}
 393              		.cfi_def_cfa_offset 4
 394              		.cfi_offset 7, -4
 395 0002 83B0     		sub	sp, sp, #12
 396              		.cfi_def_cfa_offset 16
 397 0004 00AF     		add	r7, sp, #0
 398              		.cfi_def_cfa_register 7
 255:.\Generated_Source\PSoC5/cyfitter_cfg.c **** 	uint8 bg_xover_inl_trim = CY_GET_XTND_REG8((void CYFAR *)(CYREG_FLSHID_MFG_CFG_BG_XOVER_INL_TRIM +
 399              		.loc 1 255 0
 400 0006 0B4B     		ldr	r3, .L19
 401 0008 1B78     		ldrb	r3, [r3]
 402 000a FB71     		strb	r3, [r7, #7]
 256:.\Generated_Source\PSoC5/cyfitter_cfg.c **** 	CY_SET_XTND_REG8((void CYFAR *)(CYREG_BG_DFT0), (bg_xover_inl_trim & 0x07u));
 403              		.loc 1 256 0
 404 000c 0A4B     		ldr	r3, .L19+4
 405 000e FA79     		ldrb	r2, [r7, #7]
 406 0010 02F00702 		and	r2, r2, #7
 407 0014 D2B2     		uxtb	r2, r2
 408 0016 1A70     		strb	r2, [r3]
 257:.\Generated_Source\PSoC5/cyfitter_cfg.c **** 	CY_SET_XTND_REG8((void CYFAR *)(CYREG_BG_DFT1), ((bg_xover_inl_trim >> 4) & 0x0Fu));
 409              		.loc 1 257 0
 410 0018 084B     		ldr	r3, .L19+8
 411 001a FA79     		ldrb	r2, [r7, #7]	@ zero_extendqisi2
 412 001c 1209     		lsrs	r2, r2, #4
 413 001e D2B2     		uxtb	r2, r2
 414 0020 1A70     		strb	r2, [r3]
 258:.\Generated_Source\PSoC5/cyfitter_cfg.c **** 	CY_SET_XTND_REG8((void CYFAR *)CYREG_PUMP_CR0, 0x44u);
 415              		.loc 1 258 0
 416 0022 074B     		ldr	r3, .L19+12
 417 0024 4422     		movs	r2, #68
 418 0026 1A70     		strb	r2, [r3]
 259:.\Generated_Source\PSoC5/cyfitter_cfg.c **** }
 419              		.loc 1 259 0
 420 0028 0C37     		adds	r7, r7, #12
ARM GAS  C:\Users\Schuyler\AppData\Local\Temp\ccqLadJu.s 			page 13


 421 002a BD46     		mov	sp, r7
 422              		@ sp needed
 423 002c 5DF8047B 		ldr	r7, [sp], #4
 424 0030 7047     		bx	lr
 425              	.L20:
 426 0032 00BF     		.align	2
 427              	.L19:
 428 0034 CF010049 		.word	1224737231
 429 0038 6E580040 		.word	1073764462
 430 003c 6F580040 		.word	1073764463
 431 0040 76580040 		.word	1073764470
 432              		.cfi_endproc
 433              	.LFE6:
 434              		.size	AnalogSetDefault, .-AnalogSetDefault
 435              		.section	.text.SetAnalogRoutingPumps,"ax",%progbits
 436              		.align	2
 437              		.global	SetAnalogRoutingPumps
 438              		.thumb
 439              		.thumb_func
 440              		.type	SetAnalogRoutingPumps, %function
 441              	SetAnalogRoutingPumps:
 442              	.LFB7:
 260:.\Generated_Source\PSoC5/cyfitter_cfg.c **** 
 261:.\Generated_Source\PSoC5/cyfitter_cfg.c **** 
 262:.\Generated_Source\PSoC5/cyfitter_cfg.c **** /*******************************************************************************
 263:.\Generated_Source\PSoC5/cyfitter_cfg.c **** * Function Name: SetAnalogRoutingPumps
 264:.\Generated_Source\PSoC5/cyfitter_cfg.c **** ********************************************************************************
 265:.\Generated_Source\PSoC5/cyfitter_cfg.c **** *
 266:.\Generated_Source\PSoC5/cyfitter_cfg.c **** * Summary:
 267:.\Generated_Source\PSoC5/cyfitter_cfg.c **** * Enables or disables the analog pumps feeding analog routing switches.
 268:.\Generated_Source\PSoC5/cyfitter_cfg.c **** * Intended to be called at startup, based on the Vdda system configuration;
 269:.\Generated_Source\PSoC5/cyfitter_cfg.c **** * may be called during operation when the user informs us that the Vdda voltage
 270:.\Generated_Source\PSoC5/cyfitter_cfg.c **** * crossed the pump threshold.
 271:.\Generated_Source\PSoC5/cyfitter_cfg.c **** *
 272:.\Generated_Source\PSoC5/cyfitter_cfg.c **** * Parameters:
 273:.\Generated_Source\PSoC5/cyfitter_cfg.c **** *  enabled - 1 to enable the pumps, 0 to disable the pumps
 274:.\Generated_Source\PSoC5/cyfitter_cfg.c **** *
 275:.\Generated_Source\PSoC5/cyfitter_cfg.c **** * Return:
 276:.\Generated_Source\PSoC5/cyfitter_cfg.c **** *  void
 277:.\Generated_Source\PSoC5/cyfitter_cfg.c **** *
 278:.\Generated_Source\PSoC5/cyfitter_cfg.c **** *******************************************************************************/
 279:.\Generated_Source\PSoC5/cyfitter_cfg.c **** void SetAnalogRoutingPumps(uint8 enabled)
 280:.\Generated_Source\PSoC5/cyfitter_cfg.c **** {
 443              		.loc 1 280 0
 444              		.cfi_startproc
 445              		@ args = 0, pretend = 0, frame = 16
 446              		@ frame_needed = 1, uses_anonymous_args = 0
 447              		@ link register save eliminated.
 448 0000 80B4     		push	{r7}
 449              		.cfi_def_cfa_offset 4
 450              		.cfi_offset 7, -4
 451 0002 85B0     		sub	sp, sp, #20
 452              		.cfi_def_cfa_offset 24
 453 0004 00AF     		add	r7, sp, #0
 454              		.cfi_def_cfa_register 7
 455 0006 0346     		mov	r3, r0
 456 0008 FB71     		strb	r3, [r7, #7]
ARM GAS  C:\Users\Schuyler\AppData\Local\Temp\ccqLadJu.s 			page 14


 281:.\Generated_Source\PSoC5/cyfitter_cfg.c **** 	uint8 regValue = CY_GET_XTND_REG8((void CYFAR *)CYREG_PUMP_CR0);
 457              		.loc 1 281 0
 458 000a 064B     		ldr	r3, .L24
 459 000c 1B78     		ldrb	r3, [r3]
 460 000e FB73     		strb	r3, [r7, #15]
 282:.\Generated_Source\PSoC5/cyfitter_cfg.c **** 	if (enabled != 0u)
 461              		.loc 1 282 0
 462 0010 FB79     		ldrb	r3, [r7, #7]	@ zero_extendqisi2
 463 0012 002B     		cmp	r3, #0
 283:.\Generated_Source\PSoC5/cyfitter_cfg.c **** 	{
 284:.\Generated_Source\PSoC5/cyfitter_cfg.c **** 		regValue |= 0x00u;
 285:.\Generated_Source\PSoC5/cyfitter_cfg.c **** 	}
 286:.\Generated_Source\PSoC5/cyfitter_cfg.c **** 	else
 287:.\Generated_Source\PSoC5/cyfitter_cfg.c **** 	{
 288:.\Generated_Source\PSoC5/cyfitter_cfg.c **** 		regValue &= (uint8)~0x00u;
 289:.\Generated_Source\PSoC5/cyfitter_cfg.c **** 	}
 290:.\Generated_Source\PSoC5/cyfitter_cfg.c **** 	CY_SET_XTND_REG8((void CYFAR *)CYREG_PUMP_CR0, regValue);
 464              		.loc 1 290 0
 465 0014 034B     		ldr	r3, .L24
 466 0016 FA7B     		ldrb	r2, [r7, #15]
 467 0018 1A70     		strb	r2, [r3]
 291:.\Generated_Source\PSoC5/cyfitter_cfg.c **** }
 468              		.loc 1 291 0
 469 001a 1437     		adds	r7, r7, #20
 470 001c BD46     		mov	sp, r7
 471              		@ sp needed
 472 001e 5DF8047B 		ldr	r7, [sp], #4
 473 0022 7047     		bx	lr
 474              	.L25:
 475              		.align	2
 476              	.L24:
 477 0024 76580040 		.word	1073764470
 478              		.cfi_endproc
 479              	.LFE7:
 480              		.size	SetAnalogRoutingPumps, .-SetAnalogRoutingPumps
 481              		.section	.text.cyfitter_cfg,"ax",%progbits
 482              		.align	2
 483              		.global	cyfitter_cfg
 484              		.thumb
 485              		.thumb_func
 486              		.type	cyfitter_cfg, %function
 487              	cyfitter_cfg:
 488              	.LFB8:
 292:.\Generated_Source\PSoC5/cyfitter_cfg.c **** 
 293:.\Generated_Source\PSoC5/cyfitter_cfg.c **** #define CY_AMUX_UNUSED CYREG_BOOST_SR
 294:.\Generated_Source\PSoC5/cyfitter_cfg.c **** 
 295:.\Generated_Source\PSoC5/cyfitter_cfg.c **** 
 296:.\Generated_Source\PSoC5/cyfitter_cfg.c **** /*******************************************************************************
 297:.\Generated_Source\PSoC5/cyfitter_cfg.c **** * Function Name: cyfitter_cfg
 298:.\Generated_Source\PSoC5/cyfitter_cfg.c **** ********************************************************************************
 299:.\Generated_Source\PSoC5/cyfitter_cfg.c **** * Summary:
 300:.\Generated_Source\PSoC5/cyfitter_cfg.c **** *  This function is called by the start-up code for the selected device. It
 301:.\Generated_Source\PSoC5/cyfitter_cfg.c **** *  performs all of the necessary device configuration based on the design
 302:.\Generated_Source\PSoC5/cyfitter_cfg.c **** *  settings.  This includes settings from the Design Wide Resources (DWR) such
 303:.\Generated_Source\PSoC5/cyfitter_cfg.c **** *  as Clocks and Pins as well as any component configuration that is necessary.
 304:.\Generated_Source\PSoC5/cyfitter_cfg.c **** *
 305:.\Generated_Source\PSoC5/cyfitter_cfg.c **** * Parameters:  
ARM GAS  C:\Users\Schuyler\AppData\Local\Temp\ccqLadJu.s 			page 15


 306:.\Generated_Source\PSoC5/cyfitter_cfg.c **** *   void
 307:.\Generated_Source\PSoC5/cyfitter_cfg.c **** *
 308:.\Generated_Source\PSoC5/cyfitter_cfg.c **** * Return:
 309:.\Generated_Source\PSoC5/cyfitter_cfg.c **** *   void
 310:.\Generated_Source\PSoC5/cyfitter_cfg.c **** *
 311:.\Generated_Source\PSoC5/cyfitter_cfg.c **** *******************************************************************************/
 312:.\Generated_Source\PSoC5/cyfitter_cfg.c **** 
 313:.\Generated_Source\PSoC5/cyfitter_cfg.c **** void cyfitter_cfg(void)
 314:.\Generated_Source\PSoC5/cyfitter_cfg.c **** {
 489              		.loc 1 314 0
 490              		.cfi_startproc
 491              		@ args = 0, pretend = 0, frame = 8
 492              		@ frame_needed = 1, uses_anonymous_args = 0
 493 0000 80B5     		push	{r7, lr}
 494              		.cfi_def_cfa_offset 8
 495              		.cfi_offset 7, -8
 496              		.cfi_offset 14, -4
 497 0002 82B0     		sub	sp, sp, #8
 498              		.cfi_def_cfa_offset 16
 499 0004 00AF     		add	r7, sp, #0
 500              		.cfi_def_cfa_register 7
 315:.\Generated_Source\PSoC5/cyfitter_cfg.c **** #ifdef CYGlobalIntDisable
 316:.\Generated_Source\PSoC5/cyfitter_cfg.c **** 	/* Disable interrupts by default. Let user enable if/when they want. */
 317:.\Generated_Source\PSoC5/cyfitter_cfg.c **** 	CYGlobalIntDisable
 501              		.loc 1 317 0
 502              	@ 317 ".\Generated_Source\PSoC5\cyfitter_cfg.c" 1
 503 0006 72B6     		CPSID   i
 504              	@ 0 "" 2
 318:.\Generated_Source\PSoC5/cyfitter_cfg.c **** #endif
 319:.\Generated_Source\PSoC5/cyfitter_cfg.c **** 
 320:.\Generated_Source\PSoC5/cyfitter_cfg.c **** 	/* Enable/Disable Debug functionality based on settings from System DWR */
 321:.\Generated_Source\PSoC5/cyfitter_cfg.c **** 	CY_SET_XTND_REG8((void CYFAR *)CYREG_MLOGIC_DEBUG, (CY_GET_XTND_REG8((void CYFAR *)CYREG_MLOGIC_DE
 505              		.loc 1 321 0
 506              		.thumb
 507 0008 394B     		ldr	r3, .L29
 508 000a 394A     		ldr	r2, .L29
 509 000c 1278     		ldrb	r2, [r2]
 510 000e D2B2     		uxtb	r2, r2
 511 0010 42F00402 		orr	r2, r2, #4
 512 0014 D2B2     		uxtb	r2, r2
 513 0016 1A70     		strb	r2, [r3]
 514              	.LBB3:
 322:.\Generated_Source\PSoC5/cyfitter_cfg.c **** 
 323:.\Generated_Source\PSoC5/cyfitter_cfg.c **** 	{
 324:.\Generated_Source\PSoC5/cyfitter_cfg.c **** 
 325:.\Generated_Source\PSoC5/cyfitter_cfg.c **** 		CYPACKED typedef struct {
 326:.\Generated_Source\PSoC5/cyfitter_cfg.c **** 			void CYFAR *address;
 327:.\Generated_Source\PSoC5/cyfitter_cfg.c **** 			uint16 size;
 328:.\Generated_Source\PSoC5/cyfitter_cfg.c **** 		} CYPACKED_ATTR cfg_memset_t;
 329:.\Generated_Source\PSoC5/cyfitter_cfg.c **** 
 330:.\Generated_Source\PSoC5/cyfitter_cfg.c **** 		static const cfg_memset_t CYCODE cfg_memset_list [] = {
 331:.\Generated_Source\PSoC5/cyfitter_cfg.c **** 			/* address, size */
 332:.\Generated_Source\PSoC5/cyfitter_cfg.c **** 			{(void CYFAR *)(CYREG_PRT0_DR), 16u},
 333:.\Generated_Source\PSoC5/cyfitter_cfg.c **** 			{(void CYFAR *)(CYREG_PRT3_DR), 64u},
 334:.\Generated_Source\PSoC5/cyfitter_cfg.c **** 			{(void CYFAR *)(CYREG_PRT15_DR), 16u},
 335:.\Generated_Source\PSoC5/cyfitter_cfg.c **** 			{(void CYFAR *)(CYDEV_UCFG_B0_P0_U0_BASE), 4096u},
 336:.\Generated_Source\PSoC5/cyfitter_cfg.c **** 			{(void CYFAR *)(CYDEV_UCFG_B1_P2_U0_BASE), 2048u},
ARM GAS  C:\Users\Schuyler\AppData\Local\Temp\ccqLadJu.s 			page 16


 337:.\Generated_Source\PSoC5/cyfitter_cfg.c **** 			{(void CYFAR *)(CYDEV_UCFG_DSI0_BASE), 2560u},
 338:.\Generated_Source\PSoC5/cyfitter_cfg.c **** 			{(void CYFAR *)(CYDEV_UCFG_DSI12_BASE), 512u},
 339:.\Generated_Source\PSoC5/cyfitter_cfg.c **** 			{(void CYFAR *)(CYREG_BCTL0_MDCLK_EN), 32u},
 340:.\Generated_Source\PSoC5/cyfitter_cfg.c **** 		};
 341:.\Generated_Source\PSoC5/cyfitter_cfg.c **** 
 342:.\Generated_Source\PSoC5/cyfitter_cfg.c **** 		uint8 CYDATA i;
 343:.\Generated_Source\PSoC5/cyfitter_cfg.c **** 
 344:.\Generated_Source\PSoC5/cyfitter_cfg.c **** 		/* Zero out critical memory blocks before beginning configuration */
 345:.\Generated_Source\PSoC5/cyfitter_cfg.c **** 		for (i = 0u; i < (sizeof(cfg_memset_list)/sizeof(cfg_memset_list[0])); i++)
 515              		.loc 1 345 0
 516 0018 0023     		movs	r3, #0
 517 001a FB71     		strb	r3, [r7, #7]
 518 001c 13E0     		b	.L27
 519              	.L28:
 520              	.LBB4:
 346:.\Generated_Source\PSoC5/cyfitter_cfg.c **** 		{
 347:.\Generated_Source\PSoC5/cyfitter_cfg.c **** 			const cfg_memset_t CYCODE * CYDATA ms = &cfg_memset_list[i];
 521              		.loc 1 347 0 discriminator 2
 522 001e FA79     		ldrb	r2, [r7, #7]	@ zero_extendqisi2
 523 0020 1346     		mov	r3, r2
 524 0022 5B00     		lsls	r3, r3, #1
 525 0024 1344     		add	r3, r3, r2
 526 0026 5B00     		lsls	r3, r3, #1
 527 0028 324A     		ldr	r2, .L29+4
 528 002a 1344     		add	r3, r3, r2
 529 002c 3B60     		str	r3, [r7]
 348:.\Generated_Source\PSoC5/cyfitter_cfg.c **** 			CYMEMZERO(ms->address, (size_t)(uint32)(ms->size));
 530              		.loc 1 348 0 discriminator 2
 531 002e 3B68     		ldr	r3, [r7]
 532 0030 1A68     		ldr	r2, [r3]	@ unaligned
 533 0032 3B68     		ldr	r3, [r7]
 534 0034 9B88     		ldrh	r3, [r3, #4]	@ unaligned
 535 0036 9BB2     		uxth	r3, r3
 536 0038 1046     		mov	r0, r2
 537 003a 1946     		mov	r1, r3
 538 003c FFF7FEFF 		bl	CYMEMZERO
 539              	.LBE4:
 345:.\Generated_Source\PSoC5/cyfitter_cfg.c **** 		for (i = 0u; i < (sizeof(cfg_memset_list)/sizeof(cfg_memset_list[0])); i++)
 540              		.loc 1 345 0 discriminator 2
 541 0040 FB79     		ldrb	r3, [r7, #7]	@ zero_extendqisi2
 542 0042 0133     		adds	r3, r3, #1
 543 0044 FB71     		strb	r3, [r7, #7]
 544              	.L27:
 345:.\Generated_Source\PSoC5/cyfitter_cfg.c **** 		for (i = 0u; i < (sizeof(cfg_memset_list)/sizeof(cfg_memset_list[0])); i++)
 545              		.loc 1 345 0 is_stmt 0 discriminator 1
 546 0046 FB79     		ldrb	r3, [r7, #7]	@ zero_extendqisi2
 547 0048 072B     		cmp	r3, #7
 548 004a E8D9     		bls	.L28
 349:.\Generated_Source\PSoC5/cyfitter_cfg.c **** 		}
 350:.\Generated_Source\PSoC5/cyfitter_cfg.c **** 
 351:.\Generated_Source\PSoC5/cyfitter_cfg.c **** 		cfg_write_bytes32(cy_cfg_addr_table, cy_cfg_data_table);
 549              		.loc 1 351 0 is_stmt 1
 550 004c 4FF09040 		mov	r0, #1207959552
 551 0050 2949     		ldr	r1, .L29+8
 552 0052 FFF7FEFF 		bl	cfg_write_bytes32
 352:.\Generated_Source\PSoC5/cyfitter_cfg.c **** 
 353:.\Generated_Source\PSoC5/cyfitter_cfg.c **** 		/* Enable digital routing */
ARM GAS  C:\Users\Schuyler\AppData\Local\Temp\ccqLadJu.s 			page 17


 354:.\Generated_Source\PSoC5/cyfitter_cfg.c **** 		CY_SET_XTND_REG8((void CYFAR *)CYREG_BCTL0_BANK_CTL, CY_GET_XTND_REG8((void CYFAR *)CYREG_BCTL0_B
 553              		.loc 1 354 0
 554 0056 294B     		ldr	r3, .L29+12
 555 0058 284A     		ldr	r2, .L29+12
 556 005a 1278     		ldrb	r2, [r2]
 557 005c D2B2     		uxtb	r2, r2
 558 005e 42F00202 		orr	r2, r2, #2
 559 0062 D2B2     		uxtb	r2, r2
 560 0064 1A70     		strb	r2, [r3]
 355:.\Generated_Source\PSoC5/cyfitter_cfg.c **** 		CY_SET_XTND_REG8((void CYFAR *)CYREG_BCTL1_BANK_CTL, CY_GET_XTND_REG8((void CYFAR *)CYREG_BCTL1_B
 561              		.loc 1 355 0
 562 0066 264B     		ldr	r3, .L29+16
 563 0068 254A     		ldr	r2, .L29+16
 564 006a 1278     		ldrb	r2, [r2]
 565 006c D2B2     		uxtb	r2, r2
 566 006e 42F00202 		orr	r2, r2, #2
 567 0072 D2B2     		uxtb	r2, r2
 568 0074 1A70     		strb	r2, [r3]
 356:.\Generated_Source\PSoC5/cyfitter_cfg.c **** 
 357:.\Generated_Source\PSoC5/cyfitter_cfg.c **** 		/* Enable UDB array */
 358:.\Generated_Source\PSoC5/cyfitter_cfg.c **** 		CY_SET_XTND_REG8((void CYFAR *)CYREG_PM_ACT_CFG0, CY_GET_XTND_REG8((void CYFAR *)CYREG_PM_ACT_CFG
 569              		.loc 1 358 0
 570 0076 234B     		ldr	r3, .L29+20
 571 0078 224A     		ldr	r2, .L29+20
 572 007a 1278     		ldrb	r2, [r2]
 573 007c D2B2     		uxtb	r2, r2
 574 007e 42F04002 		orr	r2, r2, #64
 575 0082 D2B2     		uxtb	r2, r2
 576 0084 1A70     		strb	r2, [r3]
 359:.\Generated_Source\PSoC5/cyfitter_cfg.c **** 		CY_SET_XTND_REG8((void CYFAR *)CYREG_PM_AVAIL_CR2, CY_GET_XTND_REG8((void CYFAR *)CYREG_PM_AVAIL_
 577              		.loc 1 359 0
 578 0086 204B     		ldr	r3, .L29+24
 579 0088 1F4A     		ldr	r2, .L29+24
 580 008a 1278     		ldrb	r2, [r2]
 581 008c D2B2     		uxtb	r2, r2
 582 008e 42F01002 		orr	r2, r2, #16
 583 0092 D2B2     		uxtb	r2, r2
 584 0094 1A70     		strb	r2, [r3]
 585              	.LBE3:
 360:.\Generated_Source\PSoC5/cyfitter_cfg.c **** 	}
 361:.\Generated_Source\PSoC5/cyfitter_cfg.c **** 
 362:.\Generated_Source\PSoC5/cyfitter_cfg.c **** 	/* Perform second pass device configuration. These items must be configured in specific order afte
 363:.\Generated_Source\PSoC5/cyfitter_cfg.c **** 	CYCONFIGCPY((void CYFAR *)(CYREG_PRT12_DM0), (const void CYFAR *)(BS_IOPINS0_7_VAL), 8u);
 586              		.loc 1 363 0
 587 0096 1D48     		ldr	r0, .L29+28
 588 0098 1D49     		ldr	r1, .L29+32
 589 009a 0822     		movs	r2, #8
 590 009c FFF7FEFF 		bl	CYCONFIGCPY
 364:.\Generated_Source\PSoC5/cyfitter_cfg.c **** 	CYCONFIGCPY((void CYFAR *)(CYREG_PRT1_DM0), (const void CYFAR *)(BS_IOPINS0_1_VAL), 8u);
 591              		.loc 1 364 0
 592 00a0 1C48     		ldr	r0, .L29+36
 593 00a2 1D49     		ldr	r1, .L29+40
 594 00a4 0822     		movs	r2, #8
 595 00a6 FFF7FEFF 		bl	CYCONFIGCPY
 365:.\Generated_Source\PSoC5/cyfitter_cfg.c **** 	CYCONFIGCPY((void CYFAR *)(CYREG_PRT2_DM0), (const void CYFAR *)(BS_IOPINS0_2_VAL), 8u);
 596              		.loc 1 365 0
 597 00aa 1C48     		ldr	r0, .L29+44
ARM GAS  C:\Users\Schuyler\AppData\Local\Temp\ccqLadJu.s 			page 18


 598 00ac 1C49     		ldr	r1, .L29+48
 599 00ae 0822     		movs	r2, #8
 600 00b0 FFF7FEFF 		bl	CYCONFIGCPY
 366:.\Generated_Source\PSoC5/cyfitter_cfg.c **** 
 367:.\Generated_Source\PSoC5/cyfitter_cfg.c **** 	/* Switch Boost to the precision bandgap reference from its internal reference */
 368:.\Generated_Source\PSoC5/cyfitter_cfg.c **** 	CY_SET_REG8((void CYXDATA *)CYREG_BOOST_CR2, (CY_GET_REG8((void CYXDATA *)CYREG_BOOST_CR2) | 0x08u
 601              		.loc 1 368 0
 602 00b4 1B4B     		ldr	r3, .L29+52
 603 00b6 1B4A     		ldr	r2, .L29+52
 604 00b8 1278     		ldrb	r2, [r2]
 605 00ba D2B2     		uxtb	r2, r2
 606 00bc 42F00802 		orr	r2, r2, #8
 607 00c0 D2B2     		uxtb	r2, r2
 608 00c2 1A70     		strb	r2, [r3]
 369:.\Generated_Source\PSoC5/cyfitter_cfg.c **** 
 370:.\Generated_Source\PSoC5/cyfitter_cfg.c **** 	/* Set Flash Cycles based on max possible frequency in case a glitch occurs during ClockSetup(). *
 371:.\Generated_Source\PSoC5/cyfitter_cfg.c **** 	CY_SET_XTND_REG8((void CYFAR *)(CYREG_CACHE_CC_CTL), (((CYDEV_INSTRUCT_CACHE_ENABLED) != 0) ? 0x61
 609              		.loc 1 371 0
 610 00c4 184B     		ldr	r3, .L29+56
 611 00c6 6122     		movs	r2, #97
 612 00c8 1A70     		strb	r2, [r3]
 372:.\Generated_Source\PSoC5/cyfitter_cfg.c **** 	/* Setup clocks based on selections from Clock DWR */
 373:.\Generated_Source\PSoC5/cyfitter_cfg.c **** 	ClockSetup();
 613              		.loc 1 373 0
 614 00ca FFF7FEFF 		bl	ClockSetup
 374:.\Generated_Source\PSoC5/cyfitter_cfg.c **** 	/* Set Flash Cycles based on newly configured 24.00MHz Bus Clock. */
 375:.\Generated_Source\PSoC5/cyfitter_cfg.c **** 	CY_SET_XTND_REG8((void CYFAR *)(CYREG_CACHE_CC_CTL), (((CYDEV_INSTRUCT_CACHE_ENABLED) != 0) ? 0x81
 615              		.loc 1 375 0
 616 00ce 164B     		ldr	r3, .L29+56
 617 00d0 8122     		movs	r2, #129
 618 00d2 1A70     		strb	r2, [r3]
 376:.\Generated_Source\PSoC5/cyfitter_cfg.c **** 	CY_SET_XTND_REG8((void CYFAR *)(CYREG_PANTHER_WAITPIPE), 0x01u);
 619              		.loc 1 376 0
 620 00d4 154B     		ldr	r3, .L29+60
 621 00d6 0122     		movs	r2, #1
 622 00d8 1A70     		strb	r2, [r3]
 377:.\Generated_Source\PSoC5/cyfitter_cfg.c **** 
 378:.\Generated_Source\PSoC5/cyfitter_cfg.c **** 	/* Perform basic analog initialization to defaults */
 379:.\Generated_Source\PSoC5/cyfitter_cfg.c **** 	AnalogSetDefault();
 623              		.loc 1 379 0
 624 00da FFF7FEFF 		bl	AnalogSetDefault
 380:.\Generated_Source\PSoC5/cyfitter_cfg.c **** 
 381:.\Generated_Source\PSoC5/cyfitter_cfg.c **** 	/* Configure alternate active mode */
 382:.\Generated_Source\PSoC5/cyfitter_cfg.c **** 	CYCONFIGCPY((void CYFAR *)CYDEV_PM_STBY_BASE, (const void CYFAR *)CYDEV_PM_ACT_BASE, 14u);
 625              		.loc 1 382 0
 626 00de 1448     		ldr	r0, .L29+64
 627 00e0 0849     		ldr	r1, .L29+20
 628 00e2 0E22     		movs	r2, #14
 629 00e4 FFF7FEFF 		bl	CYCONFIGCPY
 383:.\Generated_Source\PSoC5/cyfitter_cfg.c **** }
 630              		.loc 1 383 0
 631 00e8 0837     		adds	r7, r7, #8
 632 00ea BD46     		mov	sp, r7
 633              		@ sp needed
 634 00ec 80BD     		pop	{r7, pc}
 635              	.L30:
 636 00ee 00BF     		.align	2
ARM GAS  C:\Users\Schuyler\AppData\Local\Temp\ccqLadJu.s 			page 19


 637              	.L29:
 638 00f0 E8460040 		.word	1073759976
 639 00f4 00000000 		.word	cfg_memset_list.4879
 640 00f8 0C000048 		.word	1207959564
 641 00fc 03500140 		.word	1073827843
 642 0100 13500140 		.word	1073827859
 643 0104 A0430040 		.word	1073759136
 644 0108 C2430040 		.word	1073759170
 645 010c C2510040 		.word	1073762754
 646 0110 24000048 		.word	1207959588
 647 0114 12510040 		.word	1073762578
 648 0118 2C000048 		.word	1207959596
 649 011c 22510040 		.word	1073762594
 650 0120 34000048 		.word	1207959604
 651 0124 22430040 		.word	1073759010
 652 0128 00480040 		.word	1073760256
 653 012c 04000840 		.word	1074266116
 654 0130 B0430040 		.word	1073759152
 655              		.cfi_endproc
 656              	.LFE8:
 657              		.size	cyfitter_cfg, .-cyfitter_cfg
 658              		.section	.rodata
 659              		.align	2
 660              		.type	cfg_memset_list.4879, %object
 661              		.size	cfg_memset_list.4879, 48
 662              	cfg_memset_list.4879:
 663 0000 00510040 		.word	1073762560
 664 0004 1000     		.short	16
 665 0006 30510040 		.4byte	1073762608
 666 000a 4000     		.short	64
 667 000c F0510040 		.word	1073762800
 668 0010 1000     		.short	16
 669 0012 00000140 		.4byte	1073807360
 670 0016 0010     		.short	4096
 671 0018 00140140 		.word	1073812480
 672 001c 0008     		.short	2048
 673 001e 00400140 		.4byte	1073823744
 674 0022 000A     		.short	2560
 675 0024 004C0140 		.word	1073826816
 676 0028 0002     		.short	512
 677 002a 00500140 		.4byte	1073827840
 678 002e 2000     		.short	32
 679              		.text
 680              	.Letext0:
 681              		.file 2 "c:\\program files (x86)\\cypress\\psoc creator\\3.1\\psoc creator\\import\\gnu_cs\\arm\\4
 682              		.file 3 ".\\Generated_Source\\PSoC5/cytypes.h"
 683              		.section	.debug_info,"",%progbits
 684              	.Ldebug_info0:
 685 0000 8A030000 		.4byte	0x38a
 686 0004 0400     		.2byte	0x4
 687 0006 00000000 		.4byte	.Ldebug_abbrev0
 688 000a 04       		.byte	0x4
 689 000b 01       		.uleb128 0x1
 690 000c A0010000 		.4byte	.LASF44
 691 0010 01       		.byte	0x1
 692 0011 75020000 		.4byte	.LASF45
 693 0015 60000000 		.4byte	.LASF46
ARM GAS  C:\Users\Schuyler\AppData\Local\Temp\ccqLadJu.s 			page 20


 694 0019 00000000 		.4byte	.Ldebug_ranges0+0
 695 001d 00000000 		.4byte	0
 696 0021 00000000 		.4byte	.Ldebug_line0
 697 0025 02       		.uleb128 0x2
 698 0026 04       		.byte	0x4
 699 0027 05       		.byte	0x5
 700 0028 696E7400 		.ascii	"int\000"
 701 002c 03       		.uleb128 0x3
 702 002d 06000000 		.4byte	.LASF11
 703 0031 02       		.byte	0x2
 704 0032 D4       		.byte	0xd4
 705 0033 37000000 		.4byte	0x37
 706 0037 04       		.uleb128 0x4
 707 0038 04       		.byte	0x4
 708 0039 07       		.byte	0x7
 709 003a 74010000 		.4byte	.LASF0
 710 003e 04       		.uleb128 0x4
 711 003f 01       		.byte	0x1
 712 0040 06       		.byte	0x6
 713 0041 C5020000 		.4byte	.LASF1
 714 0045 04       		.uleb128 0x4
 715 0046 01       		.byte	0x1
 716 0047 08       		.byte	0x8
 717 0048 12010000 		.4byte	.LASF2
 718 004c 04       		.uleb128 0x4
 719 004d 02       		.byte	0x2
 720 004e 05       		.byte	0x5
 721 004f 6B020000 		.4byte	.LASF3
 722 0053 04       		.uleb128 0x4
 723 0054 02       		.byte	0x2
 724 0055 07       		.byte	0x7
 725 0056 35000000 		.4byte	.LASF4
 726 005a 04       		.uleb128 0x4
 727 005b 04       		.byte	0x4
 728 005c 05       		.byte	0x5
 729 005d A5020000 		.4byte	.LASF5
 730 0061 04       		.uleb128 0x4
 731 0062 04       		.byte	0x4
 732 0063 07       		.byte	0x7
 733 0064 DA000000 		.4byte	.LASF6
 734 0068 04       		.uleb128 0x4
 735 0069 08       		.byte	0x8
 736 006a 05       		.byte	0x5
 737 006b 3B020000 		.4byte	.LASF7
 738 006f 04       		.uleb128 0x4
 739 0070 08       		.byte	0x8
 740 0071 07       		.byte	0x7
 741 0072 89010000 		.4byte	.LASF8
 742 0076 04       		.uleb128 0x4
 743 0077 04       		.byte	0x4
 744 0078 07       		.byte	0x7
 745 0079 32020000 		.4byte	.LASF9
 746 007d 05       		.uleb128 0x5
 747 007e 04       		.byte	0x4
 748 007f 04       		.uleb128 0x4
 749 0080 01       		.byte	0x1
 750 0081 08       		.byte	0x8
ARM GAS  C:\Users\Schuyler\AppData\Local\Temp\ccqLadJu.s 			page 21


 751 0082 AE020000 		.4byte	.LASF10
 752 0086 03       		.uleb128 0x3
 753 0087 EC000000 		.4byte	.LASF12
 754 008b 03       		.byte	0x3
 755 008c A1       		.byte	0xa1
 756 008d 45000000 		.4byte	0x45
 757 0091 03       		.uleb128 0x3
 758 0092 51010000 		.4byte	.LASF13
 759 0096 03       		.byte	0x3
 760 0097 A2       		.byte	0xa2
 761 0098 53000000 		.4byte	0x53
 762 009c 03       		.uleb128 0x3
 763 009d 6D010000 		.4byte	.LASF14
 764 00a1 03       		.byte	0x3
 765 00a2 A3       		.byte	0xa3
 766 00a3 61000000 		.4byte	0x61
 767 00a7 04       		.uleb128 0x4
 768 00a8 04       		.byte	0x4
 769 00a9 04       		.byte	0x4
 770 00aa A1000000 		.4byte	.LASF15
 771 00ae 04       		.uleb128 0x4
 772 00af 08       		.byte	0x8
 773 00b0 04       		.byte	0x4
 774 00b1 20010000 		.4byte	.LASF16
 775 00b5 06       		.uleb128 0x6
 776 00b6 D5000000 		.4byte	.LASF17
 777 00ba 03       		.byte	0x3
 778 00bb 4B01     		.2byte	0x14b
 779 00bd C1000000 		.4byte	0xc1
 780 00c1 07       		.uleb128 0x7
 781 00c2 86000000 		.4byte	0x86
 782 00c6 06       		.uleb128 0x6
 783 00c7 00000000 		.4byte	.LASF18
 784 00cb 03       		.byte	0x3
 785 00cc 4C01     		.2byte	0x14c
 786 00ce D2000000 		.4byte	0xd2
 787 00d2 07       		.uleb128 0x7
 788 00d3 91000000 		.4byte	0x91
 789 00d7 08       		.uleb128 0x8
 790 00d8 02       		.byte	0x2
 791 00d9 01       		.byte	0x1
 792 00da 7D       		.byte	0x7d
 793 00db F8000000 		.4byte	0xf8
 794 00df 09       		.uleb128 0x9
 795 00e0 64020000 		.4byte	.LASF19
 796 00e4 01       		.byte	0x1
 797 00e5 7F       		.byte	0x7f
 798 00e6 86000000 		.4byte	0x86
 799 00ea 00       		.byte	0
 800 00eb 09       		.uleb128 0x9
 801 00ec 1E000000 		.4byte	.LASF20
 802 00f0 01       		.byte	0x1
 803 00f1 80       		.byte	0x80
 804 00f2 86000000 		.4byte	0x86
 805 00f6 01       		.byte	0x1
 806 00f7 00       		.byte	0
 807 00f8 03       		.uleb128 0x3
ARM GAS  C:\Users\Schuyler\AppData\Local\Temp\ccqLadJu.s 			page 22


 808 00f9 51020000 		.4byte	.LASF21
 809 00fd 01       		.byte	0x1
 810 00fe 81       		.byte	0x81
 811 00ff D7000000 		.4byte	0xd7
 812 0103 0A       		.uleb128 0xa
 813 0104 F2000000 		.4byte	.LASF22
 814 0108 01       		.byte	0x1
 815 0109 3B       		.byte	0x3b
 816 010a 00000000 		.4byte	.LFB0
 817 010e 1A000000 		.4byte	.LFE0-.LFB0
 818 0112 01       		.uleb128 0x1
 819 0113 9C       		.byte	0x9c
 820 0114 31010000 		.4byte	0x131
 821 0118 0B       		.uleb128 0xb
 822 0119 7300     		.ascii	"s\000"
 823 011b 01       		.byte	0x1
 824 011c 3B       		.byte	0x3b
 825 011d 7D000000 		.4byte	0x7d
 826 0121 02       		.uleb128 0x2
 827 0122 91       		.byte	0x91
 828 0123 74       		.sleb128 -12
 829 0124 0B       		.uleb128 0xb
 830 0125 6E00     		.ascii	"n\000"
 831 0127 01       		.byte	0x1
 832 0128 3B       		.byte	0x3b
 833 0129 2C000000 		.4byte	0x2c
 834 012d 02       		.uleb128 0x2
 835 012e 91       		.byte	0x91
 836 012f 70       		.sleb128 -16
 837 0130 00       		.byte	0
 838 0131 0A       		.uleb128 0xa
 839 0132 DA020000 		.4byte	.LASF23
 840 0136 01       		.byte	0x1
 841 0137 42       		.byte	0x42
 842 0138 00000000 		.4byte	.LFB1
 843 013c 1C000000 		.4byte	.LFE1-.LFB1
 844 0140 01       		.uleb128 0x1
 845 0141 9C       		.byte	0x9c
 846 0142 6F010000 		.4byte	0x16f
 847 0146 0C       		.uleb128 0xc
 848 0147 BB000000 		.4byte	.LASF24
 849 014b 01       		.byte	0x1
 850 014c 42       		.byte	0x42
 851 014d 7D000000 		.4byte	0x7d
 852 0151 02       		.uleb128 0x2
 853 0152 91       		.byte	0x91
 854 0153 74       		.sleb128 -12
 855 0154 0B       		.uleb128 0xb
 856 0155 73726300 		.ascii	"src\000"
 857 0159 01       		.byte	0x1
 858 015a 42       		.byte	0x42
 859 015b 6F010000 		.4byte	0x16f
 860 015f 02       		.uleb128 0x2
 861 0160 91       		.byte	0x91
 862 0161 70       		.sleb128 -16
 863 0162 0B       		.uleb128 0xb
 864 0163 6E00     		.ascii	"n\000"
ARM GAS  C:\Users\Schuyler\AppData\Local\Temp\ccqLadJu.s 			page 23


 865 0165 01       		.byte	0x1
 866 0166 42       		.byte	0x42
 867 0167 2C000000 		.4byte	0x2c
 868 016b 02       		.uleb128 0x2
 869 016c 91       		.byte	0x91
 870 016d 6C       		.sleb128 -20
 871 016e 00       		.byte	0
 872 016f 0D       		.uleb128 0xd
 873 0170 04       		.byte	0x4
 874 0171 75010000 		.4byte	0x175
 875 0175 0E       		.uleb128 0xe
 876 0176 0A       		.uleb128 0xa
 877 0177 48000000 		.4byte	.LASF25
 878 017b 01       		.byte	0x1
 879 017c 49       		.byte	0x49
 880 017d 00000000 		.4byte	.LFB2
 881 0181 1C000000 		.4byte	.LFE2-.LFB2
 882 0185 01       		.uleb128 0x1
 883 0186 9C       		.byte	0x9c
 884 0187 B4010000 		.4byte	0x1b4
 885 018b 0C       		.uleb128 0xc
 886 018c BB000000 		.4byte	.LASF24
 887 0190 01       		.byte	0x1
 888 0191 49       		.byte	0x49
 889 0192 7D000000 		.4byte	0x7d
 890 0196 02       		.uleb128 0x2
 891 0197 91       		.byte	0x91
 892 0198 74       		.sleb128 -12
 893 0199 0B       		.uleb128 0xb
 894 019a 73726300 		.ascii	"src\000"
 895 019e 01       		.byte	0x1
 896 019f 49       		.byte	0x49
 897 01a0 6F010000 		.4byte	0x16f
 898 01a4 02       		.uleb128 0x2
 899 01a5 91       		.byte	0x91
 900 01a6 70       		.sleb128 -16
 901 01a7 0B       		.uleb128 0xb
 902 01a8 6E00     		.ascii	"n\000"
 903 01aa 01       		.byte	0x1
 904 01ab 49       		.byte	0x49
 905 01ac 2C000000 		.4byte	0x2c
 906 01b0 02       		.uleb128 0x2
 907 01b1 91       		.byte	0x91
 908 01b2 6C       		.sleb128 -20
 909 01b3 00       		.byte	0
 910 01b4 0F       		.uleb128 0xf
 911 01b5 A7000000 		.4byte	.LASF26
 912 01b9 01       		.byte	0x1
 913 01ba 69       		.byte	0x69
 914 01bb 00000000 		.4byte	.LFB3
 915 01bf 0C000000 		.4byte	.LFE3-.LFB3
 916 01c3 01       		.uleb128 0x1
 917 01c4 9C       		.byte	0x9c
 918 01c5 D8010000 		.4byte	0x1d8
 919 01c9 0C       		.uleb128 0xc
 920 01ca 63010000 		.4byte	.LASF27
 921 01ce 01       		.byte	0x1
ARM GAS  C:\Users\Schuyler\AppData\Local\Temp\ccqLadJu.s 			page 24


 922 01cf 69       		.byte	0x69
 923 01d0 86000000 		.4byte	0x86
 924 01d4 02       		.uleb128 0x2
 925 01d5 91       		.byte	0x91
 926 01d6 77       		.sleb128 -9
 927 01d7 00       		.byte	0
 928 01d8 0F       		.uleb128 0xf
 929 01d9 27010000 		.4byte	.LASF28
 930 01dd 01       		.byte	0x1
 931 01de 9F       		.byte	0x9f
 932 01df 00000000 		.4byte	.LFB4
 933 01e3 72000000 		.4byte	.LFE4-.LFB4
 934 01e7 01       		.uleb128 0x1
 935 01e8 9C       		.byte	0x9c
 936 01e9 48020000 		.4byte	0x248
 937 01ed 0C       		.uleb128 0xc
 938 01ee 46010000 		.4byte	.LASF29
 939 01f2 01       		.byte	0x1
 940 01f3 9F       		.byte	0x9f
 941 01f4 48020000 		.4byte	0x248
 942 01f8 02       		.uleb128 0x2
 943 01f9 91       		.byte	0x91
 944 01fa 64       		.sleb128 -28
 945 01fb 0C       		.uleb128 0xc
 946 01fc 58010000 		.4byte	.LASF30
 947 0200 01       		.byte	0x1
 948 0201 9F       		.byte	0x9f
 949 0202 53020000 		.4byte	0x253
 950 0206 02       		.uleb128 0x2
 951 0207 91       		.byte	0x91
 952 0208 60       		.sleb128 -32
 953 0209 10       		.uleb128 0x10
 954 020a 6900     		.ascii	"i\000"
 955 020c 01       		.byte	0x1
 956 020d A2       		.byte	0xa2
 957 020e 9C000000 		.4byte	0x9c
 958 0212 02       		.uleb128 0x2
 959 0213 91       		.byte	0x91
 960 0214 74       		.sleb128 -12
 961 0215 10       		.uleb128 0x10
 962 0216 6A00     		.ascii	"j\000"
 963 0218 01       		.byte	0x1
 964 0219 A2       		.byte	0xa2
 965 021a 9C000000 		.4byte	0x9c
 966 021e 02       		.uleb128 0x2
 967 021f 91       		.byte	0x91
 968 0220 70       		.sleb128 -16
 969 0221 11       		.uleb128 0x11
 970 0222 14000000 		.4byte	.LBB2
 971 0226 48000000 		.4byte	.LBE2-.LBB2
 972 022a 12       		.uleb128 0x12
 973 022b 29020000 		.4byte	.LASF31
 974 022f 01       		.byte	0x1
 975 0230 A5       		.byte	0xa5
 976 0231 9C000000 		.4byte	0x9c
 977 0235 02       		.uleb128 0x2
 978 0236 91       		.byte	0x91
ARM GAS  C:\Users\Schuyler\AppData\Local\Temp\ccqLadJu.s 			page 25


 979 0237 68       		.sleb128 -24
 980 0238 12       		.uleb128 0x12
 981 0239 24000000 		.4byte	.LASF32
 982 023d 01       		.byte	0x1
 983 023e A6       		.byte	0xa6
 984 023f 86000000 		.4byte	0x86
 985 0243 02       		.uleb128 0x2
 986 0244 91       		.byte	0x91
 987 0245 6F       		.sleb128 -17
 988 0246 00       		.byte	0
 989 0247 00       		.byte	0
 990 0248 0D       		.uleb128 0xd
 991 0249 04       		.byte	0x4
 992 024a 4E020000 		.4byte	0x24e
 993 024e 13       		.uleb128 0x13
 994 024f 9C000000 		.4byte	0x9c
 995 0253 0D       		.uleb128 0xd
 996 0254 04       		.byte	0x4
 997 0255 59020000 		.4byte	0x259
 998 0259 13       		.uleb128 0x13
 999 025a F8000000 		.4byte	0xf8
 1000 025e 0A       		.uleb128 0xa
 1001 025f 2A000000 		.4byte	.LASF33
 1002 0263 01       		.byte	0x1
 1003 0264 C2       		.byte	0xc2
 1004 0265 00000000 		.4byte	.LFB5
 1005 0269 D8000000 		.4byte	.LFE5-.LFB5
 1006 026d 01       		.uleb128 0x1
 1007 026e 9C       		.byte	0x9c
 1008 026f 90020000 		.4byte	0x290
 1009 0273 12       		.uleb128 0x12
 1010 0274 49020000 		.4byte	.LASF34
 1011 0278 01       		.byte	0x1
 1012 0279 C4       		.byte	0xc4
 1013 027a 9C000000 		.4byte	0x9c
 1014 027e 02       		.uleb128 0x2
 1015 027f 91       		.byte	0x91
 1016 0280 74       		.sleb128 -12
 1017 0281 12       		.uleb128 0x12
 1018 0282 58000000 		.4byte	.LASF35
 1019 0286 01       		.byte	0x1
 1020 0287 C5       		.byte	0xc5
 1021 0288 86000000 		.4byte	0x86
 1022 028c 02       		.uleb128 0x2
 1023 028d 91       		.byte	0x91
 1024 028e 73       		.sleb128 -13
 1025 028f 00       		.byte	0
 1026 0290 0F       		.uleb128 0xf
 1027 0291 0D000000 		.4byte	.LASF36
 1028 0295 01       		.byte	0x1
 1029 0296 FD       		.byte	0xfd
 1030 0297 00000000 		.4byte	.LFB6
 1031 029b 44000000 		.4byte	.LFE6-.LFB6
 1032 029f 01       		.uleb128 0x1
 1033 02a0 9C       		.byte	0x9c
 1034 02a1 B4020000 		.4byte	0x2b4
 1035 02a5 12       		.uleb128 0x12
ARM GAS  C:\Users\Schuyler\AppData\Local\Temp\ccqLadJu.s 			page 26


 1036 02a6 B3020000 		.4byte	.LASF37
 1037 02aa 01       		.byte	0x1
 1038 02ab FF       		.byte	0xff
 1039 02ac 86000000 		.4byte	0x86
 1040 02b0 02       		.uleb128 0x2
 1041 02b1 91       		.byte	0x91
 1042 02b2 77       		.sleb128 -9
 1043 02b3 00       		.byte	0
 1044 02b4 14       		.uleb128 0x14
 1045 02b5 FC000000 		.4byte	.LASF47
 1046 02b9 01       		.byte	0x1
 1047 02ba 1701     		.2byte	0x117
 1048 02bc 00000000 		.4byte	.LFB7
 1049 02c0 28000000 		.4byte	.LFE7-.LFB7
 1050 02c4 01       		.uleb128 0x1
 1051 02c5 9C       		.byte	0x9c
 1052 02c6 E9020000 		.4byte	0x2e9
 1053 02ca 15       		.uleb128 0x15
 1054 02cb 9D020000 		.4byte	.LASF38
 1055 02cf 01       		.byte	0x1
 1056 02d0 1701     		.2byte	0x117
 1057 02d2 86000000 		.4byte	0x86
 1058 02d6 02       		.uleb128 0x2
 1059 02d7 91       		.byte	0x91
 1060 02d8 6F       		.sleb128 -17
 1061 02d9 16       		.uleb128 0x16
 1062 02da D1020000 		.4byte	.LASF39
 1063 02de 01       		.byte	0x1
 1064 02df 1901     		.2byte	0x119
 1065 02e1 86000000 		.4byte	0x86
 1066 02e5 02       		.uleb128 0x2
 1067 02e6 91       		.byte	0x91
 1068 02e7 77       		.sleb128 -9
 1069 02e8 00       		.byte	0
 1070 02e9 17       		.uleb128 0x17
 1071 02ea 39010000 		.4byte	.LASF48
 1072 02ee 01       		.byte	0x1
 1073 02ef 3901     		.2byte	0x139
 1074 02f1 00000000 		.4byte	.LFB8
 1075 02f5 34010000 		.4byte	.LFE8-.LFB8
 1076 02f9 01       		.uleb128 0x1
 1077 02fa 9C       		.byte	0x9c
 1078 02fb 11       		.uleb128 0x11
 1079 02fc 18000000 		.4byte	.LBB3
 1080 0300 7E000000 		.4byte	.LBE3-.LBB3
 1081 0304 18       		.uleb128 0x18
 1082 0305 06       		.byte	0x6
 1083 0306 01       		.byte	0x1
 1084 0307 4501     		.2byte	0x145
 1085 0309 28030000 		.4byte	0x328
 1086 030d 19       		.uleb128 0x19
 1087 030e 81010000 		.4byte	.LASF40
 1088 0312 01       		.byte	0x1
 1089 0313 4601     		.2byte	0x146
 1090 0315 7D000000 		.4byte	0x7d
 1091 0319 00       		.byte	0
 1092 031a 19       		.uleb128 0x19
ARM GAS  C:\Users\Schuyler\AppData\Local\Temp\ccqLadJu.s 			page 27


 1093 031b D0000000 		.4byte	.LASF41
 1094 031f 01       		.byte	0x1
 1095 0320 4701     		.2byte	0x147
 1096 0322 91000000 		.4byte	0x91
 1097 0326 04       		.byte	0x4
 1098 0327 00       		.byte	0
 1099 0328 06       		.uleb128 0x6
 1100 0329 1C020000 		.4byte	.LASF42
 1101 032d 01       		.byte	0x1
 1102 032e 4801     		.2byte	0x148
 1103 0330 04030000 		.4byte	0x304
 1104 0334 1A       		.uleb128 0x1a
 1105 0335 28030000 		.4byte	0x328
 1106 0339 44030000 		.4byte	0x344
 1107 033d 1B       		.uleb128 0x1b
 1108 033e 76000000 		.4byte	0x76
 1109 0342 07       		.byte	0x7
 1110 0343 00       		.byte	0
 1111 0344 16       		.uleb128 0x16
 1112 0345 C0000000 		.4byte	.LASF43
 1113 0349 01       		.byte	0x1
 1114 034a 4A01     		.2byte	0x14a
 1115 034c 56030000 		.4byte	0x356
 1116 0350 05       		.uleb128 0x5
 1117 0351 03       		.byte	0x3
 1118 0352 00000000 		.4byte	cfg_memset_list.4879
 1119 0356 13       		.uleb128 0x13
 1120 0357 34030000 		.4byte	0x334
 1121 035b 1C       		.uleb128 0x1c
 1122 035c 6900     		.ascii	"i\000"
 1123 035e 01       		.byte	0x1
 1124 035f 5601     		.2byte	0x156
 1125 0361 86000000 		.4byte	0x86
 1126 0365 02       		.uleb128 0x2
 1127 0366 91       		.byte	0x91
 1128 0367 77       		.sleb128 -9
 1129 0368 11       		.uleb128 0x11
 1130 0369 1E000000 		.4byte	.LBB4
 1131 036d 22000000 		.4byte	.LBE4-.LBB4
 1132 0371 1C       		.uleb128 0x1c
 1133 0372 6D7300   		.ascii	"ms\000"
 1134 0375 01       		.byte	0x1
 1135 0376 5B01     		.2byte	0x15b
 1136 0378 7F030000 		.4byte	0x37f
 1137 037c 02       		.uleb128 0x2
 1138 037d 91       		.byte	0x91
 1139 037e 70       		.sleb128 -16
 1140 037f 0D       		.uleb128 0xd
 1141 0380 04       		.byte	0x4
 1142 0381 85030000 		.4byte	0x385
 1143 0385 13       		.uleb128 0x13
 1144 0386 28030000 		.4byte	0x328
 1145 038a 00       		.byte	0
 1146 038b 00       		.byte	0
 1147 038c 00       		.byte	0
 1148 038d 00       		.byte	0
 1149              		.section	.debug_abbrev,"",%progbits
ARM GAS  C:\Users\Schuyler\AppData\Local\Temp\ccqLadJu.s 			page 28


 1150              	.Ldebug_abbrev0:
 1151 0000 01       		.uleb128 0x1
 1152 0001 11       		.uleb128 0x11
 1153 0002 01       		.byte	0x1
 1154 0003 25       		.uleb128 0x25
 1155 0004 0E       		.uleb128 0xe
 1156 0005 13       		.uleb128 0x13
 1157 0006 0B       		.uleb128 0xb
 1158 0007 03       		.uleb128 0x3
 1159 0008 0E       		.uleb128 0xe
 1160 0009 1B       		.uleb128 0x1b
 1161 000a 0E       		.uleb128 0xe
 1162 000b 55       		.uleb128 0x55
 1163 000c 17       		.uleb128 0x17
 1164 000d 11       		.uleb128 0x11
 1165 000e 01       		.uleb128 0x1
 1166 000f 10       		.uleb128 0x10
 1167 0010 17       		.uleb128 0x17
 1168 0011 00       		.byte	0
 1169 0012 00       		.byte	0
 1170 0013 02       		.uleb128 0x2
 1171 0014 24       		.uleb128 0x24
 1172 0015 00       		.byte	0
 1173 0016 0B       		.uleb128 0xb
 1174 0017 0B       		.uleb128 0xb
 1175 0018 3E       		.uleb128 0x3e
 1176 0019 0B       		.uleb128 0xb
 1177 001a 03       		.uleb128 0x3
 1178 001b 08       		.uleb128 0x8
 1179 001c 00       		.byte	0
 1180 001d 00       		.byte	0
 1181 001e 03       		.uleb128 0x3
 1182 001f 16       		.uleb128 0x16
 1183 0020 00       		.byte	0
 1184 0021 03       		.uleb128 0x3
 1185 0022 0E       		.uleb128 0xe
 1186 0023 3A       		.uleb128 0x3a
 1187 0024 0B       		.uleb128 0xb
 1188 0025 3B       		.uleb128 0x3b
 1189 0026 0B       		.uleb128 0xb
 1190 0027 49       		.uleb128 0x49
 1191 0028 13       		.uleb128 0x13
 1192 0029 00       		.byte	0
 1193 002a 00       		.byte	0
 1194 002b 04       		.uleb128 0x4
 1195 002c 24       		.uleb128 0x24
 1196 002d 00       		.byte	0
 1197 002e 0B       		.uleb128 0xb
 1198 002f 0B       		.uleb128 0xb
 1199 0030 3E       		.uleb128 0x3e
 1200 0031 0B       		.uleb128 0xb
 1201 0032 03       		.uleb128 0x3
 1202 0033 0E       		.uleb128 0xe
 1203 0034 00       		.byte	0
 1204 0035 00       		.byte	0
 1205 0036 05       		.uleb128 0x5
 1206 0037 0F       		.uleb128 0xf
ARM GAS  C:\Users\Schuyler\AppData\Local\Temp\ccqLadJu.s 			page 29


 1207 0038 00       		.byte	0
 1208 0039 0B       		.uleb128 0xb
 1209 003a 0B       		.uleb128 0xb
 1210 003b 00       		.byte	0
 1211 003c 00       		.byte	0
 1212 003d 06       		.uleb128 0x6
 1213 003e 16       		.uleb128 0x16
 1214 003f 00       		.byte	0
 1215 0040 03       		.uleb128 0x3
 1216 0041 0E       		.uleb128 0xe
 1217 0042 3A       		.uleb128 0x3a
 1218 0043 0B       		.uleb128 0xb
 1219 0044 3B       		.uleb128 0x3b
 1220 0045 05       		.uleb128 0x5
 1221 0046 49       		.uleb128 0x49
 1222 0047 13       		.uleb128 0x13
 1223 0048 00       		.byte	0
 1224 0049 00       		.byte	0
 1225 004a 07       		.uleb128 0x7
 1226 004b 35       		.uleb128 0x35
 1227 004c 00       		.byte	0
 1228 004d 49       		.uleb128 0x49
 1229 004e 13       		.uleb128 0x13
 1230 004f 00       		.byte	0
 1231 0050 00       		.byte	0
 1232 0051 08       		.uleb128 0x8
 1233 0052 13       		.uleb128 0x13
 1234 0053 01       		.byte	0x1
 1235 0054 0B       		.uleb128 0xb
 1236 0055 0B       		.uleb128 0xb
 1237 0056 3A       		.uleb128 0x3a
 1238 0057 0B       		.uleb128 0xb
 1239 0058 3B       		.uleb128 0x3b
 1240 0059 0B       		.uleb128 0xb
 1241 005a 01       		.uleb128 0x1
 1242 005b 13       		.uleb128 0x13
 1243 005c 00       		.byte	0
 1244 005d 00       		.byte	0
 1245 005e 09       		.uleb128 0x9
 1246 005f 0D       		.uleb128 0xd
 1247 0060 00       		.byte	0
 1248 0061 03       		.uleb128 0x3
 1249 0062 0E       		.uleb128 0xe
 1250 0063 3A       		.uleb128 0x3a
 1251 0064 0B       		.uleb128 0xb
 1252 0065 3B       		.uleb128 0x3b
 1253 0066 0B       		.uleb128 0xb
 1254 0067 49       		.uleb128 0x49
 1255 0068 13       		.uleb128 0x13
 1256 0069 38       		.uleb128 0x38
 1257 006a 0B       		.uleb128 0xb
 1258 006b 00       		.byte	0
 1259 006c 00       		.byte	0
 1260 006d 0A       		.uleb128 0xa
 1261 006e 2E       		.uleb128 0x2e
 1262 006f 01       		.byte	0x1
 1263 0070 03       		.uleb128 0x3
ARM GAS  C:\Users\Schuyler\AppData\Local\Temp\ccqLadJu.s 			page 30


 1264 0071 0E       		.uleb128 0xe
 1265 0072 3A       		.uleb128 0x3a
 1266 0073 0B       		.uleb128 0xb
 1267 0074 3B       		.uleb128 0x3b
 1268 0075 0B       		.uleb128 0xb
 1269 0076 27       		.uleb128 0x27
 1270 0077 19       		.uleb128 0x19
 1271 0078 11       		.uleb128 0x11
 1272 0079 01       		.uleb128 0x1
 1273 007a 12       		.uleb128 0x12
 1274 007b 06       		.uleb128 0x6
 1275 007c 40       		.uleb128 0x40
 1276 007d 18       		.uleb128 0x18
 1277 007e 9642     		.uleb128 0x2116
 1278 0080 19       		.uleb128 0x19
 1279 0081 01       		.uleb128 0x1
 1280 0082 13       		.uleb128 0x13
 1281 0083 00       		.byte	0
 1282 0084 00       		.byte	0
 1283 0085 0B       		.uleb128 0xb
 1284 0086 05       		.uleb128 0x5
 1285 0087 00       		.byte	0
 1286 0088 03       		.uleb128 0x3
 1287 0089 08       		.uleb128 0x8
 1288 008a 3A       		.uleb128 0x3a
 1289 008b 0B       		.uleb128 0xb
 1290 008c 3B       		.uleb128 0x3b
 1291 008d 0B       		.uleb128 0xb
 1292 008e 49       		.uleb128 0x49
 1293 008f 13       		.uleb128 0x13
 1294 0090 02       		.uleb128 0x2
 1295 0091 18       		.uleb128 0x18
 1296 0092 00       		.byte	0
 1297 0093 00       		.byte	0
 1298 0094 0C       		.uleb128 0xc
 1299 0095 05       		.uleb128 0x5
 1300 0096 00       		.byte	0
 1301 0097 03       		.uleb128 0x3
 1302 0098 0E       		.uleb128 0xe
 1303 0099 3A       		.uleb128 0x3a
 1304 009a 0B       		.uleb128 0xb
 1305 009b 3B       		.uleb128 0x3b
 1306 009c 0B       		.uleb128 0xb
 1307 009d 49       		.uleb128 0x49
 1308 009e 13       		.uleb128 0x13
 1309 009f 02       		.uleb128 0x2
 1310 00a0 18       		.uleb128 0x18
 1311 00a1 00       		.byte	0
 1312 00a2 00       		.byte	0
 1313 00a3 0D       		.uleb128 0xd
 1314 00a4 0F       		.uleb128 0xf
 1315 00a5 00       		.byte	0
 1316 00a6 0B       		.uleb128 0xb
 1317 00a7 0B       		.uleb128 0xb
 1318 00a8 49       		.uleb128 0x49
 1319 00a9 13       		.uleb128 0x13
 1320 00aa 00       		.byte	0
ARM GAS  C:\Users\Schuyler\AppData\Local\Temp\ccqLadJu.s 			page 31


 1321 00ab 00       		.byte	0
 1322 00ac 0E       		.uleb128 0xe
 1323 00ad 26       		.uleb128 0x26
 1324 00ae 00       		.byte	0
 1325 00af 00       		.byte	0
 1326 00b0 00       		.byte	0
 1327 00b1 0F       		.uleb128 0xf
 1328 00b2 2E       		.uleb128 0x2e
 1329 00b3 01       		.byte	0x1
 1330 00b4 03       		.uleb128 0x3
 1331 00b5 0E       		.uleb128 0xe
 1332 00b6 3A       		.uleb128 0x3a
 1333 00b7 0B       		.uleb128 0xb
 1334 00b8 3B       		.uleb128 0x3b
 1335 00b9 0B       		.uleb128 0xb
 1336 00ba 27       		.uleb128 0x27
 1337 00bb 19       		.uleb128 0x19
 1338 00bc 11       		.uleb128 0x11
 1339 00bd 01       		.uleb128 0x1
 1340 00be 12       		.uleb128 0x12
 1341 00bf 06       		.uleb128 0x6
 1342 00c0 40       		.uleb128 0x40
 1343 00c1 18       		.uleb128 0x18
 1344 00c2 9742     		.uleb128 0x2117
 1345 00c4 19       		.uleb128 0x19
 1346 00c5 01       		.uleb128 0x1
 1347 00c6 13       		.uleb128 0x13
 1348 00c7 00       		.byte	0
 1349 00c8 00       		.byte	0
 1350 00c9 10       		.uleb128 0x10
 1351 00ca 34       		.uleb128 0x34
 1352 00cb 00       		.byte	0
 1353 00cc 03       		.uleb128 0x3
 1354 00cd 08       		.uleb128 0x8
 1355 00ce 3A       		.uleb128 0x3a
 1356 00cf 0B       		.uleb128 0xb
 1357 00d0 3B       		.uleb128 0x3b
 1358 00d1 0B       		.uleb128 0xb
 1359 00d2 49       		.uleb128 0x49
 1360 00d3 13       		.uleb128 0x13
 1361 00d4 02       		.uleb128 0x2
 1362 00d5 18       		.uleb128 0x18
 1363 00d6 00       		.byte	0
 1364 00d7 00       		.byte	0
 1365 00d8 11       		.uleb128 0x11
 1366 00d9 0B       		.uleb128 0xb
 1367 00da 01       		.byte	0x1
 1368 00db 11       		.uleb128 0x11
 1369 00dc 01       		.uleb128 0x1
 1370 00dd 12       		.uleb128 0x12
 1371 00de 06       		.uleb128 0x6
 1372 00df 00       		.byte	0
 1373 00e0 00       		.byte	0
 1374 00e1 12       		.uleb128 0x12
 1375 00e2 34       		.uleb128 0x34
 1376 00e3 00       		.byte	0
 1377 00e4 03       		.uleb128 0x3
ARM GAS  C:\Users\Schuyler\AppData\Local\Temp\ccqLadJu.s 			page 32


 1378 00e5 0E       		.uleb128 0xe
 1379 00e6 3A       		.uleb128 0x3a
 1380 00e7 0B       		.uleb128 0xb
 1381 00e8 3B       		.uleb128 0x3b
 1382 00e9 0B       		.uleb128 0xb
 1383 00ea 49       		.uleb128 0x49
 1384 00eb 13       		.uleb128 0x13
 1385 00ec 02       		.uleb128 0x2
 1386 00ed 18       		.uleb128 0x18
 1387 00ee 00       		.byte	0
 1388 00ef 00       		.byte	0
 1389 00f0 13       		.uleb128 0x13
 1390 00f1 26       		.uleb128 0x26
 1391 00f2 00       		.byte	0
 1392 00f3 49       		.uleb128 0x49
 1393 00f4 13       		.uleb128 0x13
 1394 00f5 00       		.byte	0
 1395 00f6 00       		.byte	0
 1396 00f7 14       		.uleb128 0x14
 1397 00f8 2E       		.uleb128 0x2e
 1398 00f9 01       		.byte	0x1
 1399 00fa 3F       		.uleb128 0x3f
 1400 00fb 19       		.uleb128 0x19
 1401 00fc 03       		.uleb128 0x3
 1402 00fd 0E       		.uleb128 0xe
 1403 00fe 3A       		.uleb128 0x3a
 1404 00ff 0B       		.uleb128 0xb
 1405 0100 3B       		.uleb128 0x3b
 1406 0101 05       		.uleb128 0x5
 1407 0102 27       		.uleb128 0x27
 1408 0103 19       		.uleb128 0x19
 1409 0104 11       		.uleb128 0x11
 1410 0105 01       		.uleb128 0x1
 1411 0106 12       		.uleb128 0x12
 1412 0107 06       		.uleb128 0x6
 1413 0108 40       		.uleb128 0x40
 1414 0109 18       		.uleb128 0x18
 1415 010a 9742     		.uleb128 0x2117
 1416 010c 19       		.uleb128 0x19
 1417 010d 01       		.uleb128 0x1
 1418 010e 13       		.uleb128 0x13
 1419 010f 00       		.byte	0
 1420 0110 00       		.byte	0
 1421 0111 15       		.uleb128 0x15
 1422 0112 05       		.uleb128 0x5
 1423 0113 00       		.byte	0
 1424 0114 03       		.uleb128 0x3
 1425 0115 0E       		.uleb128 0xe
 1426 0116 3A       		.uleb128 0x3a
 1427 0117 0B       		.uleb128 0xb
 1428 0118 3B       		.uleb128 0x3b
 1429 0119 05       		.uleb128 0x5
 1430 011a 49       		.uleb128 0x49
 1431 011b 13       		.uleb128 0x13
 1432 011c 02       		.uleb128 0x2
 1433 011d 18       		.uleb128 0x18
 1434 011e 00       		.byte	0
ARM GAS  C:\Users\Schuyler\AppData\Local\Temp\ccqLadJu.s 			page 33


 1435 011f 00       		.byte	0
 1436 0120 16       		.uleb128 0x16
 1437 0121 34       		.uleb128 0x34
 1438 0122 00       		.byte	0
 1439 0123 03       		.uleb128 0x3
 1440 0124 0E       		.uleb128 0xe
 1441 0125 3A       		.uleb128 0x3a
 1442 0126 0B       		.uleb128 0xb
 1443 0127 3B       		.uleb128 0x3b
 1444 0128 05       		.uleb128 0x5
 1445 0129 49       		.uleb128 0x49
 1446 012a 13       		.uleb128 0x13
 1447 012b 02       		.uleb128 0x2
 1448 012c 18       		.uleb128 0x18
 1449 012d 00       		.byte	0
 1450 012e 00       		.byte	0
 1451 012f 17       		.uleb128 0x17
 1452 0130 2E       		.uleb128 0x2e
 1453 0131 01       		.byte	0x1
 1454 0132 3F       		.uleb128 0x3f
 1455 0133 19       		.uleb128 0x19
 1456 0134 03       		.uleb128 0x3
 1457 0135 0E       		.uleb128 0xe
 1458 0136 3A       		.uleb128 0x3a
 1459 0137 0B       		.uleb128 0xb
 1460 0138 3B       		.uleb128 0x3b
 1461 0139 05       		.uleb128 0x5
 1462 013a 27       		.uleb128 0x27
 1463 013b 19       		.uleb128 0x19
 1464 013c 11       		.uleb128 0x11
 1465 013d 01       		.uleb128 0x1
 1466 013e 12       		.uleb128 0x12
 1467 013f 06       		.uleb128 0x6
 1468 0140 40       		.uleb128 0x40
 1469 0141 18       		.uleb128 0x18
 1470 0142 9642     		.uleb128 0x2116
 1471 0144 19       		.uleb128 0x19
 1472 0145 00       		.byte	0
 1473 0146 00       		.byte	0
 1474 0147 18       		.uleb128 0x18
 1475 0148 13       		.uleb128 0x13
 1476 0149 01       		.byte	0x1
 1477 014a 0B       		.uleb128 0xb
 1478 014b 0B       		.uleb128 0xb
 1479 014c 3A       		.uleb128 0x3a
 1480 014d 0B       		.uleb128 0xb
 1481 014e 3B       		.uleb128 0x3b
 1482 014f 05       		.uleb128 0x5
 1483 0150 01       		.uleb128 0x1
 1484 0151 13       		.uleb128 0x13
 1485 0152 00       		.byte	0
 1486 0153 00       		.byte	0
 1487 0154 19       		.uleb128 0x19
 1488 0155 0D       		.uleb128 0xd
 1489 0156 00       		.byte	0
 1490 0157 03       		.uleb128 0x3
 1491 0158 0E       		.uleb128 0xe
ARM GAS  C:\Users\Schuyler\AppData\Local\Temp\ccqLadJu.s 			page 34


 1492 0159 3A       		.uleb128 0x3a
 1493 015a 0B       		.uleb128 0xb
 1494 015b 3B       		.uleb128 0x3b
 1495 015c 05       		.uleb128 0x5
 1496 015d 49       		.uleb128 0x49
 1497 015e 13       		.uleb128 0x13
 1498 015f 38       		.uleb128 0x38
 1499 0160 0B       		.uleb128 0xb
 1500 0161 00       		.byte	0
 1501 0162 00       		.byte	0
 1502 0163 1A       		.uleb128 0x1a
 1503 0164 01       		.uleb128 0x1
 1504 0165 01       		.byte	0x1
 1505 0166 49       		.uleb128 0x49
 1506 0167 13       		.uleb128 0x13
 1507 0168 01       		.uleb128 0x1
 1508 0169 13       		.uleb128 0x13
 1509 016a 00       		.byte	0
 1510 016b 00       		.byte	0
 1511 016c 1B       		.uleb128 0x1b
 1512 016d 21       		.uleb128 0x21
 1513 016e 00       		.byte	0
 1514 016f 49       		.uleb128 0x49
 1515 0170 13       		.uleb128 0x13
 1516 0171 2F       		.uleb128 0x2f
 1517 0172 0B       		.uleb128 0xb
 1518 0173 00       		.byte	0
 1519 0174 00       		.byte	0
 1520 0175 1C       		.uleb128 0x1c
 1521 0176 34       		.uleb128 0x34
 1522 0177 00       		.byte	0
 1523 0178 03       		.uleb128 0x3
 1524 0179 08       		.uleb128 0x8
 1525 017a 3A       		.uleb128 0x3a
 1526 017b 0B       		.uleb128 0xb
 1527 017c 3B       		.uleb128 0x3b
 1528 017d 05       		.uleb128 0x5
 1529 017e 49       		.uleb128 0x49
 1530 017f 13       		.uleb128 0x13
 1531 0180 02       		.uleb128 0x2
 1532 0181 18       		.uleb128 0x18
 1533 0182 00       		.byte	0
 1534 0183 00       		.byte	0
 1535 0184 00       		.byte	0
 1536              		.section	.debug_aranges,"",%progbits
 1537 0000 5C000000 		.4byte	0x5c
 1538 0004 0200     		.2byte	0x2
 1539 0006 00000000 		.4byte	.Ldebug_info0
 1540 000a 04       		.byte	0x4
 1541 000b 00       		.byte	0
 1542 000c 0000     		.2byte	0
 1543 000e 0000     		.2byte	0
 1544 0010 00000000 		.4byte	.LFB0
 1545 0014 1A000000 		.4byte	.LFE0-.LFB0
 1546 0018 00000000 		.4byte	.LFB1
 1547 001c 1C000000 		.4byte	.LFE1-.LFB1
 1548 0020 00000000 		.4byte	.LFB2
ARM GAS  C:\Users\Schuyler\AppData\Local\Temp\ccqLadJu.s 			page 35


 1549 0024 1C000000 		.4byte	.LFE2-.LFB2
 1550 0028 00000000 		.4byte	.LFB3
 1551 002c 0C000000 		.4byte	.LFE3-.LFB3
 1552 0030 00000000 		.4byte	.LFB4
 1553 0034 72000000 		.4byte	.LFE4-.LFB4
 1554 0038 00000000 		.4byte	.LFB5
 1555 003c D8000000 		.4byte	.LFE5-.LFB5
 1556 0040 00000000 		.4byte	.LFB6
 1557 0044 44000000 		.4byte	.LFE6-.LFB6
 1558 0048 00000000 		.4byte	.LFB7
 1559 004c 28000000 		.4byte	.LFE7-.LFB7
 1560 0050 00000000 		.4byte	.LFB8
 1561 0054 34010000 		.4byte	.LFE8-.LFB8
 1562 0058 00000000 		.4byte	0
 1563 005c 00000000 		.4byte	0
 1564              		.section	.debug_ranges,"",%progbits
 1565              	.Ldebug_ranges0:
 1566 0000 00000000 		.4byte	.LFB0
 1567 0004 1A000000 		.4byte	.LFE0
 1568 0008 00000000 		.4byte	.LFB1
 1569 000c 1C000000 		.4byte	.LFE1
 1570 0010 00000000 		.4byte	.LFB2
 1571 0014 1C000000 		.4byte	.LFE2
 1572 0018 00000000 		.4byte	.LFB3
 1573 001c 0C000000 		.4byte	.LFE3
 1574 0020 00000000 		.4byte	.LFB4
 1575 0024 72000000 		.4byte	.LFE4
 1576 0028 00000000 		.4byte	.LFB5
 1577 002c D8000000 		.4byte	.LFE5
 1578 0030 00000000 		.4byte	.LFB6
 1579 0034 44000000 		.4byte	.LFE6
 1580 0038 00000000 		.4byte	.LFB7
 1581 003c 28000000 		.4byte	.LFE7
 1582 0040 00000000 		.4byte	.LFB8
 1583 0044 34010000 		.4byte	.LFE8
 1584 0048 00000000 		.4byte	0
 1585 004c 00000000 		.4byte	0
 1586              		.section	.debug_line,"",%progbits
 1587              	.Ldebug_line0:
 1588 0000 E6010000 		.section	.debug_str,"MS",%progbits,1
 1588      0200D000 
 1588      00000201 
 1588      FB0E0D00 
 1588      01010101 
 1589              	.LASF18:
 1590 0000 72656731 		.ascii	"reg16\000"
 1590      3600
 1591              	.LASF11:
 1592 0006 73697A65 		.ascii	"size_t\000"
 1592      5F7400
 1593              	.LASF36:
 1594 000d 416E616C 		.ascii	"AnalogSetDefault\000"
 1594      6F675365 
 1594      74446566 
 1594      61756C74 
 1594      00
 1595              	.LASF20:
ARM GAS  C:\Users\Schuyler\AppData\Local\Temp\ccqLadJu.s 			page 36


 1596 001e 76616C75 		.ascii	"value\000"
 1596      6500
 1597              	.LASF32:
 1598 0024 636F756E 		.ascii	"count\000"
 1598      7400
 1599              	.LASF33:
 1600 002a 436C6F63 		.ascii	"ClockSetup\000"
 1600      6B536574 
 1600      757000
 1601              	.LASF4:
 1602 0035 73686F72 		.ascii	"short unsigned int\000"
 1602      7420756E 
 1602      7369676E 
 1602      65642069 
 1602      6E7400
 1603              	.LASF25:
 1604 0048 4359434F 		.ascii	"CYCONFIGCPYCODE\000"
 1604      4E464947 
 1604      43505943 
 1604      4F444500 
 1605              	.LASF35:
 1606 0058 706C6C4C 		.ascii	"pllLock\000"
 1606      6F636B00 
 1607              	.LASF46:
 1608 0060 433A5C55 		.ascii	"C:\\Users\\Schuyler\\Documents\\PSoC Creator\\Desig"
 1608      73657273 
 1608      5C536368 
 1608      75796C65 
 1608      725C446F 
 1609 008e 6E30335C 		.ascii	"n03\\Design03.cydsn\000"
 1609      44657369 
 1609      676E3033 
 1609      2E637964 
 1609      736E00
 1610              	.LASF15:
 1611 00a1 666C6F61 		.ascii	"float\000"
 1611      7400
 1612              	.LASF26:
 1613 00a7 4379436C 		.ascii	"CyClockStartupError\000"
 1613      6F636B53 
 1613      74617274 
 1613      75704572 
 1613      726F7200 
 1614              	.LASF24:
 1615 00bb 64657374 		.ascii	"dest\000"
 1615      00
 1616              	.LASF43:
 1617 00c0 6366675F 		.ascii	"cfg_memset_list\000"
 1617      6D656D73 
 1617      65745F6C 
 1617      69737400 
 1618              	.LASF41:
 1619 00d0 73697A65 		.ascii	"size\000"
 1619      00
 1620              	.LASF17:
 1621 00d5 72656738 		.ascii	"reg8\000"
 1621      00
ARM GAS  C:\Users\Schuyler\AppData\Local\Temp\ccqLadJu.s 			page 37


 1622              	.LASF6:
 1623 00da 6C6F6E67 		.ascii	"long unsigned int\000"
 1623      20756E73 
 1623      69676E65 
 1623      6420696E 
 1623      7400
 1624              	.LASF12:
 1625 00ec 75696E74 		.ascii	"uint8\000"
 1625      3800
 1626              	.LASF22:
 1627 00f2 43594D45 		.ascii	"CYMEMZERO\000"
 1627      4D5A4552 
 1627      4F00
 1628              	.LASF47:
 1629 00fc 53657441 		.ascii	"SetAnalogRoutingPumps\000"
 1629      6E616C6F 
 1629      67526F75 
 1629      74696E67 
 1629      50756D70 
 1630              	.LASF2:
 1631 0112 756E7369 		.ascii	"unsigned char\000"
 1631      676E6564 
 1631      20636861 
 1631      7200
 1632              	.LASF16:
 1633 0120 646F7562 		.ascii	"double\000"
 1633      6C6500
 1634              	.LASF28:
 1635 0127 6366675F 		.ascii	"cfg_write_bytes32\000"
 1635      77726974 
 1635      655F6279 
 1635      74657333 
 1635      3200
 1636              	.LASF48:
 1637 0139 63796669 		.ascii	"cyfitter_cfg\000"
 1637      74746572 
 1637      5F636667 
 1637      00
 1638              	.LASF29:
 1639 0146 61646472 		.ascii	"addr_table\000"
 1639      5F746162 
 1639      6C6500
 1640              	.LASF13:
 1641 0151 75696E74 		.ascii	"uint16\000"
 1641      313600
 1642              	.LASF30:
 1643 0158 64617461 		.ascii	"data_table\000"
 1643      5F746162 
 1643      6C6500
 1644              	.LASF27:
 1645 0163 6572726F 		.ascii	"errorCode\000"
 1645      72436F64 
 1645      6500
 1646              	.LASF14:
 1647 016d 75696E74 		.ascii	"uint32\000"
 1647      333200
 1648              	.LASF0:
ARM GAS  C:\Users\Schuyler\AppData\Local\Temp\ccqLadJu.s 			page 38


 1649 0174 756E7369 		.ascii	"unsigned int\000"
 1649      676E6564 
 1649      20696E74 
 1649      00
 1650              	.LASF40:
 1651 0181 61646472 		.ascii	"address\000"
 1651      65737300 
 1652              	.LASF8:
 1653 0189 6C6F6E67 		.ascii	"long long unsigned int\000"
 1653      206C6F6E 
 1653      6720756E 
 1653      7369676E 
 1653      65642069 
 1654              	.LASF44:
 1655 01a0 474E5520 		.ascii	"GNU C 4.8.4 20140526 (release) [ARM/embedded-4_8-br"
 1655      4320342E 
 1655      382E3420 
 1655      32303134 
 1655      30353236 
 1656 01d3 616E6368 		.ascii	"anch revision 211358] -mcpu=cortex-m3 -mthumb -g -O"
 1656      20726576 
 1656      6973696F 
 1656      6E203231 
 1656      31333538 
 1657 0206 30202D66 		.ascii	"0 -ffunction-sections\000"
 1657      66756E63 
 1657      74696F6E 
 1657      2D736563 
 1657      74696F6E 
 1658              	.LASF42:
 1659 021c 6366675F 		.ascii	"cfg_memset_t\000"
 1659      6D656D73 
 1659      65745F74 
 1659      00
 1660              	.LASF31:
 1661 0229 62617365 		.ascii	"baseAddr\000"
 1661      41646472 
 1661      00
 1662              	.LASF9:
 1663 0232 73697A65 		.ascii	"sizetype\000"
 1663      74797065 
 1663      00
 1664              	.LASF7:
 1665 023b 6C6F6E67 		.ascii	"long long int\000"
 1665      206C6F6E 
 1665      6720696E 
 1665      7400
 1666              	.LASF34:
 1667 0249 74696D65 		.ascii	"timeout\000"
 1667      6F757400 
 1668              	.LASF21:
 1669 0251 63795F63 		.ascii	"cy_cfg_addrvalue_t\000"
 1669      66675F61 
 1669      64647276 
 1669      616C7565 
 1669      5F7400
 1670              	.LASF19:
ARM GAS  C:\Users\Schuyler\AppData\Local\Temp\ccqLadJu.s 			page 39


 1671 0264 6F666673 		.ascii	"offset\000"
 1671      657400
 1672              	.LASF3:
 1673 026b 73686F72 		.ascii	"short int\000"
 1673      7420696E 
 1673      7400
 1674              	.LASF45:
 1675 0275 2E5C4765 		.ascii	".\\Generated_Source\\PSoC5\\cyfitter_cfg.c\000"
 1675      6E657261 
 1675      7465645F 
 1675      536F7572 
 1675      63655C50 
 1676              	.LASF38:
 1677 029d 656E6162 		.ascii	"enabled\000"
 1677      6C656400 
 1678              	.LASF5:
 1679 02a5 6C6F6E67 		.ascii	"long int\000"
 1679      20696E74 
 1679      00
 1680              	.LASF10:
 1681 02ae 63686172 		.ascii	"char\000"
 1681      00
 1682              	.LASF37:
 1683 02b3 62675F78 		.ascii	"bg_xover_inl_trim\000"
 1683      6F766572 
 1683      5F696E6C 
 1683      5F747269 
 1683      6D00
 1684              	.LASF1:
 1685 02c5 7369676E 		.ascii	"signed char\000"
 1685      65642063 
 1685      68617200 
 1686              	.LASF39:
 1687 02d1 72656756 		.ascii	"regValue\000"
 1687      616C7565 
 1687      00
 1688              	.LASF23:
 1689 02da 4359434F 		.ascii	"CYCONFIGCPY\000"
 1689      4E464947 
 1689      43505900 
 1690              		.ident	"GCC: (GNU Tools for ARM Embedded Processors) 4.8.4 20140526 (release) [ARM/embedded-4_8-br
