ARM GAS  C:\Users\Schuyler\AppData\Local\Temp\ccTTt4M4.s 			page 1


   1              		.syntax unified
   2              		.cpu cortex-m3
   3              		.fpu softvfp
   4              		.eabi_attribute 20, 1
   5              		.eabi_attribute 21, 1
   6              		.eabi_attribute 23, 3
   7              		.eabi_attribute 24, 1
   8              		.eabi_attribute 25, 1
   9              		.eabi_attribute 26, 1
  10              		.eabi_attribute 30, 6
  11              		.eabi_attribute 34, 1
  12              		.eabi_attribute 18, 4
  13              		.thumb
  14              		.file	"cyfitter_cfg.c"
  15              		.text
  16              	.Ltext0:
  17              		.cfi_sections	.debug_frame
  18              		.section	.text.CYMEMZERO,"ax",%progbits
  19              		.align	2
  20              		.thumb
  21              		.thumb_func
  22              		.type	CYMEMZERO, %function
  23              	CYMEMZERO:
  24              	.LFB0:
  25              		.file 1 ".\\Generated_Source\\PSoC5\\cyfitter_cfg.c"
   1:.\Generated_Source\PSoC5/cyfitter_cfg.c **** /*******************************************************************************
   2:.\Generated_Source\PSoC5/cyfitter_cfg.c **** * FILENAME: cyfitter_cfg.c
   3:.\Generated_Source\PSoC5/cyfitter_cfg.c **** * PSoC Creator  3.1 SP2
   4:.\Generated_Source\PSoC5/cyfitter_cfg.c **** *
   5:.\Generated_Source\PSoC5/cyfitter_cfg.c **** * Description:
   6:.\Generated_Source\PSoC5/cyfitter_cfg.c **** * This file is automatically generated by PSoC Creator with device 
   7:.\Generated_Source\PSoC5/cyfitter_cfg.c **** * initialization code.  Except for the user defined sections in
   8:.\Generated_Source\PSoC5/cyfitter_cfg.c **** * CyClockStartupError(), this file should not be modified.
   9:.\Generated_Source\PSoC5/cyfitter_cfg.c **** *
  10:.\Generated_Source\PSoC5/cyfitter_cfg.c **** ********************************************************************************
  11:.\Generated_Source\PSoC5/cyfitter_cfg.c **** * Copyright 2013, Cypress Semiconductor Corporation.  All rights reserved.
  12:.\Generated_Source\PSoC5/cyfitter_cfg.c **** * You may use this file only in accordance with the license, terms, conditions, 
  13:.\Generated_Source\PSoC5/cyfitter_cfg.c **** * disclaimers, and limitations in the end user license agreement accompanying 
  14:.\Generated_Source\PSoC5/cyfitter_cfg.c **** * the software package with which this file was provided.
  15:.\Generated_Source\PSoC5/cyfitter_cfg.c **** ********************************************************************************/
  16:.\Generated_Source\PSoC5/cyfitter_cfg.c **** 
  17:.\Generated_Source\PSoC5/cyfitter_cfg.c **** #include <string.h>
  18:.\Generated_Source\PSoC5/cyfitter_cfg.c **** #include <cytypes.h>
  19:.\Generated_Source\PSoC5/cyfitter_cfg.c **** #include <cydevice_trm.h>
  20:.\Generated_Source\PSoC5/cyfitter_cfg.c **** #include <cyfitter.h>
  21:.\Generated_Source\PSoC5/cyfitter_cfg.c **** #include <CyLib.h>
  22:.\Generated_Source\PSoC5/cyfitter_cfg.c **** #include <cyfitter_cfg.h>
  23:.\Generated_Source\PSoC5/cyfitter_cfg.c **** 
  24:.\Generated_Source\PSoC5/cyfitter_cfg.c **** #define CY_NEED_CYCLOCKSTARTUPERROR 1
  25:.\Generated_Source\PSoC5/cyfitter_cfg.c **** 
  26:.\Generated_Source\PSoC5/cyfitter_cfg.c **** 
  27:.\Generated_Source\PSoC5/cyfitter_cfg.c **** #if defined(__GNUC__) || defined(__ARMCC_VERSION)
  28:.\Generated_Source\PSoC5/cyfitter_cfg.c ****     #define CYPACKED 
  29:.\Generated_Source\PSoC5/cyfitter_cfg.c ****     #define CYPACKED_ATTR __attribute__ ((packed))
  30:.\Generated_Source\PSoC5/cyfitter_cfg.c ****     #define CYALIGNED __attribute__ ((aligned))
  31:.\Generated_Source\PSoC5/cyfitter_cfg.c ****     #define CY_CFG_UNUSED __attribute__ ((unused))
  32:.\Generated_Source\PSoC5/cyfitter_cfg.c ****     #define CY_CFG_SECTION __attribute__ ((section(".psocinit")))
ARM GAS  C:\Users\Schuyler\AppData\Local\Temp\ccTTt4M4.s 			page 2


  33:.\Generated_Source\PSoC5/cyfitter_cfg.c ****     
  34:.\Generated_Source\PSoC5/cyfitter_cfg.c ****     #if defined(__ARMCC_VERSION)
  35:.\Generated_Source\PSoC5/cyfitter_cfg.c ****         #define CY_CFG_MEMORY_BARRIER() __memory_changed()
  36:.\Generated_Source\PSoC5/cyfitter_cfg.c ****     #else
  37:.\Generated_Source\PSoC5/cyfitter_cfg.c ****         #define CY_CFG_MEMORY_BARRIER() __sync_synchronize()
  38:.\Generated_Source\PSoC5/cyfitter_cfg.c ****     #endif
  39:.\Generated_Source\PSoC5/cyfitter_cfg.c ****     
  40:.\Generated_Source\PSoC5/cyfitter_cfg.c **** #elif defined(__ICCARM__)
  41:.\Generated_Source\PSoC5/cyfitter_cfg.c ****     #include <intrinsics.h>
  42:.\Generated_Source\PSoC5/cyfitter_cfg.c **** 
  43:.\Generated_Source\PSoC5/cyfitter_cfg.c ****     #define CYPACKED __packed
  44:.\Generated_Source\PSoC5/cyfitter_cfg.c ****     #define CYPACKED_ATTR 
  45:.\Generated_Source\PSoC5/cyfitter_cfg.c ****     #define CYALIGNED _Pragma("data_alignment=4")
  46:.\Generated_Source\PSoC5/cyfitter_cfg.c ****     #define CY_CFG_UNUSED _Pragma("diag_suppress=Pe177")
  47:.\Generated_Source\PSoC5/cyfitter_cfg.c ****     #define CY_CFG_SECTION _Pragma("location=\".psocinit\"")
  48:.\Generated_Source\PSoC5/cyfitter_cfg.c ****     
  49:.\Generated_Source\PSoC5/cyfitter_cfg.c ****     #define CY_CFG_MEMORY_BARRIER() __DMB()
  50:.\Generated_Source\PSoC5/cyfitter_cfg.c ****     
  51:.\Generated_Source\PSoC5/cyfitter_cfg.c **** #else
  52:.\Generated_Source\PSoC5/cyfitter_cfg.c ****     #error Unsupported toolchain
  53:.\Generated_Source\PSoC5/cyfitter_cfg.c **** #endif
  54:.\Generated_Source\PSoC5/cyfitter_cfg.c **** 
  55:.\Generated_Source\PSoC5/cyfitter_cfg.c **** 
  56:.\Generated_Source\PSoC5/cyfitter_cfg.c **** CY_CFG_UNUSED
  57:.\Generated_Source\PSoC5/cyfitter_cfg.c **** static void CYMEMZERO(void *s, size_t n);
  58:.\Generated_Source\PSoC5/cyfitter_cfg.c **** CY_CFG_UNUSED
  59:.\Generated_Source\PSoC5/cyfitter_cfg.c **** static void CYMEMZERO(void *s, size_t n)
  60:.\Generated_Source\PSoC5/cyfitter_cfg.c **** {
  26              		.loc 1 60 0
  27              		.cfi_startproc
  28              		@ args = 0, pretend = 0, frame = 8
  29              		@ frame_needed = 1, uses_anonymous_args = 0
  30 0000 80B5     		push	{r7, lr}
  31              		.cfi_def_cfa_offset 8
  32              		.cfi_offset 7, -8
  33              		.cfi_offset 14, -4
  34 0002 82B0     		sub	sp, sp, #8
  35              		.cfi_def_cfa_offset 16
  36 0004 00AF     		add	r7, sp, #0
  37              		.cfi_def_cfa_register 7
  38 0006 7860     		str	r0, [r7, #4]
  39 0008 3960     		str	r1, [r7]
  61:.\Generated_Source\PSoC5/cyfitter_cfg.c **** 	(void)memset(s, 0, n);
  40              		.loc 1 61 0
  41 000a 7868     		ldr	r0, [r7, #4]
  42 000c 0021     		movs	r1, #0
  43 000e 3A68     		ldr	r2, [r7]
  44 0010 FFF7FEFF 		bl	memset
  62:.\Generated_Source\PSoC5/cyfitter_cfg.c **** }
  45              		.loc 1 62 0
  46 0014 0837     		adds	r7, r7, #8
  47 0016 BD46     		mov	sp, r7
  48              		@ sp needed
  49 0018 80BD     		pop	{r7, pc}
  50              		.cfi_endproc
  51              	.LFE0:
  52              		.size	CYMEMZERO, .-CYMEMZERO
ARM GAS  C:\Users\Schuyler\AppData\Local\Temp\ccTTt4M4.s 			page 3


  53 001a 00BF     		.section	.text.CYCONFIGCPY,"ax",%progbits
  54              		.align	2
  55              		.thumb
  56              		.thumb_func
  57              		.type	CYCONFIGCPY, %function
  58              	CYCONFIGCPY:
  59              	.LFB1:
  63:.\Generated_Source\PSoC5/cyfitter_cfg.c **** CY_CFG_UNUSED
  64:.\Generated_Source\PSoC5/cyfitter_cfg.c **** static void CYCONFIGCPY(void *dest, const void *src, size_t n);
  65:.\Generated_Source\PSoC5/cyfitter_cfg.c **** CY_CFG_UNUSED
  66:.\Generated_Source\PSoC5/cyfitter_cfg.c **** static void CYCONFIGCPY(void *dest, const void *src, size_t n)
  67:.\Generated_Source\PSoC5/cyfitter_cfg.c **** {
  60              		.loc 1 67 0
  61              		.cfi_startproc
  62              		@ args = 0, pretend = 0, frame = 16
  63              		@ frame_needed = 1, uses_anonymous_args = 0
  64 0000 80B5     		push	{r7, lr}
  65              		.cfi_def_cfa_offset 8
  66              		.cfi_offset 7, -8
  67              		.cfi_offset 14, -4
  68 0002 84B0     		sub	sp, sp, #16
  69              		.cfi_def_cfa_offset 24
  70 0004 00AF     		add	r7, sp, #0
  71              		.cfi_def_cfa_register 7
  72 0006 F860     		str	r0, [r7, #12]
  73 0008 B960     		str	r1, [r7, #8]
  74 000a 7A60     		str	r2, [r7, #4]
  68:.\Generated_Source\PSoC5/cyfitter_cfg.c **** 	(void)memcpy(dest, src, n);
  75              		.loc 1 68 0
  76 000c F868     		ldr	r0, [r7, #12]
  77 000e B968     		ldr	r1, [r7, #8]
  78 0010 7A68     		ldr	r2, [r7, #4]
  79 0012 FFF7FEFF 		bl	memcpy
  69:.\Generated_Source\PSoC5/cyfitter_cfg.c **** }
  80              		.loc 1 69 0
  81 0016 1037     		adds	r7, r7, #16
  82 0018 BD46     		mov	sp, r7
  83              		@ sp needed
  84 001a 80BD     		pop	{r7, pc}
  85              		.cfi_endproc
  86              	.LFE1:
  87              		.size	CYCONFIGCPY, .-CYCONFIGCPY
  88              		.section	.text.CYCONFIGCPYCODE,"ax",%progbits
  89              		.align	2
  90              		.thumb
  91              		.thumb_func
  92              		.type	CYCONFIGCPYCODE, %function
  93              	CYCONFIGCPYCODE:
  94              	.LFB2:
  70:.\Generated_Source\PSoC5/cyfitter_cfg.c **** CY_CFG_UNUSED
  71:.\Generated_Source\PSoC5/cyfitter_cfg.c **** static void CYCONFIGCPYCODE(void *dest, const void *src, size_t n);
  72:.\Generated_Source\PSoC5/cyfitter_cfg.c **** CY_CFG_UNUSED
  73:.\Generated_Source\PSoC5/cyfitter_cfg.c **** static void CYCONFIGCPYCODE(void *dest, const void *src, size_t n)
  74:.\Generated_Source\PSoC5/cyfitter_cfg.c **** {
  95              		.loc 1 74 0
  96              		.cfi_startproc
  97              		@ args = 0, pretend = 0, frame = 16
ARM GAS  C:\Users\Schuyler\AppData\Local\Temp\ccTTt4M4.s 			page 4


  98              		@ frame_needed = 1, uses_anonymous_args = 0
  99 0000 80B5     		push	{r7, lr}
 100              		.cfi_def_cfa_offset 8
 101              		.cfi_offset 7, -8
 102              		.cfi_offset 14, -4
 103 0002 84B0     		sub	sp, sp, #16
 104              		.cfi_def_cfa_offset 24
 105 0004 00AF     		add	r7, sp, #0
 106              		.cfi_def_cfa_register 7
 107 0006 F860     		str	r0, [r7, #12]
 108 0008 B960     		str	r1, [r7, #8]
 109 000a 7A60     		str	r2, [r7, #4]
  75:.\Generated_Source\PSoC5/cyfitter_cfg.c **** 	(void)memcpy(dest, src, n);
 110              		.loc 1 75 0
 111 000c F868     		ldr	r0, [r7, #12]
 112 000e B968     		ldr	r1, [r7, #8]
 113 0010 7A68     		ldr	r2, [r7, #4]
 114 0012 FFF7FEFF 		bl	memcpy
  76:.\Generated_Source\PSoC5/cyfitter_cfg.c **** }
 115              		.loc 1 76 0
 116 0016 1037     		adds	r7, r7, #16
 117 0018 BD46     		mov	sp, r7
 118              		@ sp needed
 119 001a 80BD     		pop	{r7, pc}
 120              		.cfi_endproc
 121              	.LFE2:
 122              		.size	CYCONFIGCPYCODE, .-CYCONFIGCPYCODE
 123              		.section	.text.CyClockStartupError,"ax",%progbits
 124              		.align	2
 125              		.thumb
 126              		.thumb_func
 127              		.type	CyClockStartupError, %function
 128              	CyClockStartupError:
 129              	.LFB3:
  77:.\Generated_Source\PSoC5/cyfitter_cfg.c **** 
  78:.\Generated_Source\PSoC5/cyfitter_cfg.c **** 
  79:.\Generated_Source\PSoC5/cyfitter_cfg.c **** 
  80:.\Generated_Source\PSoC5/cyfitter_cfg.c **** /* Clock startup error codes                                                   */
  81:.\Generated_Source\PSoC5/cyfitter_cfg.c **** #define CYCLOCKSTART_NO_ERROR    0u
  82:.\Generated_Source\PSoC5/cyfitter_cfg.c **** #define CYCLOCKSTART_XTAL_ERROR  1u
  83:.\Generated_Source\PSoC5/cyfitter_cfg.c **** #define CYCLOCKSTART_32KHZ_ERROR 2u
  84:.\Generated_Source\PSoC5/cyfitter_cfg.c **** #define CYCLOCKSTART_PLL_ERROR   3u
  85:.\Generated_Source\PSoC5/cyfitter_cfg.c **** 
  86:.\Generated_Source\PSoC5/cyfitter_cfg.c **** #ifdef CY_NEED_CYCLOCKSTARTUPERROR
  87:.\Generated_Source\PSoC5/cyfitter_cfg.c **** /*******************************************************************************
  88:.\Generated_Source\PSoC5/cyfitter_cfg.c **** * Function Name: CyClockStartupError
  89:.\Generated_Source\PSoC5/cyfitter_cfg.c **** ********************************************************************************
  90:.\Generated_Source\PSoC5/cyfitter_cfg.c **** * Summary:
  91:.\Generated_Source\PSoC5/cyfitter_cfg.c **** *  If an error is encountered during clock configuration (crystal startup error,
  92:.\Generated_Source\PSoC5/cyfitter_cfg.c **** *  PLL lock error, etc.), the system will end up here.  Unless reimplemented by
  93:.\Generated_Source\PSoC5/cyfitter_cfg.c **** *  the customer, this function will stop in an infinite loop.
  94:.\Generated_Source\PSoC5/cyfitter_cfg.c **** *
  95:.\Generated_Source\PSoC5/cyfitter_cfg.c **** * Parameters:
  96:.\Generated_Source\PSoC5/cyfitter_cfg.c **** *   void
  97:.\Generated_Source\PSoC5/cyfitter_cfg.c **** *
  98:.\Generated_Source\PSoC5/cyfitter_cfg.c **** * Return:
  99:.\Generated_Source\PSoC5/cyfitter_cfg.c **** *   void
ARM GAS  C:\Users\Schuyler\AppData\Local\Temp\ccTTt4M4.s 			page 5


 100:.\Generated_Source\PSoC5/cyfitter_cfg.c **** *
 101:.\Generated_Source\PSoC5/cyfitter_cfg.c **** *******************************************************************************/
 102:.\Generated_Source\PSoC5/cyfitter_cfg.c **** CY_CFG_UNUSED
 103:.\Generated_Source\PSoC5/cyfitter_cfg.c **** static void CyClockStartupError(uint8 errorCode);
 104:.\Generated_Source\PSoC5/cyfitter_cfg.c **** CY_CFG_UNUSED
 105:.\Generated_Source\PSoC5/cyfitter_cfg.c **** static void CyClockStartupError(uint8 errorCode)
 106:.\Generated_Source\PSoC5/cyfitter_cfg.c **** {
 130              		.loc 1 106 0
 131              		.cfi_startproc
 132              		@ args = 0, pretend = 0, frame = 8
 133              		@ frame_needed = 1, uses_anonymous_args = 0
 134              		@ link register save eliminated.
 135 0000 80B4     		push	{r7}
 136              		.cfi_def_cfa_offset 4
 137              		.cfi_offset 7, -4
 138 0002 83B0     		sub	sp, sp, #12
 139              		.cfi_def_cfa_offset 16
 140 0004 00AF     		add	r7, sp, #0
 141              		.cfi_def_cfa_register 7
 142 0006 0346     		mov	r3, r0
 143 0008 FB71     		strb	r3, [r7, #7]
 144              	.L5:
 107:.\Generated_Source\PSoC5/cyfitter_cfg.c ****     /* To remove the compiler warning if errorCode not used.                */
 108:.\Generated_Source\PSoC5/cyfitter_cfg.c ****     errorCode = errorCode;
 109:.\Generated_Source\PSoC5/cyfitter_cfg.c **** 
 110:.\Generated_Source\PSoC5/cyfitter_cfg.c ****     /* `#START CyClockStartupError` */
 111:.\Generated_Source\PSoC5/cyfitter_cfg.c **** 
 112:.\Generated_Source\PSoC5/cyfitter_cfg.c ****     /* If we have a clock startup error (bad MHz crystal, PLL lock, etc.),  */
 113:.\Generated_Source\PSoC5/cyfitter_cfg.c ****     /* we will end up here to allow the customer to implement something to  */
 114:.\Generated_Source\PSoC5/cyfitter_cfg.c ****     /* deal with the clock condition.                                       */
 115:.\Generated_Source\PSoC5/cyfitter_cfg.c **** 
 116:.\Generated_Source\PSoC5/cyfitter_cfg.c ****     /* `#END` */
 117:.\Generated_Source\PSoC5/cyfitter_cfg.c **** 
 118:.\Generated_Source\PSoC5/cyfitter_cfg.c ****     /* If nothing else, stop here since the clocks have not started         */
 119:.\Generated_Source\PSoC5/cyfitter_cfg.c ****     /* correctly.                                                           */
 120:.\Generated_Source\PSoC5/cyfitter_cfg.c ****     while(1) {}
 145              		.loc 1 120 0 discriminator 1
 146 000a FEE7     		b	.L5
 147              		.cfi_endproc
 148              	.LFE3:
 149              		.size	CyClockStartupError, .-CyClockStartupError
 150              		.section	.text.cfg_write_bytes32,"ax",%progbits
 151              		.align	2
 152              		.thumb
 153              		.thumb_func
 154              		.type	cfg_write_bytes32, %function
 155              	cfg_write_bytes32:
 156              	.LFB4:
 121:.\Generated_Source\PSoC5/cyfitter_cfg.c **** }
 122:.\Generated_Source\PSoC5/cyfitter_cfg.c **** #endif
 123:.\Generated_Source\PSoC5/cyfitter_cfg.c **** 
 124:.\Generated_Source\PSoC5/cyfitter_cfg.c **** #define CY_CFG_BASE_ADDR_COUNT 3u
 125:.\Generated_Source\PSoC5/cyfitter_cfg.c **** CYPACKED typedef struct
 126:.\Generated_Source\PSoC5/cyfitter_cfg.c **** {
 127:.\Generated_Source\PSoC5/cyfitter_cfg.c **** 	uint8 offset;
 128:.\Generated_Source\PSoC5/cyfitter_cfg.c **** 	uint8 value;
 129:.\Generated_Source\PSoC5/cyfitter_cfg.c **** } CYPACKED_ATTR cy_cfg_addrvalue_t;
ARM GAS  C:\Users\Schuyler\AppData\Local\Temp\ccTTt4M4.s 			page 6


 130:.\Generated_Source\PSoC5/cyfitter_cfg.c **** 
 131:.\Generated_Source\PSoC5/cyfitter_cfg.c **** #define cy_cfg_addr_table ((const uint32 CYFAR *)0x48000000u)
 132:.\Generated_Source\PSoC5/cyfitter_cfg.c **** #define cy_cfg_data_table ((const cy_cfg_addrvalue_t CYFAR *)0x4800000Cu)
 133:.\Generated_Source\PSoC5/cyfitter_cfg.c **** 
 134:.\Generated_Source\PSoC5/cyfitter_cfg.c **** /* IOPINS0_1 Address: CYREG_PRT1_DM0 Size (bytes): 8 */
 135:.\Generated_Source\PSoC5/cyfitter_cfg.c **** #define BS_IOPINS0_1_VAL ((const uint8 CYFAR *)0x48000024u)
 136:.\Generated_Source\PSoC5/cyfitter_cfg.c **** 
 137:.\Generated_Source\PSoC5/cyfitter_cfg.c **** 
 138:.\Generated_Source\PSoC5/cyfitter_cfg.c **** /*******************************************************************************
 139:.\Generated_Source\PSoC5/cyfitter_cfg.c **** * Function Name: cfg_write_bytes32
 140:.\Generated_Source\PSoC5/cyfitter_cfg.c **** ********************************************************************************
 141:.\Generated_Source\PSoC5/cyfitter_cfg.c **** * Summary:
 142:.\Generated_Source\PSoC5/cyfitter_cfg.c **** *  This function is used for setting up the chip configuration areas that
 143:.\Generated_Source\PSoC5/cyfitter_cfg.c **** *  contain relatively sparse data.
 144:.\Generated_Source\PSoC5/cyfitter_cfg.c **** *
 145:.\Generated_Source\PSoC5/cyfitter_cfg.c **** * Parameters:
 146:.\Generated_Source\PSoC5/cyfitter_cfg.c **** *   void
 147:.\Generated_Source\PSoC5/cyfitter_cfg.c **** *
 148:.\Generated_Source\PSoC5/cyfitter_cfg.c **** * Return:
 149:.\Generated_Source\PSoC5/cyfitter_cfg.c **** *   void
 150:.\Generated_Source\PSoC5/cyfitter_cfg.c **** *
 151:.\Generated_Source\PSoC5/cyfitter_cfg.c **** *******************************************************************************/
 152:.\Generated_Source\PSoC5/cyfitter_cfg.c **** static void cfg_write_bytes32(const uint32 addr_table[], const cy_cfg_addrvalue_t data_table[]);
 153:.\Generated_Source\PSoC5/cyfitter_cfg.c **** static void cfg_write_bytes32(const uint32 addr_table[], const cy_cfg_addrvalue_t data_table[])
 154:.\Generated_Source\PSoC5/cyfitter_cfg.c **** {
 157              		.loc 1 154 0
 158              		.cfi_startproc
 159              		@ args = 0, pretend = 0, frame = 24
 160              		@ frame_needed = 1, uses_anonymous_args = 0
 161              		@ link register save eliminated.
 162 0000 80B4     		push	{r7}
 163              		.cfi_def_cfa_offset 4
 164              		.cfi_offset 7, -4
 165 0002 87B0     		sub	sp, sp, #28
 166              		.cfi_def_cfa_offset 32
 167 0004 00AF     		add	r7, sp, #0
 168              		.cfi_def_cfa_register 7
 169 0006 7860     		str	r0, [r7, #4]
 170 0008 3960     		str	r1, [r7]
 155:.\Generated_Source\PSoC5/cyfitter_cfg.c **** 	/* For 32-bit little-endian architectures */
 156:.\Generated_Source\PSoC5/cyfitter_cfg.c **** 	uint32 i, j = 0u;
 171              		.loc 1 156 0
 172 000a 0023     		movs	r3, #0
 173 000c 3B61     		str	r3, [r7, #16]
 157:.\Generated_Source\PSoC5/cyfitter_cfg.c **** 	for (i = 0u; i < CY_CFG_BASE_ADDR_COUNT; i++)
 174              		.loc 1 157 0
 175 000e 0023     		movs	r3, #0
 176 0010 7B61     		str	r3, [r7, #20]
 177 0012 26E0     		b	.L7
 178              	.L10:
 179              	.LBB2:
 158:.\Generated_Source\PSoC5/cyfitter_cfg.c **** 	{
 159:.\Generated_Source\PSoC5/cyfitter_cfg.c **** 		uint32 baseAddr = addr_table[i];
 180              		.loc 1 159 0
 181 0014 7B69     		ldr	r3, [r7, #20]
 182 0016 9B00     		lsls	r3, r3, #2
 183 0018 7A68     		ldr	r2, [r7, #4]
ARM GAS  C:\Users\Schuyler\AppData\Local\Temp\ccTTt4M4.s 			page 7


 184 001a 1344     		add	r3, r3, r2
 185 001c 1B68     		ldr	r3, [r3]
 186 001e BB60     		str	r3, [r7, #8]
 160:.\Generated_Source\PSoC5/cyfitter_cfg.c **** 		uint8 count = (uint8)baseAddr;
 187              		.loc 1 160 0
 188 0020 BB68     		ldr	r3, [r7, #8]
 189 0022 FB73     		strb	r3, [r7, #15]
 161:.\Generated_Source\PSoC5/cyfitter_cfg.c **** 		baseAddr &= 0xFFFFFF00u;
 190              		.loc 1 161 0
 191 0024 BB68     		ldr	r3, [r7, #8]
 192 0026 23F0FF03 		bic	r3, r3, #255
 193 002a BB60     		str	r3, [r7, #8]
 162:.\Generated_Source\PSoC5/cyfitter_cfg.c **** 		while (count != 0u)
 194              		.loc 1 162 0
 195 002c 13E0     		b	.L8
 196              	.L9:
 163:.\Generated_Source\PSoC5/cyfitter_cfg.c **** 		{
 164:.\Generated_Source\PSoC5/cyfitter_cfg.c **** 			CY_SET_XTND_REG8((void CYFAR *)(baseAddr + data_table[j].offset), data_table[j].value);
 197              		.loc 1 164 0
 198 002e 3B69     		ldr	r3, [r7, #16]
 199 0030 5B00     		lsls	r3, r3, #1
 200 0032 3A68     		ldr	r2, [r7]
 201 0034 1344     		add	r3, r3, r2
 202 0036 1B78     		ldrb	r3, [r3]	@ zero_extendqisi2
 203 0038 1A46     		mov	r2, r3
 204 003a BB68     		ldr	r3, [r7, #8]
 205 003c 1344     		add	r3, r3, r2
 206 003e 3A69     		ldr	r2, [r7, #16]
 207 0040 5200     		lsls	r2, r2, #1
 208 0042 3968     		ldr	r1, [r7]
 209 0044 0A44     		add	r2, r2, r1
 210 0046 5278     		ldrb	r2, [r2, #1]	@ zero_extendqisi2
 211 0048 1A70     		strb	r2, [r3]
 165:.\Generated_Source\PSoC5/cyfitter_cfg.c **** 			j++;
 212              		.loc 1 165 0
 213 004a 3B69     		ldr	r3, [r7, #16]
 214 004c 0133     		adds	r3, r3, #1
 215 004e 3B61     		str	r3, [r7, #16]
 166:.\Generated_Source\PSoC5/cyfitter_cfg.c **** 			count--;
 216              		.loc 1 166 0
 217 0050 FB7B     		ldrb	r3, [r7, #15]	@ zero_extendqisi2
 218 0052 013B     		subs	r3, r3, #1
 219 0054 FB73     		strb	r3, [r7, #15]
 220              	.L8:
 162:.\Generated_Source\PSoC5/cyfitter_cfg.c **** 		while (count != 0u)
 221              		.loc 1 162 0 discriminator 1
 222 0056 FB7B     		ldrb	r3, [r7, #15]	@ zero_extendqisi2
 223 0058 002B     		cmp	r3, #0
 224 005a E8D1     		bne	.L9
 225              	.LBE2:
 157:.\Generated_Source\PSoC5/cyfitter_cfg.c **** 	for (i = 0u; i < CY_CFG_BASE_ADDR_COUNT; i++)
 226              		.loc 1 157 0
 227 005c 7B69     		ldr	r3, [r7, #20]
 228 005e 0133     		adds	r3, r3, #1
 229 0060 7B61     		str	r3, [r7, #20]
 230              	.L7:
 157:.\Generated_Source\PSoC5/cyfitter_cfg.c **** 	for (i = 0u; i < CY_CFG_BASE_ADDR_COUNT; i++)
ARM GAS  C:\Users\Schuyler\AppData\Local\Temp\ccTTt4M4.s 			page 8


 231              		.loc 1 157 0 is_stmt 0 discriminator 1
 232 0062 7B69     		ldr	r3, [r7, #20]
 233 0064 022B     		cmp	r3, #2
 234 0066 D5D9     		bls	.L10
 167:.\Generated_Source\PSoC5/cyfitter_cfg.c **** 		}
 168:.\Generated_Source\PSoC5/cyfitter_cfg.c **** 	}
 169:.\Generated_Source\PSoC5/cyfitter_cfg.c **** }
 235              		.loc 1 169 0 is_stmt 1
 236 0068 1C37     		adds	r7, r7, #28
 237 006a BD46     		mov	sp, r7
 238              		@ sp needed
 239 006c 5DF8047B 		ldr	r7, [sp], #4
 240 0070 7047     		bx	lr
 241              		.cfi_endproc
 242              	.LFE4:
 243              		.size	cfg_write_bytes32, .-cfg_write_bytes32
 244 0072 00BF     		.section	.text.ClockSetup,"ax",%progbits
 245              		.align	2
 246              		.thumb
 247              		.thumb_func
 248              		.type	ClockSetup, %function
 249              	ClockSetup:
 250              	.LFB5:
 170:.\Generated_Source\PSoC5/cyfitter_cfg.c **** 
 171:.\Generated_Source\PSoC5/cyfitter_cfg.c **** /*******************************************************************************
 172:.\Generated_Source\PSoC5/cyfitter_cfg.c **** * Function Name: ClockSetup
 173:.\Generated_Source\PSoC5/cyfitter_cfg.c **** ********************************************************************************
 174:.\Generated_Source\PSoC5/cyfitter_cfg.c **** *
 175:.\Generated_Source\PSoC5/cyfitter_cfg.c **** * Summary:
 176:.\Generated_Source\PSoC5/cyfitter_cfg.c **** *  Performs the initialization of all of the clocks in the device based on the
 177:.\Generated_Source\PSoC5/cyfitter_cfg.c **** *  settings in the Clock tab of the DWR.  This includes enabling the requested
 178:.\Generated_Source\PSoC5/cyfitter_cfg.c **** *  clocks and setting the necessary dividers to produce the desired frequency. 
 179:.\Generated_Source\PSoC5/cyfitter_cfg.c **** *
 180:.\Generated_Source\PSoC5/cyfitter_cfg.c **** * Parameters:
 181:.\Generated_Source\PSoC5/cyfitter_cfg.c **** *  void
 182:.\Generated_Source\PSoC5/cyfitter_cfg.c **** *
 183:.\Generated_Source\PSoC5/cyfitter_cfg.c **** * Return:
 184:.\Generated_Source\PSoC5/cyfitter_cfg.c **** *  void
 185:.\Generated_Source\PSoC5/cyfitter_cfg.c **** *
 186:.\Generated_Source\PSoC5/cyfitter_cfg.c **** *******************************************************************************/
 187:.\Generated_Source\PSoC5/cyfitter_cfg.c **** static void ClockSetup(void);
 188:.\Generated_Source\PSoC5/cyfitter_cfg.c **** static void ClockSetup(void)
 189:.\Generated_Source\PSoC5/cyfitter_cfg.c **** {
 251              		.loc 1 189 0
 252              		.cfi_startproc
 253              		@ args = 0, pretend = 0, frame = 8
 254              		@ frame_needed = 1, uses_anonymous_args = 0
 255 0000 80B5     		push	{r7, lr}
 256              		.cfi_def_cfa_offset 8
 257              		.cfi_offset 7, -8
 258              		.cfi_offset 14, -4
 259 0002 82B0     		sub	sp, sp, #8
 260              		.cfi_def_cfa_offset 16
 261 0004 00AF     		add	r7, sp, #0
 262              		.cfi_def_cfa_register 7
 190:.\Generated_Source\PSoC5/cyfitter_cfg.c **** 	uint32 timeout;
 191:.\Generated_Source\PSoC5/cyfitter_cfg.c **** 	uint8 pllLock;
ARM GAS  C:\Users\Schuyler\AppData\Local\Temp\ccTTt4M4.s 			page 9


 192:.\Generated_Source\PSoC5/cyfitter_cfg.c **** 
 193:.\Generated_Source\PSoC5/cyfitter_cfg.c **** 
 194:.\Generated_Source\PSoC5/cyfitter_cfg.c **** 	/* Configure ILO based on settings from Clock DWR */
 195:.\Generated_Source\PSoC5/cyfitter_cfg.c **** 	CY_SET_XTND_REG8((void CYFAR *)(CYREG_SLOWCLK_ILO_CR0), 0x02u);
 263              		.loc 1 195 0
 264 0006 294B     		ldr	r3, .L16
 265 0008 0222     		movs	r2, #2
 266 000a 1A70     		strb	r2, [r3]
 196:.\Generated_Source\PSoC5/cyfitter_cfg.c **** 	CY_SET_XTND_REG8((void CYFAR *)(CYREG_CLKDIST_CR), 0x08u);
 267              		.loc 1 196 0
 268 000c 4FF04023 		mov	r3, #1073758208
 269 0010 0822     		movs	r2, #8
 270 0012 1A70     		strb	r2, [r3]
 197:.\Generated_Source\PSoC5/cyfitter_cfg.c **** 
 198:.\Generated_Source\PSoC5/cyfitter_cfg.c **** 	/* Configure IMO based on settings from Clock DWR */
 199:.\Generated_Source\PSoC5/cyfitter_cfg.c **** 	CY_SET_XTND_REG8((void CYFAR *)(CYREG_FASTCLK_IMO_CR), 0x03u);
 271              		.loc 1 199 0
 272 0014 264B     		ldr	r3, .L16+4
 273 0016 0322     		movs	r2, #3
 274 0018 1A70     		strb	r2, [r3]
 200:.\Generated_Source\PSoC5/cyfitter_cfg.c **** 	CY_SET_XTND_REG8((void CYFAR *)(CYREG_IMO_TR1), (CY_GET_XTND_REG8((void CYFAR *)CYREG_FLSHID_CUST_
 275              		.loc 1 200 0
 276 001a 264B     		ldr	r3, .L16+8
 277 001c 264A     		ldr	r2, .L16+12
 278 001e 1278     		ldrb	r2, [r2]
 279 0020 D2B2     		uxtb	r2, r2
 280 0022 1A70     		strb	r2, [r3]
 201:.\Generated_Source\PSoC5/cyfitter_cfg.c **** 
 202:.\Generated_Source\PSoC5/cyfitter_cfg.c **** 	/* Configure PLL based on settings from Clock DWR */
 203:.\Generated_Source\PSoC5/cyfitter_cfg.c **** 	CY_SET_XTND_REG16((void CYFAR *)(CYREG_FASTCLK_PLL_P), 0x0008u);
 281              		.loc 1 203 0
 282 0024 254B     		ldr	r3, .L16+16
 283 0026 0822     		movs	r2, #8
 284 0028 1A80     		strh	r2, [r3]	@ movhi
 204:.\Generated_Source\PSoC5/cyfitter_cfg.c **** 	CY_SET_XTND_REG16((void CYFAR *)(CYREG_FASTCLK_PLL_CFG0), 0x1251u);
 285              		.loc 1 204 0
 286 002a 254B     		ldr	r3, .L16+20
 287 002c 41F25122 		movw	r2, #4689
 288 0030 1A80     		strh	r2, [r3]	@ movhi
 205:.\Generated_Source\PSoC5/cyfitter_cfg.c **** 	/* Wait up to 250us for the PLL to lock */
 206:.\Generated_Source\PSoC5/cyfitter_cfg.c **** 	pllLock = 0u;
 289              		.loc 1 206 0
 290 0032 0023     		movs	r3, #0
 291 0034 FB70     		strb	r3, [r7, #3]
 207:.\Generated_Source\PSoC5/cyfitter_cfg.c **** 	for (timeout = 250u / 10u; (timeout > 0u) && (pllLock != 0x03u); timeout--)
 292              		.loc 1 207 0
 293 0036 1923     		movs	r3, #25
 294 0038 7B60     		str	r3, [r7, #4]
 295 003a 14E0     		b	.L12
 296              	.L14:
 208:.\Generated_Source\PSoC5/cyfitter_cfg.c **** 	{ 
 209:.\Generated_Source\PSoC5/cyfitter_cfg.c **** 		pllLock = 0x03u & ((uint8)((uint8)pllLock << 1) | ((CY_GET_XTND_REG8((void CYFAR *)CYREG_FASTCLK_
 297              		.loc 1 209 0 discriminator 1
 298 003c FB78     		ldrb	r3, [r7, #3]
 299 003e 5B00     		lsls	r3, r3, #1
 300 0040 DAB2     		uxtb	r2, r3
 301 0042 204B     		ldr	r3, .L16+24
ARM GAS  C:\Users\Schuyler\AppData\Local\Temp\ccTTt4M4.s 			page 10


 302 0044 1B78     		ldrb	r3, [r3]
 303 0046 DBB2     		uxtb	r3, r3
 304 0048 03F00103 		and	r3, r3, #1
 305 004c DBB2     		uxtb	r3, r3
 306 004e 1343     		orrs	r3, r3, r2
 307 0050 DBB2     		uxtb	r3, r3
 308 0052 03F00303 		and	r3, r3, #3
 309 0056 FB70     		strb	r3, [r7, #3]
 210:.\Generated_Source\PSoC5/cyfitter_cfg.c **** 		CyDelayCycles(10u * 48u); /* Delay 10us based on 48MHz clock */
 310              		.loc 1 210 0 discriminator 1
 311 0058 4FF4F070 		mov	r0, #480
 312 005c FFF7FEFF 		bl	CyDelayCycles
 207:.\Generated_Source\PSoC5/cyfitter_cfg.c **** 	for (timeout = 250u / 10u; (timeout > 0u) && (pllLock != 0x03u); timeout--)
 313              		.loc 1 207 0 discriminator 1
 314 0060 7B68     		ldr	r3, [r7, #4]
 315 0062 013B     		subs	r3, r3, #1
 316 0064 7B60     		str	r3, [r7, #4]
 317              	.L12:
 318 0066 7B68     		ldr	r3, [r7, #4]
 319 0068 002B     		cmp	r3, #0
 320 006a 02D0     		beq	.L13
 207:.\Generated_Source\PSoC5/cyfitter_cfg.c **** 	for (timeout = 250u / 10u; (timeout > 0u) && (pllLock != 0x03u); timeout--)
 321              		.loc 1 207 0 is_stmt 0 discriminator 2
 322 006c FB78     		ldrb	r3, [r7, #3]	@ zero_extendqisi2
 323 006e 032B     		cmp	r3, #3
 324 0070 E4D1     		bne	.L14
 325              	.L13:
 211:.\Generated_Source\PSoC5/cyfitter_cfg.c **** 	}
 212:.\Generated_Source\PSoC5/cyfitter_cfg.c **** 	/* If we ran out of time the PLL didn't lock so go to the error function */
 213:.\Generated_Source\PSoC5/cyfitter_cfg.c **** 	if (timeout == 0u)
 326              		.loc 1 213 0 is_stmt 1
 327 0072 7B68     		ldr	r3, [r7, #4]
 328 0074 002B     		cmp	r3, #0
 329 0076 02D1     		bne	.L15
 214:.\Generated_Source\PSoC5/cyfitter_cfg.c **** 	{
 215:.\Generated_Source\PSoC5/cyfitter_cfg.c **** 		CyClockStartupError(CYCLOCKSTART_PLL_ERROR);
 330              		.loc 1 215 0
 331 0078 0320     		movs	r0, #3
 332 007a FFF7FEFF 		bl	CyClockStartupError
 333              	.L15:
 216:.\Generated_Source\PSoC5/cyfitter_cfg.c **** 	}
 217:.\Generated_Source\PSoC5/cyfitter_cfg.c **** 
 218:.\Generated_Source\PSoC5/cyfitter_cfg.c **** 	/* Configure Bus/Master Clock based on settings from Clock DWR */
 219:.\Generated_Source\PSoC5/cyfitter_cfg.c **** 	CY_SET_XTND_REG16((void CYFAR *)(CYREG_CLKDIST_MSTR0), 0x0100u);
 334              		.loc 1 219 0
 335 007e 124B     		ldr	r3, .L16+28
 336 0080 4FF48072 		mov	r2, #256
 337 0084 1A80     		strh	r2, [r3]	@ movhi
 220:.\Generated_Source\PSoC5/cyfitter_cfg.c **** 	CY_SET_XTND_REG8((void CYFAR *)(CYREG_CLKDIST_MSTR0), 0x07u);
 338              		.loc 1 220 0
 339 0086 104B     		ldr	r3, .L16+28
 340 0088 0722     		movs	r2, #7
 341 008a 1A70     		strb	r2, [r3]
 221:.\Generated_Source\PSoC5/cyfitter_cfg.c **** 	CY_SET_XTND_REG8((void CYFAR *)(CYREG_CLKDIST_BCFG0), 0x00u);
 342              		.loc 1 221 0
 343 008c 0F4B     		ldr	r3, .L16+32
 344 008e 0022     		movs	r2, #0
ARM GAS  C:\Users\Schuyler\AppData\Local\Temp\ccTTt4M4.s 			page 11


 345 0090 1A70     		strb	r2, [r3]
 222:.\Generated_Source\PSoC5/cyfitter_cfg.c **** 	CY_SET_XTND_REG8((void CYFAR *)(CYREG_CLKDIST_BCFG2), 0x48u);
 346              		.loc 1 222 0
 347 0092 0F4B     		ldr	r3, .L16+36
 348 0094 4822     		movs	r2, #72
 349 0096 1A70     		strb	r2, [r3]
 223:.\Generated_Source\PSoC5/cyfitter_cfg.c **** 	CY_SET_XTND_REG8((void CYFAR *)(CYREG_CLKDIST_MSTR0), 0x00u);
 350              		.loc 1 223 0
 351 0098 0B4B     		ldr	r3, .L16+28
 352 009a 0022     		movs	r2, #0
 353 009c 1A70     		strb	r2, [r3]
 224:.\Generated_Source\PSoC5/cyfitter_cfg.c **** 	CY_SET_XTND_REG8((void CYFAR *)(CYREG_CLKDIST_LD), 0x02u);
 354              		.loc 1 224 0
 355 009e 0D4B     		ldr	r3, .L16+40
 356 00a0 0222     		movs	r2, #2
 357 00a2 1A70     		strb	r2, [r3]
 225:.\Generated_Source\PSoC5/cyfitter_cfg.c **** }
 358              		.loc 1 225 0
 359 00a4 0837     		adds	r7, r7, #8
 360 00a6 BD46     		mov	sp, r7
 361              		@ sp needed
 362 00a8 80BD     		pop	{r7, pc}
 363              	.L17:
 364 00aa 00BF     		.align	2
 365              	.L16:
 366 00ac 00430040 		.word	1073758976
 367 00b0 00420040 		.word	1073758720
 368 00b4 A1460040 		.word	1073759905
 369 00b8 08010049 		.word	1224737032
 370 00bc 22420040 		.word	1073758754
 371 00c0 20420040 		.word	1073758752
 372 00c4 25420040 		.word	1073758757
 373 00c8 04400040 		.word	1073758212
 374 00cc 06400040 		.word	1073758214
 375 00d0 08400040 		.word	1073758216
 376 00d4 01400040 		.word	1073758209
 377              		.cfi_endproc
 378              	.LFE5:
 379              		.size	ClockSetup, .-ClockSetup
 380              		.section	.text.AnalogSetDefault,"ax",%progbits
 381              		.align	2
 382              		.thumb
 383              		.thumb_func
 384              		.type	AnalogSetDefault, %function
 385              	AnalogSetDefault:
 386              	.LFB6:
 226:.\Generated_Source\PSoC5/cyfitter_cfg.c **** 
 227:.\Generated_Source\PSoC5/cyfitter_cfg.c **** 
 228:.\Generated_Source\PSoC5/cyfitter_cfg.c **** /* Analog API Functions */
 229:.\Generated_Source\PSoC5/cyfitter_cfg.c **** 
 230:.\Generated_Source\PSoC5/cyfitter_cfg.c **** 
 231:.\Generated_Source\PSoC5/cyfitter_cfg.c **** /*******************************************************************************
 232:.\Generated_Source\PSoC5/cyfitter_cfg.c **** * Function Name: AnalogSetDefault
 233:.\Generated_Source\PSoC5/cyfitter_cfg.c **** ********************************************************************************
 234:.\Generated_Source\PSoC5/cyfitter_cfg.c **** *
 235:.\Generated_Source\PSoC5/cyfitter_cfg.c **** * Summary:
 236:.\Generated_Source\PSoC5/cyfitter_cfg.c **** *  Sets up the analog portions of the chip to default values based on chip
ARM GAS  C:\Users\Schuyler\AppData\Local\Temp\ccTTt4M4.s 			page 12


 237:.\Generated_Source\PSoC5/cyfitter_cfg.c **** *  configuration options from the project.
 238:.\Generated_Source\PSoC5/cyfitter_cfg.c **** *
 239:.\Generated_Source\PSoC5/cyfitter_cfg.c **** * Parameters:
 240:.\Generated_Source\PSoC5/cyfitter_cfg.c **** *  void
 241:.\Generated_Source\PSoC5/cyfitter_cfg.c **** *
 242:.\Generated_Source\PSoC5/cyfitter_cfg.c **** * Return:
 243:.\Generated_Source\PSoC5/cyfitter_cfg.c **** *  void
 244:.\Generated_Source\PSoC5/cyfitter_cfg.c **** *
 245:.\Generated_Source\PSoC5/cyfitter_cfg.c **** *******************************************************************************/
 246:.\Generated_Source\PSoC5/cyfitter_cfg.c **** static void AnalogSetDefault(void);
 247:.\Generated_Source\PSoC5/cyfitter_cfg.c **** static void AnalogSetDefault(void)
 248:.\Generated_Source\PSoC5/cyfitter_cfg.c **** {
 387              		.loc 1 248 0
 388              		.cfi_startproc
 389              		@ args = 0, pretend = 0, frame = 8
 390              		@ frame_needed = 1, uses_anonymous_args = 0
 391              		@ link register save eliminated.
 392 0000 80B4     		push	{r7}
 393              		.cfi_def_cfa_offset 4
 394              		.cfi_offset 7, -4
 395 0002 83B0     		sub	sp, sp, #12
 396              		.cfi_def_cfa_offset 16
 397 0004 00AF     		add	r7, sp, #0
 398              		.cfi_def_cfa_register 7
 249:.\Generated_Source\PSoC5/cyfitter_cfg.c **** 	uint8 bg_xover_inl_trim = CY_GET_XTND_REG8((void CYFAR *)(CYREG_FLSHID_MFG_CFG_BG_XOVER_INL_TRIM +
 399              		.loc 1 249 0
 400 0006 0B4B     		ldr	r3, .L19
 401 0008 1B78     		ldrb	r3, [r3]
 402 000a FB71     		strb	r3, [r7, #7]
 250:.\Generated_Source\PSoC5/cyfitter_cfg.c **** 	CY_SET_XTND_REG8((void CYFAR *)(CYREG_BG_DFT0), (bg_xover_inl_trim & 0x07u));
 403              		.loc 1 250 0
 404 000c 0A4B     		ldr	r3, .L19+4
 405 000e FA79     		ldrb	r2, [r7, #7]
 406 0010 02F00702 		and	r2, r2, #7
 407 0014 D2B2     		uxtb	r2, r2
 408 0016 1A70     		strb	r2, [r3]
 251:.\Generated_Source\PSoC5/cyfitter_cfg.c **** 	CY_SET_XTND_REG8((void CYFAR *)(CYREG_BG_DFT1), ((bg_xover_inl_trim >> 4) & 0x0Fu));
 409              		.loc 1 251 0
 410 0018 084B     		ldr	r3, .L19+8
 411 001a FA79     		ldrb	r2, [r7, #7]	@ zero_extendqisi2
 412 001c 1209     		lsrs	r2, r2, #4
 413 001e D2B2     		uxtb	r2, r2
 414 0020 1A70     		strb	r2, [r3]
 252:.\Generated_Source\PSoC5/cyfitter_cfg.c **** 	CY_SET_XTND_REG8((void CYFAR *)CYREG_PUMP_CR0, 0x44u);
 415              		.loc 1 252 0
 416 0022 074B     		ldr	r3, .L19+12
 417 0024 4422     		movs	r2, #68
 418 0026 1A70     		strb	r2, [r3]
 253:.\Generated_Source\PSoC5/cyfitter_cfg.c **** }
 419              		.loc 1 253 0
 420 0028 0C37     		adds	r7, r7, #12
 421 002a BD46     		mov	sp, r7
 422              		@ sp needed
 423 002c 5DF8047B 		ldr	r7, [sp], #4
 424 0030 7047     		bx	lr
 425              	.L20:
 426 0032 00BF     		.align	2
ARM GAS  C:\Users\Schuyler\AppData\Local\Temp\ccTTt4M4.s 			page 13


 427              	.L19:
 428 0034 CF010049 		.word	1224737231
 429 0038 6E580040 		.word	1073764462
 430 003c 6F580040 		.word	1073764463
 431 0040 76580040 		.word	1073764470
 432              		.cfi_endproc
 433              	.LFE6:
 434              		.size	AnalogSetDefault, .-AnalogSetDefault
 435              		.section	.text.SetAnalogRoutingPumps,"ax",%progbits
 436              		.align	2
 437              		.global	SetAnalogRoutingPumps
 438              		.thumb
 439              		.thumb_func
 440              		.type	SetAnalogRoutingPumps, %function
 441              	SetAnalogRoutingPumps:
 442              	.LFB7:
 254:.\Generated_Source\PSoC5/cyfitter_cfg.c **** 
 255:.\Generated_Source\PSoC5/cyfitter_cfg.c **** 
 256:.\Generated_Source\PSoC5/cyfitter_cfg.c **** /*******************************************************************************
 257:.\Generated_Source\PSoC5/cyfitter_cfg.c **** * Function Name: SetAnalogRoutingPumps
 258:.\Generated_Source\PSoC5/cyfitter_cfg.c **** ********************************************************************************
 259:.\Generated_Source\PSoC5/cyfitter_cfg.c **** *
 260:.\Generated_Source\PSoC5/cyfitter_cfg.c **** * Summary:
 261:.\Generated_Source\PSoC5/cyfitter_cfg.c **** * Enables or disables the analog pumps feeding analog routing switches.
 262:.\Generated_Source\PSoC5/cyfitter_cfg.c **** * Intended to be called at startup, based on the Vdda system configuration;
 263:.\Generated_Source\PSoC5/cyfitter_cfg.c **** * may be called during operation when the user informs us that the Vdda voltage
 264:.\Generated_Source\PSoC5/cyfitter_cfg.c **** * crossed the pump threshold.
 265:.\Generated_Source\PSoC5/cyfitter_cfg.c **** *
 266:.\Generated_Source\PSoC5/cyfitter_cfg.c **** * Parameters:
 267:.\Generated_Source\PSoC5/cyfitter_cfg.c **** *  enabled - 1 to enable the pumps, 0 to disable the pumps
 268:.\Generated_Source\PSoC5/cyfitter_cfg.c **** *
 269:.\Generated_Source\PSoC5/cyfitter_cfg.c **** * Return:
 270:.\Generated_Source\PSoC5/cyfitter_cfg.c **** *  void
 271:.\Generated_Source\PSoC5/cyfitter_cfg.c **** *
 272:.\Generated_Source\PSoC5/cyfitter_cfg.c **** *******************************************************************************/
 273:.\Generated_Source\PSoC5/cyfitter_cfg.c **** void SetAnalogRoutingPumps(uint8 enabled)
 274:.\Generated_Source\PSoC5/cyfitter_cfg.c **** {
 443              		.loc 1 274 0
 444              		.cfi_startproc
 445              		@ args = 0, pretend = 0, frame = 16
 446              		@ frame_needed = 1, uses_anonymous_args = 0
 447              		@ link register save eliminated.
 448 0000 80B4     		push	{r7}
 449              		.cfi_def_cfa_offset 4
 450              		.cfi_offset 7, -4
 451 0002 85B0     		sub	sp, sp, #20
 452              		.cfi_def_cfa_offset 24
 453 0004 00AF     		add	r7, sp, #0
 454              		.cfi_def_cfa_register 7
 455 0006 0346     		mov	r3, r0
 456 0008 FB71     		strb	r3, [r7, #7]
 275:.\Generated_Source\PSoC5/cyfitter_cfg.c **** 	uint8 regValue = CY_GET_XTND_REG8((void CYFAR *)CYREG_PUMP_CR0);
 457              		.loc 1 275 0
 458 000a 064B     		ldr	r3, .L24
 459 000c 1B78     		ldrb	r3, [r3]
 460 000e FB73     		strb	r3, [r7, #15]
 276:.\Generated_Source\PSoC5/cyfitter_cfg.c **** 	if (enabled != 0u)
ARM GAS  C:\Users\Schuyler\AppData\Local\Temp\ccTTt4M4.s 			page 14


 461              		.loc 1 276 0
 462 0010 FB79     		ldrb	r3, [r7, #7]	@ zero_extendqisi2
 463 0012 002B     		cmp	r3, #0
 277:.\Generated_Source\PSoC5/cyfitter_cfg.c **** 	{
 278:.\Generated_Source\PSoC5/cyfitter_cfg.c **** 		regValue |= 0x00u;
 279:.\Generated_Source\PSoC5/cyfitter_cfg.c **** 	}
 280:.\Generated_Source\PSoC5/cyfitter_cfg.c **** 	else
 281:.\Generated_Source\PSoC5/cyfitter_cfg.c **** 	{
 282:.\Generated_Source\PSoC5/cyfitter_cfg.c **** 		regValue &= (uint8)~0x00u;
 283:.\Generated_Source\PSoC5/cyfitter_cfg.c **** 	}
 284:.\Generated_Source\PSoC5/cyfitter_cfg.c **** 	CY_SET_XTND_REG8((void CYFAR *)CYREG_PUMP_CR0, regValue);
 464              		.loc 1 284 0
 465 0014 034B     		ldr	r3, .L24
 466 0016 FA7B     		ldrb	r2, [r7, #15]
 467 0018 1A70     		strb	r2, [r3]
 285:.\Generated_Source\PSoC5/cyfitter_cfg.c **** }
 468              		.loc 1 285 0
 469 001a 1437     		adds	r7, r7, #20
 470 001c BD46     		mov	sp, r7
 471              		@ sp needed
 472 001e 5DF8047B 		ldr	r7, [sp], #4
 473 0022 7047     		bx	lr
 474              	.L25:
 475              		.align	2
 476              	.L24:
 477 0024 76580040 		.word	1073764470
 478              		.cfi_endproc
 479              	.LFE7:
 480              		.size	SetAnalogRoutingPumps, .-SetAnalogRoutingPumps
 481              		.section	.text.cyfitter_cfg,"ax",%progbits
 482              		.align	2
 483              		.global	cyfitter_cfg
 484              		.thumb
 485              		.thumb_func
 486              		.type	cyfitter_cfg, %function
 487              	cyfitter_cfg:
 488              	.LFB8:
 286:.\Generated_Source\PSoC5/cyfitter_cfg.c **** 
 287:.\Generated_Source\PSoC5/cyfitter_cfg.c **** #define CY_AMUX_UNUSED CYREG_BOOST_SR
 288:.\Generated_Source\PSoC5/cyfitter_cfg.c **** 
 289:.\Generated_Source\PSoC5/cyfitter_cfg.c **** 
 290:.\Generated_Source\PSoC5/cyfitter_cfg.c **** /*******************************************************************************
 291:.\Generated_Source\PSoC5/cyfitter_cfg.c **** * Function Name: cyfitter_cfg
 292:.\Generated_Source\PSoC5/cyfitter_cfg.c **** ********************************************************************************
 293:.\Generated_Source\PSoC5/cyfitter_cfg.c **** * Summary:
 294:.\Generated_Source\PSoC5/cyfitter_cfg.c **** *  This function is called by the start-up code for the selected device. It
 295:.\Generated_Source\PSoC5/cyfitter_cfg.c **** *  performs all of the necessary device configuration based on the design
 296:.\Generated_Source\PSoC5/cyfitter_cfg.c **** *  settings.  This includes settings from the Design Wide Resources (DWR) such
 297:.\Generated_Source\PSoC5/cyfitter_cfg.c **** *  as Clocks and Pins as well as any component configuration that is necessary.
 298:.\Generated_Source\PSoC5/cyfitter_cfg.c **** *
 299:.\Generated_Source\PSoC5/cyfitter_cfg.c **** * Parameters:  
 300:.\Generated_Source\PSoC5/cyfitter_cfg.c **** *   void
 301:.\Generated_Source\PSoC5/cyfitter_cfg.c **** *
 302:.\Generated_Source\PSoC5/cyfitter_cfg.c **** * Return:
 303:.\Generated_Source\PSoC5/cyfitter_cfg.c **** *   void
 304:.\Generated_Source\PSoC5/cyfitter_cfg.c **** *
 305:.\Generated_Source\PSoC5/cyfitter_cfg.c **** *******************************************************************************/
ARM GAS  C:\Users\Schuyler\AppData\Local\Temp\ccTTt4M4.s 			page 15


 306:.\Generated_Source\PSoC5/cyfitter_cfg.c **** 
 307:.\Generated_Source\PSoC5/cyfitter_cfg.c **** void cyfitter_cfg(void)
 308:.\Generated_Source\PSoC5/cyfitter_cfg.c **** {
 489              		.loc 1 308 0
 490              		.cfi_startproc
 491              		@ args = 0, pretend = 0, frame = 8
 492              		@ frame_needed = 1, uses_anonymous_args = 0
 493 0000 80B5     		push	{r7, lr}
 494              		.cfi_def_cfa_offset 8
 495              		.cfi_offset 7, -8
 496              		.cfi_offset 14, -4
 497 0002 82B0     		sub	sp, sp, #8
 498              		.cfi_def_cfa_offset 16
 499 0004 00AF     		add	r7, sp, #0
 500              		.cfi_def_cfa_register 7
 309:.\Generated_Source\PSoC5/cyfitter_cfg.c **** #ifdef CYGlobalIntDisable
 310:.\Generated_Source\PSoC5/cyfitter_cfg.c **** 	/* Disable interrupts by default. Let user enable if/when they want. */
 311:.\Generated_Source\PSoC5/cyfitter_cfg.c **** 	CYGlobalIntDisable
 501              		.loc 1 311 0
 502              	@ 311 ".\Generated_Source\PSoC5\cyfitter_cfg.c" 1
 503 0006 72B6     		CPSID   i
 504              	@ 0 "" 2
 312:.\Generated_Source\PSoC5/cyfitter_cfg.c **** #endif
 313:.\Generated_Source\PSoC5/cyfitter_cfg.c **** 
 314:.\Generated_Source\PSoC5/cyfitter_cfg.c **** 	/* Enable/Disable Debug functionality based on settings from System DWR */
 315:.\Generated_Source\PSoC5/cyfitter_cfg.c **** 	CY_SET_XTND_REG8((void CYFAR *)CYREG_MLOGIC_DEBUG, (CY_GET_XTND_REG8((void CYFAR *)CYREG_MLOGIC_DE
 505              		.loc 1 315 0
 506              		.thumb
 507 0008 344B     		ldr	r3, .L29
 508 000a 344A     		ldr	r2, .L29
 509 000c 1278     		ldrb	r2, [r2]
 510 000e D2B2     		uxtb	r2, r2
 511 0010 42F00402 		orr	r2, r2, #4
 512 0014 D2B2     		uxtb	r2, r2
 513 0016 1A70     		strb	r2, [r3]
 514              	.LBB3:
 316:.\Generated_Source\PSoC5/cyfitter_cfg.c **** 
 317:.\Generated_Source\PSoC5/cyfitter_cfg.c **** 	{
 318:.\Generated_Source\PSoC5/cyfitter_cfg.c **** 
 319:.\Generated_Source\PSoC5/cyfitter_cfg.c **** 		CYPACKED typedef struct {
 320:.\Generated_Source\PSoC5/cyfitter_cfg.c **** 			void CYFAR *address;
 321:.\Generated_Source\PSoC5/cyfitter_cfg.c **** 			uint16 size;
 322:.\Generated_Source\PSoC5/cyfitter_cfg.c **** 		} CYPACKED_ATTR cfg_memset_t;
 323:.\Generated_Source\PSoC5/cyfitter_cfg.c **** 
 324:.\Generated_Source\PSoC5/cyfitter_cfg.c **** 		static const cfg_memset_t CYCODE cfg_memset_list [] = {
 325:.\Generated_Source\PSoC5/cyfitter_cfg.c **** 			/* address, size */
 326:.\Generated_Source\PSoC5/cyfitter_cfg.c **** 			{(void CYFAR *)(CYREG_PRT0_DR), 16u},
 327:.\Generated_Source\PSoC5/cyfitter_cfg.c **** 			{(void CYFAR *)(CYREG_PRT2_DR), 80u},
 328:.\Generated_Source\PSoC5/cyfitter_cfg.c **** 			{(void CYFAR *)(CYREG_PRT12_DR), 16u},
 329:.\Generated_Source\PSoC5/cyfitter_cfg.c **** 			{(void CYFAR *)(CYREG_PRT15_DR), 16u},
 330:.\Generated_Source\PSoC5/cyfitter_cfg.c **** 			{(void CYFAR *)(CYDEV_UCFG_B0_P0_U0_BASE), 4096u},
 331:.\Generated_Source\PSoC5/cyfitter_cfg.c **** 			{(void CYFAR *)(CYDEV_UCFG_B1_P2_U0_BASE), 2048u},
 332:.\Generated_Source\PSoC5/cyfitter_cfg.c **** 			{(void CYFAR *)(CYDEV_UCFG_DSI0_BASE), 2560u},
 333:.\Generated_Source\PSoC5/cyfitter_cfg.c **** 			{(void CYFAR *)(CYDEV_UCFG_DSI12_BASE), 512u},
 334:.\Generated_Source\PSoC5/cyfitter_cfg.c **** 			{(void CYFAR *)(CYREG_BCTL0_MDCLK_EN), 32u},
 335:.\Generated_Source\PSoC5/cyfitter_cfg.c **** 		};
 336:.\Generated_Source\PSoC5/cyfitter_cfg.c **** 
ARM GAS  C:\Users\Schuyler\AppData\Local\Temp\ccTTt4M4.s 			page 16


 337:.\Generated_Source\PSoC5/cyfitter_cfg.c **** 		uint8 CYDATA i;
 338:.\Generated_Source\PSoC5/cyfitter_cfg.c **** 
 339:.\Generated_Source\PSoC5/cyfitter_cfg.c **** 		/* Zero out critical memory blocks before beginning configuration */
 340:.\Generated_Source\PSoC5/cyfitter_cfg.c **** 		for (i = 0u; i < (sizeof(cfg_memset_list)/sizeof(cfg_memset_list[0])); i++)
 515              		.loc 1 340 0
 516 0018 0023     		movs	r3, #0
 517 001a FB71     		strb	r3, [r7, #7]
 518 001c 13E0     		b	.L27
 519              	.L28:
 520              	.LBB4:
 341:.\Generated_Source\PSoC5/cyfitter_cfg.c **** 		{
 342:.\Generated_Source\PSoC5/cyfitter_cfg.c **** 			const cfg_memset_t CYCODE * CYDATA ms = &cfg_memset_list[i];
 521              		.loc 1 342 0 discriminator 2
 522 001e FA79     		ldrb	r2, [r7, #7]	@ zero_extendqisi2
 523 0020 1346     		mov	r3, r2
 524 0022 5B00     		lsls	r3, r3, #1
 525 0024 1344     		add	r3, r3, r2
 526 0026 5B00     		lsls	r3, r3, #1
 527 0028 2D4A     		ldr	r2, .L29+4
 528 002a 1344     		add	r3, r3, r2
 529 002c 3B60     		str	r3, [r7]
 343:.\Generated_Source\PSoC5/cyfitter_cfg.c **** 			CYMEMZERO(ms->address, (size_t)(uint32)(ms->size));
 530              		.loc 1 343 0 discriminator 2
 531 002e 3B68     		ldr	r3, [r7]
 532 0030 1A68     		ldr	r2, [r3]	@ unaligned
 533 0032 3B68     		ldr	r3, [r7]
 534 0034 9B88     		ldrh	r3, [r3, #4]	@ unaligned
 535 0036 9BB2     		uxth	r3, r3
 536 0038 1046     		mov	r0, r2
 537 003a 1946     		mov	r1, r3
 538 003c FFF7FEFF 		bl	CYMEMZERO
 539              	.LBE4:
 340:.\Generated_Source\PSoC5/cyfitter_cfg.c **** 		for (i = 0u; i < (sizeof(cfg_memset_list)/sizeof(cfg_memset_list[0])); i++)
 540              		.loc 1 340 0 discriminator 2
 541 0040 FB79     		ldrb	r3, [r7, #7]	@ zero_extendqisi2
 542 0042 0133     		adds	r3, r3, #1
 543 0044 FB71     		strb	r3, [r7, #7]
 544              	.L27:
 340:.\Generated_Source\PSoC5/cyfitter_cfg.c **** 		for (i = 0u; i < (sizeof(cfg_memset_list)/sizeof(cfg_memset_list[0])); i++)
 545              		.loc 1 340 0 is_stmt 0 discriminator 1
 546 0046 FB79     		ldrb	r3, [r7, #7]	@ zero_extendqisi2
 547 0048 082B     		cmp	r3, #8
 548 004a E8D9     		bls	.L28
 344:.\Generated_Source\PSoC5/cyfitter_cfg.c **** 		}
 345:.\Generated_Source\PSoC5/cyfitter_cfg.c **** 
 346:.\Generated_Source\PSoC5/cyfitter_cfg.c **** 		cfg_write_bytes32(cy_cfg_addr_table, cy_cfg_data_table);
 549              		.loc 1 346 0 is_stmt 1
 550 004c 4FF09040 		mov	r0, #1207959552
 551 0050 2449     		ldr	r1, .L29+8
 552 0052 FFF7FEFF 		bl	cfg_write_bytes32
 347:.\Generated_Source\PSoC5/cyfitter_cfg.c **** 
 348:.\Generated_Source\PSoC5/cyfitter_cfg.c **** 		/* Enable digital routing */
 349:.\Generated_Source\PSoC5/cyfitter_cfg.c **** 		CY_SET_XTND_REG8((void CYFAR *)CYREG_BCTL0_BANK_CTL, CY_GET_XTND_REG8((void CYFAR *)CYREG_BCTL0_B
 553              		.loc 1 349 0
 554 0056 244B     		ldr	r3, .L29+12
 555 0058 234A     		ldr	r2, .L29+12
 556 005a 1278     		ldrb	r2, [r2]
ARM GAS  C:\Users\Schuyler\AppData\Local\Temp\ccTTt4M4.s 			page 17


 557 005c D2B2     		uxtb	r2, r2
 558 005e 42F00202 		orr	r2, r2, #2
 559 0062 D2B2     		uxtb	r2, r2
 560 0064 1A70     		strb	r2, [r3]
 350:.\Generated_Source\PSoC5/cyfitter_cfg.c **** 		CY_SET_XTND_REG8((void CYFAR *)CYREG_BCTL1_BANK_CTL, CY_GET_XTND_REG8((void CYFAR *)CYREG_BCTL1_B
 561              		.loc 1 350 0
 562 0066 214B     		ldr	r3, .L29+16
 563 0068 204A     		ldr	r2, .L29+16
 564 006a 1278     		ldrb	r2, [r2]
 565 006c D2B2     		uxtb	r2, r2
 566 006e 42F00202 		orr	r2, r2, #2
 567 0072 D2B2     		uxtb	r2, r2
 568 0074 1A70     		strb	r2, [r3]
 351:.\Generated_Source\PSoC5/cyfitter_cfg.c **** 
 352:.\Generated_Source\PSoC5/cyfitter_cfg.c **** 		/* Enable UDB array */
 353:.\Generated_Source\PSoC5/cyfitter_cfg.c **** 		CY_SET_XTND_REG8((void CYFAR *)CYREG_PM_ACT_CFG0, CY_GET_XTND_REG8((void CYFAR *)CYREG_PM_ACT_CFG
 569              		.loc 1 353 0
 570 0076 1E4B     		ldr	r3, .L29+20
 571 0078 1D4A     		ldr	r2, .L29+20
 572 007a 1278     		ldrb	r2, [r2]
 573 007c D2B2     		uxtb	r2, r2
 574 007e 42F04002 		orr	r2, r2, #64
 575 0082 D2B2     		uxtb	r2, r2
 576 0084 1A70     		strb	r2, [r3]
 354:.\Generated_Source\PSoC5/cyfitter_cfg.c **** 		CY_SET_XTND_REG8((void CYFAR *)CYREG_PM_AVAIL_CR2, CY_GET_XTND_REG8((void CYFAR *)CYREG_PM_AVAIL_
 577              		.loc 1 354 0
 578 0086 1B4B     		ldr	r3, .L29+24
 579 0088 1A4A     		ldr	r2, .L29+24
 580 008a 1278     		ldrb	r2, [r2]
 581 008c D2B2     		uxtb	r2, r2
 582 008e 42F01002 		orr	r2, r2, #16
 583 0092 D2B2     		uxtb	r2, r2
 584 0094 1A70     		strb	r2, [r3]
 585              	.LBE3:
 355:.\Generated_Source\PSoC5/cyfitter_cfg.c **** 	}
 356:.\Generated_Source\PSoC5/cyfitter_cfg.c **** 
 357:.\Generated_Source\PSoC5/cyfitter_cfg.c **** 	/* Perform second pass device configuration. These items must be configured in specific order afte
 358:.\Generated_Source\PSoC5/cyfitter_cfg.c **** 	CYCONFIGCPY((void CYFAR *)(CYREG_PRT1_DM0), (const void CYFAR *)(BS_IOPINS0_1_VAL), 8u);
 586              		.loc 1 358 0
 587 0096 1848     		ldr	r0, .L29+28
 588 0098 1849     		ldr	r1, .L29+32
 589 009a 0822     		movs	r2, #8
 590 009c FFF7FEFF 		bl	CYCONFIGCPY
 359:.\Generated_Source\PSoC5/cyfitter_cfg.c **** 
 360:.\Generated_Source\PSoC5/cyfitter_cfg.c **** 	/* Switch Boost to the precision bandgap reference from its internal reference */
 361:.\Generated_Source\PSoC5/cyfitter_cfg.c **** 	CY_SET_REG8((void CYXDATA *)CYREG_BOOST_CR2, (CY_GET_REG8((void CYXDATA *)CYREG_BOOST_CR2) | 0x08u
 591              		.loc 1 361 0
 592 00a0 174B     		ldr	r3, .L29+36
 593 00a2 174A     		ldr	r2, .L29+36
 594 00a4 1278     		ldrb	r2, [r2]
 595 00a6 D2B2     		uxtb	r2, r2
 596 00a8 42F00802 		orr	r2, r2, #8
 597 00ac D2B2     		uxtb	r2, r2
 598 00ae 1A70     		strb	r2, [r3]
 362:.\Generated_Source\PSoC5/cyfitter_cfg.c **** 
 363:.\Generated_Source\PSoC5/cyfitter_cfg.c **** 	/* Set Flash Cycles based on max possible frequency in case a glitch occurs during ClockSetup(). *
 364:.\Generated_Source\PSoC5/cyfitter_cfg.c **** 	CY_SET_XTND_REG8((void CYFAR *)(CYREG_CACHE_CC_CTL), (((CYDEV_INSTRUCT_CACHE_ENABLED) != 0) ? 0x61
ARM GAS  C:\Users\Schuyler\AppData\Local\Temp\ccTTt4M4.s 			page 18


 599              		.loc 1 364 0
 600 00b0 144B     		ldr	r3, .L29+40
 601 00b2 6122     		movs	r2, #97
 602 00b4 1A70     		strb	r2, [r3]
 365:.\Generated_Source\PSoC5/cyfitter_cfg.c **** 	/* Setup clocks based on selections from Clock DWR */
 366:.\Generated_Source\PSoC5/cyfitter_cfg.c **** 	ClockSetup();
 603              		.loc 1 366 0
 604 00b6 FFF7FEFF 		bl	ClockSetup
 367:.\Generated_Source\PSoC5/cyfitter_cfg.c **** 	/* Set Flash Cycles based on newly configured 24.00MHz Bus Clock. */
 368:.\Generated_Source\PSoC5/cyfitter_cfg.c **** 	CY_SET_XTND_REG8((void CYFAR *)(CYREG_CACHE_CC_CTL), (((CYDEV_INSTRUCT_CACHE_ENABLED) != 0) ? 0x81
 605              		.loc 1 368 0
 606 00ba 124B     		ldr	r3, .L29+40
 607 00bc 8122     		movs	r2, #129
 608 00be 1A70     		strb	r2, [r3]
 369:.\Generated_Source\PSoC5/cyfitter_cfg.c **** 	CY_SET_XTND_REG8((void CYFAR *)(CYREG_PANTHER_WAITPIPE), 0x01u);
 609              		.loc 1 369 0
 610 00c0 114B     		ldr	r3, .L29+44
 611 00c2 0122     		movs	r2, #1
 612 00c4 1A70     		strb	r2, [r3]
 370:.\Generated_Source\PSoC5/cyfitter_cfg.c **** 
 371:.\Generated_Source\PSoC5/cyfitter_cfg.c **** 	/* Perform basic analog initialization to defaults */
 372:.\Generated_Source\PSoC5/cyfitter_cfg.c **** 	AnalogSetDefault();
 613              		.loc 1 372 0
 614 00c6 FFF7FEFF 		bl	AnalogSetDefault
 373:.\Generated_Source\PSoC5/cyfitter_cfg.c **** 
 374:.\Generated_Source\PSoC5/cyfitter_cfg.c **** 	/* Configure alternate active mode */
 375:.\Generated_Source\PSoC5/cyfitter_cfg.c **** 	CYCONFIGCPY((void CYFAR *)CYDEV_PM_STBY_BASE, (const void CYFAR *)CYDEV_PM_ACT_BASE, 14u);
 615              		.loc 1 375 0
 616 00ca 1048     		ldr	r0, .L29+48
 617 00cc 0849     		ldr	r1, .L29+20
 618 00ce 0E22     		movs	r2, #14
 619 00d0 FFF7FEFF 		bl	CYCONFIGCPY
 376:.\Generated_Source\PSoC5/cyfitter_cfg.c **** }
 620              		.loc 1 376 0
 621 00d4 0837     		adds	r7, r7, #8
 622 00d6 BD46     		mov	sp, r7
 623              		@ sp needed
 624 00d8 80BD     		pop	{r7, pc}
 625              	.L30:
 626 00da 00BF     		.align	2
 627              	.L29:
 628 00dc E8460040 		.word	1073759976
 629 00e0 00000000 		.word	cfg_memset_list.4879
 630 00e4 0C000048 		.word	1207959564
 631 00e8 03500140 		.word	1073827843
 632 00ec 13500140 		.word	1073827859
 633 00f0 A0430040 		.word	1073759136
 634 00f4 C2430040 		.word	1073759170
 635 00f8 12510040 		.word	1073762578
 636 00fc 24000048 		.word	1207959588
 637 0100 22430040 		.word	1073759010
 638 0104 00480040 		.word	1073760256
 639 0108 04000840 		.word	1074266116
 640 010c B0430040 		.word	1073759152
 641              		.cfi_endproc
 642              	.LFE8:
 643              		.size	cyfitter_cfg, .-cyfitter_cfg
ARM GAS  C:\Users\Schuyler\AppData\Local\Temp\ccTTt4M4.s 			page 19


 644              		.section	.rodata
 645              		.align	2
 646              		.type	cfg_memset_list.4879, %object
 647              		.size	cfg_memset_list.4879, 54
 648              	cfg_memset_list.4879:
 649 0000 00510040 		.word	1073762560
 650 0004 1000     		.short	16
 651 0006 20510040 		.4byte	1073762592
 652 000a 5000     		.short	80
 653 000c C0510040 		.word	1073762752
 654 0010 1000     		.short	16
 655 0012 F0510040 		.4byte	1073762800
 656 0016 1000     		.short	16
 657 0018 00000140 		.word	1073807360
 658 001c 0010     		.short	4096
 659 001e 00140140 		.4byte	1073812480
 660 0022 0008     		.short	2048
 661 0024 00400140 		.word	1073823744
 662 0028 000A     		.short	2560
 663 002a 004C0140 		.4byte	1073826816
 664 002e 0002     		.short	512
 665 0030 00500140 		.word	1073827840
 666 0034 2000     		.short	32
 667 0036 0000     		.text
 668              	.Letext0:
 669              		.file 2 "c:\\program files (x86)\\cypress\\psoc creator\\3.1\\psoc creator\\import\\gnu_cs\\arm\\4
 670              		.file 3 ".\\Generated_Source\\PSoC5/cytypes.h"
 671              		.section	.debug_info,"",%progbits
 672              	.Ldebug_info0:
 673 0000 8A030000 		.4byte	0x38a
 674 0004 0400     		.2byte	0x4
 675 0006 00000000 		.4byte	.Ldebug_abbrev0
 676 000a 04       		.byte	0x4
 677 000b 01       		.uleb128 0x1
 678 000c 5F010000 		.4byte	.LASF44
 679 0010 01       		.byte	0x1
 680 0011 75020000 		.4byte	.LASF45
 681 0015 34020000 		.4byte	.LASF46
 682 0019 00000000 		.4byte	.Ldebug_ranges0+0
 683 001d 00000000 		.4byte	0
 684 0021 00000000 		.4byte	.Ldebug_line0
 685 0025 02       		.uleb128 0x2
 686 0026 04       		.byte	0x4
 687 0027 05       		.byte	0x5
 688 0028 696E7400 		.ascii	"int\000"
 689 002c 03       		.uleb128 0x3
 690 002d 06000000 		.4byte	.LASF11
 691 0031 02       		.byte	0x2
 692 0032 D4       		.byte	0xd4
 693 0033 37000000 		.4byte	0x37
 694 0037 04       		.uleb128 0x4
 695 0038 04       		.byte	0x4
 696 0039 07       		.byte	0x7
 697 003a 33010000 		.4byte	.LASF0
 698 003e 04       		.uleb128 0x4
 699 003f 01       		.byte	0x1
 700 0040 06       		.byte	0x6
ARM GAS  C:\Users\Schuyler\AppData\Local\Temp\ccTTt4M4.s 			page 20


 701 0041 C5020000 		.4byte	.LASF1
 702 0045 04       		.uleb128 0x4
 703 0046 01       		.byte	0x1
 704 0047 08       		.byte	0x8
 705 0048 D1000000 		.4byte	.LASF2
 706 004c 04       		.uleb128 0x4
 707 004d 02       		.byte	0x2
 708 004e 05       		.byte	0x5
 709 004f 2A020000 		.4byte	.LASF3
 710 0053 04       		.uleb128 0x4
 711 0054 02       		.byte	0x2
 712 0055 07       		.byte	0x7
 713 0056 35000000 		.4byte	.LASF4
 714 005a 04       		.uleb128 0x4
 715 005b 04       		.byte	0x4
 716 005c 05       		.byte	0x5
 717 005d A5020000 		.4byte	.LASF5
 718 0061 04       		.uleb128 0x4
 719 0062 04       		.byte	0x4
 720 0063 07       		.byte	0x7
 721 0064 99000000 		.4byte	.LASF6
 722 0068 04       		.uleb128 0x4
 723 0069 08       		.byte	0x8
 724 006a 05       		.byte	0x5
 725 006b FA010000 		.4byte	.LASF7
 726 006f 04       		.uleb128 0x4
 727 0070 08       		.byte	0x8
 728 0071 07       		.byte	0x7
 729 0072 48010000 		.4byte	.LASF8
 730 0076 04       		.uleb128 0x4
 731 0077 04       		.byte	0x4
 732 0078 07       		.byte	0x7
 733 0079 F1010000 		.4byte	.LASF9
 734 007d 05       		.uleb128 0x5
 735 007e 04       		.byte	0x4
 736 007f 04       		.uleb128 0x4
 737 0080 01       		.byte	0x1
 738 0081 08       		.byte	0x8
 739 0082 AE020000 		.4byte	.LASF10
 740 0086 03       		.uleb128 0x3
 741 0087 AB000000 		.4byte	.LASF12
 742 008b 03       		.byte	0x3
 743 008c A1       		.byte	0xa1
 744 008d 45000000 		.4byte	0x45
 745 0091 03       		.uleb128 0x3
 746 0092 10010000 		.4byte	.LASF13
 747 0096 03       		.byte	0x3
 748 0097 A2       		.byte	0xa2
 749 0098 53000000 		.4byte	0x53
 750 009c 03       		.uleb128 0x3
 751 009d 2C010000 		.4byte	.LASF14
 752 00a1 03       		.byte	0x3
 753 00a2 A3       		.byte	0xa3
 754 00a3 61000000 		.4byte	0x61
 755 00a7 04       		.uleb128 0x4
 756 00a8 04       		.byte	0x4
 757 00a9 04       		.byte	0x4
ARM GAS  C:\Users\Schuyler\AppData\Local\Temp\ccTTt4M4.s 			page 21


 758 00aa 60000000 		.4byte	.LASF15
 759 00ae 04       		.uleb128 0x4
 760 00af 08       		.byte	0x8
 761 00b0 04       		.byte	0x4
 762 00b1 DF000000 		.4byte	.LASF16
 763 00b5 06       		.uleb128 0x6
 764 00b6 94000000 		.4byte	.LASF17
 765 00ba 03       		.byte	0x3
 766 00bb 4B01     		.2byte	0x14b
 767 00bd C1000000 		.4byte	0xc1
 768 00c1 07       		.uleb128 0x7
 769 00c2 86000000 		.4byte	0x86
 770 00c6 06       		.uleb128 0x6
 771 00c7 00000000 		.4byte	.LASF18
 772 00cb 03       		.byte	0x3
 773 00cc 4C01     		.2byte	0x14c
 774 00ce D2000000 		.4byte	0xd2
 775 00d2 07       		.uleb128 0x7
 776 00d3 91000000 		.4byte	0x91
 777 00d7 08       		.uleb128 0x8
 778 00d8 02       		.byte	0x2
 779 00d9 01       		.byte	0x1
 780 00da 7D       		.byte	0x7d
 781 00db F8000000 		.4byte	0xf8
 782 00df 09       		.uleb128 0x9
 783 00e0 23020000 		.4byte	.LASF19
 784 00e4 01       		.byte	0x1
 785 00e5 7F       		.byte	0x7f
 786 00e6 86000000 		.4byte	0x86
 787 00ea 00       		.byte	0
 788 00eb 09       		.uleb128 0x9
 789 00ec 1E000000 		.4byte	.LASF20
 790 00f0 01       		.byte	0x1
 791 00f1 80       		.byte	0x80
 792 00f2 86000000 		.4byte	0x86
 793 00f6 01       		.byte	0x1
 794 00f7 00       		.byte	0
 795 00f8 03       		.uleb128 0x3
 796 00f9 10020000 		.4byte	.LASF21
 797 00fd 01       		.byte	0x1
 798 00fe 81       		.byte	0x81
 799 00ff D7000000 		.4byte	0xd7
 800 0103 0A       		.uleb128 0xa
 801 0104 B1000000 		.4byte	.LASF22
 802 0108 01       		.byte	0x1
 803 0109 3B       		.byte	0x3b
 804 010a 00000000 		.4byte	.LFB0
 805 010e 1A000000 		.4byte	.LFE0-.LFB0
 806 0112 01       		.uleb128 0x1
 807 0113 9C       		.byte	0x9c
 808 0114 31010000 		.4byte	0x131
 809 0118 0B       		.uleb128 0xb
 810 0119 7300     		.ascii	"s\000"
 811 011b 01       		.byte	0x1
 812 011c 3B       		.byte	0x3b
 813 011d 7D000000 		.4byte	0x7d
 814 0121 02       		.uleb128 0x2
ARM GAS  C:\Users\Schuyler\AppData\Local\Temp\ccTTt4M4.s 			page 22


 815 0122 91       		.byte	0x91
 816 0123 74       		.sleb128 -12
 817 0124 0B       		.uleb128 0xb
 818 0125 6E00     		.ascii	"n\000"
 819 0127 01       		.byte	0x1
 820 0128 3B       		.byte	0x3b
 821 0129 2C000000 		.4byte	0x2c
 822 012d 02       		.uleb128 0x2
 823 012e 91       		.byte	0x91
 824 012f 70       		.sleb128 -16
 825 0130 00       		.byte	0
 826 0131 0A       		.uleb128 0xa
 827 0132 DA020000 		.4byte	.LASF23
 828 0136 01       		.byte	0x1
 829 0137 42       		.byte	0x42
 830 0138 00000000 		.4byte	.LFB1
 831 013c 1C000000 		.4byte	.LFE1-.LFB1
 832 0140 01       		.uleb128 0x1
 833 0141 9C       		.byte	0x9c
 834 0142 6F010000 		.4byte	0x16f
 835 0146 0C       		.uleb128 0xc
 836 0147 7A000000 		.4byte	.LASF24
 837 014b 01       		.byte	0x1
 838 014c 42       		.byte	0x42
 839 014d 7D000000 		.4byte	0x7d
 840 0151 02       		.uleb128 0x2
 841 0152 91       		.byte	0x91
 842 0153 74       		.sleb128 -12
 843 0154 0B       		.uleb128 0xb
 844 0155 73726300 		.ascii	"src\000"
 845 0159 01       		.byte	0x1
 846 015a 42       		.byte	0x42
 847 015b 6F010000 		.4byte	0x16f
 848 015f 02       		.uleb128 0x2
 849 0160 91       		.byte	0x91
 850 0161 70       		.sleb128 -16
 851 0162 0B       		.uleb128 0xb
 852 0163 6E00     		.ascii	"n\000"
 853 0165 01       		.byte	0x1
 854 0166 42       		.byte	0x42
 855 0167 2C000000 		.4byte	0x2c
 856 016b 02       		.uleb128 0x2
 857 016c 91       		.byte	0x91
 858 016d 6C       		.sleb128 -20
 859 016e 00       		.byte	0
 860 016f 0D       		.uleb128 0xd
 861 0170 04       		.byte	0x4
 862 0171 75010000 		.4byte	0x175
 863 0175 0E       		.uleb128 0xe
 864 0176 0A       		.uleb128 0xa
 865 0177 48000000 		.4byte	.LASF25
 866 017b 01       		.byte	0x1
 867 017c 49       		.byte	0x49
 868 017d 00000000 		.4byte	.LFB2
 869 0181 1C000000 		.4byte	.LFE2-.LFB2
 870 0185 01       		.uleb128 0x1
 871 0186 9C       		.byte	0x9c
ARM GAS  C:\Users\Schuyler\AppData\Local\Temp\ccTTt4M4.s 			page 23


 872 0187 B4010000 		.4byte	0x1b4
 873 018b 0C       		.uleb128 0xc
 874 018c 7A000000 		.4byte	.LASF24
 875 0190 01       		.byte	0x1
 876 0191 49       		.byte	0x49
 877 0192 7D000000 		.4byte	0x7d
 878 0196 02       		.uleb128 0x2
 879 0197 91       		.byte	0x91
 880 0198 74       		.sleb128 -12
 881 0199 0B       		.uleb128 0xb
 882 019a 73726300 		.ascii	"src\000"
 883 019e 01       		.byte	0x1
 884 019f 49       		.byte	0x49
 885 01a0 6F010000 		.4byte	0x16f
 886 01a4 02       		.uleb128 0x2
 887 01a5 91       		.byte	0x91
 888 01a6 70       		.sleb128 -16
 889 01a7 0B       		.uleb128 0xb
 890 01a8 6E00     		.ascii	"n\000"
 891 01aa 01       		.byte	0x1
 892 01ab 49       		.byte	0x49
 893 01ac 2C000000 		.4byte	0x2c
 894 01b0 02       		.uleb128 0x2
 895 01b1 91       		.byte	0x91
 896 01b2 6C       		.sleb128 -20
 897 01b3 00       		.byte	0
 898 01b4 0F       		.uleb128 0xf
 899 01b5 66000000 		.4byte	.LASF26
 900 01b9 01       		.byte	0x1
 901 01ba 69       		.byte	0x69
 902 01bb 00000000 		.4byte	.LFB3
 903 01bf 0C000000 		.4byte	.LFE3-.LFB3
 904 01c3 01       		.uleb128 0x1
 905 01c4 9C       		.byte	0x9c
 906 01c5 D8010000 		.4byte	0x1d8
 907 01c9 0C       		.uleb128 0xc
 908 01ca 22010000 		.4byte	.LASF27
 909 01ce 01       		.byte	0x1
 910 01cf 69       		.byte	0x69
 911 01d0 86000000 		.4byte	0x86
 912 01d4 02       		.uleb128 0x2
 913 01d5 91       		.byte	0x91
 914 01d6 77       		.sleb128 -9
 915 01d7 00       		.byte	0
 916 01d8 0F       		.uleb128 0xf
 917 01d9 E6000000 		.4byte	.LASF28
 918 01dd 01       		.byte	0x1
 919 01de 99       		.byte	0x99
 920 01df 00000000 		.4byte	.LFB4
 921 01e3 72000000 		.4byte	.LFE4-.LFB4
 922 01e7 01       		.uleb128 0x1
 923 01e8 9C       		.byte	0x9c
 924 01e9 48020000 		.4byte	0x248
 925 01ed 0C       		.uleb128 0xc
 926 01ee 05010000 		.4byte	.LASF29
 927 01f2 01       		.byte	0x1
 928 01f3 99       		.byte	0x99
ARM GAS  C:\Users\Schuyler\AppData\Local\Temp\ccTTt4M4.s 			page 24


 929 01f4 48020000 		.4byte	0x248
 930 01f8 02       		.uleb128 0x2
 931 01f9 91       		.byte	0x91
 932 01fa 64       		.sleb128 -28
 933 01fb 0C       		.uleb128 0xc
 934 01fc 17010000 		.4byte	.LASF30
 935 0200 01       		.byte	0x1
 936 0201 99       		.byte	0x99
 937 0202 53020000 		.4byte	0x253
 938 0206 02       		.uleb128 0x2
 939 0207 91       		.byte	0x91
 940 0208 60       		.sleb128 -32
 941 0209 10       		.uleb128 0x10
 942 020a 6900     		.ascii	"i\000"
 943 020c 01       		.byte	0x1
 944 020d 9C       		.byte	0x9c
 945 020e 9C000000 		.4byte	0x9c
 946 0212 02       		.uleb128 0x2
 947 0213 91       		.byte	0x91
 948 0214 74       		.sleb128 -12
 949 0215 10       		.uleb128 0x10
 950 0216 6A00     		.ascii	"j\000"
 951 0218 01       		.byte	0x1
 952 0219 9C       		.byte	0x9c
 953 021a 9C000000 		.4byte	0x9c
 954 021e 02       		.uleb128 0x2
 955 021f 91       		.byte	0x91
 956 0220 70       		.sleb128 -16
 957 0221 11       		.uleb128 0x11
 958 0222 14000000 		.4byte	.LBB2
 959 0226 48000000 		.4byte	.LBE2-.LBB2
 960 022a 12       		.uleb128 0x12
 961 022b E8010000 		.4byte	.LASF31
 962 022f 01       		.byte	0x1
 963 0230 9F       		.byte	0x9f
 964 0231 9C000000 		.4byte	0x9c
 965 0235 02       		.uleb128 0x2
 966 0236 91       		.byte	0x91
 967 0237 68       		.sleb128 -24
 968 0238 12       		.uleb128 0x12
 969 0239 24000000 		.4byte	.LASF32
 970 023d 01       		.byte	0x1
 971 023e A0       		.byte	0xa0
 972 023f 86000000 		.4byte	0x86
 973 0243 02       		.uleb128 0x2
 974 0244 91       		.byte	0x91
 975 0245 6F       		.sleb128 -17
 976 0246 00       		.byte	0
 977 0247 00       		.byte	0
 978 0248 0D       		.uleb128 0xd
 979 0249 04       		.byte	0x4
 980 024a 4E020000 		.4byte	0x24e
 981 024e 13       		.uleb128 0x13
 982 024f 9C000000 		.4byte	0x9c
 983 0253 0D       		.uleb128 0xd
 984 0254 04       		.byte	0x4
 985 0255 59020000 		.4byte	0x259
ARM GAS  C:\Users\Schuyler\AppData\Local\Temp\ccTTt4M4.s 			page 25


 986 0259 13       		.uleb128 0x13
 987 025a F8000000 		.4byte	0xf8
 988 025e 0A       		.uleb128 0xa
 989 025f 2A000000 		.4byte	.LASF33
 990 0263 01       		.byte	0x1
 991 0264 BC       		.byte	0xbc
 992 0265 00000000 		.4byte	.LFB5
 993 0269 D8000000 		.4byte	.LFE5-.LFB5
 994 026d 01       		.uleb128 0x1
 995 026e 9C       		.byte	0x9c
 996 026f 90020000 		.4byte	0x290
 997 0273 12       		.uleb128 0x12
 998 0274 08020000 		.4byte	.LASF34
 999 0278 01       		.byte	0x1
 1000 0279 BE       		.byte	0xbe
 1001 027a 9C000000 		.4byte	0x9c
 1002 027e 02       		.uleb128 0x2
 1003 027f 91       		.byte	0x91
 1004 0280 74       		.sleb128 -12
 1005 0281 12       		.uleb128 0x12
 1006 0282 58000000 		.4byte	.LASF35
 1007 0286 01       		.byte	0x1
 1008 0287 BF       		.byte	0xbf
 1009 0288 86000000 		.4byte	0x86
 1010 028c 02       		.uleb128 0x2
 1011 028d 91       		.byte	0x91
 1012 028e 73       		.sleb128 -13
 1013 028f 00       		.byte	0
 1014 0290 0F       		.uleb128 0xf
 1015 0291 0D000000 		.4byte	.LASF36
 1016 0295 01       		.byte	0x1
 1017 0296 F7       		.byte	0xf7
 1018 0297 00000000 		.4byte	.LFB6
 1019 029b 44000000 		.4byte	.LFE6-.LFB6
 1020 029f 01       		.uleb128 0x1
 1021 02a0 9C       		.byte	0x9c
 1022 02a1 B4020000 		.4byte	0x2b4
 1023 02a5 12       		.uleb128 0x12
 1024 02a6 B3020000 		.4byte	.LASF37
 1025 02aa 01       		.byte	0x1
 1026 02ab F9       		.byte	0xf9
 1027 02ac 86000000 		.4byte	0x86
 1028 02b0 02       		.uleb128 0x2
 1029 02b1 91       		.byte	0x91
 1030 02b2 77       		.sleb128 -9
 1031 02b3 00       		.byte	0
 1032 02b4 14       		.uleb128 0x14
 1033 02b5 BB000000 		.4byte	.LASF47
 1034 02b9 01       		.byte	0x1
 1035 02ba 1101     		.2byte	0x111
 1036 02bc 00000000 		.4byte	.LFB7
 1037 02c0 28000000 		.4byte	.LFE7-.LFB7
 1038 02c4 01       		.uleb128 0x1
 1039 02c5 9C       		.byte	0x9c
 1040 02c6 E9020000 		.4byte	0x2e9
 1041 02ca 15       		.uleb128 0x15
 1042 02cb 9D020000 		.4byte	.LASF38
ARM GAS  C:\Users\Schuyler\AppData\Local\Temp\ccTTt4M4.s 			page 26


 1043 02cf 01       		.byte	0x1
 1044 02d0 1101     		.2byte	0x111
 1045 02d2 86000000 		.4byte	0x86
 1046 02d6 02       		.uleb128 0x2
 1047 02d7 91       		.byte	0x91
 1048 02d8 6F       		.sleb128 -17
 1049 02d9 16       		.uleb128 0x16
 1050 02da D1020000 		.4byte	.LASF39
 1051 02de 01       		.byte	0x1
 1052 02df 1301     		.2byte	0x113
 1053 02e1 86000000 		.4byte	0x86
 1054 02e5 02       		.uleb128 0x2
 1055 02e6 91       		.byte	0x91
 1056 02e7 77       		.sleb128 -9
 1057 02e8 00       		.byte	0
 1058 02e9 17       		.uleb128 0x17
 1059 02ea F8000000 		.4byte	.LASF48
 1060 02ee 01       		.byte	0x1
 1061 02ef 3301     		.2byte	0x133
 1062 02f1 00000000 		.4byte	.LFB8
 1063 02f5 10010000 		.4byte	.LFE8-.LFB8
 1064 02f9 01       		.uleb128 0x1
 1065 02fa 9C       		.byte	0x9c
 1066 02fb 11       		.uleb128 0x11
 1067 02fc 18000000 		.4byte	.LBB3
 1068 0300 7E000000 		.4byte	.LBE3-.LBB3
 1069 0304 18       		.uleb128 0x18
 1070 0305 06       		.byte	0x6
 1071 0306 01       		.byte	0x1
 1072 0307 3F01     		.2byte	0x13f
 1073 0309 28030000 		.4byte	0x328
 1074 030d 19       		.uleb128 0x19
 1075 030e 40010000 		.4byte	.LASF40
 1076 0312 01       		.byte	0x1
 1077 0313 4001     		.2byte	0x140
 1078 0315 7D000000 		.4byte	0x7d
 1079 0319 00       		.byte	0
 1080 031a 19       		.uleb128 0x19
 1081 031b 8F000000 		.4byte	.LASF41
 1082 031f 01       		.byte	0x1
 1083 0320 4101     		.2byte	0x141
 1084 0322 91000000 		.4byte	0x91
 1085 0326 04       		.byte	0x4
 1086 0327 00       		.byte	0
 1087 0328 06       		.uleb128 0x6
 1088 0329 DB010000 		.4byte	.LASF42
 1089 032d 01       		.byte	0x1
 1090 032e 4201     		.2byte	0x142
 1091 0330 04030000 		.4byte	0x304
 1092 0334 1A       		.uleb128 0x1a
 1093 0335 28030000 		.4byte	0x328
 1094 0339 44030000 		.4byte	0x344
 1095 033d 1B       		.uleb128 0x1b
 1096 033e 76000000 		.4byte	0x76
 1097 0342 08       		.byte	0x8
 1098 0343 00       		.byte	0
 1099 0344 16       		.uleb128 0x16
ARM GAS  C:\Users\Schuyler\AppData\Local\Temp\ccTTt4M4.s 			page 27


 1100 0345 7F000000 		.4byte	.LASF43
 1101 0349 01       		.byte	0x1
 1102 034a 4401     		.2byte	0x144
 1103 034c 56030000 		.4byte	0x356
 1104 0350 05       		.uleb128 0x5
 1105 0351 03       		.byte	0x3
 1106 0352 00000000 		.4byte	cfg_memset_list.4879
 1107 0356 13       		.uleb128 0x13
 1108 0357 34030000 		.4byte	0x334
 1109 035b 1C       		.uleb128 0x1c
 1110 035c 6900     		.ascii	"i\000"
 1111 035e 01       		.byte	0x1
 1112 035f 5101     		.2byte	0x151
 1113 0361 86000000 		.4byte	0x86
 1114 0365 02       		.uleb128 0x2
 1115 0366 91       		.byte	0x91
 1116 0367 77       		.sleb128 -9
 1117 0368 11       		.uleb128 0x11
 1118 0369 1E000000 		.4byte	.LBB4
 1119 036d 22000000 		.4byte	.LBE4-.LBB4
 1120 0371 1C       		.uleb128 0x1c
 1121 0372 6D7300   		.ascii	"ms\000"
 1122 0375 01       		.byte	0x1
 1123 0376 5601     		.2byte	0x156
 1124 0378 7F030000 		.4byte	0x37f
 1125 037c 02       		.uleb128 0x2
 1126 037d 91       		.byte	0x91
 1127 037e 70       		.sleb128 -16
 1128 037f 0D       		.uleb128 0xd
 1129 0380 04       		.byte	0x4
 1130 0381 85030000 		.4byte	0x385
 1131 0385 13       		.uleb128 0x13
 1132 0386 28030000 		.4byte	0x328
 1133 038a 00       		.byte	0
 1134 038b 00       		.byte	0
 1135 038c 00       		.byte	0
 1136 038d 00       		.byte	0
 1137              		.section	.debug_abbrev,"",%progbits
 1138              	.Ldebug_abbrev0:
 1139 0000 01       		.uleb128 0x1
 1140 0001 11       		.uleb128 0x11
 1141 0002 01       		.byte	0x1
 1142 0003 25       		.uleb128 0x25
 1143 0004 0E       		.uleb128 0xe
 1144 0005 13       		.uleb128 0x13
 1145 0006 0B       		.uleb128 0xb
 1146 0007 03       		.uleb128 0x3
 1147 0008 0E       		.uleb128 0xe
 1148 0009 1B       		.uleb128 0x1b
 1149 000a 0E       		.uleb128 0xe
 1150 000b 55       		.uleb128 0x55
 1151 000c 17       		.uleb128 0x17
 1152 000d 11       		.uleb128 0x11
 1153 000e 01       		.uleb128 0x1
 1154 000f 10       		.uleb128 0x10
 1155 0010 17       		.uleb128 0x17
 1156 0011 00       		.byte	0
ARM GAS  C:\Users\Schuyler\AppData\Local\Temp\ccTTt4M4.s 			page 28


 1157 0012 00       		.byte	0
 1158 0013 02       		.uleb128 0x2
 1159 0014 24       		.uleb128 0x24
 1160 0015 00       		.byte	0
 1161 0016 0B       		.uleb128 0xb
 1162 0017 0B       		.uleb128 0xb
 1163 0018 3E       		.uleb128 0x3e
 1164 0019 0B       		.uleb128 0xb
 1165 001a 03       		.uleb128 0x3
 1166 001b 08       		.uleb128 0x8
 1167 001c 00       		.byte	0
 1168 001d 00       		.byte	0
 1169 001e 03       		.uleb128 0x3
 1170 001f 16       		.uleb128 0x16
 1171 0020 00       		.byte	0
 1172 0021 03       		.uleb128 0x3
 1173 0022 0E       		.uleb128 0xe
 1174 0023 3A       		.uleb128 0x3a
 1175 0024 0B       		.uleb128 0xb
 1176 0025 3B       		.uleb128 0x3b
 1177 0026 0B       		.uleb128 0xb
 1178 0027 49       		.uleb128 0x49
 1179 0028 13       		.uleb128 0x13
 1180 0029 00       		.byte	0
 1181 002a 00       		.byte	0
 1182 002b 04       		.uleb128 0x4
 1183 002c 24       		.uleb128 0x24
 1184 002d 00       		.byte	0
 1185 002e 0B       		.uleb128 0xb
 1186 002f 0B       		.uleb128 0xb
 1187 0030 3E       		.uleb128 0x3e
 1188 0031 0B       		.uleb128 0xb
 1189 0032 03       		.uleb128 0x3
 1190 0033 0E       		.uleb128 0xe
 1191 0034 00       		.byte	0
 1192 0035 00       		.byte	0
 1193 0036 05       		.uleb128 0x5
 1194 0037 0F       		.uleb128 0xf
 1195 0038 00       		.byte	0
 1196 0039 0B       		.uleb128 0xb
 1197 003a 0B       		.uleb128 0xb
 1198 003b 00       		.byte	0
 1199 003c 00       		.byte	0
 1200 003d 06       		.uleb128 0x6
 1201 003e 16       		.uleb128 0x16
 1202 003f 00       		.byte	0
 1203 0040 03       		.uleb128 0x3
 1204 0041 0E       		.uleb128 0xe
 1205 0042 3A       		.uleb128 0x3a
 1206 0043 0B       		.uleb128 0xb
 1207 0044 3B       		.uleb128 0x3b
 1208 0045 05       		.uleb128 0x5
 1209 0046 49       		.uleb128 0x49
 1210 0047 13       		.uleb128 0x13
 1211 0048 00       		.byte	0
 1212 0049 00       		.byte	0
 1213 004a 07       		.uleb128 0x7
ARM GAS  C:\Users\Schuyler\AppData\Local\Temp\ccTTt4M4.s 			page 29


 1214 004b 35       		.uleb128 0x35
 1215 004c 00       		.byte	0
 1216 004d 49       		.uleb128 0x49
 1217 004e 13       		.uleb128 0x13
 1218 004f 00       		.byte	0
 1219 0050 00       		.byte	0
 1220 0051 08       		.uleb128 0x8
 1221 0052 13       		.uleb128 0x13
 1222 0053 01       		.byte	0x1
 1223 0054 0B       		.uleb128 0xb
 1224 0055 0B       		.uleb128 0xb
 1225 0056 3A       		.uleb128 0x3a
 1226 0057 0B       		.uleb128 0xb
 1227 0058 3B       		.uleb128 0x3b
 1228 0059 0B       		.uleb128 0xb
 1229 005a 01       		.uleb128 0x1
 1230 005b 13       		.uleb128 0x13
 1231 005c 00       		.byte	0
 1232 005d 00       		.byte	0
 1233 005e 09       		.uleb128 0x9
 1234 005f 0D       		.uleb128 0xd
 1235 0060 00       		.byte	0
 1236 0061 03       		.uleb128 0x3
 1237 0062 0E       		.uleb128 0xe
 1238 0063 3A       		.uleb128 0x3a
 1239 0064 0B       		.uleb128 0xb
 1240 0065 3B       		.uleb128 0x3b
 1241 0066 0B       		.uleb128 0xb
 1242 0067 49       		.uleb128 0x49
 1243 0068 13       		.uleb128 0x13
 1244 0069 38       		.uleb128 0x38
 1245 006a 0B       		.uleb128 0xb
 1246 006b 00       		.byte	0
 1247 006c 00       		.byte	0
 1248 006d 0A       		.uleb128 0xa
 1249 006e 2E       		.uleb128 0x2e
 1250 006f 01       		.byte	0x1
 1251 0070 03       		.uleb128 0x3
 1252 0071 0E       		.uleb128 0xe
 1253 0072 3A       		.uleb128 0x3a
 1254 0073 0B       		.uleb128 0xb
 1255 0074 3B       		.uleb128 0x3b
 1256 0075 0B       		.uleb128 0xb
 1257 0076 27       		.uleb128 0x27
 1258 0077 19       		.uleb128 0x19
 1259 0078 11       		.uleb128 0x11
 1260 0079 01       		.uleb128 0x1
 1261 007a 12       		.uleb128 0x12
 1262 007b 06       		.uleb128 0x6
 1263 007c 40       		.uleb128 0x40
 1264 007d 18       		.uleb128 0x18
 1265 007e 9642     		.uleb128 0x2116
 1266 0080 19       		.uleb128 0x19
 1267 0081 01       		.uleb128 0x1
 1268 0082 13       		.uleb128 0x13
 1269 0083 00       		.byte	0
 1270 0084 00       		.byte	0
ARM GAS  C:\Users\Schuyler\AppData\Local\Temp\ccTTt4M4.s 			page 30


 1271 0085 0B       		.uleb128 0xb
 1272 0086 05       		.uleb128 0x5
 1273 0087 00       		.byte	0
 1274 0088 03       		.uleb128 0x3
 1275 0089 08       		.uleb128 0x8
 1276 008a 3A       		.uleb128 0x3a
 1277 008b 0B       		.uleb128 0xb
 1278 008c 3B       		.uleb128 0x3b
 1279 008d 0B       		.uleb128 0xb
 1280 008e 49       		.uleb128 0x49
 1281 008f 13       		.uleb128 0x13
 1282 0090 02       		.uleb128 0x2
 1283 0091 18       		.uleb128 0x18
 1284 0092 00       		.byte	0
 1285 0093 00       		.byte	0
 1286 0094 0C       		.uleb128 0xc
 1287 0095 05       		.uleb128 0x5
 1288 0096 00       		.byte	0
 1289 0097 03       		.uleb128 0x3
 1290 0098 0E       		.uleb128 0xe
 1291 0099 3A       		.uleb128 0x3a
 1292 009a 0B       		.uleb128 0xb
 1293 009b 3B       		.uleb128 0x3b
 1294 009c 0B       		.uleb128 0xb
 1295 009d 49       		.uleb128 0x49
 1296 009e 13       		.uleb128 0x13
 1297 009f 02       		.uleb128 0x2
 1298 00a0 18       		.uleb128 0x18
 1299 00a1 00       		.byte	0
 1300 00a2 00       		.byte	0
 1301 00a3 0D       		.uleb128 0xd
 1302 00a4 0F       		.uleb128 0xf
 1303 00a5 00       		.byte	0
 1304 00a6 0B       		.uleb128 0xb
 1305 00a7 0B       		.uleb128 0xb
 1306 00a8 49       		.uleb128 0x49
 1307 00a9 13       		.uleb128 0x13
 1308 00aa 00       		.byte	0
 1309 00ab 00       		.byte	0
 1310 00ac 0E       		.uleb128 0xe
 1311 00ad 26       		.uleb128 0x26
 1312 00ae 00       		.byte	0
 1313 00af 00       		.byte	0
 1314 00b0 00       		.byte	0
 1315 00b1 0F       		.uleb128 0xf
 1316 00b2 2E       		.uleb128 0x2e
 1317 00b3 01       		.byte	0x1
 1318 00b4 03       		.uleb128 0x3
 1319 00b5 0E       		.uleb128 0xe
 1320 00b6 3A       		.uleb128 0x3a
 1321 00b7 0B       		.uleb128 0xb
 1322 00b8 3B       		.uleb128 0x3b
 1323 00b9 0B       		.uleb128 0xb
 1324 00ba 27       		.uleb128 0x27
 1325 00bb 19       		.uleb128 0x19
 1326 00bc 11       		.uleb128 0x11
 1327 00bd 01       		.uleb128 0x1
ARM GAS  C:\Users\Schuyler\AppData\Local\Temp\ccTTt4M4.s 			page 31


 1328 00be 12       		.uleb128 0x12
 1329 00bf 06       		.uleb128 0x6
 1330 00c0 40       		.uleb128 0x40
 1331 00c1 18       		.uleb128 0x18
 1332 00c2 9742     		.uleb128 0x2117
 1333 00c4 19       		.uleb128 0x19
 1334 00c5 01       		.uleb128 0x1
 1335 00c6 13       		.uleb128 0x13
 1336 00c7 00       		.byte	0
 1337 00c8 00       		.byte	0
 1338 00c9 10       		.uleb128 0x10
 1339 00ca 34       		.uleb128 0x34
 1340 00cb 00       		.byte	0
 1341 00cc 03       		.uleb128 0x3
 1342 00cd 08       		.uleb128 0x8
 1343 00ce 3A       		.uleb128 0x3a
 1344 00cf 0B       		.uleb128 0xb
 1345 00d0 3B       		.uleb128 0x3b
 1346 00d1 0B       		.uleb128 0xb
 1347 00d2 49       		.uleb128 0x49
 1348 00d3 13       		.uleb128 0x13
 1349 00d4 02       		.uleb128 0x2
 1350 00d5 18       		.uleb128 0x18
 1351 00d6 00       		.byte	0
 1352 00d7 00       		.byte	0
 1353 00d8 11       		.uleb128 0x11
 1354 00d9 0B       		.uleb128 0xb
 1355 00da 01       		.byte	0x1
 1356 00db 11       		.uleb128 0x11
 1357 00dc 01       		.uleb128 0x1
 1358 00dd 12       		.uleb128 0x12
 1359 00de 06       		.uleb128 0x6
 1360 00df 00       		.byte	0
 1361 00e0 00       		.byte	0
 1362 00e1 12       		.uleb128 0x12
 1363 00e2 34       		.uleb128 0x34
 1364 00e3 00       		.byte	0
 1365 00e4 03       		.uleb128 0x3
 1366 00e5 0E       		.uleb128 0xe
 1367 00e6 3A       		.uleb128 0x3a
 1368 00e7 0B       		.uleb128 0xb
 1369 00e8 3B       		.uleb128 0x3b
 1370 00e9 0B       		.uleb128 0xb
 1371 00ea 49       		.uleb128 0x49
 1372 00eb 13       		.uleb128 0x13
 1373 00ec 02       		.uleb128 0x2
 1374 00ed 18       		.uleb128 0x18
 1375 00ee 00       		.byte	0
 1376 00ef 00       		.byte	0
 1377 00f0 13       		.uleb128 0x13
 1378 00f1 26       		.uleb128 0x26
 1379 00f2 00       		.byte	0
 1380 00f3 49       		.uleb128 0x49
 1381 00f4 13       		.uleb128 0x13
 1382 00f5 00       		.byte	0
 1383 00f6 00       		.byte	0
 1384 00f7 14       		.uleb128 0x14
ARM GAS  C:\Users\Schuyler\AppData\Local\Temp\ccTTt4M4.s 			page 32


 1385 00f8 2E       		.uleb128 0x2e
 1386 00f9 01       		.byte	0x1
 1387 00fa 3F       		.uleb128 0x3f
 1388 00fb 19       		.uleb128 0x19
 1389 00fc 03       		.uleb128 0x3
 1390 00fd 0E       		.uleb128 0xe
 1391 00fe 3A       		.uleb128 0x3a
 1392 00ff 0B       		.uleb128 0xb
 1393 0100 3B       		.uleb128 0x3b
 1394 0101 05       		.uleb128 0x5
 1395 0102 27       		.uleb128 0x27
 1396 0103 19       		.uleb128 0x19
 1397 0104 11       		.uleb128 0x11
 1398 0105 01       		.uleb128 0x1
 1399 0106 12       		.uleb128 0x12
 1400 0107 06       		.uleb128 0x6
 1401 0108 40       		.uleb128 0x40
 1402 0109 18       		.uleb128 0x18
 1403 010a 9742     		.uleb128 0x2117
 1404 010c 19       		.uleb128 0x19
 1405 010d 01       		.uleb128 0x1
 1406 010e 13       		.uleb128 0x13
 1407 010f 00       		.byte	0
 1408 0110 00       		.byte	0
 1409 0111 15       		.uleb128 0x15
 1410 0112 05       		.uleb128 0x5
 1411 0113 00       		.byte	0
 1412 0114 03       		.uleb128 0x3
 1413 0115 0E       		.uleb128 0xe
 1414 0116 3A       		.uleb128 0x3a
 1415 0117 0B       		.uleb128 0xb
 1416 0118 3B       		.uleb128 0x3b
 1417 0119 05       		.uleb128 0x5
 1418 011a 49       		.uleb128 0x49
 1419 011b 13       		.uleb128 0x13
 1420 011c 02       		.uleb128 0x2
 1421 011d 18       		.uleb128 0x18
 1422 011e 00       		.byte	0
 1423 011f 00       		.byte	0
 1424 0120 16       		.uleb128 0x16
 1425 0121 34       		.uleb128 0x34
 1426 0122 00       		.byte	0
 1427 0123 03       		.uleb128 0x3
 1428 0124 0E       		.uleb128 0xe
 1429 0125 3A       		.uleb128 0x3a
 1430 0126 0B       		.uleb128 0xb
 1431 0127 3B       		.uleb128 0x3b
 1432 0128 05       		.uleb128 0x5
 1433 0129 49       		.uleb128 0x49
 1434 012a 13       		.uleb128 0x13
 1435 012b 02       		.uleb128 0x2
 1436 012c 18       		.uleb128 0x18
 1437 012d 00       		.byte	0
 1438 012e 00       		.byte	0
 1439 012f 17       		.uleb128 0x17
 1440 0130 2E       		.uleb128 0x2e
 1441 0131 01       		.byte	0x1
ARM GAS  C:\Users\Schuyler\AppData\Local\Temp\ccTTt4M4.s 			page 33


 1442 0132 3F       		.uleb128 0x3f
 1443 0133 19       		.uleb128 0x19
 1444 0134 03       		.uleb128 0x3
 1445 0135 0E       		.uleb128 0xe
 1446 0136 3A       		.uleb128 0x3a
 1447 0137 0B       		.uleb128 0xb
 1448 0138 3B       		.uleb128 0x3b
 1449 0139 05       		.uleb128 0x5
 1450 013a 27       		.uleb128 0x27
 1451 013b 19       		.uleb128 0x19
 1452 013c 11       		.uleb128 0x11
 1453 013d 01       		.uleb128 0x1
 1454 013e 12       		.uleb128 0x12
 1455 013f 06       		.uleb128 0x6
 1456 0140 40       		.uleb128 0x40
 1457 0141 18       		.uleb128 0x18
 1458 0142 9642     		.uleb128 0x2116
 1459 0144 19       		.uleb128 0x19
 1460 0145 00       		.byte	0
 1461 0146 00       		.byte	0
 1462 0147 18       		.uleb128 0x18
 1463 0148 13       		.uleb128 0x13
 1464 0149 01       		.byte	0x1
 1465 014a 0B       		.uleb128 0xb
 1466 014b 0B       		.uleb128 0xb
 1467 014c 3A       		.uleb128 0x3a
 1468 014d 0B       		.uleb128 0xb
 1469 014e 3B       		.uleb128 0x3b
 1470 014f 05       		.uleb128 0x5
 1471 0150 01       		.uleb128 0x1
 1472 0151 13       		.uleb128 0x13
 1473 0152 00       		.byte	0
 1474 0153 00       		.byte	0
 1475 0154 19       		.uleb128 0x19
 1476 0155 0D       		.uleb128 0xd
 1477 0156 00       		.byte	0
 1478 0157 03       		.uleb128 0x3
 1479 0158 0E       		.uleb128 0xe
 1480 0159 3A       		.uleb128 0x3a
 1481 015a 0B       		.uleb128 0xb
 1482 015b 3B       		.uleb128 0x3b
 1483 015c 05       		.uleb128 0x5
 1484 015d 49       		.uleb128 0x49
 1485 015e 13       		.uleb128 0x13
 1486 015f 38       		.uleb128 0x38
 1487 0160 0B       		.uleb128 0xb
 1488 0161 00       		.byte	0
 1489 0162 00       		.byte	0
 1490 0163 1A       		.uleb128 0x1a
 1491 0164 01       		.uleb128 0x1
 1492 0165 01       		.byte	0x1
 1493 0166 49       		.uleb128 0x49
 1494 0167 13       		.uleb128 0x13
 1495 0168 01       		.uleb128 0x1
 1496 0169 13       		.uleb128 0x13
 1497 016a 00       		.byte	0
 1498 016b 00       		.byte	0
ARM GAS  C:\Users\Schuyler\AppData\Local\Temp\ccTTt4M4.s 			page 34


 1499 016c 1B       		.uleb128 0x1b
 1500 016d 21       		.uleb128 0x21
 1501 016e 00       		.byte	0
 1502 016f 49       		.uleb128 0x49
 1503 0170 13       		.uleb128 0x13
 1504 0171 2F       		.uleb128 0x2f
 1505 0172 0B       		.uleb128 0xb
 1506 0173 00       		.byte	0
 1507 0174 00       		.byte	0
 1508 0175 1C       		.uleb128 0x1c
 1509 0176 34       		.uleb128 0x34
 1510 0177 00       		.byte	0
 1511 0178 03       		.uleb128 0x3
 1512 0179 08       		.uleb128 0x8
 1513 017a 3A       		.uleb128 0x3a
 1514 017b 0B       		.uleb128 0xb
 1515 017c 3B       		.uleb128 0x3b
 1516 017d 05       		.uleb128 0x5
 1517 017e 49       		.uleb128 0x49
 1518 017f 13       		.uleb128 0x13
 1519 0180 02       		.uleb128 0x2
 1520 0181 18       		.uleb128 0x18
 1521 0182 00       		.byte	0
 1522 0183 00       		.byte	0
 1523 0184 00       		.byte	0
 1524              		.section	.debug_aranges,"",%progbits
 1525 0000 5C000000 		.4byte	0x5c
 1526 0004 0200     		.2byte	0x2
 1527 0006 00000000 		.4byte	.Ldebug_info0
 1528 000a 04       		.byte	0x4
 1529 000b 00       		.byte	0
 1530 000c 0000     		.2byte	0
 1531 000e 0000     		.2byte	0
 1532 0010 00000000 		.4byte	.LFB0
 1533 0014 1A000000 		.4byte	.LFE0-.LFB0
 1534 0018 00000000 		.4byte	.LFB1
 1535 001c 1C000000 		.4byte	.LFE1-.LFB1
 1536 0020 00000000 		.4byte	.LFB2
 1537 0024 1C000000 		.4byte	.LFE2-.LFB2
 1538 0028 00000000 		.4byte	.LFB3
 1539 002c 0C000000 		.4byte	.LFE3-.LFB3
 1540 0030 00000000 		.4byte	.LFB4
 1541 0034 72000000 		.4byte	.LFE4-.LFB4
 1542 0038 00000000 		.4byte	.LFB5
 1543 003c D8000000 		.4byte	.LFE5-.LFB5
 1544 0040 00000000 		.4byte	.LFB6
 1545 0044 44000000 		.4byte	.LFE6-.LFB6
 1546 0048 00000000 		.4byte	.LFB7
 1547 004c 28000000 		.4byte	.LFE7-.LFB7
 1548 0050 00000000 		.4byte	.LFB8
 1549 0054 10010000 		.4byte	.LFE8-.LFB8
 1550 0058 00000000 		.4byte	0
 1551 005c 00000000 		.4byte	0
 1552              		.section	.debug_ranges,"",%progbits
 1553              	.Ldebug_ranges0:
 1554 0000 00000000 		.4byte	.LFB0
 1555 0004 1A000000 		.4byte	.LFE0
ARM GAS  C:\Users\Schuyler\AppData\Local\Temp\ccTTt4M4.s 			page 35


 1556 0008 00000000 		.4byte	.LFB1
 1557 000c 1C000000 		.4byte	.LFE1
 1558 0010 00000000 		.4byte	.LFB2
 1559 0014 1C000000 		.4byte	.LFE2
 1560 0018 00000000 		.4byte	.LFB3
 1561 001c 0C000000 		.4byte	.LFE3
 1562 0020 00000000 		.4byte	.LFB4
 1563 0024 72000000 		.4byte	.LFE4
 1564 0028 00000000 		.4byte	.LFB5
 1565 002c D8000000 		.4byte	.LFE5
 1566 0030 00000000 		.4byte	.LFB6
 1567 0034 44000000 		.4byte	.LFE6
 1568 0038 00000000 		.4byte	.LFB7
 1569 003c 28000000 		.4byte	.LFE7
 1570 0040 00000000 		.4byte	.LFB8
 1571 0044 10010000 		.4byte	.LFE8
 1572 0048 00000000 		.4byte	0
 1573 004c 00000000 		.4byte	0
 1574              		.section	.debug_line,"",%progbits
 1575              	.Ldebug_line0:
 1576 0000 E4010000 		.section	.debug_str,"MS",%progbits,1
 1576      0200D000 
 1576      00000201 
 1576      FB0E0D00 
 1576      01010101 
 1577              	.LASF18:
 1578 0000 72656731 		.ascii	"reg16\000"
 1578      3600
 1579              	.LASF11:
 1580 0006 73697A65 		.ascii	"size_t\000"
 1580      5F7400
 1581              	.LASF36:
 1582 000d 416E616C 		.ascii	"AnalogSetDefault\000"
 1582      6F675365 
 1582      74446566 
 1582      61756C74 
 1582      00
 1583              	.LASF20:
 1584 001e 76616C75 		.ascii	"value\000"
 1584      6500
 1585              	.LASF32:
 1586 0024 636F756E 		.ascii	"count\000"
 1586      7400
 1587              	.LASF33:
 1588 002a 436C6F63 		.ascii	"ClockSetup\000"
 1588      6B536574 
 1588      757000
 1589              	.LASF4:
 1590 0035 73686F72 		.ascii	"short unsigned int\000"
 1590      7420756E 
 1590      7369676E 
 1590      65642069 
 1590      6E7400
 1591              	.LASF25:
 1592 0048 4359434F 		.ascii	"CYCONFIGCPYCODE\000"
 1592      4E464947 
 1592      43505943 
ARM GAS  C:\Users\Schuyler\AppData\Local\Temp\ccTTt4M4.s 			page 36


 1592      4F444500 
 1593              	.LASF35:
 1594 0058 706C6C4C 		.ascii	"pllLock\000"
 1594      6F636B00 
 1595              	.LASF15:
 1596 0060 666C6F61 		.ascii	"float\000"
 1596      7400
 1597              	.LASF26:
 1598 0066 4379436C 		.ascii	"CyClockStartupError\000"
 1598      6F636B53 
 1598      74617274 
 1598      75704572 
 1598      726F7200 
 1599              	.LASF24:
 1600 007a 64657374 		.ascii	"dest\000"
 1600      00
 1601              	.LASF43:
 1602 007f 6366675F 		.ascii	"cfg_memset_list\000"
 1602      6D656D73 
 1602      65745F6C 
 1602      69737400 
 1603              	.LASF41:
 1604 008f 73697A65 		.ascii	"size\000"
 1604      00
 1605              	.LASF17:
 1606 0094 72656738 		.ascii	"reg8\000"
 1606      00
 1607              	.LASF6:
 1608 0099 6C6F6E67 		.ascii	"long unsigned int\000"
 1608      20756E73 
 1608      69676E65 
 1608      6420696E 
 1608      7400
 1609              	.LASF12:
 1610 00ab 75696E74 		.ascii	"uint8\000"
 1610      3800
 1611              	.LASF22:
 1612 00b1 43594D45 		.ascii	"CYMEMZERO\000"
 1612      4D5A4552 
 1612      4F00
 1613              	.LASF47:
 1614 00bb 53657441 		.ascii	"SetAnalogRoutingPumps\000"
 1614      6E616C6F 
 1614      67526F75 
 1614      74696E67 
 1614      50756D70 
 1615              	.LASF2:
 1616 00d1 756E7369 		.ascii	"unsigned char\000"
 1616      676E6564 
 1616      20636861 
 1616      7200
 1617              	.LASF16:
 1618 00df 646F7562 		.ascii	"double\000"
 1618      6C6500
 1619              	.LASF28:
 1620 00e6 6366675F 		.ascii	"cfg_write_bytes32\000"
 1620      77726974 
ARM GAS  C:\Users\Schuyler\AppData\Local\Temp\ccTTt4M4.s 			page 37


 1620      655F6279 
 1620      74657333 
 1620      3200
 1621              	.LASF48:
 1622 00f8 63796669 		.ascii	"cyfitter_cfg\000"
 1622      74746572 
 1622      5F636667 
 1622      00
 1623              	.LASF29:
 1624 0105 61646472 		.ascii	"addr_table\000"
 1624      5F746162 
 1624      6C6500
 1625              	.LASF13:
 1626 0110 75696E74 		.ascii	"uint16\000"
 1626      313600
 1627              	.LASF30:
 1628 0117 64617461 		.ascii	"data_table\000"
 1628      5F746162 
 1628      6C6500
 1629              	.LASF27:
 1630 0122 6572726F 		.ascii	"errorCode\000"
 1630      72436F64 
 1630      6500
 1631              	.LASF14:
 1632 012c 75696E74 		.ascii	"uint32\000"
 1632      333200
 1633              	.LASF0:
 1634 0133 756E7369 		.ascii	"unsigned int\000"
 1634      676E6564 
 1634      20696E74 
 1634      00
 1635              	.LASF40:
 1636 0140 61646472 		.ascii	"address\000"
 1636      65737300 
 1637              	.LASF8:
 1638 0148 6C6F6E67 		.ascii	"long long unsigned int\000"
 1638      206C6F6E 
 1638      6720756E 
 1638      7369676E 
 1638      65642069 
 1639              	.LASF44:
 1640 015f 474E5520 		.ascii	"GNU C 4.8.4 20140526 (release) [ARM/embedded-4_8-br"
 1640      4320342E 
 1640      382E3420 
 1640      32303134 
 1640      30353236 
 1641 0192 616E6368 		.ascii	"anch revision 211358] -mcpu=cortex-m3 -mthumb -g -O"
 1641      20726576 
 1641      6973696F 
 1641      6E203231 
 1641      31333538 
 1642 01c5 30202D66 		.ascii	"0 -ffunction-sections\000"
 1642      66756E63 
 1642      74696F6E 
 1642      2D736563 
 1642      74696F6E 
 1643              	.LASF42:
ARM GAS  C:\Users\Schuyler\AppData\Local\Temp\ccTTt4M4.s 			page 38


 1644 01db 6366675F 		.ascii	"cfg_memset_t\000"
 1644      6D656D73 
 1644      65745F74 
 1644      00
 1645              	.LASF31:
 1646 01e8 62617365 		.ascii	"baseAddr\000"
 1646      41646472 
 1646      00
 1647              	.LASF9:
 1648 01f1 73697A65 		.ascii	"sizetype\000"
 1648      74797065 
 1648      00
 1649              	.LASF7:
 1650 01fa 6C6F6E67 		.ascii	"long long int\000"
 1650      206C6F6E 
 1650      6720696E 
 1650      7400
 1651              	.LASF34:
 1652 0208 74696D65 		.ascii	"timeout\000"
 1652      6F757400 
 1653              	.LASF21:
 1654 0210 63795F63 		.ascii	"cy_cfg_addrvalue_t\000"
 1654      66675F61 
 1654      64647276 
 1654      616C7565 
 1654      5F7400
 1655              	.LASF19:
 1656 0223 6F666673 		.ascii	"offset\000"
 1656      657400
 1657              	.LASF3:
 1658 022a 73686F72 		.ascii	"short int\000"
 1658      7420696E 
 1658      7400
 1659              	.LASF46:
 1660 0234 433A5C55 		.ascii	"C:\\Users\\Schuyler\\Documents\\PSoC Creator\\Desig"
 1660      73657273 
 1660      5C536368 
 1660      75796C65 
 1660      725C446F 
 1661 0262 6E30325C 		.ascii	"n02\\Design02.cydsn\000"
 1661      44657369 
 1661      676E3032 
 1661      2E637964 
 1661      736E00
 1662              	.LASF45:
 1663 0275 2E5C4765 		.ascii	".\\Generated_Source\\PSoC5\\cyfitter_cfg.c\000"
 1663      6E657261 
 1663      7465645F 
 1663      536F7572 
 1663      63655C50 
 1664              	.LASF38:
 1665 029d 656E6162 		.ascii	"enabled\000"
 1665      6C656400 
 1666              	.LASF5:
 1667 02a5 6C6F6E67 		.ascii	"long int\000"
 1667      20696E74 
 1667      00
ARM GAS  C:\Users\Schuyler\AppData\Local\Temp\ccTTt4M4.s 			page 39


 1668              	.LASF10:
 1669 02ae 63686172 		.ascii	"char\000"
 1669      00
 1670              	.LASF37:
 1671 02b3 62675F78 		.ascii	"bg_xover_inl_trim\000"
 1671      6F766572 
 1671      5F696E6C 
 1671      5F747269 
 1671      6D00
 1672              	.LASF1:
 1673 02c5 7369676E 		.ascii	"signed char\000"
 1673      65642063 
 1673      68617200 
 1674              	.LASF39:
 1675 02d1 72656756 		.ascii	"regValue\000"
 1675      616C7565 
 1675      00
 1676              	.LASF23:
 1677 02da 4359434F 		.ascii	"CYCONFIGCPY\000"
 1677      4E464947 
 1677      43505900 
 1678              		.ident	"GCC: (GNU Tools for ARM Embedded Processors) 4.8.4 20140526 (release) [ARM/embedded-4_8-br
