Archive member included because of file (symbol)

.\CortexM3\ARM_GCC_484\Debug\Design02.a(cyfitter_cfg.o)
                              .\CortexM3\ARM_GCC_484\Debug\Cm3Start.o (cyfitter_cfg)
.\CortexM3\ARM_GCC_484\Debug\Design02.a(CyBootAsmGnu.o)
                              .\CortexM3\ARM_GCC_484\Debug\Design02.a(cyfitter_cfg.o) (CyDelayCycles)
.\CortexM3\ARM_GCC_484\Debug\Design02.a(CyLib.o)
                              .\CortexM3\ARM_GCC_484\Debug\Cm3Start.o (CyResetStatus)
.\CortexM3\ARM_GCC_484\Debug\Design02.a(cyPm.o)
                              .\CortexM3\ARM_GCC_484\Debug\Design02.a(CyLib.o) (CyPmReadStatus)
.\CortexM3\ARM_GCC_484\Debug\Design02.a(CAN_1.o)
                              .\CortexM3\ARM_GCC_484\Debug\main.o (CAN_1_Start)
.\CortexM3\ARM_GCC_484\Debug\Design02.a(CAN_1_INT.o)
                              .\CortexM3\ARM_GCC_484\Debug\Design02.a(CAN_1.o) (CAN_1_ISR)
.\CortexM3\ARM_GCC_484\Debug\Design02.a(CAN_1_TX_RX_func.o)
                              .\CortexM3\ARM_GCC_484\Debug\main.o (CAN_1_SendMsg0)
.\CortexM3\ARM_GCC_484\Debug\Design02.a(CyFlash.o)
                              .\CortexM3\ARM_GCC_484\Debug\Design02.a(cyPm.o) (CyFlash_SetWaitCycles)
.\CortexM3\ARM_GCC_484\Debug\Design02.a(CySpc.o)
                              .\CortexM3\ARM_GCC_484\Debug\Design02.a(CyFlash.o) (CySpcStart)
c:/program files (x86)/cypress/psoc creator/3.1/psoc creator/import/gnu_cs/arm/4.8.4/bin/../lib/gcc/arm-none-eabi/4.8.4/../../../../arm-none-eabi/lib/armv7-m\libg_s.a(lib_a-errno.o)
                              .\CortexM3\ARM_GCC_484\Debug\Cm3Start.o (__errno)
c:/program files (x86)/cypress/psoc creator/3.1/psoc creator/import/gnu_cs/arm/4.8.4/bin/../lib/gcc/arm-none-eabi/4.8.4/../../../../arm-none-eabi/lib/armv7-m\libg_s.a(lib_a-exit.o)
                              c:/program files (x86)/cypress/psoc creator/3.1/psoc creator/import/gnu_cs/arm/4.8.4/bin/../lib/gcc/arm-none-eabi/4.8.4/../../../../arm-none-eabi/lib/armv7-m/crt0.o (exit)
c:/program files (x86)/cypress/psoc creator/3.1/psoc creator/import/gnu_cs/arm/4.8.4/bin/../lib/gcc/arm-none-eabi/4.8.4/../../../../arm-none-eabi/lib/armv7-m\libg_s.a(lib_a-impure.o)
                              c:/program files (x86)/cypress/psoc creator/3.1/psoc creator/import/gnu_cs/arm/4.8.4/bin/../lib/gcc/arm-none-eabi/4.8.4/../../../../arm-none-eabi/lib/armv7-m\libg_s.a(lib_a-exit.o) (_global_impure_ptr)
c:/program files (x86)/cypress/psoc creator/3.1/psoc creator/import/gnu_cs/arm/4.8.4/bin/../lib/gcc/arm-none-eabi/4.8.4/../../../../arm-none-eabi/lib/armv7-m\libg_s.a(lib_a-init.o)
                              c:/program files (x86)/cypress/psoc creator/3.1/psoc creator/import/gnu_cs/arm/4.8.4/bin/../lib/gcc/arm-none-eabi/4.8.4/../../../../arm-none-eabi/lib/armv7-m/crt0.o (__libc_init_array)
c:/program files (x86)/cypress/psoc creator/3.1/psoc creator/import/gnu_cs/arm/4.8.4/bin/../lib/gcc/arm-none-eabi/4.8.4/../../../../arm-none-eabi/lib/armv7-m\libg_s.a(lib_a-memcpy-stub.o)
                              .\CortexM3\ARM_GCC_484\Debug\Design02.a(cyfitter_cfg.o) (memcpy)
c:/program files (x86)/cypress/psoc creator/3.1/psoc creator/import/gnu_cs/arm/4.8.4/bin/../lib/gcc/arm-none-eabi/4.8.4/../../../../arm-none-eabi/lib/armv7-m\libg_s.a(lib_a-memset.o)
                              c:/program files (x86)/cypress/psoc creator/3.1/psoc creator/import/gnu_cs/arm/4.8.4/bin/../lib/gcc/arm-none-eabi/4.8.4/../../../../arm-none-eabi/lib/armv7-m/crt0.o (memset)

Allocating common symbols
Common symbol       size              file

dieTemperature      0x2               .\CortexM3\ARM_GCC_484\Debug\Design02.a(CyFlash.o)

Discarded input sections

 .text          0x00000000        0x0 c:/program files (x86)/cypress/psoc creator/3.1/psoc creator/import/gnu_cs/arm/4.8.4/bin/../lib/gcc/arm-none-eabi/4.8.4/armv7-m/crti.o
 .data          0x00000000        0x0 c:/program files (x86)/cypress/psoc creator/3.1/psoc creator/import/gnu_cs/arm/4.8.4/bin/../lib/gcc/arm-none-eabi/4.8.4/armv7-m/crti.o
 .bss           0x00000000        0x0 c:/program files (x86)/cypress/psoc creator/3.1/psoc creator/import/gnu_cs/arm/4.8.4/bin/../lib/gcc/arm-none-eabi/4.8.4/armv7-m/crti.o
 .data          0x00000000        0x4 c:/program files (x86)/cypress/psoc creator/3.1/psoc creator/import/gnu_cs/arm/4.8.4/bin/../lib/gcc/arm-none-eabi/4.8.4/armv7-m/crtbegin.o
 .text          0x00000000       0x74 c:/program files (x86)/cypress/psoc creator/3.1/psoc creator/import/gnu_cs/arm/4.8.4/bin/../lib/gcc/arm-none-eabi/4.8.4/../../../../arm-none-eabi/lib/armv7-m/crt0.o
 .data          0x00000000        0x0 c:/program files (x86)/cypress/psoc creator/3.1/psoc creator/import/gnu_cs/arm/4.8.4/bin/../lib/gcc/arm-none-eabi/4.8.4/../../../../arm-none-eabi/lib/armv7-m/crt0.o
 .bss           0x00000000        0x0 c:/program files (x86)/cypress/psoc creator/3.1/psoc creator/import/gnu_cs/arm/4.8.4/bin/../lib/gcc/arm-none-eabi/4.8.4/../../../../arm-none-eabi/lib/armv7-m/crt0.o
 .ARM.extab     0x00000000        0x0 c:/program files (x86)/cypress/psoc creator/3.1/psoc creator/import/gnu_cs/arm/4.8.4/bin/../lib/gcc/arm-none-eabi/4.8.4/../../../../arm-none-eabi/lib/armv7-m/crt0.o
 .ARM.exidx     0x00000000        0x8 c:/program files (x86)/cypress/psoc creator/3.1/psoc creator/import/gnu_cs/arm/4.8.4/bin/../lib/gcc/arm-none-eabi/4.8.4/../../../../arm-none-eabi/lib/armv7-m/crt0.o
 .text          0x00000000        0x0 .\CortexM3\ARM_GCC_484\Debug\main.o
 .data          0x00000000        0x0 .\CortexM3\ARM_GCC_484\Debug\main.o
 .text          0x00000000        0x0 .\CortexM3\ARM_GCC_484\Debug\cymetadata.o
 .data          0x00000000        0x0 .\CortexM3\ARM_GCC_484\Debug\cymetadata.o
 .bss           0x00000000        0x0 .\CortexM3\ARM_GCC_484\Debug\cymetadata.o
 .text          0x00000000        0x0 .\CortexM3\ARM_GCC_484\Debug\Cm3Start.o
 .data          0x00000000        0x4 .\CortexM3\ARM_GCC_484\Debug\Cm3Start.o
 .bss           0x00000000        0x0 .\CortexM3\ARM_GCC_484\Debug\Cm3Start.o
 .text._exit    0x00000000       0x28 .\CortexM3\ARM_GCC_484\Debug\Cm3Start.o
 .text._sbrk    0x00000000       0x50 .\CortexM3\ARM_GCC_484\Debug\Cm3Start.o
 .text          0x00000000        0x0 .\CortexM3\ARM_GCC_484\Debug\Design02.a(cyfitter_cfg.o)
 .data          0x00000000        0x0 .\CortexM3\ARM_GCC_484\Debug\Design02.a(cyfitter_cfg.o)
 .bss           0x00000000        0x0 .\CortexM3\ARM_GCC_484\Debug\Design02.a(cyfitter_cfg.o)
 .text.CYCONFIGCPYCODE
                0x00000000       0x1c .\CortexM3\ARM_GCC_484\Debug\Design02.a(cyfitter_cfg.o)
 .text.SetAnalogRoutingPumps
                0x00000000       0x28 .\CortexM3\ARM_GCC_484\Debug\Design02.a(cyfitter_cfg.o)
 .data          0x00000000        0x0 .\CortexM3\ARM_GCC_484\Debug\Design02.a(CyBootAsmGnu.o)
 .bss           0x00000000        0x0 .\CortexM3\ARM_GCC_484\Debug\Design02.a(CyBootAsmGnu.o)
 .text          0x00000000        0x0 .\CortexM3\ARM_GCC_484\Debug\Design02.a(CyLib.o)
 .bss           0x00000000       0x18 .\CortexM3\ARM_GCC_484\Debug\Design02.a(CyLib.o)
 .text.CyPLL_OUT_Start
                0x00000000       0xb0 .\CortexM3\ARM_GCC_484\Debug\Design02.a(CyLib.o)
 .text.CyPLL_OUT_Stop
                0x00000000       0x20 .\CortexM3\ARM_GCC_484\Debug\Design02.a(CyLib.o)
 .text.CyPLL_OUT_SetPQ
                0x00000000       0x90 .\CortexM3\ARM_GCC_484\Debug\Design02.a(CyLib.o)
 .text.CyPLL_OUT_SetSource
                0x00000000       0x54 .\CortexM3\ARM_GCC_484\Debug\Design02.a(CyLib.o)
 .text.CyIMO_Start
                0x00000000       0x94 .\CortexM3\ARM_GCC_484\Debug\Design02.a(CyLib.o)
 .text.CyIMO_Stop
                0x00000000       0x34 .\CortexM3\ARM_GCC_484\Debug\Design02.a(CyLib.o)
 .text.CyUSB_PowerOnCheck
                0x00000000       0x60 .\CortexM3\ARM_GCC_484\Debug\Design02.a(CyLib.o)
 .text.CyIMO_SetTrimValue
                0x00000000      0x108 .\CortexM3\ARM_GCC_484\Debug\Design02.a(CyLib.o)
 .text.CyIMO_SetFreq
                0x00000000      0x1ac .\CortexM3\ARM_GCC_484\Debug\Design02.a(CyLib.o)
 .text.CyIMO_SetSource
                0x00000000       0x8c .\CortexM3\ARM_GCC_484\Debug\Design02.a(CyLib.o)
 .text.CyIMO_EnableDoubler
                0x00000000       0x20 .\CortexM3\ARM_GCC_484\Debug\Design02.a(CyLib.o)
 .text.CyIMO_DisableDoubler
                0x00000000       0x20 .\CortexM3\ARM_GCC_484\Debug\Design02.a(CyLib.o)
 .text.CyMasterClk_SetSource
                0x00000000       0x34 .\CortexM3\ARM_GCC_484\Debug\Design02.a(CyLib.o)
 .text.CyMasterClk_SetDivider
                0x00000000       0x20 .\CortexM3\ARM_GCC_484\Debug\Design02.a(CyLib.o)
 .text.CyBusClk_Internal_SetDivider
                0x00000000       0x78 .\CortexM3\ARM_GCC_484\Debug\Design02.a(CyLib.o)
 .text.CyBusClk_SetDivider
                0x00000000       0xb0 .\CortexM3\ARM_GCC_484\Debug\Design02.a(CyLib.o)
 .text.CyUsbClk_SetSource
                0x00000000       0x34 .\CortexM3\ARM_GCC_484\Debug\Design02.a(CyLib.o)
 .text.CyILO_Start1K
                0x00000000       0x20 .\CortexM3\ARM_GCC_484\Debug\Design02.a(CyLib.o)
 .text.CyILO_Stop1K
                0x00000000       0x20 .\CortexM3\ARM_GCC_484\Debug\Design02.a(CyLib.o)
 .text.CyILO_Start100K
                0x00000000       0x20 .\CortexM3\ARM_GCC_484\Debug\Design02.a(CyLib.o)
 .text.CyILO_Stop100K
                0x00000000       0x20 .\CortexM3\ARM_GCC_484\Debug\Design02.a(CyLib.o)
 .text.CyILO_Enable33K
                0x00000000       0x20 .\CortexM3\ARM_GCC_484\Debug\Design02.a(CyLib.o)
 .text.CyILO_Disable33K
                0x00000000       0x20 .\CortexM3\ARM_GCC_484\Debug\Design02.a(CyLib.o)
 .text.CyILO_SetSource
                0x00000000       0x38 .\CortexM3\ARM_GCC_484\Debug\Design02.a(CyLib.o)
 .text.CyILO_SetPowerMode
                0x00000000       0x4c .\CortexM3\ARM_GCC_484\Debug\Design02.a(CyLib.o)
 .text.CyXTAL_32KHZ_Start
                0x00000000       0x84 .\CortexM3\ARM_GCC_484\Debug\Design02.a(CyLib.o)
 .text.CyXTAL_32KHZ_Stop
                0x00000000       0x50 .\CortexM3\ARM_GCC_484\Debug\Design02.a(CyLib.o)
 .text.CyXTAL_32KHZ_ReadStatus
                0x00000000       0x20 .\CortexM3\ARM_GCC_484\Debug\Design02.a(CyLib.o)
 .text.CyXTAL_32KHZ_SetPowerMode
                0x00000000       0xb4 .\CortexM3\ARM_GCC_484\Debug\Design02.a(CyLib.o)
 .text.CyXTAL_Start
                0x00000000       0xd0 .\CortexM3\ARM_GCC_484\Debug\Design02.a(CyLib.o)
 .text.CyXTAL_Stop
                0x00000000       0x20 .\CortexM3\ARM_GCC_484\Debug\Design02.a(CyLib.o)
 .text.CyXTAL_EnableErrStatus
                0x00000000       0x20 .\CortexM3\ARM_GCC_484\Debug\Design02.a(CyLib.o)
 .text.CyXTAL_DisableErrStatus
                0x00000000       0x20 .\CortexM3\ARM_GCC_484\Debug\Design02.a(CyLib.o)
 .text.CyXTAL_ReadStatus
                0x00000000       0x28 .\CortexM3\ARM_GCC_484\Debug\Design02.a(CyLib.o)
 .text.CyXTAL_EnableFaultRecovery
                0x00000000       0x20 .\CortexM3\ARM_GCC_484\Debug\Design02.a(CyLib.o)
 .text.CyXTAL_DisableFaultRecovery
                0x00000000       0x20 .\CortexM3\ARM_GCC_484\Debug\Design02.a(CyLib.o)
 .text.CyXTAL_SetStartup
                0x00000000       0x34 .\CortexM3\ARM_GCC_484\Debug\Design02.a(CyLib.o)
 .text.CyXTAL_SetFbVoltage
                0x00000000       0x34 .\CortexM3\ARM_GCC_484\Debug\Design02.a(CyLib.o)
 .text.CyXTAL_SetWdVoltage
                0x00000000       0x38 .\CortexM3\ARM_GCC_484\Debug\Design02.a(CyLib.o)
 .text.CySoftwareReset
                0x00000000       0x20 .\CortexM3\ARM_GCC_484\Debug\Design02.a(CyLib.o)
 .text.CyDelayUs
                0x00000000       0x24 .\CortexM3\ARM_GCC_484\Debug\Design02.a(CyLib.o)
 .text.CyDelayFreq
                0x00000000       0x7c .\CortexM3\ARM_GCC_484\Debug\Design02.a(CyLib.o)
 .text.CyWdtStart
                0x00000000       0x88 .\CortexM3\ARM_GCC_484\Debug\Design02.a(CyLib.o)
 .text.CyWdtClear
                0x00000000       0x18 .\CortexM3\ARM_GCC_484\Debug\Design02.a(CyLib.o)
 .text.CyVdLvDigitEnable
                0x00000000       0xb0 .\CortexM3\ARM_GCC_484\Debug\Design02.a(CyLib.o)
 .text.CyVdLvAnalogEnable
                0x00000000       0xb0 .\CortexM3\ARM_GCC_484\Debug\Design02.a(CyLib.o)
 .text.CyVdLvDigitDisable
                0x00000000       0x48 .\CortexM3\ARM_GCC_484\Debug\Design02.a(CyLib.o)
 .text.CyVdLvAnalogDisable
                0x00000000       0x48 .\CortexM3\ARM_GCC_484\Debug\Design02.a(CyLib.o)
 .text.CyVdHvAnalogEnable
                0x00000000       0x5c .\CortexM3\ARM_GCC_484\Debug\Design02.a(CyLib.o)
 .text.CyVdHvAnalogDisable
                0x00000000       0x20 .\CortexM3\ARM_GCC_484\Debug\Design02.a(CyLib.o)
 .text.CyVdStickyStatus
                0x00000000       0x38 .\CortexM3\ARM_GCC_484\Debug\Design02.a(CyLib.o)
 .text.CyVdRealTimeStatus
                0x00000000       0x2c .\CortexM3\ARM_GCC_484\Debug\Design02.a(CyLib.o)
 .text.CyDisableInts
                0x00000000       0x34 .\CortexM3\ARM_GCC_484\Debug\Design02.a(CyLib.o)
 .text.CyEnableInts
                0x00000000       0x28 .\CortexM3\ARM_GCC_484\Debug\Design02.a(CyLib.o)
 .text.CyFlushCache
                0x00000000       0x58 .\CortexM3\ARM_GCC_484\Debug\Design02.a(CyLib.o)
 .text.CyIntSetSysVector
                0x00000000       0x4c .\CortexM3\ARM_GCC_484\Debug\Design02.a(CyLib.o)
 .text.CyIntGetSysVector
                0x00000000       0x38 .\CortexM3\ARM_GCC_484\Debug\Design02.a(CyLib.o)
 .text.CyIntGetVector
                0x00000000       0x38 .\CortexM3\ARM_GCC_484\Debug\Design02.a(CyLib.o)
 .text.CyIntGetPriority
                0x00000000       0x38 .\CortexM3\ARM_GCC_484\Debug\Design02.a(CyLib.o)
 .text.CyIntGetState
                0x00000000       0x44 .\CortexM3\ARM_GCC_484\Debug\Design02.a(CyLib.o)
 .text.CySysTickStart
                0x00000000       0x20 .\CortexM3\ARM_GCC_484\Debug\Design02.a(CyLib.o)
 .text.CySysTickInit
                0x00000000       0x68 .\CortexM3\ARM_GCC_484\Debug\Design02.a(CyLib.o)
 .text.CySysTickEnable
                0x00000000       0x1c .\CortexM3\ARM_GCC_484\Debug\Design02.a(CyLib.o)
 .text.CySysTickStop
                0x00000000       0x1c .\CortexM3\ARM_GCC_484\Debug\Design02.a(CyLib.o)
 .text.CySysTickEnableInterrupt
                0x00000000       0x1c .\CortexM3\ARM_GCC_484\Debug\Design02.a(CyLib.o)
 .text.CySysTickDisableInterrupt
                0x00000000       0x1c .\CortexM3\ARM_GCC_484\Debug\Design02.a(CyLib.o)
 .text.CySysTickSetReload
                0x00000000       0x20 .\CortexM3\ARM_GCC_484\Debug\Design02.a(CyLib.o)
 .text.CySysTickGetReload
                0x00000000       0x1c .\CortexM3\ARM_GCC_484\Debug\Design02.a(CyLib.o)
 .text.CySysTickGetValue
                0x00000000       0x20 .\CortexM3\ARM_GCC_484\Debug\Design02.a(CyLib.o)
 .text.CySysTickSetClockSource
                0x00000000       0x38 .\CortexM3\ARM_GCC_484\Debug\Design02.a(CyLib.o)
 .text.CySysTickGetCountFlag
                0x00000000       0x1c .\CortexM3\ARM_GCC_484\Debug\Design02.a(CyLib.o)
 .text.CySysTickClear
                0x00000000       0x18 .\CortexM3\ARM_GCC_484\Debug\Design02.a(CyLib.o)
 .text.CySysTickSetCallback
                0x00000000       0x30 .\CortexM3\ARM_GCC_484\Debug\Design02.a(CyLib.o)
 .text.CySysTickGetCallback
                0x00000000       0x20 .\CortexM3\ARM_GCC_484\Debug\Design02.a(CyLib.o)
 .text.CySysTickServiceCallbacks
                0x00000000       0x44 .\CortexM3\ARM_GCC_484\Debug\Design02.a(CyLib.o)
 .text          0x00000000        0x0 .\CortexM3\ARM_GCC_484\Debug\Design02.a(cyPm.o)
 .data          0x00000000        0x0 .\CortexM3\ARM_GCC_484\Debug\Design02.a(cyPm.o)
 .bss           0x00000000       0x44 .\CortexM3\ARM_GCC_484\Debug\Design02.a(cyPm.o)
 .rodata        0x00000000       0x10 .\CortexM3\ARM_GCC_484\Debug\Design02.a(cyPm.o)
 .text.CyPmSaveClocks
                0x00000000      0x280 .\CortexM3\ARM_GCC_484\Debug\Design02.a(cyPm.o)
 .text.CyPmRestoreClocks
                0x00000000      0x300 .\CortexM3\ARM_GCC_484\Debug\Design02.a(cyPm.o)
 .text.CyPmAltAct
                0x00000000       0xb8 .\CortexM3\ARM_GCC_484\Debug\Design02.a(cyPm.o)
 .text.CyPmSleep
                0x00000000      0x16c .\CortexM3\ARM_GCC_484\Debug\Design02.a(cyPm.o)
 .text.CyPmHibernate
                0x00000000      0x140 .\CortexM3\ARM_GCC_484\Debug\Design02.a(cyPm.o)
 .text.CyPmReadStatus
                0x00000000       0x58 .\CortexM3\ARM_GCC_484\Debug\Design02.a(cyPm.o)
 .text.CyPmHibSaveSet
                0x00000000       0xd4 .\CortexM3\ARM_GCC_484\Debug\Design02.a(cyPm.o)
 .text.CyPmHibRestore
                0x00000000       0x68 .\CortexM3\ARM_GCC_484\Debug\Design02.a(cyPm.o)
 .text.CyPmCtwSetInterval
                0x00000000       0x90 .\CortexM3\ARM_GCC_484\Debug\Design02.a(cyPm.o)
 .text.CyPmOppsSet
                0x00000000       0x40 .\CortexM3\ARM_GCC_484\Debug\Design02.a(cyPm.o)
 .text.CyPmFtwSetInterval
                0x00000000       0x90 .\CortexM3\ARM_GCC_484\Debug\Design02.a(cyPm.o)
 .text.CyPmHibSlpSaveSet
                0x00000000      0x280 .\CortexM3\ARM_GCC_484\Debug\Design02.a(cyPm.o)
 .text.CyPmHibSlpRestore
                0x00000000      0x188 .\CortexM3\ARM_GCC_484\Debug\Design02.a(cyPm.o)
 .text.CyPmHviLviSaveDisable
                0x00000000       0xd4 .\CortexM3\ARM_GCC_484\Debug\Design02.a(cyPm.o)
 .text.CyPmHviLviRestore
                0x00000000       0x54 .\CortexM3\ARM_GCC_484\Debug\Design02.a(cyPm.o)
 .text          0x00000000        0x0 .\CortexM3\ARM_GCC_484\Debug\Design02.a(CAN_1.o)
 .data          0x00000000        0x0 .\CortexM3\ARM_GCC_484\Debug\Design02.a(CAN_1.o)
 .text.CAN_1_GlobalIntEnable
                0x00000000       0x40 .\CortexM3\ARM_GCC_484\Debug\Design02.a(CAN_1.o)
 .text.CAN_1_GlobalIntDisable
                0x00000000       0x40 .\CortexM3\ARM_GCC_484\Debug\Design02.a(CAN_1.o)
 .text.CAN_1_RXRegisterInit
                0x00000000       0xa4 .\CortexM3\ARM_GCC_484\Debug\Design02.a(CAN_1.o)
 .text.CAN_1_GetTXErrorFlag
                0x00000000       0x28 .\CortexM3\ARM_GCC_484\Debug\Design02.a(CAN_1.o)
 .text.CAN_1_GetRXErrorFlag
                0x00000000       0x28 .\CortexM3\ARM_GCC_484\Debug\Design02.a(CAN_1.o)
 .text.CAN_1_GetTXErrorCount
                0x00000000       0x18 .\CortexM3\ARM_GCC_484\Debug\Design02.a(CAN_1.o)
 .text.CAN_1_GetRXErrorCount
                0x00000000       0x18 .\CortexM3\ARM_GCC_484\Debug\Design02.a(CAN_1.o)
 .text.CAN_1_GetErrorState
                0x00000000       0x20 .\CortexM3\ARM_GCC_484\Debug\Design02.a(CAN_1.o)
 .text          0x00000000        0x0 .\CortexM3\ARM_GCC_484\Debug\Design02.a(CAN_1_INT.o)
 .data          0x00000000        0x0 .\CortexM3\ARM_GCC_484\Debug\Design02.a(CAN_1_INT.o)
 .bss           0x00000000        0x0 .\CortexM3\ARM_GCC_484\Debug\Design02.a(CAN_1_INT.o)
 .text          0x00000000        0x0 .\CortexM3\ARM_GCC_484\Debug\Design02.a(CAN_1_TX_RX_func.o)
 .data          0x00000000        0x0 .\CortexM3\ARM_GCC_484\Debug\Design02.a(CAN_1_TX_RX_func.o)
 .bss           0x00000000        0x0 .\CortexM3\ARM_GCC_484\Debug\Design02.a(CAN_1_TX_RX_func.o)
 .text.CAN_1_SendMsg
                0x00000000      0x16c .\CortexM3\ARM_GCC_484\Debug\Design02.a(CAN_1_TX_RX_func.o)
 .text.CAN_1_TxCancel
                0x00000000       0x3c .\CortexM3\ARM_GCC_484\Debug\Design02.a(CAN_1_TX_RX_func.o)
 .text          0x00000000        0x0 .\CortexM3\ARM_GCC_484\Debug\Design02.a(CyFlash.o)
 .data          0x00000000        0x0 .\CortexM3\ARM_GCC_484\Debug\Design02.a(CyFlash.o)
 .bss           0x00000000        0x4 .\CortexM3\ARM_GCC_484\Debug\Design02.a(CyFlash.o)
 .text.CyFlash_Start
                0x00000000       0x8c .\CortexM3\ARM_GCC_484\Debug\Design02.a(CyFlash.o)
 .text.CyFlash_Stop
                0x00000000       0x44 .\CortexM3\ARM_GCC_484\Debug\Design02.a(CyFlash.o)
 .text.CySetTempInt
                0x00000000       0x7c .\CortexM3\ARM_GCC_484\Debug\Design02.a(CyFlash.o)
 .text.CyFlashGetSpcAlgorithm
                0x00000000       0x70 .\CortexM3\ARM_GCC_484\Debug\Design02.a(CyFlash.o)
 .text.CySetTemp
                0x00000000       0x24 .\CortexM3\ARM_GCC_484\Debug\Design02.a(CyFlash.o)
 .text.CySetFlashEEBuffer
                0x00000000       0x54 .\CortexM3\ARM_GCC_484\Debug\Design02.a(CyFlash.o)
 .text.CyWriteRowData
                0x00000000       0x3c .\CortexM3\ARM_GCC_484\Debug\Design02.a(CyFlash.o)
 .text.CyWriteRowFull
                0x00000000      0x154 .\CortexM3\ARM_GCC_484\Debug\Design02.a(CyFlash.o)
 .text.CyFlash_SetWaitCycles
                0x00000000       0xbc .\CortexM3\ARM_GCC_484\Debug\Design02.a(CyFlash.o)
 .text.CyEEPROM_Start
                0x00000000       0x8c .\CortexM3\ARM_GCC_484\Debug\Design02.a(CyFlash.o)
 .text.CyEEPROM_Stop
                0x00000000       0x44 .\CortexM3\ARM_GCC_484\Debug\Design02.a(CyFlash.o)
 .text.CyEEPROM_ReadReserve
                0x00000000       0x30 .\CortexM3\ARM_GCC_484\Debug\Design02.a(CyFlash.o)
 .text.CyEEPROM_ReadRelease
                0x00000000       0x20 .\CortexM3\ARM_GCC_484\Debug\Design02.a(CyFlash.o)
 COMMON         0x00000000        0x2 .\CortexM3\ARM_GCC_484\Debug\Design02.a(CyFlash.o)
 .text          0x00000000        0x0 .\CortexM3\ARM_GCC_484\Debug\Design02.a(CySpc.o)
 .data          0x00000000        0x0 .\CortexM3\ARM_GCC_484\Debug\Design02.a(CySpc.o)
 .bss           0x00000000        0x8 .\CortexM3\ARM_GCC_484\Debug\Design02.a(CySpc.o)
 .text.CySpcStart
                0x00000000       0x44 .\CortexM3\ARM_GCC_484\Debug\Design02.a(CySpc.o)
 .text.CySpcStop
                0x00000000       0x44 .\CortexM3\ARM_GCC_484\Debug\Design02.a(CySpc.o)
 .text.CySpcReadData
                0x00000000       0x58 .\CortexM3\ARM_GCC_484\Debug\Design02.a(CySpc.o)
 .text.CySpcLoadMultiByte
                0x00000000       0xd0 .\CortexM3\ARM_GCC_484\Debug\Design02.a(CySpc.o)
 .text.CySpcLoadRow
                0x00000000       0x8c .\CortexM3\ARM_GCC_484\Debug\Design02.a(CySpc.o)
 .text.CySpcLoadRowFull
                0x00000000       0xcc .\CortexM3\ARM_GCC_484\Debug\Design02.a(CySpc.o)
 .text.CySpcWriteRow
                0x00000000       0x88 .\CortexM3\ARM_GCC_484\Debug\Design02.a(CySpc.o)
 .text.CySpcEraseSector
                0x00000000       0x70 .\CortexM3\ARM_GCC_484\Debug\Design02.a(CySpc.o)
 .text.CySpcGetTemp
                0x00000000       0x64 .\CortexM3\ARM_GCC_484\Debug\Design02.a(CySpc.o)
 .text.CySpcLock
                0x00000000       0x68 .\CortexM3\ARM_GCC_484\Debug\Design02.a(CySpc.o)
 .text.CySpcUnlock
                0x00000000       0x50 .\CortexM3\ARM_GCC_484\Debug\Design02.a(CySpc.o)
 .text.CySpcGetAlgorithm
                0x00000000       0x48 .\CortexM3\ARM_GCC_484\Debug\Design02.a(CySpc.o)
 .text          0x00000000        0x0 c:/program files (x86)/cypress/psoc creator/3.1/psoc creator/import/gnu_cs/arm/4.8.4/bin/../lib/gcc/arm-none-eabi/4.8.4/../../../../arm-none-eabi/lib/armv7-m\libg_s.a(lib_a-errno.o)
 .data          0x00000000        0x0 c:/program files (x86)/cypress/psoc creator/3.1/psoc creator/import/gnu_cs/arm/4.8.4/bin/../lib/gcc/arm-none-eabi/4.8.4/../../../../arm-none-eabi/lib/armv7-m\libg_s.a(lib_a-errno.o)
 .bss           0x00000000        0x0 c:/program files (x86)/cypress/psoc creator/3.1/psoc creator/import/gnu_cs/arm/4.8.4/bin/../lib/gcc/arm-none-eabi/4.8.4/../../../../arm-none-eabi/lib/armv7-m\libg_s.a(lib_a-errno.o)
 .text.__errno  0x00000000        0xc c:/program files (x86)/cypress/psoc creator/3.1/psoc creator/import/gnu_cs/arm/4.8.4/bin/../lib/gcc/arm-none-eabi/4.8.4/../../../../arm-none-eabi/lib/armv7-m\libg_s.a(lib_a-errno.o)
 .text          0x00000000        0x0 c:/program files (x86)/cypress/psoc creator/3.1/psoc creator/import/gnu_cs/arm/4.8.4/bin/../lib/gcc/arm-none-eabi/4.8.4/../../../../arm-none-eabi/lib/armv7-m\libg_s.a(lib_a-exit.o)
 .data          0x00000000        0x0 c:/program files (x86)/cypress/psoc creator/3.1/psoc creator/import/gnu_cs/arm/4.8.4/bin/../lib/gcc/arm-none-eabi/4.8.4/../../../../arm-none-eabi/lib/armv7-m\libg_s.a(lib_a-exit.o)
 .bss           0x00000000        0x0 c:/program files (x86)/cypress/psoc creator/3.1/psoc creator/import/gnu_cs/arm/4.8.4/bin/../lib/gcc/arm-none-eabi/4.8.4/../../../../arm-none-eabi/lib/armv7-m\libg_s.a(lib_a-exit.o)
 .text.exit     0x00000000       0x28 c:/program files (x86)/cypress/psoc creator/3.1/psoc creator/import/gnu_cs/arm/4.8.4/bin/../lib/gcc/arm-none-eabi/4.8.4/../../../../arm-none-eabi/lib/armv7-m\libg_s.a(lib_a-exit.o)
 .text          0x00000000        0x0 c:/program files (x86)/cypress/psoc creator/3.1/psoc creator/import/gnu_cs/arm/4.8.4/bin/../lib/gcc/arm-none-eabi/4.8.4/../../../../arm-none-eabi/lib/armv7-m\libg_s.a(lib_a-impure.o)
 .data          0x00000000        0x0 c:/program files (x86)/cypress/psoc creator/3.1/psoc creator/import/gnu_cs/arm/4.8.4/bin/../lib/gcc/arm-none-eabi/4.8.4/../../../../arm-none-eabi/lib/armv7-m\libg_s.a(lib_a-impure.o)
 .bss           0x00000000        0x0 c:/program files (x86)/cypress/psoc creator/3.1/psoc creator/import/gnu_cs/arm/4.8.4/bin/../lib/gcc/arm-none-eabi/4.8.4/../../../../arm-none-eabi/lib/armv7-m\libg_s.a(lib_a-impure.o)
 .data.impure_data
                0x00000000       0x60 c:/program files (x86)/cypress/psoc creator/3.1/psoc creator/import/gnu_cs/arm/4.8.4/bin/../lib/gcc/arm-none-eabi/4.8.4/../../../../arm-none-eabi/lib/armv7-m\libg_s.a(lib_a-impure.o)
 .data._impure_ptr
                0x00000000        0x4 c:/program files (x86)/cypress/psoc creator/3.1/psoc creator/import/gnu_cs/arm/4.8.4/bin/../lib/gcc/arm-none-eabi/4.8.4/../../../../arm-none-eabi/lib/armv7-m\libg_s.a(lib_a-impure.o)
 .rodata.str1.1
                0x00000000        0x2 c:/program files (x86)/cypress/psoc creator/3.1/psoc creator/import/gnu_cs/arm/4.8.4/bin/../lib/gcc/arm-none-eabi/4.8.4/../../../../arm-none-eabi/lib/armv7-m\libg_s.a(lib_a-impure.o)
 .rodata._global_impure_ptr
                0x00000000        0x4 c:/program files (x86)/cypress/psoc creator/3.1/psoc creator/import/gnu_cs/arm/4.8.4/bin/../lib/gcc/arm-none-eabi/4.8.4/../../../../arm-none-eabi/lib/armv7-m\libg_s.a(lib_a-impure.o)
 .text          0x00000000        0x0 c:/program files (x86)/cypress/psoc creator/3.1/psoc creator/import/gnu_cs/arm/4.8.4/bin/../lib/gcc/arm-none-eabi/4.8.4/../../../../arm-none-eabi/lib/armv7-m\libg_s.a(lib_a-init.o)
 .data          0x00000000        0x0 c:/program files (x86)/cypress/psoc creator/3.1/psoc creator/import/gnu_cs/arm/4.8.4/bin/../lib/gcc/arm-none-eabi/4.8.4/../../../../arm-none-eabi/lib/armv7-m\libg_s.a(lib_a-init.o)
 .bss           0x00000000        0x0 c:/program files (x86)/cypress/psoc creator/3.1/psoc creator/import/gnu_cs/arm/4.8.4/bin/../lib/gcc/arm-none-eabi/4.8.4/../../../../arm-none-eabi/lib/armv7-m\libg_s.a(lib_a-init.o)
 .text          0x00000000        0x0 c:/program files (x86)/cypress/psoc creator/3.1/psoc creator/import/gnu_cs/arm/4.8.4/bin/../lib/gcc/arm-none-eabi/4.8.4/../../../../arm-none-eabi/lib/armv7-m\libg_s.a(lib_a-memcpy-stub.o)
 .data          0x00000000        0x0 c:/program files (x86)/cypress/psoc creator/3.1/psoc creator/import/gnu_cs/arm/4.8.4/bin/../lib/gcc/arm-none-eabi/4.8.4/../../../../arm-none-eabi/lib/armv7-m\libg_s.a(lib_a-memcpy-stub.o)
 .bss           0x00000000        0x0 c:/program files (x86)/cypress/psoc creator/3.1/psoc creator/import/gnu_cs/arm/4.8.4/bin/../lib/gcc/arm-none-eabi/4.8.4/../../../../arm-none-eabi/lib/armv7-m\libg_s.a(lib_a-memcpy-stub.o)
 .text          0x00000000        0x0 c:/program files (x86)/cypress/psoc creator/3.1/psoc creator/import/gnu_cs/arm/4.8.4/bin/../lib/gcc/arm-none-eabi/4.8.4/../../../../arm-none-eabi/lib/armv7-m\libg_s.a(lib_a-memset.o)
 .data          0x00000000        0x0 c:/program files (x86)/cypress/psoc creator/3.1/psoc creator/import/gnu_cs/arm/4.8.4/bin/../lib/gcc/arm-none-eabi/4.8.4/../../../../arm-none-eabi/lib/armv7-m\libg_s.a(lib_a-memset.o)
 .bss           0x00000000        0x0 c:/program files (x86)/cypress/psoc creator/3.1/psoc creator/import/gnu_cs/arm/4.8.4/bin/../lib/gcc/arm-none-eabi/4.8.4/../../../../arm-none-eabi/lib/armv7-m\libg_s.a(lib_a-memset.o)
 .text          0x00000000        0x0 c:/program files (x86)/cypress/psoc creator/3.1/psoc creator/import/gnu_cs/arm/4.8.4/bin/../lib/gcc/arm-none-eabi/4.8.4/armv7-m/crtend.o
 .data          0x00000000        0x0 c:/program files (x86)/cypress/psoc creator/3.1/psoc creator/import/gnu_cs/arm/4.8.4/bin/../lib/gcc/arm-none-eabi/4.8.4/armv7-m/crtend.o
 .bss           0x00000000        0x0 c:/program files (x86)/cypress/psoc creator/3.1/psoc creator/import/gnu_cs/arm/4.8.4/bin/../lib/gcc/arm-none-eabi/4.8.4/armv7-m/crtend.o
 .text          0x00000000        0x0 c:/program files (x86)/cypress/psoc creator/3.1/psoc creator/import/gnu_cs/arm/4.8.4/bin/../lib/gcc/arm-none-eabi/4.8.4/armv7-m/crtn.o
 .data          0x00000000        0x0 c:/program files (x86)/cypress/psoc creator/3.1/psoc creator/import/gnu_cs/arm/4.8.4/bin/../lib/gcc/arm-none-eabi/4.8.4/armv7-m/crtn.o
 .bss           0x00000000        0x0 c:/program files (x86)/cypress/psoc creator/3.1/psoc creator/import/gnu_cs/arm/4.8.4/bin/../lib/gcc/arm-none-eabi/4.8.4/armv7-m/crtn.o

Memory Configuration

Name             Origin             Length             Attributes
rom              0x00000000         0x00040000         xr
ram              0x1fff8000         0x00010000         xrw
*default*        0x00000000         0xffffffff

Linker script and memory map

LOAD c:/program files (x86)/cypress/psoc creator/3.1/psoc creator/import/gnu_cs/arm/4.8.4/bin/../lib/gcc/arm-none-eabi/4.8.4/armv7-m/crti.o
LOAD c:/program files (x86)/cypress/psoc creator/3.1/psoc creator/import/gnu_cs/arm/4.8.4/bin/../lib/gcc/arm-none-eabi/4.8.4/armv7-m/crtbegin.o
LOAD c:/program files (x86)/cypress/psoc creator/3.1/psoc creator/import/gnu_cs/arm/4.8.4/bin/../lib/gcc/arm-none-eabi/4.8.4/../../../../arm-none-eabi/lib/armv7-m/crt0.o
START GROUP
LOAD .\CortexM3\ARM_GCC_484\Debug\main.o
LOAD .\CortexM3\ARM_GCC_484\Debug\cymetadata.o
LOAD .\CortexM3\ARM_GCC_484\Debug\Cm3Start.o
LOAD .\CortexM3\ARM_GCC_484\Debug\Design02.a
LOAD C:\Program Files (x86)\Cypress\PSoC Creator\3.1\PSoC Creator\psoc\content\cycomponentlibrary\CyComponentLibrary.cylib\CortexM3\ARM_GCC_484\Debug\CyComponentLibrary.a
END GROUP
START GROUP
LOAD c:/program files (x86)/cypress/psoc creator/3.1/psoc creator/import/gnu_cs/arm/4.8.4/bin/../lib/gcc/arm-none-eabi/4.8.4/armv7-m\libgcc.a
LOAD c:/program files (x86)/cypress/psoc creator/3.1/psoc creator/import/gnu_cs/arm/4.8.4/bin/../lib/gcc/arm-none-eabi/4.8.4/../../../../arm-none-eabi/lib/armv7-m\libg_s.a
LOAD c:/program files (x86)/cypress/psoc creator/3.1/psoc creator/import/gnu_cs/arm/4.8.4/bin/../lib/gcc/arm-none-eabi/4.8.4/../../../../arm-none-eabi/lib/armv7-m\libc_s.a
END GROUP
START GROUP
LOAD c:/program files (x86)/cypress/psoc creator/3.1/psoc creator/import/gnu_cs/arm/4.8.4/bin/../lib/gcc/arm-none-eabi/4.8.4/armv7-m\libgcc.a
LOAD c:/program files (x86)/cypress/psoc creator/3.1/psoc creator/import/gnu_cs/arm/4.8.4/bin/../lib/gcc/arm-none-eabi/4.8.4/../../../../arm-none-eabi/lib/armv7-m\libc_s.a
END GROUP
LOAD c:/program files (x86)/cypress/psoc creator/3.1/psoc creator/import/gnu_cs/arm/4.8.4/bin/../lib/gcc/arm-none-eabi/4.8.4/armv7-m/crtend.o
LOAD c:/program files (x86)/cypress/psoc creator/3.1/psoc creator/import/gnu_cs/arm/4.8.4/bin/../lib/gcc/arm-none-eabi/4.8.4/armv7-m/crtn.o
START GROUP
LOAD c:/program files (x86)/cypress/psoc creator/3.1/psoc creator/import/gnu_cs/arm/4.8.4/bin/../lib/gcc/arm-none-eabi/4.8.4/armv7-m\libgcc.a
LOAD c:/program files (x86)/cypress/psoc creator/3.1/psoc creator/import/gnu_cs/arm/4.8.4/bin/../lib/gcc/arm-none-eabi/4.8.4/../../../../arm-none-eabi/lib/armv7-m\libc.a
LOAD c:/program files (x86)/cypress/psoc creator/3.1/psoc creator/import/gnu_cs/arm/4.8.4/bin/../lib/gcc/arm-none-eabi/4.8.4/../../../../arm-none-eabi/lib/armv7-m\libnosys.a
END GROUP
                0x00000000                CY_APPL_ORIGIN = 0x0
                0x00000100                CY_FLASH_ROW_SIZE = 0x100
                0x00000020                CY_ECC_ROW_SIZE = 0x20
                0x00000000                CY_EE_IN_BTLDR = 0x0
                0x00000000                CY_APPL_LOADABLE = 0x0
                0x00000800                CY_EE_SIZE = 0x800
                0x00000001                CY_APPL_NUM = 0x1
                0x00000001                CY_APPL_MAX = 0x1
                0x00000040                CY_METADATA_SIZE = 0x40
                0x1fff8140                PROVIDE (__cy_heap_start, _end)
                0x00000001                PROVIDE (__cy_region_num, ((__cy_regions_end - __cy_regions) / 0x10))
                0x20008000                PROVIDE (__cy_stack, (ORIGIN (ram) + 0x10000))
                0x20007800                PROVIDE (__cy_heap_end, (__cy_stack - 0x800))

.cybootloader   0x00000000        0x0
 *(.cybootloader)
                0x00000000                appl1_start = CY_APPL_ORIGIN?CY_APPL_ORIGIN:ALIGN (CY_FLASH_ROW_SIZE)
                0x0001ff00                appl2_start = (appl1_start + ALIGN ((((0x40000 - appl1_start) - (0x2 * CY_FLASH_ROW_SIZE)) / 0x2), CY_FLASH_ROW_SIZE))
                0x00000000                appl_start = (CY_APPL_NUM == 0x1)?appl1_start:appl2_start
                0x00000000                ecc_offset = ((appl_start / CY_FLASH_ROW_SIZE) * CY_ECC_ROW_SIZE)
                0x00000000                ee_offset = (CY_APPL_LOADABLE && ! (CY_EE_IN_BTLDR))?((CY_EE_SIZE / CY_APPL_MAX) * (CY_APPL_NUM - 0x1)):0x0
                0x00000800                ee_size = (CY_APPL_LOADABLE && ! (CY_EE_IN_BTLDR))?(CY_EE_SIZE / CY_APPL_MAX):CY_EE_SIZE
                0x00000000                PROVIDE (CY_ECC_OFFSET, ecc_offset)

.text           0x00000000      0xeaa
 CREATE_OBJECT_SYMBOLS
                0x00000000                PROVIDE (__cy_interrupt_vector, RomVectors)
 *(.romvectors)
 .romvectors    0x00000000       0x10 .\CortexM3\ARM_GCC_484\Debug\Cm3Start.o
                0x00000000                RomVectors
                0x00000001                ASSERT ((. != __cy_interrupt_vector), No interrupt vector)
                0x00000001                ASSERT (CY_APPL_ORIGIN?(SIZEOF (.cybootloader) <= CY_APPL_ORIGIN):0x1, Wrong image location)
                0x00000010                PROVIDE (__cy_reset, Reset)
 *(.text.Reset)
 .text.Reset    0x00000010       0x18 .\CortexM3\ARM_GCC_484\Debug\Cm3Start.o
                0x00000010                Reset
                0x00000001                ASSERT ((. != __cy_reset), No reset code)
 *(.dma_init)
                0x00000001                ASSERT ((((appl_start + .) <= 0x10000) || 0x1), DMA Init must be within the first 64k of flash)
 *(.text .text.* .gnu.linkonce.t.*)
 .text          0x00000028       0x54 c:/program files (x86)/cypress/psoc creator/3.1/psoc creator/import/gnu_cs/arm/4.8.4/bin/../lib/gcc/arm-none-eabi/4.8.4/armv7-m/crtbegin.o
 .text.main     0x0000007c       0x1c .\CortexM3\ARM_GCC_484\Debug\main.o
                0x0000007c                main
 .text.IntDefaultHandler
                0x00000098        0x8 .\CortexM3\ARM_GCC_484\Debug\Cm3Start.o
                0x00000098                IntDefaultHandler
 .text.Start_c  0x000000a0       0x98 .\CortexM3\ARM_GCC_484\Debug\Cm3Start.o
                0x000000a0                Start_c
 .text.initialize_psoc
                0x00000138       0x8c .\CortexM3\ARM_GCC_484\Debug\Cm3Start.o
                0x00000138                initialize_psoc
 .text.CYMEMZERO
                0x000001c4       0x1c .\CortexM3\ARM_GCC_484\Debug\Design02.a(cyfitter_cfg.o)
 .text.CYCONFIGCPY
                0x000001e0       0x1c .\CortexM3\ARM_GCC_484\Debug\Design02.a(cyfitter_cfg.o)
 .text.CyClockStartupError
                0x000001fc        0xc .\CortexM3\ARM_GCC_484\Debug\Design02.a(cyfitter_cfg.o)
 .text.cfg_write_bytes32
                0x00000208       0x74 .\CortexM3\ARM_GCC_484\Debug\Design02.a(cyfitter_cfg.o)
 .text.ClockSetup
                0x0000027c       0xd8 .\CortexM3\ARM_GCC_484\Debug\Design02.a(cyfitter_cfg.o)
 .text.AnalogSetDefault
                0x00000354       0x44 .\CortexM3\ARM_GCC_484\Debug\Design02.a(cyfitter_cfg.o)
 .text.cyfitter_cfg
                0x00000398      0x110 .\CortexM3\ARM_GCC_484\Debug\Design02.a(cyfitter_cfg.o)
                0x00000398                cyfitter_cfg
 .text          0x000004a8       0x28 .\CortexM3\ARM_GCC_484\Debug\Design02.a(CyBootAsmGnu.o)
                0x000004a8                CyDelayCycles
                0x000004bc                CyEnterCriticalSection
                0x000004c4                CyExitCriticalSection
 .text.CyHalt   0x000004d0       0x18 .\CortexM3\ARM_GCC_484\Debug\Design02.a(CyLib.o)
                0x000004d0                CyHalt
 .text.CyDelay  0x000004e8       0x44 .\CortexM3\ARM_GCC_484\Debug\Design02.a(CyLib.o)
                0x000004e8                CyDelay
 .text.CyIntSetVector
                0x0000052c       0x50 .\CortexM3\ARM_GCC_484\Debug\Design02.a(CyLib.o)
                0x0000052c                CyIntSetVector
 .text.CyIntSetPriority
                0x0000057c       0x44 .\CortexM3\ARM_GCC_484\Debug\Design02.a(CyLib.o)
                0x0000057c                CyIntSetPriority
 .text.CAN_1_Init
                0x000005c0      0x170 .\CortexM3\ARM_GCC_484\Debug\Design02.a(CAN_1.o)
                0x000005c0                CAN_1_Init
 .text.CAN_1_Enable
                0x00000730       0x78 .\CortexM3\ARM_GCC_484\Debug\Design02.a(CAN_1.o)
                0x00000730                CAN_1_Enable
 .text.CAN_1_Start
                0x000007a8       0x3c .\CortexM3\ARM_GCC_484\Debug\Design02.a(CAN_1.o)
                0x000007a8                CAN_1_Start
 .text.CAN_1_Stop
                0x000007e4       0x78 .\CortexM3\ARM_GCC_484\Debug\Design02.a(CAN_1.o)
                0x000007e4                CAN_1_Stop
 .text.CAN_1_SetPreScaler
                0x0000085c       0x44 .\CortexM3\ARM_GCC_484\Debug\Design02.a(CAN_1.o)
                0x0000085c                CAN_1_SetPreScaler
 .text.CAN_1_SetArbiter
                0x000008a0       0x6c .\CortexM3\ARM_GCC_484\Debug\Design02.a(CAN_1.o)
                0x000008a0                CAN_1_SetArbiter
 .text.CAN_1_SetTsegSample
                0x0000090c       0xc4 .\CortexM3\ARM_GCC_484\Debug\Design02.a(CAN_1.o)
                0x0000090c                CAN_1_SetTsegSample
 .text.CAN_1_SetRestartType
                0x000009d0       0x6c .\CortexM3\ARM_GCC_484\Debug\Design02.a(CAN_1.o)
                0x000009d0                CAN_1_SetRestartType
 .text.CAN_1_SetEdgeMode
                0x00000a3c       0x6c .\CortexM3\ARM_GCC_484\Debug\Design02.a(CAN_1.o)
                0x00000a3c                CAN_1_SetEdgeMode
 .text.CAN_1_SetOpMode
                0x00000aa8       0x6c .\CortexM3\ARM_GCC_484\Debug\Design02.a(CAN_1.o)
                0x00000aa8                CAN_1_SetOpMode
 .text.CAN_1_SetIrqMask
                0x00000b14       0x38 .\CortexM3\ARM_GCC_484\Debug\Design02.a(CAN_1.o)
                0x00000b14                CAN_1_SetIrqMask
 .text.CAN_1_RxBufConfig
                0x00000b4c       0xec .\CortexM3\ARM_GCC_484\Debug\Design02.a(CAN_1.o)
                0x00000b4c                CAN_1_RxBufConfig
 .text.CAN_1_TxBufConfig
                0x00000c38       0x88 .\CortexM3\ARM_GCC_484\Debug\Design02.a(CAN_1.o)
                0x00000c38                CAN_1_TxBufConfig
 .text.CAN_1_BusOffIsr
                0x00000cc0       0x14 .\CortexM3\ARM_GCC_484\Debug\Design02.a(CAN_1_INT.o)
                0x00000cc0                CAN_1_BusOffIsr
 .text.CAN_1_MsgRXIsr
                0x00000cd4       0x74 .\CortexM3\ARM_GCC_484\Debug\Design02.a(CAN_1_INT.o)
                0x00000cd4                CAN_1_MsgRXIsr
 .text.CAN_1_ISR
                0x00000d48       0x30 .\CortexM3\ARM_GCC_484\Debug\Design02.a(CAN_1_INT.o)
                0x00000d48                CAN_1_ISR
 .text.CAN_1_SendMsg0
                0x00000d78       0x44 .\CortexM3\ARM_GCC_484\Debug\Design02.a(CAN_1_TX_RX_func.o)
                0x00000d78                CAN_1_SendMsg0
 .text.CAN_1_SendMsg1
                0x00000dbc       0x38 .\CortexM3\ARM_GCC_484\Debug\Design02.a(CAN_1_TX_RX_func.o)
                0x00000dbc                CAN_1_SendMsg1
 .text.CAN_1_ReceiveMsg
                0x00000df4       0x48 .\CortexM3\ARM_GCC_484\Debug\Design02.a(CAN_1_TX_RX_func.o)
                0x00000df4                CAN_1_ReceiveMsg
 .text.__libc_init_array
                0x00000e3c       0x4c c:/program files (x86)/cypress/psoc creator/3.1/psoc creator/import/gnu_cs/arm/4.8.4/bin/../lib/gcc/arm-none-eabi/4.8.4/../../../../arm-none-eabi/lib/armv7-m\libg_s.a(lib_a-init.o)
                0x00000e3c                __libc_init_array
 .text.memcpy   0x00000e88       0x12 c:/program files (x86)/cypress/psoc creator/3.1/psoc creator/import/gnu_cs/arm/4.8.4/bin/../lib/gcc/arm-none-eabi/4.8.4/../../../../arm-none-eabi/lib/armv7-m\libg_s.a(lib_a-memcpy-stub.o)
                0x00000e88                memcpy
 .text.memset   0x00000e9a       0x10 c:/program files (x86)/cypress/psoc creator/3.1/psoc creator/import/gnu_cs/arm/4.8.4/bin/../lib/gcc/arm-none-eabi/4.8.4/../../../../arm-none-eabi/lib/armv7-m\libg_s.a(lib_a-memset.o)
                0x00000e9a                memset
 *(.plt)
 *(.gnu.warning)
 *(.glue_7t)
 .glue_7t       0x00000000        0x0 linker stubs
 *(.glue_7)
 .glue_7        0x00000000        0x0 linker stubs
 *(.vfp11_veneer)
 .vfp11_veneer  0x00000000        0x0 linker stubs
 *(.bootloader)
 *(.ARM.extab* .gnu.linkonce.armextab.*)
 *(.gcc_except_table)

.v4_bx          0x00000eac        0x0
 .v4_bx         0x00000000        0x0 linker stubs

.iplt           0x00000eac        0x0
 .iplt          0x00000000        0x0 c:/program files (x86)/cypress/psoc creator/3.1/psoc creator/import/gnu_cs/arm/4.8.4/bin/../lib/gcc/arm-none-eabi/4.8.4/armv7-m/crtbegin.o

.eh_frame_hdr
 *(.eh_frame_hdr)

.eh_frame       0x00000eac        0x4
 *(.eh_frame)
 .eh_frame      0x00000eac        0x0 c:/program files (x86)/cypress/psoc creator/3.1/psoc creator/import/gnu_cs/arm/4.8.4/bin/../lib/gcc/arm-none-eabi/4.8.4/armv7-m/crtbegin.o
 .eh_frame      0x00000eac        0x4 c:/program files (x86)/cypress/psoc creator/3.1/psoc creator/import/gnu_cs/arm/4.8.4/bin/../lib/gcc/arm-none-eabi/4.8.4/armv7-m/crtend.o
                0x00000eb0                PROVIDE (__exidx_start, .)

.ARM.exidx
 *(.ARM.exidx* .gnu.linkonce.armexidx.*)
                0x00000eb0                __exidx_end = .

.rodata         0x00000eb0      0x1d0
 *(.rodata .rodata.* .gnu.linkonce.r.*)
 .rodata        0x00000eb0       0x38 .\CortexM3\ARM_GCC_484\Debug\Design02.a(cyfitter_cfg.o)
 .rodata        0x00000ee8      0x160 .\CortexM3\ARM_GCC_484\Debug\Design02.a(CAN_1.o)
                0x00001048                . = ALIGN (0x4)
 *(.init)
 .init          0x00001048        0x4 c:/program files (x86)/cypress/psoc creator/3.1/psoc creator/import/gnu_cs/arm/4.8.4/bin/../lib/gcc/arm-none-eabi/4.8.4/armv7-m/crti.o
                0x00001048                _init
 .init          0x0000104c        0x8 c:/program files (x86)/cypress/psoc creator/3.1/psoc creator/import/gnu_cs/arm/4.8.4/bin/../lib/gcc/arm-none-eabi/4.8.4/armv7-m/crtn.o
                0x00001054                . = ALIGN (0x4)
                0x00001054                __preinit_array_start = .
 *(.preinit_array)
                0x00001054                __preinit_array_end = .
                0x00001054                . = ALIGN (0x4)
                0x00001054                __init_array_start = .
 *(SORT(.init_array.*))
 *(.init_array)
 .init_array    0x00001054        0x4 c:/program files (x86)/cypress/psoc creator/3.1/psoc creator/import/gnu_cs/arm/4.8.4/bin/../lib/gcc/arm-none-eabi/4.8.4/armv7-m/crtbegin.o
 .init_array    0x00001058        0x4 .\CortexM3\ARM_GCC_484\Debug\Cm3Start.o
                0x0000105c                __init_array_end = .
                0x0000105c                . = ALIGN (0x4)
 *(.fini)
 .fini          0x0000105c        0x4 c:/program files (x86)/cypress/psoc creator/3.1/psoc creator/import/gnu_cs/arm/4.8.4/bin/../lib/gcc/arm-none-eabi/4.8.4/armv7-m/crti.o
                0x0000105c                _fini
 .fini          0x00001060        0x8 c:/program files (x86)/cypress/psoc creator/3.1/psoc creator/import/gnu_cs/arm/4.8.4/bin/../lib/gcc/arm-none-eabi/4.8.4/armv7-m/crtn.o
                0x00001068                . = ALIGN (0x4)
                0x00001068                __fini_array_start = .
 *(.fini_array)
 .fini_array    0x00001068        0x4 c:/program files (x86)/cypress/psoc creator/3.1/psoc creator/import/gnu_cs/arm/4.8.4/bin/../lib/gcc/arm-none-eabi/4.8.4/armv7-m/crtbegin.o
 *(SORT(.fini_array.*))
                0x0000106c                __fini_array_end = .
                0x0000106c                . = ALIGN (0x4)
 *crtbegin.o(.ctors)
 *(EXCLUDE_FILE(*crtend.o) .ctors)
 *(SORT(.ctors.*))
 *crtend.o(.ctors)
                0x0000106c                . = ALIGN (0x4)
 *crtbegin.o(.dtors)
 *(EXCLUDE_FILE(*crtend.o) .dtors)
 *(SORT(.dtors.*))
 *crtend.o(.dtors)
                0x0000106c                . = ALIGN (0x4)
                0x0000106c                __cy_regions = .
                0x0000106c        0x4 LONG 0x1080 __cy_region_init_ram
                0x00001070        0x4 LONG 0x1fff8108 __cy_region_start_data
                0x00001074        0x4 LONG 0x18 __cy_region_init_size_ram
                0x00001078        0x4 LONG 0x20 __cy_region_zero_size_ram
                0x0000107c                __cy_regions_end = .
                0x00001080                . = ALIGN (0x8)
 *fill*         0x0000107c        0x4 
                0x00001080                _etext = .

.ramvectors     0x1fff8000      0x100
                0x1fff8000                __cy_region_start_ram = .
 *(.ramvectors)
 .ramvectors    0x1fff8000      0x100 .\CortexM3\ARM_GCC_484\Debug\Cm3Start.o
                0x1fff8000                CyRamVectors

.noinit         0x1fff8100        0x5
 *(.noinit)
 .noinit        0x1fff8100        0x4 .\CortexM3\ARM_GCC_484\Debug\Cm3Start.o
 .noinit        0x1fff8104        0x1 .\CortexM3\ARM_GCC_484\Debug\Design02.a(CyLib.o)
                0x1fff8104                CyResetStatus

.data           0x1fff8108       0x18 load address 0x00001080
                0x1fff8108                __cy_region_start_data = .
 *(.jcr)
 .jcr           0x1fff8108        0x0 c:/program files (x86)/cypress/psoc creator/3.1/psoc creator/import/gnu_cs/arm/4.8.4/bin/../lib/gcc/arm-none-eabi/4.8.4/armv7-m/crtbegin.o
 .jcr           0x1fff8108        0x4 c:/program files (x86)/cypress/psoc creator/3.1/psoc creator/import/gnu_cs/arm/4.8.4/bin/../lib/gcc/arm-none-eabi/4.8.4/armv7-m/crtend.o
 *(.got.plt)
 *(.got)
 *(.shdata)
 *(.data .data.* .gnu.linkonce.d.*)
 .data          0x1fff810c       0x10 .\CortexM3\ARM_GCC_484\Debug\Design02.a(CyLib.o)
                0x1fff810c                cydelay_freq_hz
                0x1fff8110                cydelay_freq_khz
                0x1fff8114                cydelay_freq_mhz
                0x1fff8118                cydelay_32k_ms
                0x1fff8120                . = ALIGN (0x8)
 *fill*         0x1fff811c        0x4 
 *(.ram)
                0x1fff8120                _edata = .

.igot.plt       0x1fff8120        0x0 load address 0x00001098
 .igot.plt      0x00000000        0x0 c:/program files (x86)/cypress/psoc creator/3.1/psoc creator/import/gnu_cs/arm/4.8.4/bin/../lib/gcc/arm-none-eabi/4.8.4/armv7-m/crtbegin.o

.bss            0x1fff8120       0x20 load address 0x00001098
                0x1fff8120                PROVIDE (__bss_start__, .)
 *(.shbss)
 *(.bss .bss.* .gnu.linkonce.b.*)
 .bss           0x1fff8120       0x1c c:/program files (x86)/cypress/psoc creator/3.1/psoc creator/import/gnu_cs/arm/4.8.4/bin/../lib/gcc/arm-none-eabi/4.8.4/armv7-m/crtbegin.o
 .bss           0x1fff813c        0x1 .\CortexM3\ARM_GCC_484\Debug\main.o
                0x1fff813c                Tx_Data
 .bss           0x1fff813d        0x1 .\CortexM3\ARM_GCC_484\Debug\Design02.a(CAN_1.o)
                0x1fff813d                CAN_1_initVar
 *(COMMON)
                0x1fff8140                . = ALIGN (0x8)
 *fill*         0x1fff813e        0x2 
 *(.ram.b)
                0x1fff8140                _end = .
                0x1fff8140                __end = .
                0x1fff8140                PROVIDE (end, .)
                0x1fff8140                PROVIDE (__bss_end__, .)
                0x00001080                __cy_region_init_ram = LOADADDR (.data)
                0x00000018                __cy_region_init_size_ram = (_edata - ADDR (.data))
                0x00000020                __cy_region_zero_size_ram = (_end - _edata)

.heap           0x1fff8140       0x80 load address 0x00001098
                0x1fff8140                . = _end
                0x1fff81c0                . = (. + 0x80)
 *fill*         0x1fff8140       0x80 
                0x1fff81c0                __cy_heap_limit = .

.stack          0x20007800      0x800
                0x20007800                __cy_stack_limit = .
                0x20008000                . = (. + 0x800)
 *fill*         0x20007800      0x800 
                0x00000001                ASSERT ((__cy_stack_limit >= __cy_heap_limit), region RAM overflowed with stack)

.cyloadermeta
 *(.cyloadermeta)

.cyloadablemeta
 *(.cyloadablemeta)

.cyconfigecc    0x80000000       0x2c
 *(.cyconfigecc)
 .cyconfigecc   0x80000000       0x2c .\CortexM3\ARM_GCC_484\Debug\cymetadata.o
                0x80000000                cy_meta_configecc

.cycustnvl      0x90000000        0x4
 *(.cycustnvl)
 .cycustnvl     0x90000000        0x4 .\CortexM3\ARM_GCC_484\Debug\cymetadata.o
                0x90000000                cy_meta_custnvl

.cywolatch      0x90100000        0x4
 *(.cywolatch)
 .cywolatch     0x90100000        0x4 .\CortexM3\ARM_GCC_484\Debug\cymetadata.o
                0x90100000                cy_meta_wonvl

.cyeeprom       0x90200000        0x0
 *(.cyeeprom)
                0x00000001                ASSERT ((. <= ((0x90200000 + ee_offset) + ee_size)), .cyeeprom data will not fit in EEPROM)

.cyflashprotect
                0x90400000      0x100
 *(.cyflashprotect)
 .cyflashprotect
                0x90400000      0x100 .\CortexM3\ARM_GCC_484\Debug\cymetadata.o
                0x90400000                cy_meta_flashprotect

.cymeta         0x90500000        0xc
 *(.cymeta)
 .cymeta        0x90500000        0xc .\CortexM3\ARM_GCC_484\Debug\cymetadata.o
                0x90500000                cy_metadata

.rel.dyn        0x00001098        0x0 load address 0x9050000c
 .rel.iplt      0x00000000        0x0 c:/program files (x86)/cypress/psoc creator/3.1/psoc creator/import/gnu_cs/arm/4.8.4/bin/../lib/gcc/arm-none-eabi/4.8.4/armv7-m/crtbegin.o

.stab
 *(.stab)

.stabstr
 *(.stabstr)

.debug
 *(.debug)

.line
 *(.line)

.debug_srcinfo
 *(.debug_srcinfo)

.debug_sfnames
 *(.debug_sfnames)

.debug_aranges  0x00000000      0x648
 *(.debug_aranges)
 .debug_aranges
                0x00000000       0x20 .\CortexM3\ARM_GCC_484\Debug\main.o
 .debug_aranges
                0x00000020       0x18 .\CortexM3\ARM_GCC_484\Debug\cymetadata.o
 .debug_aranges
                0x00000038       0x48 .\CortexM3\ARM_GCC_484\Debug\Cm3Start.o
 .debug_aranges
                0x00000080       0x60 .\CortexM3\ARM_GCC_484\Debug\Design02.a(cyfitter_cfg.o)
 .debug_aranges
                0x000000e0       0x20 .\CortexM3\ARM_GCC_484\Debug\Design02.a(CyBootAsmGnu.o)
 .debug_aranges
                0x00000100      0x290 .\CortexM3\ARM_GCC_484\Debug\Design02.a(CyLib.o)
 .debug_aranges
                0x00000390       0x90 .\CortexM3\ARM_GCC_484\Debug\Design02.a(cyPm.o)
 .debug_aranges
                0x00000420       0xc0 .\CortexM3\ARM_GCC_484\Debug\Design02.a(CAN_1.o)
 .debug_aranges
                0x000004e0       0x30 .\CortexM3\ARM_GCC_484\Debug\Design02.a(CAN_1_INT.o)
 .debug_aranges
                0x00000510       0x40 .\CortexM3\ARM_GCC_484\Debug\Design02.a(CAN_1_TX_RX_func.o)
 .debug_aranges
                0x00000550       0x80 .\CortexM3\ARM_GCC_484\Debug\Design02.a(CyFlash.o)
 .debug_aranges
                0x000005d0       0x78 .\CortexM3\ARM_GCC_484\Debug\Design02.a(CySpc.o)

.debug_pubnames
 *(.debug_pubnames)

.debug_info     0x00000000     0x304a
 *(.debug_info .gnu.linkonce.wi.*)
 .debug_info    0x00000000       0xe0 .\CortexM3\ARM_GCC_484\Debug\main.o
 .debug_info    0x000000e0      0x139 .\CortexM3\ARM_GCC_484\Debug\cymetadata.o
 .debug_info    0x00000219      0x323 .\CortexM3\ARM_GCC_484\Debug\Cm3Start.o
 .debug_info    0x0000053c      0x38e .\CortexM3\ARM_GCC_484\Debug\Design02.a(cyfitter_cfg.o)
 .debug_info    0x000008ca       0x91 .\CortexM3\ARM_GCC_484\Debug\Design02.a(CyBootAsmGnu.o)
 .debug_info    0x0000095b      0xd85 .\CortexM3\ARM_GCC_484\Debug\Design02.a(CyLib.o)
 .debug_info    0x000016e0      0x536 .\CortexM3\ARM_GCC_484\Debug\Design02.a(cyPm.o)
 .debug_info    0x00001c16      0x708 .\CortexM3\ARM_GCC_484\Debug\Design02.a(CAN_1.o)
 .debug_info    0x0000231e      0x1e9 .\CortexM3\ARM_GCC_484\Debug\Design02.a(CAN_1_INT.o)
 .debug_info    0x00002507      0x383 .\CortexM3\ARM_GCC_484\Debug\Design02.a(CAN_1_TX_RX_func.o)
 .debug_info    0x0000288a      0x36a .\CortexM3\ARM_GCC_484\Debug\Design02.a(CyFlash.o)
 .debug_info    0x00002bf4      0x456 .\CortexM3\ARM_GCC_484\Debug\Design02.a(CySpc.o)

.debug_abbrev   0x00000000      0xdaf
 *(.debug_abbrev)
 .debug_abbrev  0x00000000       0x78 .\CortexM3\ARM_GCC_484\Debug\main.o
 .debug_abbrev  0x00000078       0x5d .\CortexM3\ARM_GCC_484\Debug\cymetadata.o
 .debug_abbrev  0x000000d5      0x1c5 .\CortexM3\ARM_GCC_484\Debug\Cm3Start.o
 .debug_abbrev  0x0000029a      0x185 .\CortexM3\ARM_GCC_484\Debug\Design02.a(cyfitter_cfg.o)
 .debug_abbrev  0x0000041f       0x14 .\CortexM3\ARM_GCC_484\Debug\Design02.a(CyBootAsmGnu.o)
 .debug_abbrev  0x00000433      0x217 .\CortexM3\ARM_GCC_484\Debug\Design02.a(CyLib.o)
 .debug_abbrev  0x0000064a      0x16e .\CortexM3\ARM_GCC_484\Debug\Design02.a(cyPm.o)
 .debug_abbrev  0x000007b8      0x153 .\CortexM3\ARM_GCC_484\Debug\Design02.a(CAN_1.o)
 .debug_abbrev  0x0000090b       0xc9 .\CortexM3\ARM_GCC_484\Debug\Design02.a(CAN_1_INT.o)
 .debug_abbrev  0x000009d4      0x135 .\CortexM3\ARM_GCC_484\Debug\Design02.a(CAN_1_TX_RX_func.o)
 .debug_abbrev  0x00000b09      0x12d .\CortexM3\ARM_GCC_484\Debug\Design02.a(CyFlash.o)
 .debug_abbrev  0x00000c36      0x179 .\CortexM3\ARM_GCC_484\Debug\Design02.a(CySpc.o)

.debug_line     0x00000000     0x1a5a
 *(.debug_line)
 .debug_line    0x00000000      0x17e .\CortexM3\ARM_GCC_484\Debug\main.o
 .debug_line    0x0000017e       0x53 .\CortexM3\ARM_GCC_484\Debug\cymetadata.o
 .debug_line    0x000001d1      0x1d0 .\CortexM3\ARM_GCC_484\Debug\Cm3Start.o
 .debug_line    0x000003a1      0x1e8 .\CortexM3\ARM_GCC_484\Debug\Design02.a(cyfitter_cfg.o)
 .debug_line    0x00000589       0x68 .\CortexM3\ARM_GCC_484\Debug\Design02.a(CyBootAsmGnu.o)
 .debug_line    0x000005f1      0x839 .\CortexM3\ARM_GCC_484\Debug\Design02.a(CyLib.o)
 .debug_line    0x00000e2a      0x366 .\CortexM3\ARM_GCC_484\Debug\Design02.a(cyPm.o)
 .debug_line    0x00001190      0x2d8 .\CortexM3\ARM_GCC_484\Debug\Design02.a(CAN_1.o)
 .debug_line    0x00001468       0xb0 .\CortexM3\ARM_GCC_484\Debug\Design02.a(CAN_1_INT.o)
 .debug_line    0x00001518      0x11f .\CortexM3\ARM_GCC_484\Debug\Design02.a(CAN_1_TX_RX_func.o)
 .debug_line    0x00001637      0x217 .\CortexM3\ARM_GCC_484\Debug\Design02.a(CyFlash.o)
 .debug_line    0x0000184e      0x20c .\CortexM3\ARM_GCC_484\Debug\Design02.a(CySpc.o)

.debug_frame    0x00000000     0x144c
 *(.debug_frame)
 .debug_frame   0x00000000       0x2c .\CortexM3\ARM_GCC_484\Debug\main.o
 .debug_frame   0x0000002c       0xc4 .\CortexM3\ARM_GCC_484\Debug\Cm3Start.o
 .debug_frame   0x000000f0      0x120 .\CortexM3\ARM_GCC_484\Debug\Design02.a(cyfitter_cfg.o)
 .debug_frame   0x00000210      0x924 .\CortexM3\ARM_GCC_484\Debug\Design02.a(CyLib.o)
 .debug_frame   0x00000b34      0x1d0 .\CortexM3\ARM_GCC_484\Debug\Design02.a(cyPm.o)
 .debug_frame   0x00000d04      0x26c .\CortexM3\ARM_GCC_484\Debug\Design02.a(CAN_1.o)
 .debug_frame   0x00000f70       0x68 .\CortexM3\ARM_GCC_484\Debug\Design02.a(CAN_1_INT.o)
 .debug_frame   0x00000fd8       0x9c .\CortexM3\ARM_GCC_484\Debug\Design02.a(CAN_1_TX_RX_func.o)
 .debug_frame   0x00001074      0x1a8 .\CortexM3\ARM_GCC_484\Debug\Design02.a(CyFlash.o)
 .debug_frame   0x0000121c      0x174 .\CortexM3\ARM_GCC_484\Debug\Design02.a(CySpc.o)
 .debug_frame   0x00001390       0x20 c:/program files (x86)/cypress/psoc creator/3.1/psoc creator/import/gnu_cs/arm/4.8.4/bin/../lib/gcc/arm-none-eabi/4.8.4/../../../../arm-none-eabi/lib/armv7-m\libg_s.a(lib_a-errno.o)
 .debug_frame   0x000013b0       0x28 c:/program files (x86)/cypress/psoc creator/3.1/psoc creator/import/gnu_cs/arm/4.8.4/bin/../lib/gcc/arm-none-eabi/4.8.4/../../../../arm-none-eabi/lib/armv7-m\libg_s.a(lib_a-exit.o)
 .debug_frame   0x000013d8       0x2c c:/program files (x86)/cypress/psoc creator/3.1/psoc creator/import/gnu_cs/arm/4.8.4/bin/../lib/gcc/arm-none-eabi/4.8.4/../../../../arm-none-eabi/lib/armv7-m\libg_s.a(lib_a-init.o)
 .debug_frame   0x00001404       0x28 c:/program files (x86)/cypress/psoc creator/3.1/psoc creator/import/gnu_cs/arm/4.8.4/bin/../lib/gcc/arm-none-eabi/4.8.4/../../../../arm-none-eabi/lib/armv7-m\libg_s.a(lib_a-memcpy-stub.o)
 .debug_frame   0x0000142c       0x20 c:/program files (x86)/cypress/psoc creator/3.1/psoc creator/import/gnu_cs/arm/4.8.4/bin/../lib/gcc/arm-none-eabi/4.8.4/../../../../arm-none-eabi/lib/armv7-m\libg_s.a(lib_a-memset.o)

.debug_str      0x00000000     0x1665
 *(.debug_str)
 .debug_str     0x00000000      0x164 .\CortexM3\ARM_GCC_484\Debug\main.o
                                0x1a5 (size before relaxing)
 .debug_str     0x00000164       0xb8 .\CortexM3\ARM_GCC_484\Debug\cymetadata.o
                                0x1d9 (size before relaxing)
 .debug_str     0x0000021c      0x13e .\CortexM3\ARM_GCC_484\Debug\Cm3Start.o
                                0x2ba (size before relaxing)
 .debug_str     0x0000035a      0x15e .\CortexM3\ARM_GCC_484\Debug\Design02.a(cyfitter_cfg.o)
                                0x2e6 (size before relaxing)
 .debug_str     0x000004b8      0x7bb .\CortexM3\ARM_GCC_484\Debug\Design02.a(CyLib.o)
                                0x97a (size before relaxing)
 .debug_str     0x00000c73      0x371 .\CortexM3\ARM_GCC_484\Debug\Design02.a(cyPm.o)
                                0x50a (size before relaxing)
 .debug_str     0x00000fe4      0x302 .\CortexM3\ARM_GCC_484\Debug\Design02.a(CAN_1.o)
                                0x48e (size before relaxing)
 .debug_str     0x000012e6       0x54 .\CortexM3\ARM_GCC_484\Debug\Design02.a(CAN_1_INT.o)
                                0x227 (size before relaxing)
 .debug_str     0x0000133a       0xc3 .\CortexM3\ARM_GCC_484\Debug\Design02.a(CAN_1_TX_RX_func.o)
                                0x2cd (size before relaxing)
 .debug_str     0x000013fd      0x147 .\CortexM3\ARM_GCC_484\Debug\Design02.a(CyFlash.o)
                                0x2d9 (size before relaxing)
 .debug_str     0x00001544      0x121 .\CortexM3\ARM_GCC_484\Debug\Design02.a(CySpc.o)
                                0x2d6 (size before relaxing)

.debug_loc
 *(.debug_loc)

.debug_macinfo
 *(.debug_macinfo)

.debug_ranges   0x00000000      0x570
 *(.debug_ranges)
 .debug_ranges  0x00000000       0x10 .\CortexM3\ARM_GCC_484\Debug\main.o
 .debug_ranges  0x00000010       0x38 .\CortexM3\ARM_GCC_484\Debug\Cm3Start.o
 .debug_ranges  0x00000048       0x50 .\CortexM3\ARM_GCC_484\Debug\Design02.a(cyfitter_cfg.o)
 .debug_ranges  0x00000098      0x280 .\CortexM3\ARM_GCC_484\Debug\Design02.a(CyLib.o)
 .debug_ranges  0x00000318       0x80 .\CortexM3\ARM_GCC_484\Debug\Design02.a(cyPm.o)
 .debug_ranges  0x00000398       0xb0 .\CortexM3\ARM_GCC_484\Debug\Design02.a(CAN_1.o)
 .debug_ranges  0x00000448       0x20 .\CortexM3\ARM_GCC_484\Debug\Design02.a(CAN_1_INT.o)
 .debug_ranges  0x00000468       0x30 .\CortexM3\ARM_GCC_484\Debug\Design02.a(CAN_1_TX_RX_func.o)
 .debug_ranges  0x00000498       0x70 .\CortexM3\ARM_GCC_484\Debug\Design02.a(CyFlash.o)
 .debug_ranges  0x00000508       0x68 .\CortexM3\ARM_GCC_484\Debug\Design02.a(CySpc.o)

.comment        0x00000000       0x70
 .comment       0x00000000       0x70 .\CortexM3\ARM_GCC_484\Debug\main.o
                                 0x71 (size before relaxing)
 .comment       0x00000000       0x71 .\CortexM3\ARM_GCC_484\Debug\cymetadata.o
 .comment       0x00000000       0x71 .\CortexM3\ARM_GCC_484\Debug\Cm3Start.o
 .comment       0x00000000       0x71 .\CortexM3\ARM_GCC_484\Debug\Design02.a(cyfitter_cfg.o)
 .comment       0x00000000       0x71 .\CortexM3\ARM_GCC_484\Debug\Design02.a(CyLib.o)
 .comment       0x00000000       0x71 .\CortexM3\ARM_GCC_484\Debug\Design02.a(cyPm.o)
 .comment       0x00000000       0x71 .\CortexM3\ARM_GCC_484\Debug\Design02.a(CAN_1.o)
 .comment       0x00000000       0x71 .\CortexM3\ARM_GCC_484\Debug\Design02.a(CAN_1_INT.o)
 .comment       0x00000000       0x71 .\CortexM3\ARM_GCC_484\Debug\Design02.a(CAN_1_TX_RX_func.o)
 .comment       0x00000000       0x71 .\CortexM3\ARM_GCC_484\Debug\Design02.a(CyFlash.o)
 .comment       0x00000000       0x71 .\CortexM3\ARM_GCC_484\Debug\Design02.a(CySpc.o)

.debug_weaknames
 *(.debug_weaknames)

.debug_funcnames
 *(.debug_funcnames)

.debug_typenames
 *(.debug_typenames)

.debug_varnames
 *(.debug_varnames)

.note.gnu.arm.ident
 *(.note.gnu.arm.ident)

.ARM.attributes
                0x00000000       0x29
 *(.ARM.attributes)
 .ARM.attributes
                0x00000000       0x1d c:/program files (x86)/cypress/psoc creator/3.1/psoc creator/import/gnu_cs/arm/4.8.4/bin/../lib/gcc/arm-none-eabi/4.8.4/armv7-m/crti.o
 .ARM.attributes
                0x0000001d       0x2d c:/program files (x86)/cypress/psoc creator/3.1/psoc creator/import/gnu_cs/arm/4.8.4/bin/../lib/gcc/arm-none-eabi/4.8.4/armv7-m/crtbegin.o
 .ARM.attributes
                0x0000004a       0x1b c:/program files (x86)/cypress/psoc creator/3.1/psoc creator/import/gnu_cs/arm/4.8.4/bin/../lib/gcc/arm-none-eabi/4.8.4/../../../../arm-none-eabi/lib/armv7-m/crt0.o
 .ARM.attributes
                0x00000065       0x33 .\CortexM3\ARM_GCC_484\Debug\main.o
 .ARM.attributes
                0x00000098       0x33 .\CortexM3\ARM_GCC_484\Debug\cymetadata.o
 .ARM.attributes
                0x000000cb       0x33 .\CortexM3\ARM_GCC_484\Debug\Cm3Start.o
 .ARM.attributes
                0x000000fe       0x33 .\CortexM3\ARM_GCC_484\Debug\Design02.a(cyfitter_cfg.o)
 .ARM.attributes
                0x00000131       0x21 .\CortexM3\ARM_GCC_484\Debug\Design02.a(CyBootAsmGnu.o)
 .ARM.attributes
                0x00000152       0x33 .\CortexM3\ARM_GCC_484\Debug\Design02.a(CyLib.o)
 .ARM.attributes
                0x00000185       0x33 .\CortexM3\ARM_GCC_484\Debug\Design02.a(cyPm.o)
 .ARM.attributes
                0x000001b8       0x33 .\CortexM3\ARM_GCC_484\Debug\Design02.a(CAN_1.o)
 .ARM.attributes
                0x000001eb       0x33 .\CortexM3\ARM_GCC_484\Debug\Design02.a(CAN_1_INT.o)
 .ARM.attributes
                0x0000021e       0x33 .\CortexM3\ARM_GCC_484\Debug\Design02.a(CAN_1_TX_RX_func.o)
 .ARM.attributes
                0x00000251       0x33 .\CortexM3\ARM_GCC_484\Debug\Design02.a(CyFlash.o)
 .ARM.attributes
                0x00000284       0x33 .\CortexM3\ARM_GCC_484\Debug\Design02.a(CySpc.o)
 .ARM.attributes
                0x000002b7       0x2d c:/program files (x86)/cypress/psoc creator/3.1/psoc creator/import/gnu_cs/arm/4.8.4/bin/../lib/gcc/arm-none-eabi/4.8.4/../../../../arm-none-eabi/lib/armv7-m\libg_s.a(lib_a-errno.o)
 .ARM.attributes
                0x000002e4       0x2d c:/program files (x86)/cypress/psoc creator/3.1/psoc creator/import/gnu_cs/arm/4.8.4/bin/../lib/gcc/arm-none-eabi/4.8.4/../../../../arm-none-eabi/lib/armv7-m\libg_s.a(lib_a-exit.o)
 .ARM.attributes
                0x00000311       0x2d c:/program files (x86)/cypress/psoc creator/3.1/psoc creator/import/gnu_cs/arm/4.8.4/bin/../lib/gcc/arm-none-eabi/4.8.4/../../../../arm-none-eabi/lib/armv7-m\libg_s.a(lib_a-impure.o)
 .ARM.attributes
                0x0000033e       0x2d c:/program files (x86)/cypress/psoc creator/3.1/psoc creator/import/gnu_cs/arm/4.8.4/bin/../lib/gcc/arm-none-eabi/4.8.4/../../../../arm-none-eabi/lib/armv7-m\libg_s.a(lib_a-init.o)
 .ARM.attributes
                0x0000036b       0x2d c:/program files (x86)/cypress/psoc creator/3.1/psoc creator/import/gnu_cs/arm/4.8.4/bin/../lib/gcc/arm-none-eabi/4.8.4/../../../../arm-none-eabi/lib/armv7-m\libg_s.a(lib_a-memcpy-stub.o)
 .ARM.attributes
                0x00000398       0x2d c:/program files (x86)/cypress/psoc creator/3.1/psoc creator/import/gnu_cs/arm/4.8.4/bin/../lib/gcc/arm-none-eabi/4.8.4/../../../../arm-none-eabi/lib/armv7-m\libg_s.a(lib_a-memset.o)
 .ARM.attributes
                0x000003c5       0x2d c:/program files (x86)/cypress/psoc creator/3.1/psoc creator/import/gnu_cs/arm/4.8.4/bin/../lib/gcc/arm-none-eabi/4.8.4/armv7-m/crtend.o
 .ARM.attributes
                0x000003f2       0x1d c:/program files (x86)/cypress/psoc creator/3.1/psoc creator/import/gnu_cs/arm/4.8.4/bin/../lib/gcc/arm-none-eabi/4.8.4/armv7-m/crtn.o

/DISCARD/
 *(.note.GNU-stack)
OUTPUT(.\CortexM3\ARM_GCC_484\Debug\Design02.elf elf32-littlearm)
